<html>
<body>
<pre>
<h1>µVision3 Build Log</h1>
<h2>Project:</h2>
C:\working\Alientek\ZuVo_MCU_Tester\USER\TEST.uv2
Project File Date:  02/01/2011

<h2>Output:</h2>
Build target 'Target 1'
compiling mytest.c...
linking...
Program Size: Code=16846 RO-data=3258 RW-data=84 ZI-data=1708  
FromELF: creating hex file...
"ZuVo_MCU_Tester.axf" - 0 Error(s), 0 Warning(s).
Build target 'Target 1'
compiling mytest.c...
linking...
Program Size: Code=16846 RO-data=3258 RW-data=84 ZI-data=1708  
FromELF: creating hex file...
"ZuVo_MCU_Tester.axf" - 0 Error(s), 0 Warning(s).
Build target 'Target 1'
compiling mytest.c...
mytest.c(138): error:  #137: expression must be a modifiable lvalue
mytest.c(528): error:  #513: a value of type "unsigned char *" cannot be assigned to an entity of type "unsigned char"
Target not created
Build target 'Target 1'
compiling mytest.c...
linking...
Program Size: Code=16846 RO-data=3258 RW-data=88 ZI-data=1712  
FromELF: creating hex file...
"ZuVo_MCU_Tester.axf" - 0 Error(s), 0 Warning(s).
Build target 'Target 1'
compiling mytest.c...
linking...
Program Size: Code=16850 RO-data=3258 RW-data=88 ZI-data=1712  
FromELF: creating hex file...
"ZuVo_MCU_Tester.axf" - 0 Error(s), 0 Warning(s).
Build target 'Target 1'
compiling mytest.c...
linking...
Program Size: Code=16850 RO-data=3258 RW-data=88 ZI-data=1712  
FromELF: creating hex file...
"ZuVo_MCU_Tester.axf" - 0 Error(s), 0 Warning(s).
Build target 'Target 1'
compiling test.c...
compiling mytest.c...
linking...
Program Size: Code=16850 RO-data=3258 RW-data=88 ZI-data=1712  
FromELF: creating hex file...
"ZuVo_MCU_Tester.axf" - 0 Error(s), 0 Warning(s).
Build target 'Target 1'
compiling mytest.c...
linking...
Program Size: Code=16830 RO-data=3258 RW-data=88 ZI-data=1712  
FromELF: creating hex file...
"ZuVo_MCU_Tester.axf" - 0 Error(s), 0 Warning(s).
Build target 'Target 1'
compiling mytest.c...
linking...
Program Size: Code=16830 RO-data=3258 RW-data=88 ZI-data=1736  
FromELF: creating hex file...
"ZuVo_MCU_Tester.axf" - 0 Error(s), 0 Warning(s).
Build target 'Target 1'
compiling mytest.c...
linking...
Program Size: Code=16890 RO-data=3258 RW-data=88 ZI-data=1736  
FromELF: creating hex file...
"ZuVo_MCU_Tester.axf" - 0 Error(s), 0 Warning(s).
Build target 'Target 1'
compiling mytest.c...
linking...
Program Size: Code=16886 RO-data=3258 RW-data=88 ZI-data=1736  
FromELF: creating hex file...
"ZuVo_MCU_Tester.axf" - 0 Error(s), 0 Warning(s).
Build target 'Target 1'
compiling mytest.c...
linking...
Program Size: Code=16878 RO-data=3258 RW-data=88 ZI-data=1736  
FromELF: creating hex file...
"ZuVo_MCU_Tester.axf" - 0 Error(s), 0 Warning(s).
Build target 'Target 1'
linking...
Program Size: Code=16878 RO-data=3258 RW-data=88 ZI-data=1736  
FromELF: creating hex file...
"ZuVo_MCU_Tester.axf" - 0 Error(s), 0 Warning(s).
Build target 'Target 1'
compiling mytest.c...
linking...
Program Size: Code=16894 RO-data=3258 RW-data=88 ZI-data=1736  
FromELF: creating hex file...
"ZuVo_MCU_Tester.axf" - 0 Error(s), 0 Warning(s).
Build target 'Target 1'
compiling test.c...
compiling mytest.c...
linking...
Program Size: Code=16906 RO-data=3258 RW-data=88 ZI-data=1800  
FromELF: creating hex file...
"ZuVo_MCU_Tester.axf" - 0 Error(s), 0 Warning(s).
Build target 'Target 1'
compiling mytest.c...
linking...
Program Size: Code=16882 RO-data=3258 RW-data=88 ZI-data=1800  
FromELF: creating hex file...
"ZuVo_MCU_Tester.axf" - 0 Error(s), 0 Warning(s).
Build target 'Target 1'
compiling mytest.c...
mytest.c(876): error:  #53: expected a ":"
mytest.c(879): warning:  #12-D: parsing restarts here after previous syntax error
Target not created
Build target 'Target 1'
compiling mytest.c...
linking...
Program Size: Code=16926 RO-data=3258 RW-data=88 ZI-data=1800  
FromELF: creating hex file...
"ZuVo_MCU_Tester.axf" - 0 Error(s), 0 Warning(s).
Build target 'Target 1'
compiling mytest.c...
linking...
Program Size: Code=16954 RO-data=3258 RW-data=88 ZI-data=1800  
FromELF: creating hex file...
"ZuVo_MCU_Tester.axf" - 0 Error(s), 0 Warning(s).
Build target 'Target 1'
compiling mytest.c...
linking...
Program Size: Code=16974 RO-data=3258 RW-data=88 ZI-data=1800  
FromELF: creating hex file...
"ZuVo_MCU_Tester.axf" - 0 Error(s), 0 Warning(s).
