ARM Linker, RVCT4.0 [Build 524] for uVision [Professional]

==============================================================================

Section Cross References

    stm32f10x.o(STACK) refers (Special) to heapauxi.o(.text) for __use_two_region_memory
    stm32f10x.o(HEAP) refers (Special) to heapauxi.o(.text) for __use_two_region_memory
    stm32f10x.o(RESET) refers (Special) to heapauxi.o(.text) for __use_two_region_memory
    stm32f10x.o(RESET) refers to stm32f10x.o(STACK) for __initial_sp
    stm32f10x.o(RESET) refers to stm32f10x.o(.text) for Reset_Handler
    stm32f10x.o(RESET) refers to wdg.o(.text) for WWDG_IRQHandler
    stm32f10x.o(RESET) refers to exti.o(.text) for EXTI0_IRQHandler
    stm32f10x.o(RESET) refers to timer.o(.text) for TIM3_IRQHandler
    stm32f10x.o(RESET) refers to usart.o(.text) for USART1_IRQHandler
    stm32f10x.o(.text) refers (Special) to heapauxi.o(.text) for __use_two_region_memory
    stm32f10x.o(.text) refers to __main.o(!!!main) for __main
    stm32f10x.o(.text) refers to stm32f10x.o(HEAP) for Heap_Mem
    stm32f10x.o(.text) refers to stm32f10x.o(STACK) for Stack_Mem
    test.o(.text) refers to sys.o(.text) for Stm32_Clock_Init
    test.o(.text) refers to delay.o(.text) for delay_init
    test.o(.text) refers to usart.o(.text) for uart_init
    test.o(.text) refers to led.o(.text) for LED_Init
    test.o(.text) refers to ili93xx.o(.text) for LCD_Init
    test.o(.text) refers to key.o(.text) for KEY_Init
    test.o(.text) refers to timer.o(.text) for Timerx_Init
    test.o(.text) refers to mytest.o(.text) for my_init
    mytest.o(.text) refers (Special) to _printf_d.o(.ARM.Collect$$_printf_percent$$00000009) for _printf_d
    mytest.o(.text) refers (Special) to _printf_dec.o(.text) for _printf_int_dec
    mytest.o(.text) refers (Special) to _printf_hex_int.o(.text) for _printf_longlong_hex
    mytest.o(.text) refers (Special) to _printf_percent.o(.ARM.Collect$$_printf_percent$$00000000) for _printf_percent
    mytest.o(.text) refers (Special) to _printf_pad.o(.text) for _printf_pre_padding
    mytest.o(.text) refers (Special) to _printf_s.o(.ARM.Collect$$_printf_percent$$00000014) for _printf_s
    mytest.o(.text) refers (Special) to _printf_str.o(.text) for _printf_str
    mytest.o(.text) refers (Special) to _printf_x.o(.ARM.Collect$$_printf_percent$$0000000C) for _printf_x
    mytest.o(.text) refers to aeabi_memset.o(.text) for __aeabi_memset
    mytest.o(.text) refers to noretval__2sprintf.o(.text) for __2sprintf
    mytest.o(.text) refers to strlen.o(.text) for strlen
    mytest.o(.text) refers to ili93xx.o(.text) for LCD_ShowString
    mytest.o(.text) refers to cbuffer.o(.text) for cbuffer_wr
    mytest.o(.text) refers to 24cxx.o(.text) for AT24CXX_Init
    mytest.o(.text) refers to mytest.o(.bss) for mFIFO
    mytest.o(.text) refers to mytest.o(.data) for mCntMS
    mytest.o(.text) refers to ili93xx.o(.data) for POINT_COLOR
    mytest.o(.text) refers to usart.o(.bss) for USART_RX_BUF
    mytest.o(.text) refers to mytest.o(.constdata) for .constdata
    mytest.o(.text) refers to delay.o(.text) for delay_ms
    mytest.o(.text) refers to strtok_r.o(.text) for strtok_r
    mytest.o(.text) refers to atoi.o(.text) for atoi
    mytest.o(.text) refers to rt_memclr_w.o(.text) for __aeabi_memclr4
    mytest.o(.text) refers to strncmp.o(.text) for strncmp
    mytest.o(.text) refers to rt_memclr.o(.text) for __aeabi_memclr
    mytest.o(.text) refers to rt_memcpy_v6.o(.text) for __aeabi_memcpy
    mytest.o(.text) refers to key.o(.text) for KEY_Scan
    mytest.o(.bss) refers (Special) to _printf_d.o(.ARM.Collect$$_printf_percent$$00000009) for _printf_d
    mytest.o(.bss) refers (Special) to _printf_dec.o(.text) for _printf_int_dec
    mytest.o(.bss) refers (Special) to _printf_hex_int.o(.text) for _printf_longlong_hex
    mytest.o(.bss) refers (Special) to _printf_percent.o(.ARM.Collect$$_printf_percent$$00000000) for _printf_percent
    mytest.o(.bss) refers (Special) to _printf_pad.o(.text) for _printf_pre_padding
    mytest.o(.bss) refers (Special) to _printf_s.o(.ARM.Collect$$_printf_percent$$00000014) for _printf_s
    mytest.o(.bss) refers (Special) to _printf_str.o(.text) for _printf_str
    mytest.o(.bss) refers (Special) to _printf_x.o(.ARM.Collect$$_printf_percent$$0000000C) for _printf_x
    mytest.o(.constdata) refers (Special) to _printf_d.o(.ARM.Collect$$_printf_percent$$00000009) for _printf_d
    mytest.o(.constdata) refers (Special) to _printf_dec.o(.text) for _printf_int_dec
    mytest.o(.constdata) refers (Special) to _printf_hex_int.o(.text) for _printf_longlong_hex
    mytest.o(.constdata) refers (Special) to _printf_percent.o(.ARM.Collect$$_printf_percent$$00000000) for _printf_percent
    mytest.o(.constdata) refers (Special) to _printf_pad.o(.text) for _printf_pre_padding
    mytest.o(.constdata) refers (Special) to _printf_s.o(.ARM.Collect$$_printf_percent$$00000014) for _printf_s
[...]
    ili93xx.o(i.LCD_SetCursor) refers (Special) to _printf_d.o(.ARM.Collect$$_printf_percent$$00000009) for _printf_d
    ili93xx.o(i.LCD_SetCursor) refers (Special) to _printf_dec.o(.text) for _printf_int_dec
    ili93xx.o(i.LCD_SetCursor) refers (Special) to _printf_percent.o(.ARM.Collect$$_printf_percent$$00000000) for _printf_percent
    ili93xx.o(i.LCD_SetCursor) refers to ili93xx.o(.text) for LCD_WriteReg


==============================================================================

Image Symbol Table

    Local Symbols

    Symbol Name                              Value     Ov Type        Size  Object(Section)

    ../../angel/boardlib.s                   0x00000000   Number         0  boardshut.o ABSOLUTE
    ../../angel/boardlib.s                   0x00000000   Number         0  boardinit3.o ABSOLUTE
    ../../angel/boardlib.s                   0x00000000   Number         0  boardinit2.o ABSOLUTE
    ../../angel/boardlib.s                   0x00000000   Number         0  boardinit1.o ABSOLUTE
    ../../angel/handlers.s                   0x00000000   Number         0  __scatter_zi.o ABSOLUTE
    ../../angel/handlers.s                   0x00000000   Number         0  __scatter_copy.o ABSOLUTE
    ../../angel/kernel.s                     0x00000000   Number         0  rtentry4.o ABSOLUTE
    ../../angel/kernel.s                     0x00000000   Number         0  rtentry.o ABSOLUTE
    ../../angel/kernel.s                     0x00000000   Number         0  rtentry2.o ABSOLUTE
    ../../angel/kernel.s                     0x00000000   Number         0  rtexit2.o ABSOLUTE
    ../../angel/kernel.s                     0x00000000   Number         0  rtexit.o ABSOLUTE
    ../../angel/rt.s                         0x00000000   Number         0  rt_ctype_table.o ABSOLUTE
    ../../angel/rt.s                         0x00000000   Number         0  rt_errno_addr_intlibspace.o ABSOLUTE
    ../../angel/rt.s                         0x00000000   Number         0  rt_raise.o ABSOLUTE
    ../../angel/rt.s                         0x00000000   Number         0  rt_errno_addr.o ABSOLUTE
    ../../angel/rt.s                         0x00000000   Number         0  rt_locale_intlibspace.o ABSOLUTE
    ../../angel/rt.s                         0x00000000   Number         0  rt_locale.o ABSOLUTE
    ../../angel/scatter.s                    0x00000000   Number         0  __scatter.o ABSOLUTE
    ../../angel/startup.s                    0x00000000   Number         0  __main.o ABSOLUTE
    ../../angel/sys.s                        0x00000000   Number         0  use_no_semi.o ABSOLUTE
    ../../angel/sys.s                        0x00000000   Number         0  libspace.o ABSOLUTE
    ../../angel/sys.s                        0x00000000   Number         0  use_no_semi_2.o ABSOLUTE
    ../../angel/sys.s                        0x00000000   Number         0  sys_stackheap_outer.o ABSOLUTE
    ../../angel/sysapp.c                     0x00000000   Number         0  sys_wrch.o ABSOLUTE
    ../../angel/sysapp.c                     0x00000000   Number         0  sys_command.o ABSOLUTE
    ../../armsys.c                           0x00000000   Number         0  argv_veneer.o ABSOLUTE
    ../../armsys.c                           0x00000000   Number         0  _get_argv_nomalloc.o ABSOLUTE
    ../../armsys.c                           0x00000000   Number         0  no_argv.o ABSOLUTE
    ../../armsys.c                           0x00000000   Number         0  argv_veneer.o ABSOLUTE
    ../../division_7m.s                      0x00000000   Number         0  rtudiv10.o ABSOLUTE
    ../../faddsub.s                          0x00000000   Number         0  faddsub_clz.o ABSOLUTE
    ../../fcheck.s                           0x00000000   Number         0  fcheck.o ABSOLUTE
    ../../fcheck1.s                          0x00000000   Number         0  fcheck1.o ABSOLUTE
    ../../fdiv.s                             0x00000000   Number         0  fdiv.o ABSOLUTE
    ../../ffixu.s                            0x00000000   Number         0  ffixu.o ABSOLUTE
    ../../fflt.s                             0x00000000   Number         0  fflt_clz.o ABSOLUTE
    ../../fmul.s                             0x00000000   Number         0  fmul.o ABSOLUTE
    ../../fnorm2.s                           0x00000000   Number         0  fnorm2_clz.o ABSOLUTE
    ../../fpinit.s                           0x00000000   Number         0  fpinit.o ABSOLUTE
    ../../funder.s                           0x00000000   Number         0  funder.o ABSOLUTE
    ../../heapalloc.c                        0x00000000   Number         0  hrguard.o ABSOLUTE
    ../../heapaux.c                          0x00000000   Number         0  heapauxi.o ABSOLUTE
    ../../libinit.s                          0x00000000   Number         0  libshutdown.o ABSOLUTE
    ../../libinit.s                          0x00000000   Number         0  libinit2.o ABSOLUTE
    ../../libinit.s                          0x00000000   Number         0  libshutdown2.o ABSOLUTE
    ../../libinit.s                          0x00000000   Number         0  libinit.o ABSOLUTE
    ../../locale.s                           0x00000000   Number         0  lc_ctype_c.o ABSOLUTE
    ../../memcpset.s                         0x00000000   Number         0  rt_memcpy_w.o ABSOLUTE
    ../../memcpset.s                         0x00000000   Number         0  rt_memcpy_v6.o ABSOLUTE
    ../../memcpset.s                         0x00000000   Number         0  aeabi_memset.o ABSOLUTE
    ../../memcpset.s                         0x00000000   Number         0  rt_memclr.o ABSOLUTE
    ../../memcpset.s                         0x00000000   Number         0  rt_memclr_w.o ABSOLUTE
    ../../memcpset.s                         0x00000000   Number         0  strcmpv7m.o ABSOLUTE
    ../../misc.s                             0x00000000   Number         0  printf_stubs.o ABSOLUTE
    ../../printf.c                           0x00000000   Number         0  noretval__2printf.o ABSOLUTE
    ../../printf.c                           0x00000000   Number         0  __printf_nopercent.o ABSOLUTE
    ../../printf.c                           0x00000000   Number         0  noretval__2sprintf.o ABSOLUTE
    ../../printf.c                           0x00000000   Number         0  __printf.o ABSOLUTE
    ../../printf.c                           0x00000000   Number         0  _printf_pad.o ABSOLUTE
    ../../printf.c                           0x00000000   Number         0  _printf_intcommon.o ABSOLUTE
    ../../printf.c                           0x00000000   Number         0  _printf_hex_ll.o ABSOLUTE
    ../../printf.c                           0x00000000   Number         0  _printf_hex_int.o ABSOLUTE
    ../../printf.c                           0x00000000   Number         0  _printf_hex_int_ll.o ABSOLUTE
    ../../printf.c                           0x00000000   Number         0  _printf_hex_ptr.o ABSOLUTE
    ../../printf.c                           0x00000000   Number         0  _printf_str.o ABSOLUTE
    ../../printf.c                           0x00000000   Number         0  _printf_hex_int_ptr.o ABSOLUTE
    ../../printf.c                           0x00000000   Number         0  _printf_hex_ll_ptr.o ABSOLUTE
    ../../printf.c                           0x00000000   Number         0  __printf_flags.o ABSOLUTE
    ../../printf.c                           0x00000000   Number         0  __printf_ss.o ABSOLUTE
    ../../printf.c                           0x00000000   Number         0  _printf_char_common.o ABSOLUTE
    ../../printf.c                           0x00000000   Number         0  __printf_flags_ss.o ABSOLUTE
    ../../printf.c                           0x00000000   Number         0  _sputc.o ABSOLUTE
    ../../printf.c                           0x00000000   Number         0  __printf_wp.o ABSOLUTE
    ../../printf.c                           0x00000000   Number         0  __printf_flags_wp.o ABSOLUTE
    ../../printf.c                           0x00000000   Number         0  __printf_ss_wp.o ABSOLUTE
    ../../printf.c                           0x00000000   Number         0  _printf_char.o ABSOLUTE
    ../../printf.c                           0x00000000   Number         0  __printf_flags_ss_wp.o ABSOLUTE
    ../../printf.c                           0x00000000   Number         0  _printf_hex_int_ll_ptr.o ABSOLUTE
    ../../printf.c                           0x00000000   Number         0  _printf_dec.o ABSOLUTE
    ../../printf.c                           0x00000000   Number         0  __2printf.o ABSOLUTE
    ../../printf.c                           0x00000000   Number         0  __2sprintf.o ABSOLUTE
    ../../printf_percent.s                   0x00000000   Number         0  _printf_x.o ABSOLUTE
    ../../printf_percent.s                   0x00000000   Number         0  _printf_d.o ABSOLUTE
    ../../printf_percent.s                   0x00000000   Number         0  _printf_percent.o ABSOLUTE
    ../../printf_percent.s                   0x00000000   Number         0  _printf_s.o ABSOLUTE
    ../../printf_percent.s                   0x00000000   Number         0  _printf_percent_end.o ABSOLUTE
    ../../retnan.s                           0x00000000   Number         0  retnan.o ABSOLUTE
    ../../scanf.c                            0x00000000   Number         0  _chval.o ABSOLUTE
    ../../scanf.c                            0x00000000   Number         0  atoi.o ABSOLUTE
    ../../scanf.c                            0x00000000   Number         0  strtol.o ABSOLUTE
    ../../scanf.c                            0x00000000   Number         0  _strtoul.o ABSOLUTE
    ../../signal.c                           0x00000000   Number         0  __raise.o ABSOLUTE
    ../../signal.c                           0x00000000   Number         0  defsig_other.o ABSOLUTE
    ../../signal.c                           0x00000000   Number         0  defsig_rtmem_inner.o ABSOLUTE
    ../../signal.c                           0x00000000   Number         0  defsig_exit.o ABSOLUTE
    ../../signal.c                           0x00000000   Number         0  defsig_pvfn_inner.o ABSOLUTE
    ../../signal.c                           0x00000000   Number         0  defsig_stak_inner.o ABSOLUTE
    ../../signal.c                           0x00000000   Number         0  defsig_rtmem_formal.o ABSOLUTE
    ../../signal.c                           0x00000000   Number         0  defsig_fpe_inner.o ABSOLUTE
    ../../signal.c                           0x00000000   Number         0  defsig_rtmem_outer.o ABSOLUTE
    ../../signal.c                           0x00000000   Number         0  defsig_abrt_inner.o ABSOLUTE
    ../../signal.c                           0x00000000   Number         0  defsig_segv_inner.o ABSOLUTE
    ../../signal.c                           0x00000000   Number         0  defsig_general.o ABSOLUTE
    ../../signal.c                           0x00000000   Number         0  defsig_cppl_inner.o ABSOLUTE
    ../../signal.c                           0x00000000   Number         0  defsig_rtred_inner.o ABSOLUTE
    ../../signal.s                           0x00000000   Number         0  defsig.o ABSOLUTE
    ../../stdio.c                            0x00000000   Number         0  ferror_locked.o ABSOLUTE
    ../../stdio.c                            0x00000000   Number         0  ferror.o ABSOLUTE
    ../../stdlib.c                           0x00000000   Number         0  exit.o ABSOLUTE
    ../../string.c                           0x00000000   Number         0  strtok_r.o ABSOLUTE
    ../../string.c                           0x00000000   Number         0  strspn.o ABSOLUTE
    ../../string.c                           0x00000000   Number         0  strcspn.o ABSOLUTE
    ../../string.c                           0x00000000   Number         0  strncmp.o ABSOLUTE
    ../../string.c                           0x00000000   Number         0  strlen.o ABSOLUTE
    ../../string.c                           0x00000000   Number         0  strtok_int.o ABSOLUTE
    ../../trapv.s                            0x00000000   Number         0  trapv.o ABSOLUTE
    ../../usenofp.s                          0x00000000   Number         0  usenofp.o ABSOLUTE
    ..\HARDWARE\24CXX\24cxx.c                0x00000000   Number         0  24cxx.o ABSOLUTE
    ..\HARDWARE\24CXX\myiic.c                0x00000000   Number         0  myiic.o ABSOLUTE
    ..\HARDWARE\EXTI\exti.c                  0x00000000   Number         0  exti.o ABSOLUTE
    ..\HARDWARE\KEY\key.c                    0x00000000   Number         0  key.o ABSOLUTE
    ..\HARDWARE\LCD\ILI93xx.c                0x00000000   Number         0  ili93xx.o ABSOLUTE
    ..\HARDWARE\LED\led.c                    0x00000000   Number         0  led.o ABSOLUTE
    ..\HARDWARE\TIMER\timer.c                0x00000000   Number         0  timer.o ABSOLUTE
    ..\HARDWARE\WDG\wdg.c                    0x00000000   Number         0  wdg.o ABSOLUTE
    ..\SYSTEM\delay\delay.c                  0x00000000   Number         0  delay.o ABSOLUTE
    ..\SYSTEM\sys\sys.c                      0x00000000   Number         0  sys.o ABSOLUTE
    ..\SYSTEM\usart\usart.c                  0x00000000   Number         0  usart.o ABSOLUTE
    ..\\SYSTEM\\sys\\sys.c                   0x00000000   Number         0  sys.o ABSOLUTE
    STM32F10x.s                              0x00000000   Number         0  stm32f10x.o ABSOLUTE
    cbuffer.c                                0x00000000   Number         0  cbuffer.o ABSOLUTE
    dc.s                                     0x00000000   Number         0  dc.o ABSOLUTE
    mytest.c                                 0x00000000   Number         0  mytest.o ABSOLUTE
    test.c                                   0x00000000   Number         0  test.o ABSOLUTE
    RESET                                    0x08000000   Section      236  stm32f10x.o(RESET)
    !!!main                                  0x080000ec   Section        8  __main.o(!!!main)
    !!!scatter                               0x080000f4   Section       52  __scatter.o(!!!scatter)
    !!handler_copy                           0x08000128   Section       26  __scatter_copy.o(!!handler_copy)
    !!handler_zi                             0x08000144   Section       28  __scatter_zi.o(!!handler_zi)
    .ARM.Collect$$_printf_percent$$00000000  0x08000160   Section        0  _printf_percent.o(.ARM.Collect$$_printf_percent$$00000000)
    .ARM.Collect$$_printf_percent$$00000009  0x08000160   Section        6  _printf_d.o(.ARM.Collect$$_printf_percent$$00000009)
    .ARM.Collect$$_printf_percent$$0000000C  0x08000166   Section        6  _printf_x.o(.ARM.Collect$$_printf_percent$$0000000C)
    .ARM.Collect$$_printf_percent$$00000014  0x0800016c   Section        6  _printf_s.o(.ARM.Collect$$_printf_percent$$00000014)
    .ARM.Collect$$_printf_percent$$00000017  0x08000172   Section        4  _printf_percent_end.o(.ARM.Collect$$_printf_percent$$00000017)
    .ARM.Collect$$libinit$$00000000          0x08000176   Section        6  libinit.o(.ARM.Collect$$libinit$$00000000)
    .ARM.Collect$$libinit$$00000006          0x0800017c   Section        0  libinit2.o(.ARM.Collect$$libinit$$00000006)
    .ARM.Collect$$libinit$$00000008          0x0800017c   Section        0  libinit2.o(.ARM.Collect$$libinit$$00000008)
    .ARM.Collect$$libinit$$0000000A          0x0800017c   Section        0  libinit2.o(.ARM.Collect$$libinit$$0000000A)
    .ARM.Collect$$libinit$$0000000B          0x0800017c   Section        6  libinit2.o(.ARM.Collect$$libinit$$0000000B)
    .ARM.Collect$$libinit$$0000000D          0x08000182   Section        0  libinit2.o(.ARM.Collect$$libinit$$0000000D)
    .ARM.Collect$$libinit$$0000000E          0x08000182   Section       12  libinit2.o(.ARM.Collect$$libinit$$0000000E)
    .ARM.Collect$$libinit$$0000000F          0x0800018e   Section        0  libinit2.o(.ARM.Collect$$libinit$$0000000F)
    .ARM.Collect$$libinit$$00000011          0x0800018e   Section        0  libinit2.o(.ARM.Collect$$libinit$$00000011)
    .ARM.Collect$$libinit$$00000013          0x0800018e   Section        0  libinit2.o(.ARM.Collect$$libinit$$00000013)
    .ARM.Collect$$libinit$$00000015          0x0800018e   Section        0  libinit2.o(.ARM.Collect$$libinit$$00000015)
    .ARM.Collect$$libinit$$00000017          0x0800018e   Section        0  libinit2.o(.ARM.Collect$$libinit$$00000017)
    .ARM.Collect$$libinit$$00000019          0x0800018e   Section        0  libinit2.o(.ARM.Collect$$libinit$$00000019)
    .ARM.Collect$$libinit$$0000001B          0x0800018e   Section        0  libinit2.o(.ARM.Collect$$libinit$$0000001B)
    .ARM.Collect$$libinit$$0000001D          0x0800018e   Section        0  libinit2.o(.ARM.Collect$$libinit$$0000001D)
    .ARM.Collect$$libinit$$0000001F          0x0800018e   Section        0  libinit2.o(.ARM.Collect$$libinit$$0000001F)
    .ARM.Collect$$libinit$$00000021          0x0800018e   Section        0  libinit2.o(.ARM.Collect$$libinit$$00000021)
    .ARM.Collect$$libinit$$00000028          0x0800018e   Section        0  libinit2.o(.ARM.Collect$$libinit$$00000028)
    .ARM.Collect$$libinit$$0000002A          0x0800018e   Section        0  libinit2.o(.ARM.Collect$$libinit$$0000002A)
    .ARM.Collect$$libinit$$0000002C          0x0800018e   Section        0  libinit2.o(.ARM.Collect$$libinit$$0000002C)
    .ARM.Collect$$libinit$$0000002E          0x0800018e   Section        0  libinit2.o(.ARM.Collect$$libinit$$0000002E)
    .ARM.Collect$$libinit$$0000002F          0x0800018e   Section        2  libinit2.o(.ARM.Collect$$libinit$$0000002F)
    .ARM.Collect$$libshutdown$$00000000      0x08000190   Section        2  libshutdown.o(.ARM.Collect$$libshutdown$$00000000)
    .ARM.Collect$$libshutdown$$00000003      0x08000192   Section        0  libshutdown2.o(.ARM.Collect$$libshutdown$$00000003)
    .ARM.Collect$$libshutdown$$00000006      0x08000192   Section        0  libshutdown2.o(.ARM.Collect$$libshutdown$$00000006)
    .ARM.Collect$$libshutdown$$00000009      0x08000192   Section        0  libshutdown2.o(.ARM.Collect$$libshutdown$$00000009)
    .ARM.Collect$$libshutdown$$0000000B      0x08000192   Section        0  libshutdown2.o(.ARM.Collect$$libshutdown$$0000000B)
    .ARM.Collect$$libshutdown$$0000000E      0x08000192   Section        0  libshutdown2.o(.ARM.Collect$$libshutdown$$0000000E)
    .ARM.Collect$$libshutdown$$0000000F      0x08000192   Section        2  libshutdown2.o(.ARM.Collect$$libshutdown$$0000000F)
    .ARM.Collect$$rtentry$$00000000          0x08000194   Section        0  rtentry.o(.ARM.Collect$$rtentry$$00000000)
    .ARM.Collect$$rtentry$$00000002          0x08000194   Section        0  rtentry2.o(.ARM.Collect$$rtentry$$00000002)
    .ARM.Collect$$rtentry$$00000004          0x08000194   Section        6  rtentry4.o(.ARM.Collect$$rtentry$$00000004)
    .ARM.Collect$$rtentry$$00000009          0x0800019a   Section        0  rtentry2.o(.ARM.Collect$$rtentry$$00000009)
    .ARM.Collect$$rtentry$$0000000A          0x0800019a   Section        4  rtentry2.o(.ARM.Collect$$rtentry$$0000000A)
    .ARM.Collect$$rtentry$$0000000C          0x0800019e   Section        0  rtentry2.o(.ARM.Collect$$rtentry$$0000000C)
    .ARM.Collect$$rtentry$$0000000D          0x0800019e   Section        8  rtentry2.o(.ARM.Collect$$rtentry$$0000000D)
    .ARM.Collect$$rtexit$$00000000           0x080001a6   Section        0  rtexit.o(.ARM.Collect$$rtexit$$00000000)
    .ARM.Collect$$rtexit$$00000002           0x080001a6   Section        0  rtexit2.o(.ARM.Collect$$rtexit$$00000002)
    .ARM.Collect$$rtexit$$00000003           0x080001a6   Section        4  rtexit2.o(.ARM.Collect$$rtexit$$00000003)
    .ARM.Collect$$rtexit$$00000004           0x080001aa   Section        4  rtexit2.o(.ARM.Collect$$rtexit$$00000004)
    .emb_text                                0x080001b0   Section        2  sys.o(.emb_text)
    .text                                    0x080001b4   Section       52  stm32f10x.o(.text)
    .text                                    0x080001e8   Section       68  test.o(.text)
    .text                                    0x0800022c   Section     6524  mytest.o(.text)
    .text                                    0x08001ba8   Section      132  cbuffer.o(.text)
    .text                                    0x08001c2c   Section      156  delay.o(.text)
    .text                                    0x08001cc8   Section      740  sys.o(.text)
    .text                                    0x08001fac   Section      796  usart.o(.text)
    .text                                    0x080022c8   Section      128  led.o(.text)
    .text                                    0x08002348   Section      276  key.o(.text)
    .text                                    0x0800245c   Section      368  exti.o(.text)
    .text                                    0x080025cc   Section      272  wdg.o(.text)
    .text                                    0x080026dc   Section      300  timer.o(.text)
    .text                                    0x08002808   Section     4508  ili93xx.o(.text)
    .text                                    0x080039a4   Section      538  24cxx.o(.text)
    .text                                    0x08003bc0   Section     1448  myiic.o(.text)
    .text                                    0x08004168   Section        2  use_no_semi_2.o(.text)
    .text                                    0x0800416c   Section       32  noretval__2printf.o(.text)
    .text                                    0x0800418c   Section       40  noretval__2sprintf.o(.text)
    .text                                    0x080041b4   Section       76  _printf_pad.o(.text)
    .text                                    0x08004200   Section       82  _printf_str.o(.text)
    .text                                    0x08004254   Section      112  _printf_dec.o(.text)
    .text                                    0x080042c4   Section       92  _printf_hex_int.o(.text)
    .text                                    0x08004320   Section      328  __printf_flags_wp.o(.text)
    .text                                    0x08004468   Section       26  atoi.o(.text)
    .text                                    0x08004482   Section        4  strtok_r.o(.text)
    .text                                    0x08004486   Section      140  strncmp.o(.text)
    .text                                    0x08004512   Section       62  strlen.o(.text)
    .text                                    0x08004550   Section      140  rt_memcpy_v6.o(.text)
    .text                                    0x080045dc   Section       16  aeabi_memset.o(.text)
    .text                                    0x080045ec   Section       68  rt_memclr.o(.text)
    .text                                    0x08004630   Section       78  rt_memclr_w.o(.text)
    .text                                    0x0800467e   Section        6  heapauxi.o(.text)
    .text                                    0x08004684   Section        2  use_no_semi.o(.text)
    .text                                    0x08004688   Section       12  rt_errno_addr_intlibspace.o(.text)
    .text                                    0x08004694   Section      174  _printf_intcommon.o(.text)
    .text                                    0x08004744   Section       48  _printf_char_common.o(.text)
    _printf_input_char                       0x08004745   Thumb Code    10  _printf_char_common.o(.text)
    .text                                    0x08004774   Section       10  _sputc.o(.text)
    .text                                    0x0800477e   Section       44  _printf_char.o(.text)
    .text                                    0x080047aa   Section      112  strtol.o(.text)
    .text                                    0x0800481c   Section       72  strtok_int.o(.text)
    .text                                    0x08004864   Section      100  rt_memcpy_w.o(.text)
    .text                                    0x080048c8   Section       16  rtudiv10.o(.text)
    .text                                    0x080048d8   Section        8  libspace.o(.text)
    .text                                    0x080048e0   Section       16  rt_ctype_table.o(.text)
    .text                                    0x080048f0   Section      152  _strtoul.o(.text)
    .text                                    0x08004988   Section       32  strcspn.o(.text)
    .text                                    0x080049a8   Section       28  strspn.o(.text)
    .text                                    0x080049c4   Section       74  sys_stackheap_outer.o(.text)
    .text                                    0x08004a10   Section       12  rt_locale_intlibspace.o(.text)
    .text                                    0x08004a1c   Section       32  _chval.o(.text)
    .text                                    0x08004a3c   Section       12  exit.o(.text)
    .text                                    0x08004a48   Section      128  strcmpv7m.o(.text)
    i.LCD_SetCursor                          0x08004ac8   Section       30  ili93xx.o(i.LCD_SetCursor)
    locale$$code                             0x08004ae8   Section       44  lc_ctype_c.o(locale$$code)
    x$fpl$fadd                               0x08004b14   Section      256  faddsub_clz.o(x$fpl$fadd)
    _fadd1                                   0x08004b23   Thumb Code     0  faddsub_clz.o(x$fpl$fadd)
    x$fpl$fcheck                             0x08004c14   Section       12  fcheck.o(x$fpl$fcheck)
    x$fpl$fcheck1                            0x08004c20   Section       12  fcheck1.o(x$fpl$fcheck1)
    x$fpl$fdiv                               0x08004c2c   Section      484  fdiv.o(x$fpl$fdiv)
    _fdiv1                                   0x08004c2d   Thumb Code     0  fdiv.o(x$fpl$fdiv)
    x$fpl$ffixu                              0x08004e10   Section       88  ffixu.o(x$fpl$ffixu)
    x$fpl$fflt                               0x08004e68   Section       50  fflt_clz.o(x$fpl$fflt)
    x$fpl$ffltu                              0x08004e9a   Section        8  fflt_clz.o(x$fpl$ffltu)
    x$fpl$fmul                               0x08004ea4   Section      264  fmul.o(x$fpl$fmul)
    x$fpl$fnorm2                             0x08004fac   Section       74  fnorm2_clz.o(x$fpl$fnorm2)
    x$fpl$frsb                               0x08004ff6   Section       20  faddsub_clz.o(x$fpl$frsb)
    x$fpl$fsub                               0x0800500c   Section      292  faddsub_clz.o(x$fpl$fsub)
    _fsub1                                   0x0800501b   Thumb Code     0  faddsub_clz.o(x$fpl$fsub)
    x$fpl$funder                             0x08005130   Section      134  funder.o(x$fpl$funder)
    x$fpl$retnan                             0x080051b6   Section      100  retnan.o(x$fpl$retnan)
    x$fpl$trapveneer                         0x0800521a   Section       48  trapv.o(x$fpl$trapveneer)
    .constdata                               0x0800524a   Section       34  mytest.o(.constdata)
    x$fpl$usenofp                            0x0800524a   Section        0  usenofp.o(x$fpl$usenofp)
    STR_HEX                                  0x0800524a   Data          17  mytest.o(.constdata)
    STR_HEX                                  0x0800525b   Data          17  mytest.o(.constdata)
    .constdata                               0x0800526c   Section     2660  ili93xx.o(.constdata)
    .constdata                               0x08005cd0   Section       40  _printf_hex_int.o(.constdata)
    uc_hextab                                0x08005cd0   Data          20  _printf_hex_int.o(.constdata)
    lc_hextab                                0x08005ce4   Data          20  _printf_hex_int.o(.constdata)
    .constdata                               0x08005cf8   Section       17  __printf_flags_wp.o(.constdata)
    maptable                                 0x08005cf8   Data          17  __printf_flags_wp.o(.constdata)
    locale$$data                             0x08005d2c   Section      272  lc_ctype_c.o(locale$$data)
    __lcctype_c_name                         0x08005d30   Data           2  lc_ctype_c.o(locale$$data)
    __lcctype_c_start                        0x08005d38   Data           0  lc_ctype_c.o(locale$$data)
    __lcctype_c_end                          0x08005e3c   Data           0  lc_ctype_c.o(locale$$data)
    .data                                    0x20000000   Section       65  mytest.o(.data)
    tPACC                                    0x20000024   Data           4  mytest.o(.data)
    tTMR                                     0x20000028   Data           4  mytest.o(.data)
    tClk                                     0x2000002c   Data           2  mytest.o(.data)
    tBitCnt                                  0x20000030   Data           4  mytest.o(.data)
    tCnt                                     0x20000034   Data           1  mytest.o(.data)
    tTMR                                     0x20000035   Data           1  mytest.o(.data)
    tLED                                     0x20000036   Data           1  mytest.o(.data)
    tTMR_S                                   0x20000037   Data           1  mytest.o(.data)
    .data                                    0x20000042   Section        4  delay.o(.data)
    fac_us                                   0x20000042   Data           1  delay.o(.data)
    fac_ms                                   0x20000044   Data           2  delay.o(.data)
    .data                                    0x20000048   Section        8  usart.o(.data)
    .data                                    0x20000050   Section        1  key.o(.data)
    key_up                                   0x20000050   Data           1  key.o(.data)
    .data                                    0x20000051   Section        1  wdg.o(.data)
    .data                                    0x20000052   Section        6  ili93xx.o(.data)
    .bss                                     0x20000058   Section     1392  mytest.o(.bss)
    .bss                                     0x200005c8   Section      256  usart.o(.bss)
    .bss                                     0x200006c8   Section       96  libspace.o(.bss)
    HEAP                                     0x20000728   Section        0  stm32f10x.o(HEAP)
    STACK                                    0x20000728   Section      512  stm32f10x.o(STACK)
    Heap_Mem                                 0x20000728   Data           0  stm32f10x.o(HEAP)
    Stack_Mem                                0x20000728   Data         512  stm32f10x.o(STACK)
    __initial_sp                             0x20000928   Data           0  stm32f10x.o(STACK)

    Global Symbols

    Symbol Name                              Value     Ov Type        Size  Object(Section)

    BuildAttributes$$THM_ISAv4$P$D$K$B$S$PE$A:L22UL41UL21$X:L11$S22US41US21$IEEE1$IW$USESV6$~STKCKD$USESV7$~SHL$OSPACE$ROPI$EBA8$UX$STANDARDLIB$REQ8$PRES8$EABIv2 0x00000000   Number         0  anon$$obj.o ABSOLUTE
    __ARM_use_no_argv                        0x00000000   Number         0  test.o ABSOLUTE
    _printf_flags                            0x00000000   Number         0  printf_stubs.o ABSOLUTE
    _printf_return_value                     0x00000000   Number         0  printf_stubs.o ABSOLUTE
    _printf_sizespec                         0x00000000   Number         0  printf_stubs.o ABSOLUTE
    _printf_widthprec                        0x00000000   Number         0  printf_stubs.o ABSOLUTE
    __ARM_exceptions_init                     - Undefined Weak Reference
    __alloca_initialize                       - Undefined Weak Reference
    __cpp_initialize__aeabi_                  - Undefined Weak Reference
    __cxa_finalize                            - Undefined Weak Reference
    __fpl_infinity                            - Undefined Weak Reference
    __sigvec_lookup                           - Undefined Weak Reference
    _atexit_init                              - Undefined Weak Reference
    _call_atexit_fns                          - Undefined Weak Reference
    _clock_init                               - Undefined Weak Reference
    _fp_trap_init                             - Undefined Weak Reference
    _fp_trap_shutdown                         - Undefined Weak Reference
    _get_lc_collate                           - Undefined Weak Reference
    _get_lc_monetary                          - Undefined Weak Reference
    _get_lc_numeric                           - Undefined Weak Reference
    _get_lc_time                              - Undefined Weak Reference
    _getenv_init                              - Undefined Weak Reference
    _handle_redirection                       - Undefined Weak Reference
    _init_alloc                               - Undefined Weak Reference
    _init_user_alloc                          - Undefined Weak Reference
    _initio                                   - Undefined Weak Reference
    _mutex_acquire                            - Undefined Weak Reference
    _mutex_release                            - Undefined Weak Reference
    _printf_mbtowc                            - Undefined Weak Reference
    _printf_truncate_signed                   - Undefined Weak Reference
    _printf_truncate_unsigned                 - Undefined Weak Reference
    _rand_init                                - Undefined Weak Reference
    _signal_finish                            - Undefined Weak Reference
    _signal_init                              - Undefined Weak Reference
    _terminate_alloc                          - Undefined Weak Reference
    _terminate_user_alloc                     - Undefined Weak Reference
    _terminateio                              - Undefined Weak Reference
    __Vectors                                0x08000000   Data           4  stm32f10x.o(RESET)
    __main                                   0x080000ed   Thumb Code     8  __main.o(!!!main)
    __scatterload                            0x080000f5   Thumb Code     0  __scatter.o(!!!scatter)
    __scatterload_rt2                        0x080000f5   Thumb Code    44  __scatter.o(!!!scatter)
    __scatterload_rt2_thumb_only             0x080000f5   Thumb Code     0  __scatter.o(!!!scatter)
    __scatterload_null                       0x08000103   Thumb Code     0  __scatter.o(!!!scatter)
    __scatterload_copy                       0x08000129   Thumb Code    26  __scatter_copy.o(!!handler_copy)
    __scatterload_zeroinit                   0x08000145   Thumb Code    28  __scatter_zi.o(!!handler_zi)
    _printf_d                                0x08000161   Thumb Code     0  _printf_d.o(.ARM.Collect$$_printf_percent$$00000009)
    _printf_percent                          0x08000161   Thumb Code     0  _printf_percent.o(.ARM.Collect$$_printf_percent$$00000000)
    _printf_x                                0x08000167   Thumb Code     0  _printf_x.o(.ARM.Collect$$_printf_percent$$0000000C)
    _printf_s                                0x0800016d   Thumb Code     0  _printf_s.o(.ARM.Collect$$_printf_percent$$00000014)
    _printf_percent_end                      0x08000173   Thumb Code     0  _printf_percent_end.o(.ARM.Collect$$_printf_percent$$00000017)
    __rt_lib_init                            0x08000177   Thumb Code     0  libinit.o(.ARM.Collect$$libinit$$00000000)
    __rt_lib_init_heap_1                     0x0800017d   Thumb Code     0  libinit2.o(.ARM.Collect$$libinit$$00000006)
    __rt_lib_init_lc_common                  0x0800017d   Thumb Code     0  libinit2.o(.ARM.Collect$$libinit$$0000000B)
    __rt_lib_init_rand_1                     0x0800017d   Thumb Code     0  libinit2.o(.ARM.Collect$$libinit$$0000000A)
    __rt_lib_init_user_alloc_1               0x0800017d   Thumb Code     0  libinit2.o(.ARM.Collect$$libinit$$00000008)
    __rt_lib_init_lc_collate_1               0x08000183   Thumb Code     0  libinit2.o(.ARM.Collect$$libinit$$0000000D)
    __rt_lib_init_lc_ctype_2                 0x08000183   Thumb Code     0  libinit2.o(.ARM.Collect$$libinit$$0000000E)
    __rt_lib_init_alloca_1                   0x0800018f   Thumb Code     0  libinit2.o(.ARM.Collect$$libinit$$0000002A)
    __rt_lib_init_argv_1                     0x0800018f   Thumb Code     0  libinit2.o(.ARM.Collect$$libinit$$00000028)
    __rt_lib_init_atexit_1                   0x0800018f   Thumb Code     0  libinit2.o(.ARM.Collect$$libinit$$00000017)
    __rt_lib_init_clock_1                    0x0800018f   Thumb Code     0  libinit2.o(.ARM.Collect$$libinit$$0000001D)
    __rt_lib_init_cpp_1                      0x0800018f   Thumb Code     0  libinit2.o(.ARM.Collect$$libinit$$0000002E)
    __rt_lib_init_exceptions_1               0x0800018f   Thumb Code     0  libinit2.o(.ARM.Collect$$libinit$$0000002C)
    __rt_lib_init_fp_trap_1                  0x0800018f   Thumb Code     0  libinit2.o(.ARM.Collect$$libinit$$0000001B)
    __rt_lib_init_getenv_1                   0x0800018f   Thumb Code     0  libinit2.o(.ARM.Collect$$libinit$$0000001F)
    __rt_lib_init_lc_ctype_1                 0x0800018f   Thumb Code     0  libinit2.o(.ARM.Collect$$libinit$$0000000F)
    __rt_lib_init_lc_monetary_1              0x0800018f   Thumb Code     0  libinit2.o(.ARM.Collect$$libinit$$00000011)
    __rt_lib_init_lc_numeric_1               0x0800018f   Thumb Code     0  libinit2.o(.ARM.Collect$$libinit$$00000013)
    __rt_lib_init_lc_time_1                  0x0800018f   Thumb Code     0  libinit2.o(.ARM.Collect$$libinit$$00000015)
    __rt_lib_init_return                     0x0800018f   Thumb Code     0  libinit2.o(.ARM.Collect$$libinit$$0000002F)
    __rt_lib_init_signal_1                   0x0800018f   Thumb Code     0  libinit2.o(.ARM.Collect$$libinit$$00000019)
    __rt_lib_init_stdio_1                    0x0800018f   Thumb Code     0  libinit2.o(.ARM.Collect$$libinit$$00000021)
    __rt_lib_shutdown                        0x08000191   Thumb Code     0  libshutdown.o(.ARM.Collect$$libshutdown$$00000000)
    __rt_lib_shutdown_fp_trap_1              0x08000193   Thumb Code     0  libshutdown2.o(.ARM.Collect$$libshutdown$$00000006)
    __rt_lib_shutdown_heap_1                 0x08000193   Thumb Code     0  libshutdown2.o(.ARM.Collect$$libshutdown$$0000000E)
    __rt_lib_shutdown_return                 0x08000193   Thumb Code     0  libshutdown2.o(.ARM.Collect$$libshutdown$$0000000F)
    __rt_lib_shutdown_signal_1               0x08000193   Thumb Code     0  libshutdown2.o(.ARM.Collect$$libshutdown$$00000009)
    __rt_lib_shutdown_stdio_1                0x08000193   Thumb Code     0  libshutdown2.o(.ARM.Collect$$libshutdown$$00000003)
    __rt_lib_shutdown_user_alloc_1           0x08000193   Thumb Code     0  libshutdown2.o(.ARM.Collect$$libshutdown$$0000000B)
    __rt_entry                               0x08000195   Thumb Code     0  rtentry.o(.ARM.Collect$$rtentry$$00000000)
    __rt_entry_presh_1                       0x08000195   Thumb Code     0  rtentry2.o(.ARM.Collect$$rtentry$$00000002)
    __rt_entry_sh                            0x08000195   Thumb Code     0  rtentry4.o(.ARM.Collect$$rtentry$$00000004)
    __rt_entry_li                            0x0800019b   Thumb Code     0  rtentry2.o(.ARM.Collect$$rtentry$$0000000A)
    __rt_entry_postsh_1                      0x0800019b   Thumb Code     0  rtentry2.o(.ARM.Collect$$rtentry$$00000009)
    __rt_entry_main                          0x0800019f   Thumb Code     0  rtentry2.o(.ARM.Collect$$rtentry$$0000000D)
    __rt_entry_postli_1                      0x0800019f   Thumb Code     0  rtentry2.o(.ARM.Collect$$rtentry$$0000000C)
    __rt_exit                                0x080001a7   Thumb Code     0  rtexit.o(.ARM.Collect$$rtexit$$00000000)
    __rt_exit_ls                             0x080001a7   Thumb Code     0  rtexit2.o(.ARM.Collect$$rtexit$$00000003)
    __rt_exit_prels_1                        0x080001a7   Thumb Code     0  rtexit2.o(.ARM.Collect$$rtexit$$00000002)
    __rt_exit_exit                           0x080001ab   Thumb Code     0  rtexit2.o(.ARM.Collect$$rtexit$$00000004)
    WFI_SET                                  0x080001b1   Thumb Code     2  sys.o(.emb_text)
    Reset_Handler                            0x080001b5   Thumb Code     4  stm32f10x.o(.text)
    NMI_Handler                              0x080001b9   Thumb Code     2  stm32f10x.o(.text)
    HardFault_Handler                        0x080001bb   Thumb Code     2  stm32f10x.o(.text)
    MemManage_Handler                        0x080001bd   Thumb Code     2  stm32f10x.o(.text)
    BusFault_Handler                         0x080001bf   Thumb Code     2  stm32f10x.o(.text)
    UsageFault_Handler                       0x080001c1   Thumb Code     2  stm32f10x.o(.text)
    SVC_Handler                              0x080001c3   Thumb Code     2  stm32f10x.o(.text)
    DebugMon_Handler                         0x080001c5   Thumb Code     2  stm32f10x.o(.text)
    PendSV_Handler                           0x080001c7   Thumb Code     2  stm32f10x.o(.text)
    SysTick_Handler                          0x080001c9   Thumb Code     2  stm32f10x.o(.text)
    ADC_IRQHandler                           0x080001cb   Thumb Code     0  stm32f10x.o(.text)
    CAN_RX1_IRQHandler                       0x080001cb   Thumb Code     0  stm32f10x.o(.text)
    CAN_SCE_IRQHandler                       0x080001cb   Thumb Code     0  stm32f10x.o(.text)
    DMAChannel1_IRQHandler                   0x080001cb   Thumb Code     0  stm32f10x.o(.text)
    DMAChannel2_IRQHandler                   0x080001cb   Thumb Code     0  stm32f10x.o(.text)
    DMAChannel3_IRQHandler                   0x080001cb   Thumb Code     0  stm32f10x.o(.text)
    DMAChannel4_IRQHandler                   0x080001cb   Thumb Code     0  stm32f10x.o(.text)
    DMAChannel5_IRQHandler                   0x080001cb   Thumb Code     0  stm32f10x.o(.text)
    DMAChannel6_IRQHandler                   0x080001cb   Thumb Code     0  stm32f10x.o(.text)
    DMAChannel7_IRQHandler                   0x080001cb   Thumb Code     0  stm32f10x.o(.text)
    EXTI1_IRQHandler                         0x080001cb   Thumb Code     0  stm32f10x.o(.text)
    EXTI2_IRQHandler                         0x080001cb   Thumb Code     0  stm32f10x.o(.text)
    EXTI3_IRQHandler                         0x080001cb   Thumb Code     0  stm32f10x.o(.text)
    EXTI4_IRQHandler                         0x080001cb   Thumb Code     0  stm32f10x.o(.text)
    EXTI9_5_IRQHandler                       0x080001cb   Thumb Code     0  stm32f10x.o(.text)
    FLASH_IRQHandler                         0x080001cb   Thumb Code     0  stm32f10x.o(.text)
    I2C1_ER_IRQHandler                       0x080001cb   Thumb Code     0  stm32f10x.o(.text)
    I2C1_EV_IRQHandler                       0x080001cb   Thumb Code     0  stm32f10x.o(.text)
    I2C2_ER_IRQHandler                       0x080001cb   Thumb Code     0  stm32f10x.o(.text)
    I2C2_EV_IRQHandler                       0x080001cb   Thumb Code     0  stm32f10x.o(.text)
    PVD_IRQHandler                           0x080001cb   Thumb Code     0  stm32f10x.o(.text)
    RCC_IRQHandler                           0x080001cb   Thumb Code     0  stm32f10x.o(.text)
    RTCAlarm_IRQHandler                      0x080001cb   Thumb Code     0  stm32f10x.o(.text)
    RTC_IRQHandler                           0x080001cb   Thumb Code     0  stm32f10x.o(.text)
    SPI1_IRQHandler                          0x080001cb   Thumb Code     0  stm32f10x.o(.text)
    SPI2_IRQHandler                          0x080001cb   Thumb Code     0  stm32f10x.o(.text)
    TAMPER_IRQHandler                        0x080001cb   Thumb Code     0  stm32f10x.o(.text)
    TIM1_BRK_IRQHandler                      0x080001cb   Thumb Code     0  stm32f10x.o(.text)
    TIM1_CC_IRQHandler                       0x080001cb   Thumb Code     0  stm32f10x.o(.text)
    TIM1_TRG_COM_IRQHandler                  0x080001cb   Thumb Code     0  stm32f10x.o(.text)
    TIM1_UP_IRQHandler                       0x080001cb   Thumb Code     0  stm32f10x.o(.text)
    TIM2_IRQHandler                          0x080001cb   Thumb Code     0  stm32f10x.o(.text)
    TIM4_IRQHandler                          0x080001cb   Thumb Code     0  stm32f10x.o(.text)
    USART3_IRQHandler                        0x080001cb   Thumb Code     0  stm32f10x.o(.text)
    USBWakeUp_IRQHandler                     0x080001cb   Thumb Code     0  stm32f10x.o(.text)
    USB_HP_CAN_TX_IRQHandler                 0x080001cb   Thumb Code     0  stm32f10x.o(.text)
    USB_LP_CAN_RX0_IRQHandler                0x080001cb   Thumb Code     0  stm32f10x.o(.text)
    __user_initial_stackheap                 0x080001cd   Thumb Code     0  stm32f10x.o(.text)
    main                                     0x080001e9   Thumb Code    68  test.o(.text)
    LCD_ShowLineEx                           0x0800022d   Thumb Code    64  mytest.o(.text)
    LCD_DrawLineEx                           0x0800026d   Thumb Code    32  mytest.o(.text)
    LCD_ShowLine                             0x0800028d   Thumb Code    42  mytest.o(.text)
    my_putch                                 0x080002b7   Thumb Code    20  mytest.o(.text)
    my_printQ                                0x080002cb   Thumb Code    52  mytest.o(.text)
    my_TMR_ISR                               0x080002ff   Thumb Code   382  mytest.o(.text)
    my_init                                  0x0800047d   Thumb Code   358  mytest.o(.text)
    my_FIFO_WR                               0x080005e3   Thumb Code    30  mytest.o(.text)
    my_FIFO_WRQ                              0x08000601   Thumb Code    30  mytest.o(.text)
    my_FIFO_WR_HexByte                       0x0800061f   Thumb Code   334  mytest.o(.text)
    u_hex2dec                                0x0800076d   Thumb Code    38  mytest.o(.text)
    u_asc2uint                               0x08000793   Thumb Code    46  mytest.o(.text)
    CMD_TEST                                 0x080007c1   Thumb Code    72  mytest.o(.text)
    u_putch                                  0x08000809   Thumb Code    12  mytest.o(.text)
    u_putHexByte                             0x08000815   Thumb Code    28  mytest.o(.text)
    CMD_ER                                   0x08000831   Thumb Code   108  mytest.o(.text)
    CMD_EW                                   0x0800089d   Thumb Code   170  mytest.o(.text)
    CMD_P                                    0x08000947   Thumb Code   168  mytest.o(.text)
    swapByte                                 0x080009ef   Thumb Code    34  mytest.o(.text)
    CMD_RFID_READ                            0x08000a11   Thumb Code    98  mytest.o(.text)
    CMD_RFID_WRITE                           0x08000a73   Thumb Code   180  mytest.o(.text)
    CMD_DI                                   0x08000b27   Thumb Code   470  mytest.o(.text)
    CMD_DO                                   0x08000cfd   Thumb Code   464  mytest.o(.text)
    CMD_FR                                   0x08000ecd   Thumb Code    64  mytest.o(.text)
    CMD_STATUS                               0x08000f0d   Thumb Code   234  mytest.o(.text)
    CMD_RFID                                 0x08000ff7   Thumb Code   122  mytest.o(.text)
    CMD_In                                   0x08001071   Thumb Code   538  mytest.o(.text)
    u_toupper                                0x0800128b   Thumb Code    22  mytest.o(.text)
    my_task_uart                             0x080012a1   Thumb Code   270  mytest.o(.text)
    count_8_rd                               0x080013af   Thumb Code    28  mytest.o(.text)
    my_flow_meterEx                          0x080013cb   Thumb Code    64  mytest.o(.text)
    my_task_1s                               0x0800140b   Thumb Code   220  mytest.o(.text)
    my_task_update_io                        0x080014e7   Thumb Code   152  mytest.o(.text)
    my_task_sync                             0x0800157f   Thumb Code   666  mytest.o(.text)
    my_task                                  0x08001819   Thumb Code   244  mytest.o(.text)
    count_16_rd                              0x0800190d   Thumb Code    26  mytest.o(.text)
    flow_sensor_rd                           0x08001927   Thumb Code    24  mytest.o(.text)
    my_flow_meterA                           0x0800193f   Thumb Code   140  mytest.o(.text)
    my_flow_meter                            0x080019cb   Thumb Code   128  mytest.o(.text)
    my_flow_counter                          0x08001a4b   Thumb Code    94  mytest.o(.text)
    testRFID                                 0x08001aa9   Thumb Code    80  mytest.o(.text)
    cbuffer_init                             0x08001ba9   Thumb Code    10  cbuffer.o(.text)
    cbuffer_is_empty                         0x08001bb3   Thumb Code    18  cbuffer.o(.text)
    cbuffer_next_pt                          0x08001bc5   Thumb Code    18  cbuffer.o(.text)
    cbuffer_is_full                          0x08001bd7   Thumb Code    28  cbuffer.o(.text)
    cbuffer_rd                               0x08001bf3   Thumb Code    30  cbuffer.o(.text)
    cbuffer_wr                               0x08001c11   Thumb Code    28  cbuffer.o(.text)
    delay_init                               0x08001c2d   Thumb Code    46  delay.o(.text)
    delay_ms                                 0x08001c5b   Thumb Code    54  delay.o(.text)
    delay_us                                 0x08001c91   Thumb Code    52  delay.o(.text)
    MY_NVIC_SetVectorTable                   0x08001cc9   Thumb Code    12  sys.o(.text)
    MY_NVIC_PriorityGroupConfig              0x08001cd5   Thumb Code    36  sys.o(.text)
    MY_NVIC_Init                             0x08001cf9   Thumb Code   148  sys.o(.text)
    Ex_NVIC_Config                           0x08001d8d   Thumb Code   148  sys.o(.text)
    MYRCC_DeInit                             0x08001e21   Thumb Code    90  sys.o(.text)
    Sys_Standby                              0x08001e7b   Thumb Code    70  sys.o(.text)
    Sys_Soft_Reset                           0x08001ec1   Thumb Code    12  sys.o(.text)
    JTAG_Set                                 0x08001ecd   Thumb Code    44  sys.o(.text)
    Stm32_Clock_Init                         0x08001ef9   Thumb Code   130  sys.o(.text)
    _sys_exit                                0x08001fad   Thumb Code     6  usart.o(.text)
    fputc                                    0x08001fb3   Thumb Code    22  usart.o(.text)
    USART1_IRQHandlerOld                     0x08001fc9   Thumb Code   118  usart.o(.text)
    USART1_IRQHandler                        0x0800203f   Thumb Code    28  usart.o(.text)
    uart_init                                0x0800205b   Thumb Code   210  usart.o(.text)
    USART2_IRQHandlerOld                     0x0800212d   Thumb Code   118  usart.o(.text)
    USART2_IRQHandler                        0x080021a3   Thumb Code    28  usart.o(.text)
    uart_init2                               0x080021bf   Thumb Code   216  usart.o(.text)
    LED_Init                                 0x080022c9   Thumb Code   110  led.o(.text)
    KEY_Init                                 0x08002349   Thumb Code   102  key.o(.text)
    KEY_Scan                                 0x080023af   Thumb Code   146  key.o(.text)
    EXTI0_IRQHandler                         0x0800245d   Thumb Code    62  exti.o(.text)
    EXTI15_10_IRQHandler                     0x0800249b   Thumb Code    80  exti.o(.text)
    EXTIX_Init                               0x080024eb   Thumb Code   188  exti.o(.text)
    IWDG_Init                                0x080025cd   Thumb Code    28  wdg.o(.text)
    IWDG_Feed                                0x080025e9   Thumb Code    10  wdg.o(.text)
    WWDG_Init                                0x080025f3   Thumb Code   124  wdg.o(.text)
    WWDG_Set_Counter                         0x0800266f   Thumb Code    20  wdg.o(.text)
    WWDG_IRQHandler                          0x08002683   Thumb Code    60  wdg.o(.text)
    TIM3_IRQHandler                          0x080026dd   Thumb Code    34  timer.o(.text)
    Timerx_Init                              0x080026ff   Thumb Code    86  timer.o(.text)
    PWM_Init                                 0x08002755   Thumb Code   162  timer.o(.text)
    LCD_WR_REG                               0x08002809   Thumb Code    36  ili93xx.o(.text)
    LCD_WriteReg                             0x0800282d   Thumb Code    50  ili93xx.o(.text)
    LCD_ReadReg                              0x0800285f   Thumb Code   102  ili93xx.o(.text)
    LCD_WriteRAM_Prepare                     0x080028c5   Thumb Code    10  ili93xx.o(.text)
    LCD_WriteRAM                             0x080028cf   Thumb Code    38  ili93xx.o(.text)
    LCD_BGR2RGB                              0x080028f5   Thumb Code    26  ili93xx.o(.text)
    LCD_ReadPoint                            0x0800290f   Thumb Code   156  ili93xx.o(.text)
    LCD_DisplayOn                            0x080029ab   Thumb Code    14  ili93xx.o(.text)
    LCD_DisplayOff                           0x080029b9   Thumb Code    12  ili93xx.o(.text)
    Delay                                    0x080029c5   Thumb Code    22  ili93xx.o(.text)
    LCD_DrawPoint                            0x080029db   Thumb Code    62  ili93xx.o(.text)
    LCD_Clear                                0x08002a19   Thumb Code    68  ili93xx.o(.text)
    LCD_Init                                 0x08002a5d   Thumb Code  2722  ili93xx.o(.text)
    LCD_Fill                                 0x080034ff   Thumb Code    68  ili93xx.o(.text)
    LCD_DrawLine                             0x08003543   Thumb Code   200  ili93xx.o(.text)
    LCD_DrawRectangle                        0x0800360b   Thumb Code    64  ili93xx.o(.text)
    Draw_Circle                              0x0800364b   Thumb Code   200  ili93xx.o(.text)
    LCD_ShowChar                             0x08003713   Thumb Code   284  ili93xx.o(.text)
    mypow                                    0x0800382f   Thumb Code    22  ili93xx.o(.text)
    LCD_ShowNum                              0x08003845   Thumb Code   158  ili93xx.o(.text)
    LCD_Show2Num                             0x080038e3   Thumb Code   102  ili93xx.o(.text)
    LCD_ShowString                           0x08003949   Thumb Code    74  ili93xx.o(.text)
    AT24CXX_Init                             0x080039a5   Thumb Code     8  24cxx.o(.text)
    AT24CXX_ReadOneByte                      0x080039ad   Thumb Code    90  24cxx.o(.text)
    AT24CXX_WriteOneByte                     0x08003a07   Thumb Code    82  24cxx.o(.text)
    AT24CXX_WriteLenByte                     0x08003a59   Thumb Code    42  24cxx.o(.text)
    AT24CXX_ReadLenByte                      0x08003a83   Thumb Code    44  24cxx.o(.text)
    AT24CXX_Check                            0x08003aaf   Thumb Code    46  24cxx.o(.text)
    AT24CXX_Read                             0x08003add   Thumb Code    34  24cxx.o(.text)
    AT24CXX_Write                            0x08003aff   Thumb Code    36  24cxx.o(.text)
    AT24CXX_RFID_Read                        0x08003b23   Thumb Code    16  24cxx.o(.text)
    AT24CXX_RFID_Write                       0x08003b33   Thumb Code    16  24cxx.o(.text)
    AT24CXX_RFID_WriteEx                     0x08003b43   Thumb Code   124  24cxx.o(.text)
    IIC_Init                                 0x08003bc1   Thumb Code    46  myiic.o(.text)
    IIC_Start                                0x08003bef   Thumb Code    64  myiic.o(.text)
    IIC_Stop                                 0x08003c2f   Thumb Code    66  myiic.o(.text)
    IIC_Wait_Ack                             0x08003c71   Thumb Code    84  myiic.o(.text)
    IIC_Ack                                  0x08003cc5   Thumb Code    70  myiic.o(.text)
    IIC_NAck                                 0x08003d0b   Thumb Code    70  myiic.o(.text)
    IIC_Send_Byte                            0x08003d51   Thumb Code    92  myiic.o(.text)
    IIC_Read_Byte                            0x08003dad   Thumb Code   112  myiic.o(.text)
    IIC_Read_ByteEx                          0x08003e1d   Thumb Code   102  myiic.o(.text)
    IIC_Send_ByteEx                          0x08003e83   Thumb Code    94  myiic.o(.text)
    IIC_Send_Cmd                             0x08003ee1   Thumb Code   172  myiic.o(.text)
    IIC_Send_CmdEx                           0x08003f8d   Thumb Code   200  myiic.o(.text)
    IIC_StartEx                              0x08004055   Thumb Code    74  myiic.o(.text)
    IIC_StopEx                               0x0800409f   Thumb Code    62  myiic.o(.text)
    IIC_RFID_WRITE                           0x080040dd   Thumb Code    50  myiic.o(.text)
    IIC_RFID_READ                            0x0800410f   Thumb Code    76  myiic.o(.text)
    __use_no_semihosting                     0x08004169   Thumb Code     2  use_no_semi_2.o(.text)
    __2printf                                0x0800416d   Thumb Code    24  noretval__2printf.o(.text)
    __2sprintf                               0x0800418d   Thumb Code    34  noretval__2sprintf.o(.text)
    _printf_pre_padding                      0x080041b5   Thumb Code    42  _printf_pad.o(.text)
    _printf_post_padding                     0x080041df   Thumb Code    34  _printf_pad.o(.text)
    _printf_str                              0x08004201   Thumb Code    82  _printf_str.o(.text)
    _printf_int_dec                          0x08004255   Thumb Code    96  _printf_dec.o(.text)
    _printf_int_hex                          0x080042c5   Thumb Code    86  _printf_hex_int.o(.text)
    _printf_longlong_hex                     0x080042c5   Thumb Code     0  _printf_hex_int.o(.text)
    __printf                                 0x08004321   Thumb Code   324  __printf_flags_wp.o(.text)
    atoi                                     0x08004469   Thumb Code    26  atoi.o(.text)
    _strtok_r                                0x08004483   Thumb Code     4  strtok_r.o(.text)
    strtok_r                                 0x08004483   Thumb Code     0  strtok_r.o(.text)
    strncmp                                  0x08004487   Thumb Code   140  strncmp.o(.text)
    strlen                                   0x08004513   Thumb Code    62  strlen.o(.text)
    __aeabi_memcpy                           0x08004551   Thumb Code     0  rt_memcpy_v6.o(.text)
    __rt_memcpy                              0x08004551   Thumb Code   140  rt_memcpy_v6.o(.text)
    _memcpy_lastbytes                        0x080045b9   Thumb Code     0  rt_memcpy_v6.o(.text)
    __aeabi_memset                           0x080045dd   Thumb Code    16  aeabi_memset.o(.text)
    __aeabi_memclr                           0x080045ed   Thumb Code     0  rt_memclr.o(.text)
    __rt_memclr                              0x080045ed   Thumb Code    68  rt_memclr.o(.text)
    _memset                                  0x080045f1   Thumb Code     0  rt_memclr.o(.text)
    __aeabi_memclr4                          0x08004631   Thumb Code     0  rt_memclr_w.o(.text)
    __aeabi_memclr8                          0x08004631   Thumb Code     0  rt_memclr_w.o(.text)
    __rt_memclr_w                            0x08004631   Thumb Code    78  rt_memclr_w.o(.text)
    _memset_w                                0x08004635   Thumb Code     0  rt_memclr_w.o(.text)
    __use_two_region_memory                  0x0800467f   Thumb Code     2  heapauxi.o(.text)
    __rt_heap_escrow$2region                 0x08004681   Thumb Code     2  heapauxi.o(.text)
    __rt_heap_expand$2region                 0x08004683   Thumb Code     2  heapauxi.o(.text)
    __I$use$semihosting                      0x08004685   Thumb Code     0  use_no_semi.o(.text)
    __use_no_semihosting_swi                 0x08004685   Thumb Code     2  use_no_semi.o(.text)
    __aeabi_errno_addr                       0x08004689   Thumb Code    12  rt_errno_addr_intlibspace.o(.text)
    __errno$intlibspace                      0x08004689   Thumb Code     0  rt_errno_addr_intlibspace.o(.text)
    __rt_errno_addr$intlibspace              0x08004689   Thumb Code     0  rt_errno_addr_intlibspace.o(.text)
    _printf_int_common                       0x08004695   Thumb Code   174  _printf_intcommon.o(.text)
    _printf_char_common                      0x0800474f   Thumb Code    34  _printf_char_common.o(.text)
    _sputc                                   0x08004775   Thumb Code    10  _sputc.o(.text)
    _printf_cs_common                        0x0800477f   Thumb Code    20  _printf_char.o(.text)
    _printf_char                             0x08004793   Thumb Code    16  _printf_char.o(.text)
    _printf_string                           0x080047a3   Thumb Code     8  _printf_char.o(.text)
    strtol                                   0x080047ab   Thumb Code   112  strtol.o(.text)
    __strtok_internal                        0x0800481d   Thumb Code    68  strtok_int.o(.text)
    __aeabi_memcpy4                          0x08004865   Thumb Code     0  rt_memcpy_w.o(.text)
    __aeabi_memcpy8                          0x08004865   Thumb Code     0  rt_memcpy_w.o(.text)
    __rt_memcpy_w                            0x08004865   Thumb Code   100  rt_memcpy_w.o(.text)
    _memcpy_lastbytes_aligned                0x080048ad   Thumb Code     0  rt_memcpy_w.o(.text)
    __rt_udiv10                              0x080048c9   Thumb Code    16  rtudiv10.o(.text)
    __user_libspace                          0x080048d9   Thumb Code     8  libspace.o(.text)
    __user_perproc_libspace                  0x080048d9   Thumb Code     0  libspace.o(.text)
    __user_perthread_libspace                0x080048d9   Thumb Code     0  libspace.o(.text)
    __rt_ctype_table                         0x080048e1   Thumb Code    16  rt_ctype_table.o(.text)
    _strtoul                                 0x080048f1   Thumb Code   152  _strtoul.o(.text)
    strcspn                                  0x08004989   Thumb Code    32  strcspn.o(.text)
    strspn                                   0x080049a9   Thumb Code    28  strspn.o(.text)
    __user_setup_stackheap                   0x080049c5   Thumb Code    74  sys_stackheap_outer.o(.text)
    __rt_locale                              0x08004a11   Thumb Code    12  rt_locale_intlibspace.o(.text)
    _chval                                   0x08004a1d   Thumb Code    32  _chval.o(.text)
    exit                                     0x08004a3d   Thumb Code    12  exit.o(.text)
    strcmp                                   0x08004a49   Thumb Code   128  strcmpv7m.o(.text)
    LCD_SetCursor                            0x08004ac9   Thumb Code    30  ili93xx.o(i.LCD_SetCursor)
    _get_lc_ctype                            0x08004ae9   Thumb Code    44  lc_ctype_c.o(locale$$code)
    __aeabi_fadd                             0x08004b15   Thumb Code     0  faddsub_clz.o(x$fpl$fadd)
    _fadd                                    0x08004b15   Thumb Code   248  faddsub_clz.o(x$fpl$fadd)
    __fpl_inf_fadd                           0x08004bef   Thumb Code     0  faddsub_clz.o(x$fpl$fadd)
    __fpl_fcheck_NaN2                        0x08004c15   Thumb Code     6  fcheck.o(x$fpl$fcheck)
    __fpl_fcheck_NaN1                        0x08004c21   Thumb Code     6  fcheck1.o(x$fpl$fcheck1)
    __aeabi_fdiv                             0x08004c2d   Thumb Code     0  fdiv.o(x$fpl$fdiv)
    _fdiv                                    0x08004c2d   Thumb Code   476  fdiv.o(x$fpl$fdiv)
    __fpl_inf_fdiv                           0x08004dd1   Thumb Code     0  fdiv.o(x$fpl$fdiv)
    __aeabi_f2uiz                            0x08004e11   Thumb Code     0  ffixu.o(x$fpl$ffixu)
    _ffixu                                   0x08004e11   Thumb Code    82  ffixu.o(x$fpl$ffixu)
    __fpl_inf_ffixu                          0x08004e5d   Thumb Code     0  ffixu.o(x$fpl$ffixu)
    __aeabi_i2f                              0x08004e69   Thumb Code     0  fflt_clz.o(x$fpl$fflt)
    _fflt                                    0x08004e69   Thumb Code    50  fflt_clz.o(x$fpl$fflt)
    __fflt_normalise                         0x08004e75   Thumb Code     0  fflt_clz.o(x$fpl$fflt)
    __aeabi_ui2f                             0x08004e9b   Thumb Code     0  fflt_clz.o(x$fpl$ffltu)
    _ffltu                                   0x08004e9b   Thumb Code     8  fflt_clz.o(x$fpl$ffltu)
    __aeabi_fmul                             0x08004ea5   Thumb Code     0  fmul.o(x$fpl$fmul)
    _fmul                                    0x08004ea5   Thumb Code   258  fmul.o(x$fpl$fmul)
    __fpl_inf_fmul                           0x08004f91   Thumb Code     0  fmul.o(x$fpl$fmul)
    __fpl_normalise2                         0x08004fad   Thumb Code    74  fnorm2_clz.o(x$fpl$fnorm2)
    __aeabi_frsub                            0x08004ff7   Thumb Code     0  faddsub_clz.o(x$fpl$frsb)
    _frsb                                    0x08004ff7   Thumb Code    20  faddsub_clz.o(x$fpl$frsb)
    __aeabi_fsub                             0x0800500d   Thumb Code     0  faddsub_clz.o(x$fpl$fsub)
    _fsub                                    0x0800500d   Thumb Code   282  faddsub_clz.o(x$fpl$fsub)
    __fpl_inf_fsub                           0x08005107   Thumb Code     0  faddsub_clz.o(x$fpl$fsub)
    __funder                                 0x08005131   Thumb Code   132  funder.o(x$fpl$funder)
    __funder_d                               0x080051b5   Thumb Code     2  funder.o(x$fpl$funder)
    __fpl_return_NaN                         0x080051b7   Thumb Code   100  retnan.o(x$fpl$retnan)
    __fpl_cmpreturn                          0x0800521b   Thumb Code    48  trapv.o(x$fpl$trapveneer)
    __I$use$fp                               0x0800524b   Thumb Code     0  usenofp.o(x$fpl$usenofp)
    asc2_1206                                0x0800526c   Data        1140  ili93xx.o(.constdata)
    asc2_1608                                0x080056e0   Data        1520  ili93xx.o(.constdata)
    Region$$Table$$Base                      0x08005d0c   Number         0  anon$$obj.o(Region$$Table)
    Region$$Table$$Limit                     0x08005d2c   Number         0  anon$$obj.o(Region$$Table)
    __ctype                                  0x08005d39   Data           0  lc_ctype_c.o(locale$$data)
    mTask_Sync_Flag                          0x20000000   Data           1  mytest.o(.data)
    mFS                                      0x20000001   Data           1  mytest.o(.data)
    mUart1CmdIndex                           0x20000002   Data           1  mytest.o(.data)
    mUart2CmdIndex                           0x20000003   Data           1  mytest.o(.data)
    mTMR_100ms                               0x20000004   Data           1  mytest.o(.data)
    mCntMS                                   0x20000008   Data           4  mytest.o(.data)
    mTest                                    0x2000000c   Data           1  mytest.o(.data)
    mData_Ena                                0x2000000d   Data           1  mytest.o(.data)
    mDataCnt                                 0x2000000e   Data           1  mytest.o(.data)
    mFL                                      0x2000000f   Data           1  mytest.o(.data)
    mFR                                      0x20000010   Data           2  mytest.o(.data)
    mDP                                      0x20000012   Data           2  mytest.o(.data)
    mRFID                                    0x20000014   Data          11  mytest.o(.data)
    mEchoMCU                                 0x2000001f   Data           1  mytest.o(.data)
    mEchoStatus                              0x20000020   Data           1  mytest.o(.data)
    mFakeRFID                                0x20000021   Data           1  mytest.o(.data)
    mMCU_OP                                  0x20000038   Data           2  mytest.o(.data)
    mLED                                     0x2000003a   Data           2  mytest.o(.data)
    mFID                                     0x2000003c   Data           5  mytest.o(.data)
    USART_RX_STA                             0x20000048   Data           1  usart.o(.data)
    USART2_RX_STA                            0x20000049   Data           1  usart.o(.data)
    __stdout                                 0x2000004c   Data           4  usart.o(.data)
    WWDG_CNT                                 0x20000051   Data           1  wdg.o(.data)
    POINT_COLOR                              0x20000052   Data           2  ili93xx.o(.data)
    BACK_COLOR                               0x20000054   Data           2  ili93xx.o(.data)
    DeviceCode                               0x20000056   Data           2  ili93xx.o(.data)
    mFS_CNT                                  0x20000058   Data           9  mytest.o(.bss)
    mUartCmdBuffer                           0x20000061   Data          64  mytest.o(.bss)
    mUart1CmdBuf                             0x200000a1   Data          64  mytest.o(.bss)
    mUart2CmdBuf                             0x200000e1   Data          64  mytest.o(.bss)
    mPrintBuf                                0x20000121   Data          80  mytest.o(.bss)
    mFlowCounter                             0x20000174   Data          28  mytest.o(.bss)
    mFlowCounterA                            0x20000190   Data          96  mytest.o(.bss)
    mFlowRate                                0x200001f0   Data          60  mytest.o(.bss)
    mFlowRateA                               0x2000022c   Data         180  mytest.o(.bss)
    mSN                                      0x200002e0   Data          32  mytest.o(.bss)
    mData                                    0x20000300   Data          10  mytest.o(.bss)
    mFIFO                                    0x2000030a   Data         512  mytest.o(.bss)
    mCBUF                                    0x2000050a   Data          10  mytest.o(.bss)
    mMCU_STATUS                              0x20000514   Data          20  mytest.o(.bss)
    mTST_STATUS                              0x20000528   Data          20  mytest.o(.bss)
    mFlowMeter                               0x2000053c   Data          84  mytest.o(.bss)
    mMCU_FC                                  0x20000590   Data          40  mytest.o(.bss)
    mRFID_P                                  0x200005b8   Data          16  mytest.o(.bss)
    USART_RX_BUF                             0x200005c8   Data         128  usart.o(.bss)
    USART2_RX_BUF                            0x20000648   Data         128  usart.o(.bss)
    __libspace_start                         0x200006c8   Data          96  libspace.o(.bss)
    __temporary_stack_top$libspace           0x20000728   Data           0  libspace.o(.bss)



==============================================================================

Memory Map of the image

  Image Entry point : 0x080000ed

  Load Region LR_IROM1 (Base: 0x08000000, Size: 0x00005e94, Max: 0x00020000, ABSOLUTE)

    Execution Region ER_IROM1 (Base: 0x08000000, Size: 0x00005e3c, Max: 0x00020000, ABSOLUTE)

    Base Addr    Size         Type   Attr      Idx    E Section Name        Object

    0x08000000   0x000000ec   Data   RO            3    RESET               stm32f10x.o
    0x080000ec   0x00000008   Code   RO           81  * !!!main             __main.o(c_w.l)
    0x080000f4   0x00000034   Code   RO          247    !!!scatter          __scatter.o(c_w.l)
    0x08000128   0x0000001a   Code   RO          248    !!handler_copy      __scatter_copy.o(c_w.l)
    0x08000142   0x00000002   PAD
    0x08000144   0x0000001c   Code   RO          249    !!handler_zi        __scatter_zi.o(c_w.l)
    0x08000160   0x00000000   Code   RO           71    .ARM.Collect$$_printf_percent$$00000000  _printf_percent.o(c_w.l)
    0x08000160   0x00000006   Code   RO           70    .ARM.Collect$$_printf_percent$$00000009  _printf_d.o(c_w.l)
    0x08000166   0x00000006   Code   RO           69    .ARM.Collect$$_printf_percent$$0000000C  _printf_x.o(c_w.l)
    0x0800016c   0x00000006   Code   RO           68    .ARM.Collect$$_printf_percent$$00000014  _printf_s.o(c_w.l)
    0x08000172   0x00000004   Code   RO          102    .ARM.Collect$$_printf_percent$$00000017  _printf_percent_end.o(c_w.l)
    0x08000176   0x00000006   Code   RO          151    .ARM.Collect$$libinit$$00000000  libinit.o(c_w.l)
    0x0800017c   0x00000000   Code   RO          158    .ARM.Collect$$libinit$$00000006  libinit2.o(c_w.l)
    0x0800017c   0x00000000   Code   RO          160    .ARM.Collect$$libinit$$00000008  libinit2.o(c_w.l)
    0x0800017c   0x00000000   Code   RO          162    .ARM.Collect$$libinit$$0000000A  libinit2.o(c_w.l)
    0x0800017c   0x00000006   Code   RO          163    .ARM.Collect$$libinit$$0000000B  libinit2.o(c_w.l)
    0x08000182   0x00000000   Code   RO          165    .ARM.Collect$$libinit$$0000000D  libinit2.o(c_w.l)
    0x08000182   0x0000000c   Code   RO          166    .ARM.Collect$$libinit$$0000000E  libinit2.o(c_w.l)
    0x0800018e   0x00000000   Code   RO          167    .ARM.Collect$$libinit$$0000000F  libinit2.o(c_w.l)
    0x0800018e   0x00000000   Code   RO          169    .ARM.Collect$$libinit$$00000011  libinit2.o(c_w.l)
    0x0800018e   0x00000000   Code   RO          171    .ARM.Collect$$libinit$$00000013  libinit2.o(c_w.l)
    0x0800018e   0x00000000   Code   RO          173    .ARM.Collect$$libinit$$00000015  libinit2.o(c_w.l)
    0x0800018e   0x00000000   Code   RO          175    .ARM.Collect$$libinit$$00000017  libinit2.o(c_w.l)
    0x0800018e   0x00000000   Code   RO          177    .ARM.Collect$$libinit$$00000019  libinit2.o(c_w.l)
    0x0800018e   0x00000000   Code   RO          179    .ARM.Collect$$libinit$$0000001B  libinit2.o(c_w.l)
    0x0800018e   0x00000000   Code   RO          181    .ARM.Collect$$libinit$$0000001D  libinit2.o(c_w.l)
    0x0800018e   0x00000000   Code   RO          183    .ARM.Collect$$libinit$$0000001F  libinit2.o(c_w.l)
    0x0800018e   0x00000000   Code   RO          185    .ARM.Collect$$libinit$$00000021  libinit2.o(c_w.l)
    0x0800018e   0x00000000   Code   RO          189    .ARM.Collect$$libinit$$00000028  libinit2.o(c_w.l)
    0x0800018e   0x00000000   Code   RO          191    .ARM.Collect$$libinit$$0000002A  libinit2.o(c_w.l)
    0x0800018e   0x00000000   Code   RO          193    .ARM.Collect$$libinit$$0000002C  libinit2.o(c_w.l)
    0x0800018e   0x00000000   Code   RO          195    .ARM.Collect$$libinit$$0000002E  libinit2.o(c_w.l)
    0x0800018e   0x00000002   Code   RO          196    .ARM.Collect$$libinit$$0000002F  libinit2.o(c_w.l)
    0x08000190   0x00000002   Code   RO          210    .ARM.Collect$$libshutdown$$00000000  libshutdown.o(c_w.l)
    0x08000192   0x00000000   Code   RO          217    .ARM.Collect$$libshutdown$$00000003  libshutdown2.o(c_w.l)
    0x08000192   0x00000000   Code   RO          220    .ARM.Collect$$libshutdown$$00000006  libshutdown2.o(c_w.l)
    0x08000192   0x00000000   Code   RO          223    .ARM.Collect$$libshutdown$$00000009  libshutdown2.o(c_w.l)
    0x08000192   0x00000000   Code   RO          225    .ARM.Collect$$libshutdown$$0000000B  libshutdown2.o(c_w.l)
    0x08000192   0x00000000   Code   RO          228    .ARM.Collect$$libshutdown$$0000000E  libshutdown2.o(c_w.l)
    0x08000192   0x00000002   Code   RO          229    .ARM.Collect$$libshutdown$$0000000F  libshutdown2.o(c_w.l)
    0x08000194   0x00000000   Code   RO           93    .ARM.Collect$$rtentry$$00000000  rtentry.o(c_w.l)
    0x08000194   0x00000000   Code   RO          117    .ARM.Collect$$rtentry$$00000002  rtentry2.o(c_w.l)
    0x08000194   0x00000006   Code   RO          132    .ARM.Collect$$rtentry$$00000004  rtentry4.o(c_w.l)
    0x0800019a   0x00000000   Code   RO          119    .ARM.Collect$$rtentry$$00000009  rtentry2.o(c_w.l)
    0x0800019a   0x00000004   Code   RO          120    .ARM.Collect$$rtentry$$0000000A  rtentry2.o(c_w.l)
    0x0800019e   0x00000000   Code   RO          122    .ARM.Collect$$rtentry$$0000000C  rtentry2.o(c_w.l)
    0x0800019e   0x00000008   Code   RO          123    .ARM.Collect$$rtentry$$0000000D  rtentry2.o(c_w.l)
    0x080001a6   0x00000000   Code   RO          153    .ARM.Collect$$rtexit$$00000000  rtexit.o(c_w.l)
    0x080001a6   0x00000000   Code   RO          199    .ARM.Collect$$rtexit$$00000002  rtexit2.o(c_w.l)
    0x080001a6   0x00000004   Code   RO          200    .ARM.Collect$$rtexit$$00000003  rtexit2.o(c_w.l)
    0x080001aa   0x00000004   Code   RO          201    .ARM.Collect$$rtexit$$00000004  rtexit2.o(c_w.l)
    0x080001ae   0x00000002   PAD
    0x080001b0   0x00000002   Code   RO           13    .emb_text           sys.o
    0x080001b2   0x00000002   PAD
    0x080001b4   0x00000034   Code   RO            4    .text               stm32f10x.o
    0x080001e8   0x00000044   Code   RO            5    .text               test.o
    0x0800022c   0x0000197c   Code   RO            6    .text               mytest.o
    0x08001ba8   0x00000084   Code   RO           10    .text               cbuffer.o
    0x08001c2c   0x0000009c   Code   RO           11    .text               delay.o
    0x08001cc8   0x000002e4   Code   RO           14    .text               sys.o
    0x08001fac   0x0000031c   Code   RO           15    .text               usart.o
    0x080022c8   0x00000080   Code   RO           18    .text               led.o
    0x08002348   0x00000114   Code   RO           19    .text               key.o
    0x0800245c   0x00000170   Code   RO           21    .text               exti.o
    0x080025cc   0x00000110   Code   RO           22    .text               wdg.o
    0x080026dc   0x0000012c   Code   RO           24    .text               timer.o
    0x08002808   0x0000119c   Code   RO           25    .text               ili93xx.o
    0x080039a4   0x0000021a   Code   RO           30    .text               24cxx.o
    0x08003bbe   0x00000002   PAD
    0x08003bc0   0x000005a8   Code   RO           31    .text               myiic.o
    0x08004168   0x00000002   Code   RO           34    .text               use_no_semi_2.o(c_w.l)
    0x0800416a   0x00000002   PAD
    0x0800416c   0x00000020   Code   RO           37    .text               noretval__2printf.o(c_w.l)
    0x0800418c   0x00000028   Code   RO           38    .text               noretval__2sprintf.o(c_w.l)
    0x080041b4   0x0000004c   Code   RO           40    .text               _printf_pad.o(c_w.l)
    0x08004200   0x00000052   Code   RO           41    .text               _printf_str.o(c_w.l)
    0x08004252   0x00000002   PAD
    0x08004254   0x00000070   Code   RO           42    .text               _printf_dec.o(c_w.l)
    0x080042c4   0x0000005c   Code   RO           45    .text               _printf_hex_int.o(c_w.l)
    0x08004320   0x00000148   Code   RO           63    .text               __printf_flags_wp.o(c_w.l)
    0x08004468   0x0000001a   Code   RO           72    .text               atoi.o(c_w.l)
    0x08004482   0x00000004   Code   RO           73    .text               strtok_r.o(c_w.l)
    0x08004486   0x0000008c   Code   RO           74    .text               strncmp.o(c_w.l)
    0x08004512   0x0000003e   Code   RO           75    .text               strlen.o(c_w.l)
    0x08004550   0x0000008c   Code   RO           76    .text               rt_memcpy_v6.o(c_w.l)
    0x080045dc   0x00000010   Code   RO           77    .text               aeabi_memset.o(c_w.l)
    0x080045ec   0x00000044   Code   RO           78    .text               rt_memclr.o(c_w.l)
    0x08004630   0x0000004e   Code   RO           79    .text               rt_memclr_w.o(c_w.l)
    0x0800467e   0x00000006   Code   RO           80    .text               heapauxi.o(c_w.l)
    0x08004684   0x00000002   Code   RO           92    .text               use_no_semi.o(c_w.l)
    0x08004686   0x00000002   PAD
    0x08004688   0x0000000c   Code   RO           97    .text               rt_errno_addr_intlibspace.o(c_w.l)
    0x08004694   0x000000ae   Code   RO           98    .text               _printf_intcommon.o(c_w.l)
    0x08004742   0x00000002   PAD
    0x08004744   0x00000030   Code   RO           99    .text               _printf_char_common.o(c_w.l)
    0x08004774   0x0000000a   Code   RO          100    .text               _sputc.o(c_w.l)
    0x0800477e   0x0000002c   Code   RO          101    .text               _printf_char.o(c_w.l)
    0x080047aa   0x00000070   Code   RO          103    .text               strtol.o(c_w.l)
    0x0800481a   0x00000002   PAD
    0x0800481c   0x00000048   Code   RO          106    .text               strtok_int.o(c_w.l)
    0x08004864   0x00000064   Code   RO          107    .text               rt_memcpy_w.o(c_w.l)
    0x080048c8   0x00000010   Code   RO          108    .text               rtudiv10.o(c_w.l)
    0x080048d8   0x00000008   Code   RO          114    .text               libspace.o(c_w.l)
    0x080048e0   0x00000010   Code   RO          134    .text               rt_ctype_table.o(c_w.l)
    0x080048f0   0x00000098   Code   RO          136    .text               _strtoul.o(c_w.l)
    0x08004988   0x00000020   Code   RO          137    .text               strcspn.o(c_w.l)
    0x080049a8   0x0000001c   Code   RO          138    .text               strspn.o(c_w.l)
    0x080049c4   0x0000004a   Code   RO          140    .text               sys_stackheap_outer.o(c_w.l)
    0x08004a0e   0x00000002   PAD
    0x08004a10   0x0000000c   Code   RO          143    .text               rt_locale_intlibspace.o(c_w.l)
    0x08004a1c   0x00000020   Code   RO          144    .text               _chval.o(c_w.l)
    0x08004a3c   0x0000000c   Code   RO          147    .text               exit.o(c_w.l)
    0x08004a48   0x00000080   Code   RO          155    .text               strcmpv7m.o(c_w.l)
    0x08004ac8   0x0000001e   Code   RO           29    i.LCD_SetCursor     ili93xx.o
    0x08004ae6   0x00000002   PAD
    0x08004ae8   0x0000002c   Code   RO          146    locale$$code        lc_ctype_c.o(c_w.l)
    0x08004b14   0x00000100   Code   RO           82    x$fpl$fadd          faddsub_clz.o(fz_ws.l)
    0x08004c14   0x0000000c   Code   RO          109    x$fpl$fcheck        fcheck.o(fz_ws.l)
    0x08004c20   0x0000000c   Code   RO          110    x$fpl$fcheck1       fcheck1.o(fz_ws.l)
    0x08004c2c   0x000001e4   Code   RO           86    x$fpl$fdiv          fdiv.o(fz_ws.l)
    0x08004e10   0x00000058   Code   RO           87    x$fpl$ffixu         ffixu.o(fz_ws.l)
    0x08004e68   0x00000032   Code   RO           90    x$fpl$fflt          fflt_clz.o(fz_ws.l)
    0x08004e9a   0x00000008   Code   RO           89    x$fpl$ffltu         fflt_clz.o(fz_ws.l)
    0x08004ea2   0x00000002   PAD
    0x08004ea4   0x00000108   Code   RO           91    x$fpl$fmul          fmul.o(fz_ws.l)
    0x08004fac   0x0000004a   Code   RO          111    x$fpl$fnorm2        fnorm2_clz.o(fz_ws.l)
    0x08004ff6   0x00000014   Code   RO           83    x$fpl$frsb          faddsub_clz.o(fz_ws.l)
    0x0800500a   0x00000002   PAD
    0x0800500c   0x00000124   Code   RO           84    x$fpl$fsub          faddsub_clz.o(fz_ws.l)
    0x08005130   0x00000086   Code   RO          112    x$fpl$funder        funder.o(fz_ws.l)
    0x080051b6   0x00000064   Code   RO          139    x$fpl$retnan        retnan.o(fz_ws.l)
    0x0800521a   0x00000030   Code   RO          152    x$fpl$trapveneer    trapv.o(fz_ws.l)
    0x0800524a   0x00000000   Code   RO          113    x$fpl$usenofp       usenofp.o(fz_ws.l)
    0x0800524a   0x00000022   Data   RO            8    .constdata          mytest.o
    0x0800526c   0x00000a64   Data   RO           26    .constdata          ili93xx.o
    0x08005cd0   0x00000028   Data   RO           46    .constdata          _printf_hex_int.o(c_w.l)
    0x08005cf8   0x00000011   Data   RO           64    .constdata          __printf_flags_wp.o(c_w.l)
    0x08005d09   0x00000003   PAD
    0x08005d0c   0x00000020   Data   RO          245    Region$$Table       anon$$obj.o
    0x08005d2c   0x00000110   Data   RO          145    locale$$data        lc_ctype_c.o(c_w.l)


    Execution Region RW_IRAM1 (Base: 0x20000000, Size: 0x00000928, Max: 0x00005000, ABSOLUTE)

    Base Addr    Size         Type   Attr      Idx    E Section Name        Object

    0x20000000   0x00000041   Data   RW            9    .data               mytest.o
    0x20000041   0x00000001   PAD
    0x20000042   0x00000004   Data   RW           12    .data               delay.o
    0x20000046   0x00000002   PAD
    0x20000048   0x00000008   Data   RW           17    .data               usart.o
    0x20000050   0x00000001   Data   RW           20    .data               key.o
    0x20000051   0x00000001   Data   RW           23    .data               wdg.o
    0x20000052   0x00000006   Data   RW           27    .data               ili93xx.o
    0x20000058   0x00000570   Zero   RW            7    .bss                mytest.o
    0x200005c8   0x00000100   Zero   RW           16    .bss                usart.o
    0x200006c8   0x00000060   Zero   RW          115    .bss                libspace.o(c_w.l)
    0x20000728   0x00000000   Zero   RW            2    HEAP                stm32f10x.o
    0x20000728   0x00000200   Zero   RW            1    STACK               stm32f10x.o


==============================================================================

Image component sizes


      Code (inc. data)   RO Data    RW Data    ZI Data      Debug   Object Name

       538          0          0          0          0          0   24cxx.o
       132          0          0          0          0          0   cbuffer.o
       156          4          0          4          0          0   delay.o
       368         38          0          0          0          0   exti.o
      4538         80       2660          6          0          0   ili93xx.o
       276         28          0          1          0          0   key.o
       128         18          0          0          0          0   led.o
      1448         32          0          0          0          0   myiic.o
      6524       1430         34         65       1392          0   mytest.o
        52         18        236          0        512          0   stm32f10x.o
       742         50          0          0          0          0   sys.o
        68          0          0          0          0          0   test.o
       300         18          0          0          0          0   timer.o
       796         50          0          8        256          0   usart.o
       272         30          0          1          0          0   wdg.o

    ----------------------------------------------------------------------
     16344       1796       2962         88       2160          0   Object Totals
         0          0         32          0          0          0   (incl. Generated)
         6          0          0          3          0          0   (incl. Padding)

    ----------------------------------------------------------------------

      Code (inc. data)   RO Data    RW Data    ZI Data      Debug   Library Member Name

         8          0          0          0          0          0   __main.o
       328          4         17          0          0          0   __printf_flags_wp.o
        52          8          0          0          0          0   __scatter.o
        26          0          0          0          0          0   __scatter_copy.o
        28          0          0          0          0          0   __scatter_zi.o
        32          0          0          0          0          0   _chval.o
        44          0          0          0          0          0   _printf_char.o
        48          4          0          0          0          0   _printf_char_common.o
         6          0          0          0          0          0   _printf_d.o
       112         16          0          0          0          0   _printf_dec.o
        92          6         40          0          0          0   _printf_hex_int.o
       174          0          0          0          0          0   _printf_intcommon.o
        76          0          0          0          0          0   _printf_pad.o
         0          0          0          0          0          0   _printf_percent.o
         4          0          0          0          0          0   _printf_percent_end.o
         6          0          0          0          0          0   _printf_s.o
        82          0          0          0          0          0   _printf_str.o
         6          0          0          0          0          0   _printf_x.o
        10          0          0          0          0          0   _sputc.o
       152          0          0          0          0          0   _strtoul.o
        16          0          0          0          0          0   aeabi_memset.o
        26          0          0          0          0          0   atoi.o
        12          0          0          0          0          0   exit.o
       568         18          0          0          0          0   faddsub_clz.o
        12          6          0          0          0          0   fcheck.o
        12          6          0          0          0          0   fcheck1.o
       484         76          0          0          0          0   fdiv.o
        88          6          0          0          0          0   ffixu.o
        58          0          0          0          0          0   fflt_clz.o
       264          6          0          0          0          0   fmul.o
        74          0          0          0          0          0   fnorm2_clz.o
       134          0          0          0          0          0   funder.o
         6          0          0          0          0          0   heapauxi.o
        44         10        272          0          0          0   lc_ctype_c.o
         6          0          0          0          0          0   libinit.o
        20          0          0          0          0          0   libinit2.o
         2          0          0          0          0          0   libshutdown.o
         2          0          0          0          0          0   libshutdown2.o
         8          4          0          0         96          0   libspace.o
        32          8          0          0          0          0   noretval__2printf.o
        40          6          0          0          0          0   noretval__2sprintf.o
       100          0          0          0          0          0   retnan.o
        16          6          0          0          0          0   rt_ctype_table.o
        12          6          0          0          0          0   rt_errno_addr_intlibspace.o
        12          6          0          0          0          0   rt_locale_intlibspace.o
        68          0          0          0          0          0   rt_memclr.o
        78          0          0          0          0          0   rt_memclr_w.o
       140          0          0          0          0          0   rt_memcpy_v6.o
       100          0          0          0          0          0   rt_memcpy_w.o
         0          0          0          0          0          0   rtentry.o
        12          0          0          0          0          0   rtentry2.o
         6          0          0          0          0          0   rtentry4.o
         0          0          0          0          0          0   rtexit.o
         8          0          0          0          0          0   rtexit2.o
        16          0          0          0          0          0   rtudiv10.o
       128          2          0          0          0          0   strcmpv7m.o
        32          0          0          0          0          0   strcspn.o
        62          0          0          0          0          0   strlen.o
       140          0          0          0          0          0   strncmp.o
        28          0          0          0          0          0   strspn.o
        72          4          0          0          0          0   strtok_int.o
         4          0          0          0          0          0   strtok_r.o
       112          0          0          0          0          0   strtol.o
        74          0          0          0          0          0   sys_stackheap_outer.o
        48          0          0          0          0          0   trapv.o
         2          0          0          0          0          0   use_no_semi.o
         2          0          0          0          0          0   use_no_semi_2.o
         0          0          0          0          0          0   usenofp.o

    ----------------------------------------------------------------------
      4486        208        332          0         96          0   Library Totals
        20          0          3          0          0          0   (incl. Padding)

    ----------------------------------------------------------------------

      Code (inc. data)   RO Data    RW Data    ZI Data      Debug   Library Name

      2624         90        329          0         96          0   c_w.l
      1842        118          0          0          0          0   fz_ws.l

    ----------------------------------------------------------------------
      4486        208        332          0         96          0   Library Totals

    ----------------------------------------------------------------------

==============================================================================


      Code (inc. data)   RO Data    RW Data    ZI Data      Debug   

     20830       2004       3294         88       2256          0   Grand Totals
     20830       2004       3294         88       2256          0   ELF Image Totals
     20830       2004       3294         88          0          0   ROM Totals

==============================================================================

    Total RO  Size (Code + RO Data)                24124 (  23.56kB)
    Total RW  Size (RW Data + ZI Data)              2344 (   2.29kB)
    Total ROM Size (Code + RO Data + RW Data)      24212 (  23.64kB)

==============================================================================

