<html>
<body>
<pre>
<h1>µVision3 Build Log</h1>
<h2>Project:</h2>
C:\working\WebServer\test.uv2
Project File Date:  11/21/2011

<h2>Output:</h2>
Build target 'Target 1'
assembling Startup.s...
compiling ZT018.c...
compiling enc28j60.c...
compiling ip_arp_udp_tcp.c...
ip_arp_udp_tcp.c(401): warning:  #1293-D: assignment in condition
compiling myServer.c...
compiling utility.c...
compiling WebServer.c...
linking...
Program Size: Code=12724 RO-data=280 RW-data=44 ZI-data=4260  
FromELF: creating hex file...
"test.axf" - 0 Error(s), 1 Warning(s).
