ARM Linker, RVCT4.0 [Build 524] for uVision [Professional]

==============================================================================

Section Cross References

    stm32f10x.o(STACK) refers (Special) to heapauxi.o(.text) for __use_two_region_memory
    stm32f10x.o(HEAP) refers (Special) to heapauxi.o(.text) for __use_two_region_memory
    stm32f10x.o(RESET) refers (Special) to heapauxi.o(.text) for __use_two_region_memory
    stm32f10x.o(RESET) refers to stm32f10x.o(STACK) for __initial_sp
    stm32f10x.o(RESET) refers to stm32f10x.o(.text) for Reset_Handler
    stm32f10x.o(RESET) refers to wdg.o(.text) for WWDG_IRQHandler
    stm32f10x.o(RESET) refers to exti.o(.text) for EXTI0_IRQHandler
    stm32f10x.o(RESET) refers to timer.o(.text) for TIM3_IRQHandler
    stm32f10x.o(RESET) refers to usart.o(.text) for USART1_IRQHandler
    stm32f10x.o(.text) refers (Special) to heapauxi.o(.text) for __use_two_region_memory
    stm32f10x.o(.text) refers to __main.o(!!!main) for __main
    stm32f10x.o(.text) refers to stm32f10x.o(HEAP) for Heap_Mem
    stm32f10x.o(.text) refers to stm32f10x.o(STACK) for Stack_Mem
    test.o(.text) refers to sys.o(.text) for Stm32_Clock_Init
    test.o(.text) refers to delay.o(.text) for delay_init
    test.o(.text) refers to usart.o(.text) for uart_init
    test.o(.text) refers to led.o(.text) for LED_Init
    test.o(.text) refers to ili93xx.o(.text) for LCD_Init
    test.o(.text) refers to key.o(.text) for KEY_Init
    test.o(.text) refers to timer.o(.text) for Timerx_Init
    test.o(.text) refers to mytest.o(.text) for my_init
    mytest.o(.text) refers (Special) to _printf_d.o(.ARM.Collect$$_printf_percent$$00000009) for _printf_d
    mytest.o(.text) refers (Special) to _printf_dec.o(.text) for _printf_int_dec
    mytest.o(.text) refers (Special) to _printf_hex_int.o(.text) for _printf_longlong_hex
    mytest.o(.text) refers (Special) to _printf_percent.o(.ARM.Collect$$_printf_percent$$00000000) for _printf_percent
    mytest.o(.text) refers (Special) to _printf_pad.o(.text) for _printf_pre_padding
    mytest.o(.text) refers (Special) to _printf_s.o(.ARM.Collect$$_printf_percent$$00000014) for _printf_s
    mytest.o(.text) refers (Special) to _printf_str.o(.text) for _printf_str
    mytest.o(.text) refers (Special) to _printf_x.o(.ARM.Collect$$_printf_percent$$0000000C) for _printf_x
    mytest.o(.text) refers to aeabi_memset.o(.text) for __aeabi_memset
    mytest.o(.text) refers to noretval__2sprintf.o(.text) for __2sprintf
    mytest.o(.text) refers to strlen.o(.text) for strlen
    mytest.o(.text) refers to ili93xx.o(.text) for LCD_ShowString
    mytest.o(.text) refers to strtok_r.o(.text) for strtok_r
    mytest.o(.text) refers to atoi.o(.text) for atoi
    mytest.o(.text) refers to mytest.o(.bss) for mFIFO
    mytest.o(.text) refers to mytest.o(.data) for .data
    mytest.o(.text) refers to ili93xx.o(.data) for POINT_COLOR
    mytest.o(.text) refers to rt_memcpy_v6.o(.text) for __aeabi_memcpy
    mytest.o(.text) refers to strncmp.o(.text) for strncmp
    mytest.o(.text) refers to rt_memclr.o(.text) for __aeabi_memclr
    mytest.o(.text) refers to usart.o(.data) for USART_RX_STA
    mytest.o(.text) refers to usart.o(.bss) for USART_RX_BUF
    mytest.o(.text) refers to key.o(.text) for KEY_Scan
    mytest.o(.bss) refers (Special) to _printf_d.o(.ARM.Collect$$_printf_percent$$00000009) for _printf_d
    mytest.o(.bss) refers (Special) to _printf_dec.o(.text) for _printf_int_dec
    mytest.o(.bss) refers (Special) to _printf_hex_int.o(.text) for _printf_longlong_hex
    mytest.o(.bss) refers (Special) to _printf_percent.o(.ARM.Collect$$_printf_percent$$00000000) for _printf_percent
    mytest.o(.bss) refers (Special) to _printf_pad.o(.text) for _printf_pre_padding
    mytest.o(.bss) refers (Special) to _printf_s.o(.ARM.Collect$$_printf_percent$$00000014) for _printf_s
    mytest.o(.bss) refers (Special) to _printf_str.o(.text) for _printf_str
    mytest.o(.bss) refers (Special) to _printf_x.o(.ARM.Collect$$_printf_percent$$0000000C) for _printf_x
    mytest.o(.data) refers (Special) to _printf_d.o(.ARM.Collect$$_printf_percent$$00000009) for _printf_d
    mytest.o(.data) refers (Special) to _printf_dec.o(.text) for _printf_int_dec
    mytest.o(.data) refers (Special) to _printf_hex_int.o(.text) for _printf_longlong_hex
    mytest.o(.data) refers (Special) to _printf_percent.o(.ARM.Collect$$_printf_percent$$00000000) for _printf_percent
    mytest.o(.data) refers (Special) to _printf_pad.o(.text) for _printf_pre_padding
    mytest.o(.data) refers (Special) to _printf_s.o(.ARM.Collect$$_printf_percent$$00000014) for _printf_s
    mytest.o(.data) refers (Special) to _printf_str.o(.text) for _printf_str
    mytest.o(.data) refers (Special) to _printf_x.o(.ARM.Collect$$_printf_percent$$0000000C) for _printf_x
    delay.o(.text) refers to delay.o(.data) for .data
[...]
    libinit.o(.ARM.Collect$$libinit$$00000000) refers (Special) to libinit2.o(.ARM.Collect$$libinit$$00000017) for __rt_lib_init_atexit_1
    libinit.o(.ARM.Collect$$libinit$$00000000) refers (Special) to libinit2.o(.ARM.Collect$$libinit$$0000001D) for __rt_lib_init_clock_1
    libinit.o(.ARM.Collect$$libinit$$00000000) refers (Special) to libinit2.o(.ARM.Collect$$libinit$$0000002E) for __rt_lib_init_cpp_1
    libinit.o(.ARM.Collect$$libinit$$00000000) refers (Special) to libinit2.o(.ARM.Collect$$libinit$$0000002C) for __rt_lib_init_exceptions_1
    libinit.o(.ARM.Collect$$libinit$$00000000) refers (Special) to libinit2.o(.ARM.Collect$$libinit$$0000001B) for __rt_lib_init_fp_trap_1
    libinit.o(.ARM.Collect$$libinit$$00000000) refers (Special) to libinit2.o(.ARM.Collect$$libinit$$0000001F) for __rt_lib_init_getenv_1
    libinit.o(.ARM.Collect$$libinit$$00000000) refers (Special) to libinit2.o(.ARM.Collect$$libinit$$00000006) for __rt_lib_init_heap_1
    libinit.o(.ARM.Collect$$libinit$$00000000) refers (Special) to libinit2.o(.ARM.Collect$$libinit$$0000000D) for __rt_lib_init_lc_collate_1
    libinit.o(.ARM.Collect$$libinit$$00000000) refers (Special) to libinit2.o(.ARM.Collect$$libinit$$0000000F) for __rt_lib_init_lc_ctype_1
    libinit.o(.ARM.Collect$$libinit$$00000000) refers (Special) to libinit2.o(.ARM.Collect$$libinit$$00000011) for __rt_lib_init_lc_monetary_1
    libinit.o(.ARM.Collect$$libinit$$00000000) refers (Special) to libinit2.o(.ARM.Collect$$libinit$$00000013) for __rt_lib_init_lc_numeric_1
    libinit.o(.ARM.Collect$$libinit$$00000000) refers (Special) to libinit2.o(.ARM.Collect$$libinit$$00000015) for __rt_lib_init_lc_time_1
    libinit.o(.ARM.Collect$$libinit$$00000000) refers (Special) to libinit2.o(.ARM.Collect$$libinit$$0000000A) for __rt_lib_init_rand_1
    libinit.o(.ARM.Collect$$libinit$$00000000) refers (Special) to libinit2.o(.ARM.Collect$$libinit$$0000002F) for __rt_lib_init_return
    libinit.o(.ARM.Collect$$libinit$$00000000) refers (Special) to libinit2.o(.ARM.Collect$$libinit$$00000019) for __rt_lib_init_signal_1
    libinit.o(.ARM.Collect$$libinit$$00000000) refers (Special) to libinit2.o(.ARM.Collect$$libinit$$00000021) for __rt_lib_init_stdio_1
    libinit.o(.ARM.Collect$$libinit$$00000000) refers (Special) to libinit2.o(.ARM.Collect$$libinit$$00000008) for __rt_lib_init_user_alloc_1
    trapv.o(x$fpl$trapveneer) refers (Special) to usenofp.o(x$fpl$usenofp) for __I$use$fp
    rtexit.o(.ARM.Collect$$rtexit$$00000000) refers (Special) to rtexit2.o(.ARM.Collect$$rtexit$$00000004) for __rt_exit_exit
    rtexit.o(.ARM.Collect$$rtexit$$00000000) refers (Special) to rtexit2.o(.ARM.Collect$$rtexit$$00000003) for __rt_exit_ls
    rtexit.o(.ARM.Collect$$rtexit$$00000000) refers (Special) to rtexit2.o(.ARM.Collect$$rtexit$$00000002) for __rt_exit_prels_1
    rtexit.o(.ARM.exidx) refers (Special) to rtexit2.o(.ARM.Collect$$rtexit$$00000004) for __rt_exit_exit
    rtexit.o(.ARM.exidx) refers (Special) to rtexit2.o(.ARM.Collect$$rtexit$$00000003) for __rt_exit_ls
    rtexit.o(.ARM.exidx) refers (Special) to rtexit2.o(.ARM.Collect$$rtexit$$00000002) for __rt_exit_prels_1
    rtexit.o(.ARM.exidx) refers to rtexit.o(.ARM.Collect$$rtexit$$00000000) for .ARM.Collect$$rtexit$$00000000
    libinit2.o(.ARM.Collect$$libinit$$0000000B) refers (Weak) to rt_locale_intlibspace.o(.text) for __rt_locale
    libinit2.o(.ARM.Collect$$libinit$$0000000C) refers to libinit2.o(.ARM.Collect$$libinit$$0000000B) for .ARM.Collect$$libinit$$0000000B
    libinit2.o(.ARM.Collect$$libinit$$0000000E) refers to libinit2.o(.ARM.Collect$$libinit$$0000000B) for .ARM.Collect$$libinit$$0000000B
    libinit2.o(.ARM.Collect$$libinit$$0000000E) refers (Weak) to lc_ctype_c.o(locale$$code) for _get_lc_ctype
    libinit2.o(.ARM.Collect$$libinit$$00000010) refers to libinit2.o(.ARM.Collect$$libinit$$0000000B) for .ARM.Collect$$libinit$$0000000B
    libinit2.o(.ARM.Collect$$libinit$$00000012) refers to libinit2.o(.ARM.Collect$$libinit$$0000000B) for .ARM.Collect$$libinit$$0000000B
    libinit2.o(.ARM.Collect$$libinit$$00000014) refers to libinit2.o(.ARM.Collect$$libinit$$0000000B) for .ARM.Collect$$libinit$$0000000B
    libinit2.o(.ARM.Collect$$libinit$$00000022) refers to argv_veneer.o(.emb_text) for __ARM_argv_veneer
    libinit2.o(.ARM.Collect$$libinit$$00000023) refers to argv_veneer.o(.emb_text) for __ARM_argv_veneer
    rtexit2.o(.ARM.Collect$$rtexit$$00000003) refers to libshutdown.o(.ARM.Collect$$libshutdown$$00000000) for __rt_lib_shutdown
    rtexit2.o(.ARM.Collect$$rtexit$$00000004) refers to usart.o(.text) for _sys_exit
    rtexit2.o(.ARM.exidx) refers to rtexit2.o(.ARM.Collect$$rtexit$$00000001) for .ARM.Collect$$rtexit$$00000001
    rtexit2.o(.ARM.exidx) refers to rtexit2.o(.ARM.Collect$$rtexit$$00000002) for .ARM.Collect$$rtexit$$00000002
    rtexit2.o(.ARM.exidx) refers to rtexit2.o(.ARM.Collect$$rtexit$$00000003) for .ARM.Collect$$rtexit$$00000003
    rtexit2.o(.ARM.exidx) refers to rtexit2.o(.ARM.Collect$$rtexit$$00000004) for .ARM.Collect$$rtexit$$00000004
    argv_veneer.o(.emb_text) refers to no_argv.o(.text) for __ARM_get_argv
    _get_argv_nomalloc.o(.text) refers (Special) to hrguard.o(.text) for __heap_region$guard
    _get_argv_nomalloc.o(.text) refers to defsig_rtmem_outer.o(.text) for __rt_SIGRTMEM
    _get_argv_nomalloc.o(.text) refers to sys_command.o(.text) for _sys_command_string
    libshutdown.o(.ARM.Collect$$libshutdown$$00000000) refers (Special) to libshutdown2.o(.ARM.Collect$$libshutdown$$00000006) for __rt_lib_shutdown_fp_trap_1
    libshutdown.o(.ARM.Collect$$libshutdown$$00000000) refers (Special) to libshutdown2.o(.ARM.Collect$$libshutdown$$0000000E) for __rt_lib_shutdown_heap_1
    libshutdown.o(.ARM.Collect$$libshutdown$$00000000) refers (Special) to libshutdown2.o(.ARM.Collect$$libshutdown$$0000000F) for __rt_lib_shutdown_return
    libshutdown.o(.ARM.Collect$$libshutdown$$00000000) refers (Special) to libshutdown2.o(.ARM.Collect$$libshutdown$$00000009) for __rt_lib_shutdown_signal_1
    libshutdown.o(.ARM.Collect$$libshutdown$$00000000) refers (Special) to libshutdown2.o(.ARM.Collect$$libshutdown$$00000003) for __rt_lib_shutdown_stdio_1
    libshutdown.o(.ARM.Collect$$libshutdown$$00000000) refers (Special) to libshutdown2.o(.ARM.Collect$$libshutdown$$0000000B) for __rt_lib_shutdown_user_alloc_1
    sys_command.o(.text) refers (Special) to use_no_semi.o(.text) for __I$use$semihosting
    defsig_rtmem_outer.o(.text) refers to defsig_rtmem_inner.o(.text) for __rt_SIGRTMEM_inner
    defsig_rtmem_outer.o(.text) refers to defsig_exit.o(.text) for __sig_exit
    defsig_rtmem_formal.o(.text) refers to rt_raise.o(.text) for __rt_raise
    rt_raise.o(.text) refers to __raise.o(.text) for __raise
    rt_raise.o(.text) refers to usart.o(.text) for _sys_exit
    defsig_exit.o(.text) refers to usart.o(.text) for _sys_exit
    defsig_rtmem_inner.o(.text) refers to defsig_general.o(.text) for __default_signal_display
    __raise.o(.text) refers to defsig.o(CL$$defsig) for __default_signal_handler
    defsig_general.o(.text) refers to sys_wrch.o(.text) for _ttywrch
    sys_wrch.o(.text) refers (Special) to use_no_semi.o(.text) for __I$use$semihosting
    defsig.o(CL$$defsig) refers to defsig_rtmem_inner.o(.text) for __rt_SIGRTMEM_inner
    defsig_abrt_inner.o(.text) refers to defsig_general.o(.text) for __default_signal_display
    defsig_fpe_inner.o(.text) refers to defsig_general.o(.text) for __default_signal_display
    defsig_rtred_inner.o(.text) refers to defsig_general.o(.text) for __default_signal_display
    defsig_stak_inner.o(.text) refers to defsig_general.o(.text) for __default_signal_display
    defsig_pvfn_inner.o(.text) refers to defsig_general.o(.text) for __default_signal_display
    defsig_cppl_inner.o(.text) refers to defsig_general.o(.text) for __default_signal_display
    defsig_segv_inner.o(.text) refers to defsig_general.o(.text) for __default_signal_display
    defsig_other.o(.text) refers to defsig_general.o(.text) for __default_signal_display
    ili93xx.o(i.LCD_SetCursor) refers (Special) to _printf_d.o(.ARM.Collect$$_printf_percent$$00000009) for _printf_d
    ili93xx.o(i.LCD_SetCursor) refers (Special) to _printf_dec.o(.text) for _printf_int_dec
    ili93xx.o(i.LCD_SetCursor) refers (Special) to _printf_percent.o(.ARM.Collect$$_printf_percent$$00000000) for _printf_percent
    ili93xx.o(i.LCD_SetCursor) refers to ili93xx.o(.text) for LCD_WriteReg


==============================================================================

Image Symbol Table

    Local Symbols

    Symbol Name                              Value     Ov Type        Size  Object(Section)

    ../../angel/boardlib.s                   0x00000000   Number         0  boardshut.o ABSOLUTE
    ../../angel/boardlib.s                   0x00000000   Number         0  boardinit3.o ABSOLUTE
    ../../angel/boardlib.s                   0x00000000   Number         0  boardinit2.o ABSOLUTE
    ../../angel/boardlib.s                   0x00000000   Number         0  boardinit1.o ABSOLUTE
    ../../angel/handlers.s                   0x00000000   Number         0  __scatter_zi.o ABSOLUTE
    ../../angel/handlers.s                   0x00000000   Number         0  __scatter_copy.o ABSOLUTE
    ../../angel/kernel.s                     0x00000000   Number         0  rtentry4.o ABSOLUTE
    ../../angel/kernel.s                     0x00000000   Number         0  rtexit2.o ABSOLUTE
    ../../angel/kernel.s                     0x00000000   Number         0  rtentry2.o ABSOLUTE
    ../../angel/kernel.s                     0x00000000   Number         0  rtentry.o ABSOLUTE
    ../../angel/kernel.s                     0x00000000   Number         0  rtexit.o ABSOLUTE
    ../../angel/rt.s                         0x00000000   Number         0  rt_raise.o ABSOLUTE
    ../../angel/rt.s                         0x00000000   Number         0  rt_locale.o ABSOLUTE
    ../../angel/rt.s                         0x00000000   Number         0  rt_locale_intlibspace.o ABSOLUTE
    ../../angel/rt.s                         0x00000000   Number         0  rt_errno_addr_intlibspace.o ABSOLUTE
    ../../angel/rt.s                         0x00000000   Number         0  rt_errno_addr.o ABSOLUTE
    ../../angel/rt.s                         0x00000000   Number         0  rt_ctype_table.o ABSOLUTE
    ../../angel/scatter.s                    0x00000000   Number         0  __scatter.o ABSOLUTE
    ../../angel/startup.s                    0x00000000   Number         0  __main.o ABSOLUTE
    ../../angel/sys.s                        0x00000000   Number         0  sys_stackheap_outer.o ABSOLUTE
    ../../angel/sys.s                        0x00000000   Number         0  use_no_semi_2.o ABSOLUTE
    ../../angel/sys.s                        0x00000000   Number         0  use_no_semi.o ABSOLUTE
    ../../angel/sys.s                        0x00000000   Number         0  libspace.o ABSOLUTE
    ../../angel/sysapp.c                     0x00000000   Number         0  sys_command.o ABSOLUTE
    ../../angel/sysapp.c                     0x00000000   Number         0  sys_wrch.o ABSOLUTE
    ../../armsys.c                           0x00000000   Number         0  argv_veneer.o ABSOLUTE
    ../../armsys.c                           0x00000000   Number         0  no_argv.o ABSOLUTE
    ../../armsys.c                           0x00000000   Number         0  argv_veneer.o ABSOLUTE
    ../../armsys.c                           0x00000000   Number         0  _get_argv_nomalloc.o ABSOLUTE
    ../../division_7m.s                      0x00000000   Number         0  rtudiv10.o ABSOLUTE
    ../../faddsub.s                          0x00000000   Number         0  faddsub_clz.o ABSOLUTE
    ../../fcheck.s                           0x00000000   Number         0  fcheck.o ABSOLUTE
    ../../fcheck1.s                          0x00000000   Number         0  fcheck1.o ABSOLUTE
    ../../fdiv.s                             0x00000000   Number         0  fdiv.o ABSOLUTE
    ../../ffixu.s                            0x00000000   Number         0  ffixu.o ABSOLUTE
    ../../fflt.s                             0x00000000   Number         0  fflt_clz.o ABSOLUTE
    ../../fmul.s                             0x00000000   Number         0  fmul.o ABSOLUTE
    ../../fnorm2.s                           0x00000000   Number         0  fnorm2_clz.o ABSOLUTE
    ../../fpinit.s                           0x00000000   Number         0  fpinit.o ABSOLUTE
    ../../funder.s                           0x00000000   Number         0  funder.o ABSOLUTE
    ../../heapalloc.c                        0x00000000   Number         0  hrguard.o ABSOLUTE
    ../../heapaux.c                          0x00000000   Number         0  heapauxi.o ABSOLUTE
    ../../libinit.s                          0x00000000   Number         0  libinit.o ABSOLUTE
    ../../libinit.s                          0x00000000   Number         0  libinit2.o ABSOLUTE
    ../../libinit.s                          0x00000000   Number         0  libshutdown.o ABSOLUTE
    ../../libinit.s                          0x00000000   Number         0  libshutdown2.o ABSOLUTE
    ../../locale.s                           0x00000000   Number         0  lc_ctype_c.o ABSOLUTE
    ../../memcpset.s                         0x00000000   Number         0  aeabi_memset.o ABSOLUTE
    ../../memcpset.s                         0x00000000   Number         0  rt_memcpy_v6.o ABSOLUTE
    ../../memcpset.s                         0x00000000   Number         0  rt_memclr.o ABSOLUTE
    ../../memcpset.s                         0x00000000   Number         0  strcmpv7m.o ABSOLUTE
    ../../memcpset.s                         0x00000000   Number         0  rt_memclr_w.o ABSOLUTE
    ../../memcpset.s                         0x00000000   Number         0  rt_memcpy_w.o ABSOLUTE
    ../../misc.s                             0x00000000   Number         0  printf_stubs.o ABSOLUTE
    ../../printf.c                           0x00000000   Number         0  _printf_char.o ABSOLUTE
    ../../printf.c                           0x00000000   Number         0  _printf_intcommon.o ABSOLUTE
    ../../printf.c                           0x00000000   Number         0  _printf_char_common.o ABSOLUTE
    ../../printf.c                           0x00000000   Number         0  __2printf.o ABSOLUTE
    ../../printf.c                           0x00000000   Number         0  __2sprintf.o ABSOLUTE
    ../../printf.c                           0x00000000   Number         0  noretval__2printf.o ABSOLUTE
    ../../printf.c                           0x00000000   Number         0  _printf_hex_int_ptr.o ABSOLUTE
    ../../printf.c                           0x00000000   Number         0  noretval__2sprintf.o ABSOLUTE
    ../../printf.c                           0x00000000   Number         0  __printf_ss.o ABSOLUTE
    ../../printf.c                           0x00000000   Number         0  __printf_flags.o ABSOLUTE
    ../../printf.c                           0x00000000   Number         0  _printf_pad.o ABSOLUTE
    ../../printf.c                           0x00000000   Number         0  _printf_str.o ABSOLUTE
    ../../printf.c                           0x00000000   Number         0  _printf_dec.o ABSOLUTE
    ../../printf.c                           0x00000000   Number         0  __printf_wp.o ABSOLUTE
    ../../printf.c                           0x00000000   Number         0  _printf_hex_ll.o ABSOLUTE
    ../../printf.c                           0x00000000   Number         0  _printf_hex_int.o ABSOLUTE
    ../../printf.c                           0x00000000   Number         0  _printf_hex_ll_ptr.o ABSOLUTE
    ../../printf.c                           0x00000000   Number         0  __printf_nopercent.o ABSOLUTE
    ../../printf.c                           0x00000000   Number         0  _printf_hex_int_ll.o ABSOLUTE
    ../../printf.c                           0x00000000   Number         0  _printf_hex_ptr.o ABSOLUTE
    ../../printf.c                           0x00000000   Number         0  __printf.o ABSOLUTE
    ../../printf.c                           0x00000000   Number         0  __printf_flags_wp.o ABSOLUTE
    ../../printf.c                           0x00000000   Number         0  __printf_flags_ss.o ABSOLUTE
    ../../printf.c                           0x00000000   Number         0  _printf_hex_int_ll_ptr.o ABSOLUTE
    ../../printf.c                           0x00000000   Number         0  _sputc.o ABSOLUTE
    ../../printf.c                           0x00000000   Number         0  __printf_ss_wp.o ABSOLUTE
    ../../printf.c                           0x00000000   Number         0  __printf_flags_ss_wp.o ABSOLUTE
    ../../printf_percent.s                   0x00000000   Number         0  _printf_percent_end.o ABSOLUTE
    ../../printf_percent.s                   0x00000000   Number         0  _printf_d.o ABSOLUTE
    ../../printf_percent.s                   0x00000000   Number         0  _printf_s.o ABSOLUTE
    ../../printf_percent.s                   0x00000000   Number         0  _printf_x.o ABSOLUTE
    ../../printf_percent.s                   0x00000000   Number         0  _printf_percent.o ABSOLUTE
    ../../retnan.s                           0x00000000   Number         0  retnan.o ABSOLUTE
    ../../scanf.c                            0x00000000   Number         0  atoi.o ABSOLUTE
    ../../scanf.c                            0x00000000   Number         0  strtol.o ABSOLUTE
    ../../scanf.c                            0x00000000   Number         0  _chval.o ABSOLUTE
    ../../scanf.c                            0x00000000   Number         0  _strtoul.o ABSOLUTE
    ../../signal.c                           0x00000000   Number         0  defsig_rtmem_formal.o ABSOLUTE
    ../../signal.c                           0x00000000   Number         0  defsig_exit.o ABSOLUTE
    ../../signal.c                           0x00000000   Number         0  defsig_rtmem_inner.o ABSOLUTE
    ../../signal.c                           0x00000000   Number         0  defsig_rtmem_outer.o ABSOLUTE
    ../../signal.c                           0x00000000   Number         0  defsig_general.o ABSOLUTE
    ../../signal.c                           0x00000000   Number         0  defsig_abrt_inner.o ABSOLUTE
    ../../signal.c                           0x00000000   Number         0  defsig_fpe_inner.o ABSOLUTE
    ../../signal.c                           0x00000000   Number         0  defsig_rtred_inner.o ABSOLUTE
    ../../signal.c                           0x00000000   Number         0  defsig_stak_inner.o ABSOLUTE
    ../../signal.c                           0x00000000   Number         0  defsig_pvfn_inner.o ABSOLUTE
    ../../signal.c                           0x00000000   Number         0  defsig_cppl_inner.o ABSOLUTE
    ../../signal.c                           0x00000000   Number         0  defsig_segv_inner.o ABSOLUTE
    ../../signal.c                           0x00000000   Number         0  defsig_other.o ABSOLUTE
    ../../signal.c                           0x00000000   Number         0  __raise.o ABSOLUTE
    ../../signal.s                           0x00000000   Number         0  defsig.o ABSOLUTE
    ../../stdio.c                            0x00000000   Number         0  ferror_locked.o ABSOLUTE
    ../../stdio.c                            0x00000000   Number         0  ferror.o ABSOLUTE
    ../../stdlib.c                           0x00000000   Number         0  exit.o ABSOLUTE
    ../../string.c                           0x00000000   Number         0  strlen.o ABSOLUTE
    ../../string.c                           0x00000000   Number         0  strtok_int.o ABSOLUTE
    ../../string.c                           0x00000000   Number         0  strspn.o ABSOLUTE
    ../../string.c                           0x00000000   Number         0  strcspn.o ABSOLUTE
    ../../string.c                           0x00000000   Number         0  strtok_r.o ABSOLUTE
    ../../string.c                           0x00000000   Number         0  strncmp.o ABSOLUTE
    ../../trapv.s                            0x00000000   Number         0  trapv.o ABSOLUTE
    ../../usenofp.s                          0x00000000   Number         0  usenofp.o ABSOLUTE
    ..\HARDWARE\EXTI\exti.c                  0x00000000   Number         0  exti.o ABSOLUTE
    ..\HARDWARE\KEY\key.c                    0x00000000   Number         0  key.o ABSOLUTE
    ..\HARDWARE\LCD\ILI93xx.c                0x00000000   Number         0  ili93xx.o ABSOLUTE
    ..\HARDWARE\LED\led.c                    0x00000000   Number         0  led.o ABSOLUTE
    ..\HARDWARE\TIMER\timer.c                0x00000000   Number         0  timer.o ABSOLUTE
    ..\HARDWARE\WDG\wdg.c                    0x00000000   Number         0  wdg.o ABSOLUTE
    ..\SYSTEM\delay\delay.c                  0x00000000   Number         0  delay.o ABSOLUTE
    ..\SYSTEM\sys\sys.c                      0x00000000   Number         0  sys.o ABSOLUTE
    ..\SYSTEM\usart\usart.c                  0x00000000   Number         0  usart.o ABSOLUTE
    ..\\SYSTEM\\sys\\sys.c                   0x00000000   Number         0  sys.o ABSOLUTE
    STM32F10x.s                              0x00000000   Number         0  stm32f10x.o ABSOLUTE
    dc.s                                     0x00000000   Number         0  dc.o ABSOLUTE
    mytest.c                                 0x00000000   Number         0  mytest.o ABSOLUTE
    test.c                                   0x00000000   Number         0  test.o ABSOLUTE
    RESET                                    0x08000000   Section      236  stm32f10x.o(RESET)
    !!!main                                  0x080000ec   Section        8  __main.o(!!!main)
    !!!scatter                               0x080000f4   Section       52  __scatter.o(!!!scatter)
    !!handler_copy                           0x08000128   Section       26  __scatter_copy.o(!!handler_copy)
    !!handler_zi                             0x08000144   Section       28  __scatter_zi.o(!!handler_zi)
    .ARM.Collect$$_printf_percent$$00000000  0x08000160   Section        0  _printf_percent.o(.ARM.Collect$$_printf_percent$$00000000)
    .ARM.Collect$$_printf_percent$$00000009  0x08000160   Section        6  _printf_d.o(.ARM.Collect$$_printf_percent$$00000009)
    .ARM.Collect$$_printf_percent$$0000000C  0x08000166   Section        6  _printf_x.o(.ARM.Collect$$_printf_percent$$0000000C)
    .ARM.Collect$$_printf_percent$$00000014  0x0800016c   Section        6  _printf_s.o(.ARM.Collect$$_printf_percent$$00000014)
    .ARM.Collect$$_printf_percent$$00000017  0x08000172   Section        4  _printf_percent_end.o(.ARM.Collect$$_printf_percent$$00000017)
    .ARM.Collect$$libinit$$00000000          0x08000176   Section        6  libinit.o(.ARM.Collect$$libinit$$00000000)
    .ARM.Collect$$libinit$$00000006          0x0800017c   Section        0  libinit2.o(.ARM.Collect$$libinit$$00000006)
    .ARM.Collect$$libinit$$00000008          0x0800017c   Section        0  libinit2.o(.ARM.Collect$$libinit$$00000008)
    .ARM.Collect$$libinit$$0000000A          0x0800017c   Section        0  libinit2.o(.ARM.Collect$$libinit$$0000000A)
    .ARM.Collect$$libinit$$0000000B          0x0800017c   Section        6  libinit2.o(.ARM.Collect$$libinit$$0000000B)
    .ARM.Collect$$libinit$$0000000D          0x08000182   Section        0  libinit2.o(.ARM.Collect$$libinit$$0000000D)
    .ARM.Collect$$libinit$$0000000E          0x08000182   Section       12  libinit2.o(.ARM.Collect$$libinit$$0000000E)
    .ARM.Collect$$libinit$$0000000F          0x0800018e   Section        0  libinit2.o(.ARM.Collect$$libinit$$0000000F)
    .ARM.Collect$$libinit$$00000011          0x0800018e   Section        0  libinit2.o(.ARM.Collect$$libinit$$00000011)
    .ARM.Collect$$libinit$$00000013          0x0800018e   Section        0  libinit2.o(.ARM.Collect$$libinit$$00000013)
    .ARM.Collect$$libinit$$00000015          0x0800018e   Section        0  libinit2.o(.ARM.Collect$$libinit$$00000015)
    .ARM.Collect$$libinit$$00000017          0x0800018e   Section        0  libinit2.o(.ARM.Collect$$libinit$$00000017)
    .ARM.Collect$$libinit$$00000019          0x0800018e   Section        0  libinit2.o(.ARM.Collect$$libinit$$00000019)
    .ARM.Collect$$libinit$$0000001B          0x0800018e   Section        0  libinit2.o(.ARM.Collect$$libinit$$0000001B)
    .ARM.Collect$$libinit$$0000001D          0x0800018e   Section        0  libinit2.o(.ARM.Collect$$libinit$$0000001D)
    .ARM.Collect$$libinit$$0000001F          0x0800018e   Section        0  libinit2.o(.ARM.Collect$$libinit$$0000001F)
    .ARM.Collect$$libinit$$00000021          0x0800018e   Section        0  libinit2.o(.ARM.Collect$$libinit$$00000021)
    .ARM.Collect$$libinit$$00000028          0x0800018e   Section        0  libinit2.o(.ARM.Collect$$libinit$$00000028)
    .ARM.Collect$$libinit$$0000002A          0x0800018e   Section        0  libinit2.o(.ARM.Collect$$libinit$$0000002A)
    .ARM.Collect$$libinit$$0000002C          0x0800018e   Section        0  libinit2.o(.ARM.Collect$$libinit$$0000002C)
    .ARM.Collect$$libinit$$0000002E          0x0800018e   Section        0  libinit2.o(.ARM.Collect$$libinit$$0000002E)
    .ARM.Collect$$libinit$$0000002F          0x0800018e   Section        2  libinit2.o(.ARM.Collect$$libinit$$0000002F)
    .ARM.Collect$$libshutdown$$00000000      0x08000190   Section        2  libshutdown.o(.ARM.Collect$$libshutdown$$00000000)
    .ARM.Collect$$libshutdown$$00000003      0x08000192   Section        0  libshutdown2.o(.ARM.Collect$$libshutdown$$00000003)
    .ARM.Collect$$libshutdown$$00000006      0x08000192   Section        0  libshutdown2.o(.ARM.Collect$$libshutdown$$00000006)
    .ARM.Collect$$libshutdown$$00000009      0x08000192   Section        0  libshutdown2.o(.ARM.Collect$$libshutdown$$00000009)
    .ARM.Collect$$libshutdown$$0000000B      0x08000192   Section        0  libshutdown2.o(.ARM.Collect$$libshutdown$$0000000B)
    .ARM.Collect$$libshutdown$$0000000E      0x08000192   Section        0  libshutdown2.o(.ARM.Collect$$libshutdown$$0000000E)
    .ARM.Collect$$libshutdown$$0000000F      0x08000192   Section        2  libshutdown2.o(.ARM.Collect$$libshutdown$$0000000F)
    .ARM.Collect$$rtentry$$00000000          0x08000194   Section        0  rtentry.o(.ARM.Collect$$rtentry$$00000000)
    .ARM.Collect$$rtentry$$00000002          0x08000194   Section        0  rtentry2.o(.ARM.Collect$$rtentry$$00000002)
    .ARM.Collect$$rtentry$$00000004          0x08000194   Section        6  rtentry4.o(.ARM.Collect$$rtentry$$00000004)
    .ARM.Collect$$rtentry$$00000009          0x0800019a   Section        0  rtentry2.o(.ARM.Collect$$rtentry$$00000009)
    .ARM.Collect$$rtentry$$0000000A          0x0800019a   Section        4  rtentry2.o(.ARM.Collect$$rtentry$$0000000A)
    .ARM.Collect$$rtentry$$0000000C          0x0800019e   Section        0  rtentry2.o(.ARM.Collect$$rtentry$$0000000C)
    .ARM.Collect$$rtentry$$0000000D          0x0800019e   Section        8  rtentry2.o(.ARM.Collect$$rtentry$$0000000D)
    .ARM.Collect$$rtexit$$00000000           0x080001a6   Section        0  rtexit.o(.ARM.Collect$$rtexit$$00000000)
    .ARM.Collect$$rtexit$$00000002           0x080001a6   Section        0  rtexit2.o(.ARM.Collect$$rtexit$$00000002)
    .ARM.Collect$$rtexit$$00000003           0x080001a6   Section        4  rtexit2.o(.ARM.Collect$$rtexit$$00000003)
    .ARM.Collect$$rtexit$$00000004           0x080001aa   Section        4  rtexit2.o(.ARM.Collect$$rtexit$$00000004)
    .emb_text                                0x080001b0   Section        2  sys.o(.emb_text)
    .text                                    0x080001b4   Section       52  stm32f10x.o(.text)
    .text                                    0x080001e8   Section       68  test.o(.text)
    .text                                    0x0800022c   Section     3060  mytest.o(.text)
    .text                                    0x08000e20   Section      156  delay.o(.text)
    .text                                    0x08000ebc   Section      740  sys.o(.text)
    .text                                    0x080011a0   Section      724  usart.o(.text)
    .text                                    0x08001474   Section      128  led.o(.text)
    .text                                    0x080014f4   Section      276  key.o(.text)
    .text                                    0x08001608   Section      368  exti.o(.text)
    .text                                    0x08001778   Section      272  wdg.o(.text)
    .text                                    0x08001888   Section      300  timer.o(.text)
    .text                                    0x080019b4   Section     4508  ili93xx.o(.text)
    .text                                    0x08002b50   Section        2  use_no_semi_2.o(.text)
    .text                                    0x08002b54   Section       32  noretval__2printf.o(.text)
    .text                                    0x08002b74   Section       40  noretval__2sprintf.o(.text)
    .text                                    0x08002b9c   Section       76  _printf_pad.o(.text)
    .text                                    0x08002be8   Section       82  _printf_str.o(.text)
    .text                                    0x08002c3c   Section      112  _printf_dec.o(.text)
    .text                                    0x08002cac   Section       92  _printf_hex_int.o(.text)
    .text                                    0x08002d08   Section      328  __printf_flags_wp.o(.text)
    .text                                    0x08002e50   Section       26  atoi.o(.text)
    .text                                    0x08002e6a   Section        4  strtok_r.o(.text)
    .text                                    0x08002e6e   Section      140  strncmp.o(.text)
    .text                                    0x08002efa   Section       62  strlen.o(.text)
    .text                                    0x08002f38   Section      140  rt_memcpy_v6.o(.text)
    .text                                    0x08002fc4   Section       16  aeabi_memset.o(.text)
    .text                                    0x08002fd4   Section       68  rt_memclr.o(.text)
    .text                                    0x08003018   Section        6  heapauxi.o(.text)
    .text                                    0x0800301e   Section        2  use_no_semi.o(.text)
    .text                                    0x08003020   Section       12  rt_errno_addr_intlibspace.o(.text)
    .text                                    0x0800302c   Section      174  _printf_intcommon.o(.text)
    .text                                    0x080030dc   Section       48  _printf_char_common.o(.text)
    _printf_input_char                       0x080030dd   Thumb Code    10  _printf_char_common.o(.text)
    .text                                    0x0800310c   Section       10  _sputc.o(.text)
    .text                                    0x08003116   Section       44  _printf_char.o(.text)
    .text                                    0x08003142   Section      112  strtol.o(.text)
    .text                                    0x080031b4   Section       72  strtok_int.o(.text)
    .text                                    0x080031fc   Section      100  rt_memcpy_w.o(.text)
    .text                                    0x08003260   Section       78  rt_memclr_w.o(.text)
    .text                                    0x080032ae   Section       16  rtudiv10.o(.text)
    .text                                    0x080032c0   Section        8  libspace.o(.text)
    .text                                    0x080032c8   Section       16  rt_ctype_table.o(.text)
    .text                                    0x080032d8   Section      152  _strtoul.o(.text)
    .text                                    0x08003370   Section       32  strcspn.o(.text)
    .text                                    0x08003390   Section       28  strspn.o(.text)
    .text                                    0x080033ac   Section       74  sys_stackheap_outer.o(.text)
    .text                                    0x080033f8   Section       12  rt_locale_intlibspace.o(.text)
    .text                                    0x08003404   Section       32  _chval.o(.text)
    .text                                    0x08003424   Section       12  exit.o(.text)
    .text                                    0x08003430   Section      128  strcmpv7m.o(.text)
    i.LCD_SetCursor                          0x080034b0   Section       30  ili93xx.o(i.LCD_SetCursor)
    locale$$code                             0x080034d0   Section       44  lc_ctype_c.o(locale$$code)
    x$fpl$fadd                               0x080034fc   Section      256  faddsub_clz.o(x$fpl$fadd)
    _fadd1                                   0x0800350b   Thumb Code     0  faddsub_clz.o(x$fpl$fadd)
    x$fpl$fcheck                             0x080035fc   Section       12  fcheck.o(x$fpl$fcheck)
    x$fpl$fcheck1                            0x08003608   Section       12  fcheck1.o(x$fpl$fcheck1)
    x$fpl$fdiv                               0x08003614   Section      484  fdiv.o(x$fpl$fdiv)
    _fdiv1                                   0x08003615   Thumb Code     0  fdiv.o(x$fpl$fdiv)
    x$fpl$ffixu                              0x080037f8   Section       88  ffixu.o(x$fpl$ffixu)
    x$fpl$fflt                               0x08003850   Section       50  fflt_clz.o(x$fpl$fflt)
    x$fpl$ffltu                              0x08003882   Section        8  fflt_clz.o(x$fpl$ffltu)
    x$fpl$fmul                               0x0800388c   Section      264  fmul.o(x$fpl$fmul)
    x$fpl$fnorm2                             0x08003994   Section       74  fnorm2_clz.o(x$fpl$fnorm2)
    x$fpl$frsb                               0x080039de   Section       20  faddsub_clz.o(x$fpl$frsb)
    x$fpl$fsub                               0x080039f4   Section      292  faddsub_clz.o(x$fpl$fsub)
    _fsub1                                   0x08003a03   Thumb Code     0  faddsub_clz.o(x$fpl$fsub)
    x$fpl$funder                             0x08003b18   Section      134  funder.o(x$fpl$funder)
    x$fpl$retnan                             0x08003b9e   Section      100  retnan.o(x$fpl$retnan)
    x$fpl$trapveneer                         0x08003c02   Section       48  trapv.o(x$fpl$trapveneer)
    .constdata                               0x08003c32   Section     2660  ili93xx.o(.constdata)
    x$fpl$usenofp                            0x08003c32   Section        0  usenofp.o(x$fpl$usenofp)
    .constdata                               0x08004696   Section       40  _printf_hex_int.o(.constdata)
    uc_hextab                                0x08004696   Data          20  _printf_hex_int.o(.constdata)
    lc_hextab                                0x080046aa   Data          20  _printf_hex_int.o(.constdata)
    .constdata                               0x080046be   Section       17  __printf_flags_wp.o(.constdata)
    maptable                                 0x080046be   Data          17  __printf_flags_wp.o(.constdata)
    locale$$data                             0x080046f0   Section      272  lc_ctype_c.o(locale$$data)
    __lcctype_c_name                         0x080046f4   Data           2  lc_ctype_c.o(locale$$data)
    __lcctype_c_start                        0x080046fc   Data           0  lc_ctype_c.o(locale$$data)
    __lcctype_c_end                          0x08004800   Data           0  lc_ctype_c.o(locale$$data)
    .data                                    0x20000000   Section       38  mytest.o(.data)
    tPACC                                    0x20000014   Data           4  mytest.o(.data)
    tLED                                     0x20000018   Data           1  mytest.o(.data)
    tTMR                                     0x2000001c   Data           4  mytest.o(.data)
    tCnt                                     0x20000020   Data           1  mytest.o(.data)
    tTMR                                     0x20000021   Data           1  mytest.o(.data)
    tLED                                     0x20000022   Data           1  mytest.o(.data)
    tTMR_S                                   0x20000023   Data           1  mytest.o(.data)
    .data                                    0x20000026   Section        4  delay.o(.data)
    fac_us                                   0x20000026   Data           1  delay.o(.data)
    fac_ms                                   0x20000028   Data           2  delay.o(.data)
    .data                                    0x2000002c   Section        8  usart.o(.data)
    .data                                    0x20000034   Section        1  key.o(.data)
    key_up                                   0x20000034   Data           1  key.o(.data)
    .data                                    0x20000035   Section        1  wdg.o(.data)
    .data                                    0x20000036   Section        6  ili93xx.o(.data)
    .bss                                     0x2000003c   Section      584  mytest.o(.bss)
    .bss                                     0x20000284   Section      128  usart.o(.bss)
    .bss                                     0x20000304   Section       96  libspace.o(.bss)
    HEAP                                     0x20000368   Section        0  stm32f10x.o(HEAP)
    STACK                                    0x20000368   Section      512  stm32f10x.o(STACK)
    Heap_Mem                                 0x20000368   Data           0  stm32f10x.o(HEAP)
    Stack_Mem                                0x20000368   Data         512  stm32f10x.o(STACK)
    __initial_sp                             0x20000568   Data           0  stm32f10x.o(STACK)

    Global Symbols

    Symbol Name                              Value     Ov Type        Size  Object(Section)

    BuildAttributes$$THM_ISAv4$P$D$K$B$S$PE$A:L22UL41UL21$X:L11$S22US41US21$IEEE1$IW$USESV6$~STKCKD$USESV7$~SHL$OSPACE$ROPI$EBA8$UX$STANDARDLIB$REQ8$PRES8$EABIv2 0x00000000   Number         0  anon$$obj.o ABSOLUTE
    __ARM_use_no_argv                        0x00000000   Number         0  test.o ABSOLUTE
    _printf_flags                            0x00000000   Number         0  printf_stubs.o ABSOLUTE
    _printf_return_value                     0x00000000   Number         0  printf_stubs.o ABSOLUTE
    _printf_sizespec                         0x00000000   Number         0  printf_stubs.o ABSOLUTE
    _printf_widthprec                        0x00000000   Number         0  printf_stubs.o ABSOLUTE
    __ARM_exceptions_init                     - Undefined Weak Reference
    __alloca_initialize                       - Undefined Weak Reference
    __cpp_initialize__aeabi_                  - Undefined Weak Reference
    __cxa_finalize                            - Undefined Weak Reference
    __fpl_infinity                            - Undefined Weak Reference
    __sigvec_lookup                           - Undefined Weak Reference
    _atexit_init                              - Undefined Weak Reference
    _call_atexit_fns                          - Undefined Weak Reference
    _clock_init                               - Undefined Weak Reference
    _fp_trap_init                             - Undefined Weak Reference
    _fp_trap_shutdown                         - Undefined Weak Reference
    _get_lc_collate                           - Undefined Weak Reference
    _get_lc_monetary                          - Undefined Weak Reference
    _get_lc_numeric                           - Undefined Weak Reference
    _get_lc_time                              - Undefined Weak Reference
    _getenv_init                              - Undefined Weak Reference
    _handle_redirection                       - Undefined Weak Reference
    _init_alloc                               - Undefined Weak Reference
    _init_user_alloc                          - Undefined Weak Reference
    _initio                                   - Undefined Weak Reference
    _mutex_acquire                            - Undefined Weak Reference
    _mutex_release                            - Undefined Weak Reference
    _printf_mbtowc                            - Undefined Weak Reference
    _printf_truncate_signed                   - Undefined Weak Reference
    _printf_truncate_unsigned                 - Undefined Weak Reference
    _rand_init                                - Undefined Weak Reference
    _signal_finish                            - Undefined Weak Reference
    _signal_init                              - Undefined Weak Reference
    _terminate_alloc                          - Undefined Weak Reference
    _terminate_user_alloc                     - Undefined Weak Reference
    _terminateio                              - Undefined Weak Reference
    __Vectors                                0x08000000   Data           4  stm32f10x.o(RESET)
    __main                                   0x080000ed   Thumb Code     8  __main.o(!!!main)
    __scatterload                            0x080000f5   Thumb Code     0  __scatter.o(!!!scatter)
    __scatterload_rt2                        0x080000f5   Thumb Code    44  __scatter.o(!!!scatter)
    __scatterload_rt2_thumb_only             0x080000f5   Thumb Code     0  __scatter.o(!!!scatter)
    __scatterload_null                       0x08000103   Thumb Code     0  __scatter.o(!!!scatter)
    __scatterload_copy                       0x08000129   Thumb Code    26  __scatter_copy.o(!!handler_copy)
    __scatterload_zeroinit                   0x08000145   Thumb Code    28  __scatter_zi.o(!!handler_zi)
    _printf_d                                0x08000161   Thumb Code     0  _printf_d.o(.ARM.Collect$$_printf_percent$$00000009)
    _printf_percent                          0x08000161   Thumb Code     0  _printf_percent.o(.ARM.Collect$$_printf_percent$$00000000)
    _printf_x                                0x08000167   Thumb Code     0  _printf_x.o(.ARM.Collect$$_printf_percent$$0000000C)
    _printf_s                                0x0800016d   Thumb Code     0  _printf_s.o(.ARM.Collect$$_printf_percent$$00000014)
    _printf_percent_end                      0x08000173   Thumb Code     0  _printf_percent_end.o(.ARM.Collect$$_printf_percent$$00000017)
    __rt_lib_init                            0x08000177   Thumb Code     0  libinit.o(.ARM.Collect$$libinit$$00000000)
    __rt_lib_init_heap_1                     0x0800017d   Thumb Code     0  libinit2.o(.ARM.Collect$$libinit$$00000006)
    __rt_lib_init_lc_common                  0x0800017d   Thumb Code     0  libinit2.o(.ARM.Collect$$libinit$$0000000B)
    __rt_lib_init_rand_1                     0x0800017d   Thumb Code     0  libinit2.o(.ARM.Collect$$libinit$$0000000A)
    __rt_lib_init_user_alloc_1               0x0800017d   Thumb Code     0  libinit2.o(.ARM.Collect$$libinit$$00000008)
    __rt_lib_init_lc_collate_1               0x08000183   Thumb Code     0  libinit2.o(.ARM.Collect$$libinit$$0000000D)
    __rt_lib_init_lc_ctype_2                 0x08000183   Thumb Code     0  libinit2.o(.ARM.Collect$$libinit$$0000000E)
    __rt_lib_init_alloca_1                   0x0800018f   Thumb Code     0  libinit2.o(.ARM.Collect$$libinit$$0000002A)
    __rt_lib_init_argv_1                     0x0800018f   Thumb Code     0  libinit2.o(.ARM.Collect$$libinit$$00000028)
    __rt_lib_init_atexit_1                   0x0800018f   Thumb Code     0  libinit2.o(.ARM.Collect$$libinit$$00000017)
    __rt_lib_init_clock_1                    0x0800018f   Thumb Code     0  libinit2.o(.ARM.Collect$$libinit$$0000001D)
    __rt_lib_init_cpp_1                      0x0800018f   Thumb Code     0  libinit2.o(.ARM.Collect$$libinit$$0000002E)
    __rt_lib_init_exceptions_1               0x0800018f   Thumb Code     0  libinit2.o(.ARM.Collect$$libinit$$0000002C)
    __rt_lib_init_fp_trap_1                  0x0800018f   Thumb Code     0  libinit2.o(.ARM.Collect$$libinit$$0000001B)
    __rt_lib_init_getenv_1                   0x0800018f   Thumb Code     0  libinit2.o(.ARM.Collect$$libinit$$0000001F)
    __rt_lib_init_lc_ctype_1                 0x0800018f   Thumb Code     0  libinit2.o(.ARM.Collect$$libinit$$0000000F)
    __rt_lib_init_lc_monetary_1              0x0800018f   Thumb Code     0  libinit2.o(.ARM.Collect$$libinit$$00000011)
    __rt_lib_init_lc_numeric_1               0x0800018f   Thumb Code     0  libinit2.o(.ARM.Collect$$libinit$$00000013)
    __rt_lib_init_lc_time_1                  0x0800018f   Thumb Code     0  libinit2.o(.ARM.Collect$$libinit$$00000015)
    __rt_lib_init_return                     0x0800018f   Thumb Code     0  libinit2.o(.ARM.Collect$$libinit$$0000002F)
    __rt_lib_init_signal_1                   0x0800018f   Thumb Code     0  libinit2.o(.ARM.Collect$$libinit$$00000019)
    __rt_lib_init_stdio_1                    0x0800018f   Thumb Code     0  libinit2.o(.ARM.Collect$$libinit$$00000021)
    __rt_lib_shutdown                        0x08000191   Thumb Code     0  libshutdown.o(.ARM.Collect$$libshutdown$$00000000)
    __rt_lib_shutdown_fp_trap_1              0x08000193   Thumb Code     0  libshutdown2.o(.ARM.Collect$$libshutdown$$00000006)
    __rt_lib_shutdown_heap_1                 0x08000193   Thumb Code     0  libshutdown2.o(.ARM.Collect$$libshutdown$$0000000E)
    __rt_lib_shutdown_return                 0x08000193   Thumb Code     0  libshutdown2.o(.ARM.Collect$$libshutdown$$0000000F)
    __rt_lib_shutdown_signal_1               0x08000193   Thumb Code     0  libshutdown2.o(.ARM.Collect$$libshutdown$$00000009)
    __rt_lib_shutdown_stdio_1                0x08000193   Thumb Code     0  libshutdown2.o(.ARM.Collect$$libshutdown$$00000003)
    __rt_lib_shutdown_user_alloc_1           0x08000193   Thumb Code     0  libshutdown2.o(.ARM.Collect$$libshutdown$$0000000B)
    __rt_entry                               0x08000195   Thumb Code     0  rtentry.o(.ARM.Collect$$rtentry$$00000000)
    __rt_entry_presh_1                       0x08000195   Thumb Code     0  rtentry2.o(.ARM.Collect$$rtentry$$00000002)
    __rt_entry_sh                            0x08000195   Thumb Code     0  rtentry4.o(.ARM.Collect$$rtentry$$00000004)
    __rt_entry_li                            0x0800019b   Thumb Code     0  rtentry2.o(.ARM.Collect$$rtentry$$0000000A)
    __rt_entry_postsh_1                      0x0800019b   Thumb Code     0  rtentry2.o(.ARM.Collect$$rtentry$$00000009)
    __rt_entry_main                          0x0800019f   Thumb Code     0  rtentry2.o(.ARM.Collect$$rtentry$$0000000D)
    __rt_entry_postli_1                      0x0800019f   Thumb Code     0  rtentry2.o(.ARM.Collect$$rtentry$$0000000C)
    __rt_exit                                0x080001a7   Thumb Code     0  rtexit.o(.ARM.Collect$$rtexit$$00000000)
    __rt_exit_ls                             0x080001a7   Thumb Code     0  rtexit2.o(.ARM.Collect$$rtexit$$00000003)
    __rt_exit_prels_1                        0x080001a7   Thumb Code     0  rtexit2.o(.ARM.Collect$$rtexit$$00000002)
    __rt_exit_exit                           0x080001ab   Thumb Code     0  rtexit2.o(.ARM.Collect$$rtexit$$00000004)
    WFI_SET                                  0x080001b1   Thumb Code     2  sys.o(.emb_text)
    Reset_Handler                            0x080001b5   Thumb Code     4  stm32f10x.o(.text)
    NMI_Handler                              0x080001b9   Thumb Code     2  stm32f10x.o(.text)
    HardFault_Handler                        0x080001bb   Thumb Code     2  stm32f10x.o(.text)
    MemManage_Handler                        0x080001bd   Thumb Code     2  stm32f10x.o(.text)
    BusFault_Handler                         0x080001bf   Thumb Code     2  stm32f10x.o(.text)
    UsageFault_Handler                       0x080001c1   Thumb Code     2  stm32f10x.o(.text)
    SVC_Handler                              0x080001c3   Thumb Code     2  stm32f10x.o(.text)
    DebugMon_Handler                         0x080001c5   Thumb Code     2  stm32f10x.o(.text)
    PendSV_Handler                           0x080001c7   Thumb Code     2  stm32f10x.o(.text)
    SysTick_Handler                          0x080001c9   Thumb Code     2  stm32f10x.o(.text)
    ADC_IRQHandler                           0x080001cb   Thumb Code     0  stm32f10x.o(.text)
    CAN_RX1_IRQHandler                       0x080001cb   Thumb Code     0  stm32f10x.o(.text)
    CAN_SCE_IRQHandler                       0x080001cb   Thumb Code     0  stm32f10x.o(.text)
    DMAChannel1_IRQHandler                   0x080001cb   Thumb Code     0  stm32f10x.o(.text)
    DMAChannel2_IRQHandler                   0x080001cb   Thumb Code     0  stm32f10x.o(.text)
    DMAChannel3_IRQHandler                   0x080001cb   Thumb Code     0  stm32f10x.o(.text)
    DMAChannel4_IRQHandler                   0x080001cb   Thumb Code     0  stm32f10x.o(.text)
    DMAChannel5_IRQHandler                   0x080001cb   Thumb Code     0  stm32f10x.o(.text)
    DMAChannel6_IRQHandler                   0x080001cb   Thumb Code     0  stm32f10x.o(.text)
    DMAChannel7_IRQHandler                   0x080001cb   Thumb Code     0  stm32f10x.o(.text)
    EXTI1_IRQHandler                         0x080001cb   Thumb Code     0  stm32f10x.o(.text)
    EXTI2_IRQHandler                         0x080001cb   Thumb Code     0  stm32f10x.o(.text)
    EXTI3_IRQHandler                         0x080001cb   Thumb Code     0  stm32f10x.o(.text)
    EXTI4_IRQHandler                         0x080001cb   Thumb Code     0  stm32f10x.o(.text)
    EXTI9_5_IRQHandler                       0x080001cb   Thumb Code     0  stm32f10x.o(.text)
    FLASH_IRQHandler                         0x080001cb   Thumb Code     0  stm32f10x.o(.text)
    I2C1_ER_IRQHandler                       0x080001cb   Thumb Code     0  stm32f10x.o(.text)
    I2C1_EV_IRQHandler                       0x080001cb   Thumb Code     0  stm32f10x.o(.text)
    I2C2_ER_IRQHandler                       0x080001cb   Thumb Code     0  stm32f10x.o(.text)
    I2C2_EV_IRQHandler                       0x080001cb   Thumb Code     0  stm32f10x.o(.text)
    PVD_IRQHandler                           0x080001cb   Thumb Code     0  stm32f10x.o(.text)
    RCC_IRQHandler                           0x080001cb   Thumb Code     0  stm32f10x.o(.text)
    RTCAlarm_IRQHandler                      0x080001cb   Thumb Code     0  stm32f10x.o(.text)
    RTC_IRQHandler                           0x080001cb   Thumb Code     0  stm32f10x.o(.text)
    SPI1_IRQHandler                          0x080001cb   Thumb Code     0  stm32f10x.o(.text)
    SPI2_IRQHandler                          0x080001cb   Thumb Code     0  stm32f10x.o(.text)
    TAMPER_IRQHandler                        0x080001cb   Thumb Code     0  stm32f10x.o(.text)
    TIM1_BRK_IRQHandler                      0x080001cb   Thumb Code     0  stm32f10x.o(.text)
    TIM1_CC_IRQHandler                       0x080001cb   Thumb Code     0  stm32f10x.o(.text)
    TIM1_TRG_COM_IRQHandler                  0x080001cb   Thumb Code     0  stm32f10x.o(.text)
    TIM1_UP_IRQHandler                       0x080001cb   Thumb Code     0  stm32f10x.o(.text)
    TIM2_IRQHandler                          0x080001cb   Thumb Code     0  stm32f10x.o(.text)
    TIM4_IRQHandler                          0x080001cb   Thumb Code     0  stm32f10x.o(.text)
    USART3_IRQHandler                        0x080001cb   Thumb Code     0  stm32f10x.o(.text)
    USBWakeUp_IRQHandler                     0x080001cb   Thumb Code     0  stm32f10x.o(.text)
    USB_HP_CAN_TX_IRQHandler                 0x080001cb   Thumb Code     0  stm32f10x.o(.text)
    USB_LP_CAN_RX0_IRQHandler                0x080001cb   Thumb Code     0  stm32f10x.o(.text)
    __user_initial_stackheap                 0x080001cd   Thumb Code     0  stm32f10x.o(.text)
    main                                     0x080001e9   Thumb Code    68  test.o(.text)
    LCD_ShowLineEx                           0x0800022d   Thumb Code    64  mytest.o(.text)
    LCD_DrawLineEx                           0x0800026d   Thumb Code    32  mytest.o(.text)
    LCD_ShowLine                             0x0800028d   Thumb Code    42  mytest.o(.text)
    my_putch                                 0x080002b7   Thumb Code    20  mytest.o(.text)
    my_printQ                                0x080002cb   Thumb Code    50  mytest.o(.text)
    my_TMR_ISR                               0x080002fd   Thumb Code   276  mytest.o(.text)
    my_init                                  0x08000411   Thumb Code   228  mytest.o(.text)
    my_FIFO_WR                               0x080004f5   Thumb Code    28  mytest.o(.text)
    my_FIFO_WRQ                              0x08000511   Thumb Code    30  mytest.o(.text)
    CMD_FR                                   0x0800052f   Thumb Code    48  mytest.o(.text)
    u_hex2dec                                0x0800055f   Thumb Code    38  mytest.o(.text)
    u_asc2uint                               0x08000585   Thumb Code    46  mytest.o(.text)
    CMD_STATUS                               0x080005b3   Thumb Code   414  mytest.o(.text)
    CMD_RFID                                 0x08000751   Thumb Code   128  mytest.o(.text)
    CMD_In                                   0x080007d1   Thumb Code    84  mytest.o(.text)
    my_task_uart                             0x08000825   Thumb Code   176  mytest.o(.text)
    count_16_rd                              0x080008d5   Thumb Code    26  mytest.o(.text)
    my_flow_meterA                           0x080008ef   Thumb Code   140  mytest.o(.text)
    my_flow_meter                            0x0800097b   Thumb Code   128  mytest.o(.text)
    count_8_rd                               0x080009fb   Thumb Code    28  mytest.o(.text)
    my_flow_counter                          0x08000a17   Thumb Code    94  mytest.o(.text)
    my_task_1s                               0x08000a75   Thumb Code   476  mytest.o(.text)
    my_task_sync                             0x08000c51   Thumb Code   234  mytest.o(.text)
    my_task                                  0x08000d3b   Thumb Code    26  mytest.o(.text)
    flow_sensor_rd                           0x08000d55   Thumb Code    24  mytest.o(.text)
    swapByte                                 0x08000d6d   Thumb Code    34  mytest.o(.text)
    testRFID                                 0x08000d8f   Thumb Code    80  mytest.o(.text)
    delay_init                               0x08000e21   Thumb Code    46  delay.o(.text)
    delay_ms                                 0x08000e4f   Thumb Code    54  delay.o(.text)
    delay_us                                 0x08000e85   Thumb Code    52  delay.o(.text)
    MY_NVIC_SetVectorTable                   0x08000ebd   Thumb Code    12  sys.o(.text)
    MY_NVIC_PriorityGroupConfig              0x08000ec9   Thumb Code    36  sys.o(.text)
    MY_NVIC_Init                             0x08000eed   Thumb Code   148  sys.o(.text)
    Ex_NVIC_Config                           0x08000f81   Thumb Code   148  sys.o(.text)
    MYRCC_DeInit                             0x08001015   Thumb Code    90  sys.o(.text)
    Sys_Standby                              0x0800106f   Thumb Code    70  sys.o(.text)
    Sys_Soft_Reset                           0x080010b5   Thumb Code    12  sys.o(.text)
    JTAG_Set                                 0x080010c1   Thumb Code    44  sys.o(.text)
    Stm32_Clock_Init                         0x080010ed   Thumb Code   130  sys.o(.text)
    _sys_exit                                0x080011a1   Thumb Code     6  usart.o(.text)
    fputc                                    0x080011a7   Thumb Code    22  usart.o(.text)
    USART1_IRQHandler                        0x080011bd   Thumb Code   118  usart.o(.text)
    uart_init                                0x08001233   Thumb Code   202  usart.o(.text)
    USART2_IRQHandler                        0x080012fd   Thumb Code   118  usart.o(.text)
    uart_init2                               0x08001373   Thumb Code   208  usart.o(.text)
    LED_Init                                 0x08001475   Thumb Code   110  led.o(.text)
    KEY_Init                                 0x080014f5   Thumb Code   102  key.o(.text)
    KEY_Scan                                 0x0800155b   Thumb Code   146  key.o(.text)
    EXTI0_IRQHandler                         0x08001609   Thumb Code    62  exti.o(.text)
    EXTI15_10_IRQHandler                     0x08001647   Thumb Code    80  exti.o(.text)
    EXTIX_Init                               0x08001697   Thumb Code   188  exti.o(.text)
    IWDG_Init                                0x08001779   Thumb Code    28  wdg.o(.text)
    IWDG_Feed                                0x08001795   Thumb Code    10  wdg.o(.text)
    WWDG_Init                                0x0800179f   Thumb Code   124  wdg.o(.text)
    WWDG_Set_Counter                         0x0800181b   Thumb Code    20  wdg.o(.text)
    WWDG_IRQHandler                          0x0800182f   Thumb Code    60  wdg.o(.text)
    TIM3_IRQHandler                          0x08001889   Thumb Code    34  timer.o(.text)
    Timerx_Init                              0x080018ab   Thumb Code    86  timer.o(.text)
    PWM_Init                                 0x08001901   Thumb Code   162  timer.o(.text)
    LCD_WR_REG                               0x080019b5   Thumb Code    36  ili93xx.o(.text)
    LCD_WriteReg                             0x080019d9   Thumb Code    50  ili93xx.o(.text)
    LCD_ReadReg                              0x08001a0b   Thumb Code   102  ili93xx.o(.text)
    LCD_WriteRAM_Prepare                     0x08001a71   Thumb Code    10  ili93xx.o(.text)
    LCD_WriteRAM                             0x08001a7b   Thumb Code    38  ili93xx.o(.text)
    LCD_BGR2RGB                              0x08001aa1   Thumb Code    26  ili93xx.o(.text)
    LCD_ReadPoint                            0x08001abb   Thumb Code   156  ili93xx.o(.text)
    LCD_DisplayOn                            0x08001b57   Thumb Code    14  ili93xx.o(.text)
    LCD_DisplayOff                           0x08001b65   Thumb Code    12  ili93xx.o(.text)
    Delay                                    0x08001b71   Thumb Code    22  ili93xx.o(.text)
    LCD_DrawPoint                            0x08001b87   Thumb Code    62  ili93xx.o(.text)
    LCD_Clear                                0x08001bc5   Thumb Code    68  ili93xx.o(.text)
    LCD_Init                                 0x08001c09   Thumb Code  2722  ili93xx.o(.text)
    LCD_Fill                                 0x080026ab   Thumb Code    68  ili93xx.o(.text)
    LCD_DrawLine                             0x080026ef   Thumb Code   200  ili93xx.o(.text)
    LCD_DrawRectangle                        0x080027b7   Thumb Code    64  ili93xx.o(.text)
    Draw_Circle                              0x080027f7   Thumb Code   200  ili93xx.o(.text)
    LCD_ShowChar                             0x080028bf   Thumb Code   284  ili93xx.o(.text)
    mypow                                    0x080029db   Thumb Code    22  ili93xx.o(.text)
    LCD_ShowNum                              0x080029f1   Thumb Code   158  ili93xx.o(.text)
    LCD_Show2Num                             0x08002a8f   Thumb Code   102  ili93xx.o(.text)
    LCD_ShowString                           0x08002af5   Thumb Code    74  ili93xx.o(.text)
    __use_no_semihosting                     0x08002b51   Thumb Code     2  use_no_semi_2.o(.text)
    __2printf                                0x08002b55   Thumb Code    24  noretval__2printf.o(.text)
    __2sprintf                               0x08002b75   Thumb Code    34  noretval__2sprintf.o(.text)
    _printf_pre_padding                      0x08002b9d   Thumb Code    42  _printf_pad.o(.text)
    _printf_post_padding                     0x08002bc7   Thumb Code    34  _printf_pad.o(.text)
    _printf_str                              0x08002be9   Thumb Code    82  _printf_str.o(.text)
    _printf_int_dec                          0x08002c3d   Thumb Code    96  _printf_dec.o(.text)
    _printf_int_hex                          0x08002cad   Thumb Code    86  _printf_hex_int.o(.text)
    _printf_longlong_hex                     0x08002cad   Thumb Code     0  _printf_hex_int.o(.text)
    __printf                                 0x08002d09   Thumb Code   324  __printf_flags_wp.o(.text)
    atoi                                     0x08002e51   Thumb Code    26  atoi.o(.text)
    _strtok_r                                0x08002e6b   Thumb Code     4  strtok_r.o(.text)
    strtok_r                                 0x08002e6b   Thumb Code     0  strtok_r.o(.text)
    strncmp                                  0x08002e6f   Thumb Code   140  strncmp.o(.text)
    strlen                                   0x08002efb   Thumb Code    62  strlen.o(.text)
    __aeabi_memcpy                           0x08002f39   Thumb Code     0  rt_memcpy_v6.o(.text)
    __rt_memcpy                              0x08002f39   Thumb Code   140  rt_memcpy_v6.o(.text)
    _memcpy_lastbytes                        0x08002fa1   Thumb Code     0  rt_memcpy_v6.o(.text)
    __aeabi_memset                           0x08002fc5   Thumb Code    16  aeabi_memset.o(.text)
    __aeabi_memclr                           0x08002fd5   Thumb Code     0  rt_memclr.o(.text)
    __rt_memclr                              0x08002fd5   Thumb Code    68  rt_memclr.o(.text)
    _memset                                  0x08002fd9   Thumb Code     0  rt_memclr.o(.text)
    __use_two_region_memory                  0x08003019   Thumb Code     2  heapauxi.o(.text)
    __rt_heap_escrow$2region                 0x0800301b   Thumb Code     2  heapauxi.o(.text)
    __rt_heap_expand$2region                 0x0800301d   Thumb Code     2  heapauxi.o(.text)
    __I$use$semihosting                      0x0800301f   Thumb Code     0  use_no_semi.o(.text)
    __use_no_semihosting_swi                 0x0800301f   Thumb Code     2  use_no_semi.o(.text)
    __aeabi_errno_addr                       0x08003021   Thumb Code    12  rt_errno_addr_intlibspace.o(.text)
    __errno$intlibspace                      0x08003021   Thumb Code     0  rt_errno_addr_intlibspace.o(.text)
    __rt_errno_addr$intlibspace              0x08003021   Thumb Code     0  rt_errno_addr_intlibspace.o(.text)
    _printf_int_common                       0x0800302d   Thumb Code   174  _printf_intcommon.o(.text)
    _printf_char_common                      0x080030e7   Thumb Code    34  _printf_char_common.o(.text)
    _sputc                                   0x0800310d   Thumb Code    10  _sputc.o(.text)
    _printf_cs_common                        0x08003117   Thumb Code    20  _printf_char.o(.text)
    _printf_char                             0x0800312b   Thumb Code    16  _printf_char.o(.text)
    _printf_string                           0x0800313b   Thumb Code     8  _printf_char.o(.text)
    strtol                                   0x08003143   Thumb Code   112  strtol.o(.text)
    __strtok_internal                        0x080031b5   Thumb Code    68  strtok_int.o(.text)
    __aeabi_memcpy4                          0x080031fd   Thumb Code     0  rt_memcpy_w.o(.text)
    __aeabi_memcpy8                          0x080031fd   Thumb Code     0  rt_memcpy_w.o(.text)
    __rt_memcpy_w                            0x080031fd   Thumb Code   100  rt_memcpy_w.o(.text)
    _memcpy_lastbytes_aligned                0x08003245   Thumb Code     0  rt_memcpy_w.o(.text)
    __aeabi_memclr4                          0x08003261   Thumb Code     0  rt_memclr_w.o(.text)
    __aeabi_memclr8                          0x08003261   Thumb Code     0  rt_memclr_w.o(.text)
    __rt_memclr_w                            0x08003261   Thumb Code    78  rt_memclr_w.o(.text)
    _memset_w                                0x08003265   Thumb Code     0  rt_memclr_w.o(.text)
    __rt_udiv10                              0x080032af   Thumb Code    16  rtudiv10.o(.text)
    __user_libspace                          0x080032c1   Thumb Code     8  libspace.o(.text)
    __user_perproc_libspace                  0x080032c1   Thumb Code     0  libspace.o(.text)
    __user_perthread_libspace                0x080032c1   Thumb Code     0  libspace.o(.text)
    __rt_ctype_table                         0x080032c9   Thumb Code    16  rt_ctype_table.o(.text)
    _strtoul                                 0x080032d9   Thumb Code   152  _strtoul.o(.text)
    strcspn                                  0x08003371   Thumb Code    32  strcspn.o(.text)
    strspn                                   0x08003391   Thumb Code    28  strspn.o(.text)
    __user_setup_stackheap                   0x080033ad   Thumb Code    74  sys_stackheap_outer.o(.text)
    __rt_locale                              0x080033f9   Thumb Code    12  rt_locale_intlibspace.o(.text)
    _chval                                   0x08003405   Thumb Code    32  _chval.o(.text)
    exit                                     0x08003425   Thumb Code    12  exit.o(.text)
    strcmp                                   0x08003431   Thumb Code   128  strcmpv7m.o(.text)
    LCD_SetCursor                            0x080034b1   Thumb Code    30  ili93xx.o(i.LCD_SetCursor)
    _get_lc_ctype                            0x080034d1   Thumb Code    44  lc_ctype_c.o(locale$$code)
    __aeabi_fadd                             0x080034fd   Thumb Code     0  faddsub_clz.o(x$fpl$fadd)
    _fadd                                    0x080034fd   Thumb Code   248  faddsub_clz.o(x$fpl$fadd)
    __fpl_inf_fadd                           0x080035d7   Thumb Code     0  faddsub_clz.o(x$fpl$fadd)
    __fpl_fcheck_NaN2                        0x080035fd   Thumb Code     6  fcheck.o(x$fpl$fcheck)
    __fpl_fcheck_NaN1                        0x08003609   Thumb Code     6  fcheck1.o(x$fpl$fcheck1)
    __aeabi_fdiv                             0x08003615   Thumb Code     0  fdiv.o(x$fpl$fdiv)
    _fdiv                                    0x08003615   Thumb Code   476  fdiv.o(x$fpl$fdiv)
    __fpl_inf_fdiv                           0x080037b9   Thumb Code     0  fdiv.o(x$fpl$fdiv)
    __aeabi_f2uiz                            0x080037f9   Thumb Code     0  ffixu.o(x$fpl$ffixu)
    _ffixu                                   0x080037f9   Thumb Code    82  ffixu.o(x$fpl$ffixu)
    __fpl_inf_ffixu                          0x08003845   Thumb Code     0  ffixu.o(x$fpl$ffixu)
    __aeabi_i2f                              0x08003851   Thumb Code     0  fflt_clz.o(x$fpl$fflt)
    _fflt                                    0x08003851   Thumb Code    50  fflt_clz.o(x$fpl$fflt)
    __fflt_normalise                         0x0800385d   Thumb Code     0  fflt_clz.o(x$fpl$fflt)
    __aeabi_ui2f                             0x08003883   Thumb Code     0  fflt_clz.o(x$fpl$ffltu)
    _ffltu                                   0x08003883   Thumb Code     8  fflt_clz.o(x$fpl$ffltu)
    __aeabi_fmul                             0x0800388d   Thumb Code     0  fmul.o(x$fpl$fmul)
    _fmul                                    0x0800388d   Thumb Code   258  fmul.o(x$fpl$fmul)
    __fpl_inf_fmul                           0x08003979   Thumb Code     0  fmul.o(x$fpl$fmul)
    __fpl_normalise2                         0x08003995   Thumb Code    74  fnorm2_clz.o(x$fpl$fnorm2)
    __aeabi_frsub                            0x080039df   Thumb Code     0  faddsub_clz.o(x$fpl$frsb)
    _frsb                                    0x080039df   Thumb Code    20  faddsub_clz.o(x$fpl$frsb)
    __aeabi_fsub                             0x080039f5   Thumb Code     0  faddsub_clz.o(x$fpl$fsub)
    _fsub                                    0x080039f5   Thumb Code   282  faddsub_clz.o(x$fpl$fsub)
    __fpl_inf_fsub                           0x08003aef   Thumb Code     0  faddsub_clz.o(x$fpl$fsub)
    __funder                                 0x08003b19   Thumb Code   132  funder.o(x$fpl$funder)
    __funder_d                               0x08003b9d   Thumb Code     2  funder.o(x$fpl$funder)
    __fpl_return_NaN                         0x08003b9f   Thumb Code   100  retnan.o(x$fpl$retnan)
    __fpl_cmpreturn                          0x08003c03   Thumb Code    48  trapv.o(x$fpl$trapveneer)
    __I$use$fp                               0x08003c33   Thumb Code     0  usenofp.o(x$fpl$usenofp)
    asc2_1206                                0x08003c32   Data        1140  ili93xx.o(.constdata)
    asc2_1608                                0x080040a6   Data        1520  ili93xx.o(.constdata)
    Region$$Table$$Base                      0x080046d0   Number         0  anon$$obj.o(Region$$Table)
    Region$$Table$$Limit                     0x080046f0   Number         0  anon$$obj.o(Region$$Table)
    __ctype                                  0x080046fd   Data           0  lc_ctype_c.o(locale$$data)
    mTask_Sync_Flag                          0x20000000   Data           1  mytest.o(.data)
    mFS                                      0x20000001   Data           1  mytest.o(.data)
    mTMR_100ms                               0x20000002   Data           1  mytest.o(.data)
    mFR                                      0x20000004   Data           2  mytest.o(.data)
    mDP                                      0x20000006   Data           2  mytest.o(.data)
    mRFID                                    0x20000008   Data          11  mytest.o(.data)
    mLED                                     0x20000024   Data           2  mytest.o(.data)
    USART_RX_STA                             0x2000002c   Data           1  usart.o(.data)
    USART2_RX_STA                            0x2000002d   Data           1  usart.o(.data)
    __stdout                                 0x20000030   Data           4  usart.o(.data)
    WWDG_CNT                                 0x20000035   Data           1  wdg.o(.data)
    POINT_COLOR                              0x20000036   Data           2  ili93xx.o(.data)
    BACK_COLOR                               0x20000038   Data           2  ili93xx.o(.data)
    DeviceCode                               0x2000003a   Data           2  ili93xx.o(.data)
    mFS_CNT                                  0x2000003c   Data           9  mytest.o(.bss)
    mUartCmdBuffer                           0x20000045   Data          64  mytest.o(.bss)
    mPrintBuf                                0x20000085   Data          80  mytest.o(.bss)
    mFlowCounter                             0x200000d8   Data          28  mytest.o(.bss)
    mFlowCounterA                            0x200000f4   Data          96  mytest.o(.bss)
    mFlowRate                                0x20000154   Data          60  mytest.o(.bss)
    mFlowRateA                               0x20000190   Data         180  mytest.o(.bss)
    mFIFO                                    0x20000244   Data          64  mytest.o(.bss)
    USART_RX_BUF                             0x20000284   Data          64  usart.o(.bss)
    USART2_RX_BUF                            0x200002c4   Data          64  usart.o(.bss)
    __libspace_start                         0x20000304   Data          96  libspace.o(.bss)
    __temporary_stack_top$libspace           0x20000364   Data           0  libspace.o(.bss)



==============================================================================

Memory Map of the image

  Image Entry point : 0x080000ed

  Load Region LR_IROM1 (Base: 0x08000000, Size: 0x0000483c, Max: 0x00020000, ABSOLUTE)

    Execution Region ER_IROM1 (Base: 0x08000000, Size: 0x00004800, Max: 0x00020000, ABSOLUTE)

    Base Addr    Size         Type   Attr      Idx    E Section Name        Object

    0x08000000   0x000000ec   Data   RO            3    RESET               stm32f10x.o
    0x080000ec   0x00000008   Code   RO          405  * !!!main             __main.o(c_w.l)
    0x080000f4   0x00000034   Code   RO          643    !!!scatter          __scatter.o(c_w.l)
    0x08000128   0x0000001a   Code   RO          645    !!handler_copy      __scatter_copy.o(c_w.l)
    0x08000142   0x00000002   PAD
    0x08000144   0x0000001c   Code   RO          647    !!handler_zi        __scatter_zi.o(c_w.l)
    0x08000160   0x00000000   Code   RO          388    .ARM.Collect$$_printf_percent$$00000000  _printf_percent.o(c_w.l)
    0x08000160   0x00000006   Code   RO          387    .ARM.Collect$$_printf_percent$$00000009  _printf_d.o(c_w.l)
    0x08000166   0x00000006   Code   RO          386    .ARM.Collect$$_printf_percent$$0000000C  _printf_x.o(c_w.l)
    0x0800016c   0x00000006   Code   RO          385    .ARM.Collect$$_printf_percent$$00000014  _printf_s.o(c_w.l)
    0x08000172   0x00000004   Code   RO          444    .ARM.Collect$$_printf_percent$$00000017  _printf_percent_end.o(c_w.l)
    0x08000176   0x00000006   Code   RO          521    .ARM.Collect$$libinit$$00000000  libinit.o(c_w.l)
    0x0800017c   0x00000000   Code   RO          530    .ARM.Collect$$libinit$$00000006  libinit2.o(c_w.l)
    0x0800017c   0x00000000   Code   RO          532    .ARM.Collect$$libinit$$00000008  libinit2.o(c_w.l)
    0x0800017c   0x00000000   Code   RO          534    .ARM.Collect$$libinit$$0000000A  libinit2.o(c_w.l)
    0x0800017c   0x00000006   Code   RO          535    .ARM.Collect$$libinit$$0000000B  libinit2.o(c_w.l)
    0x08000182   0x00000000   Code   RO          537    .ARM.Collect$$libinit$$0000000D  libinit2.o(c_w.l)
    0x08000182   0x0000000c   Code   RO          538    .ARM.Collect$$libinit$$0000000E  libinit2.o(c_w.l)
    0x0800018e   0x00000000   Code   RO          539    .ARM.Collect$$libinit$$0000000F  libinit2.o(c_w.l)
    0x0800018e   0x00000000   Code   RO          541    .ARM.Collect$$libinit$$00000011  libinit2.o(c_w.l)
    0x0800018e   0x00000000   Code   RO          543    .ARM.Collect$$libinit$$00000013  libinit2.o(c_w.l)
    0x0800018e   0x00000000   Code   RO          545    .ARM.Collect$$libinit$$00000015  libinit2.o(c_w.l)
    0x0800018e   0x00000000   Code   RO          547    .ARM.Collect$$libinit$$00000017  libinit2.o(c_w.l)
    0x0800018e   0x00000000   Code   RO          549    .ARM.Collect$$libinit$$00000019  libinit2.o(c_w.l)
    0x0800018e   0x00000000   Code   RO          551    .ARM.Collect$$libinit$$0000001B  libinit2.o(c_w.l)
    0x0800018e   0x00000000   Code   RO          553    .ARM.Collect$$libinit$$0000001D  libinit2.o(c_w.l)
    0x0800018e   0x00000000   Code   RO          555    .ARM.Collect$$libinit$$0000001F  libinit2.o(c_w.l)
    0x0800018e   0x00000000   Code   RO          557    .ARM.Collect$$libinit$$00000021  libinit2.o(c_w.l)
    0x0800018e   0x00000000   Code   RO          561    .ARM.Collect$$libinit$$00000028  libinit2.o(c_w.l)
    0x0800018e   0x00000000   Code   RO          563    .ARM.Collect$$libinit$$0000002A  libinit2.o(c_w.l)
    0x0800018e   0x00000000   Code   RO          565    .ARM.Collect$$libinit$$0000002C  libinit2.o(c_w.l)
    0x0800018e   0x00000000   Code   RO          567    .ARM.Collect$$libinit$$0000002E  libinit2.o(c_w.l)
    0x0800018e   0x00000002   Code   RO          568    .ARM.Collect$$libinit$$0000002F  libinit2.o(c_w.l)
    0x08000190   0x00000002   Code   RO          587    .ARM.Collect$$libshutdown$$00000000  libshutdown.o(c_w.l)
    0x08000192   0x00000000   Code   RO          598    .ARM.Collect$$libshutdown$$00000003  libshutdown2.o(c_w.l)
    0x08000192   0x00000000   Code   RO          601    .ARM.Collect$$libshutdown$$00000006  libshutdown2.o(c_w.l)
    0x08000192   0x00000000   Code   RO          604    .ARM.Collect$$libshutdown$$00000009  libshutdown2.o(c_w.l)
    0x08000192   0x00000000   Code   RO          606    .ARM.Collect$$libshutdown$$0000000B  libshutdown2.o(c_w.l)
    0x08000192   0x00000000   Code   RO          609    .ARM.Collect$$libshutdown$$0000000E  libshutdown2.o(c_w.l)
    0x08000192   0x00000002   Code   RO          610    .ARM.Collect$$libshutdown$$0000000F  libshutdown2.o(c_w.l)
    0x08000194   0x00000000   Code   RO          429    .ARM.Collect$$rtentry$$00000000  rtentry.o(c_w.l)
    0x08000194   0x00000000   Code   RO          472    .ARM.Collect$$rtentry$$00000002  rtentry2.o(c_w.l)
    0x08000194   0x00000006   Code   RO          487    .ARM.Collect$$rtentry$$00000004  rtentry4.o(c_w.l)
    0x0800019a   0x00000000   Code   RO          474    .ARM.Collect$$rtentry$$00000009  rtentry2.o(c_w.l)
    0x0800019a   0x00000004   Code   RO          475    .ARM.Collect$$rtentry$$0000000A  rtentry2.o(c_w.l)
    0x0800019e   0x00000000   Code   RO          477    .ARM.Collect$$rtentry$$0000000C  rtentry2.o(c_w.l)
    0x0800019e   0x00000008   Code   RO          478    .ARM.Collect$$rtentry$$0000000D  rtentry2.o(c_w.l)
    0x080001a6   0x00000000   Code   RO          524    .ARM.Collect$$rtexit$$00000000  rtexit.o(c_w.l)
    0x080001a6   0x00000000   Code   RO          572    .ARM.Collect$$rtexit$$00000002  rtexit2.o(c_w.l)
    0x080001a6   0x00000004   Code   RO          573    .ARM.Collect$$rtexit$$00000003  rtexit2.o(c_w.l)
    0x080001aa   0x00000004   Code   RO          574    .ARM.Collect$$rtexit$$00000004  rtexit2.o(c_w.l)
    0x080001ae   0x00000002   PAD
    0x080001b0   0x00000002   Code   RO          186    .emb_text           sys.o
    0x080001b2   0x00000002   PAD
    0x080001b4   0x00000034   Code   RO            4    .text               stm32f10x.o
    0x080001e8   0x00000044   Code   RO           10    .text               test.o
    0x0800022c   0x00000bf4   Code   RO          146    .text               mytest.o
    0x08000e20   0x0000009c   Code   RO          172    .text               delay.o
    0x08000ebc   0x000002e4   Code   RO          187    .text               sys.o
    0x080011a0   0x000002d4   Code   RO          202    .text               usart.o
    0x08001474   0x00000080   Code   RO          225    .text               led.o
    0x080014f4   0x00000114   Code   RO          237    .text               key.o
    0x08001608   0x00000170   Code   RO          250    .text               exti.o
    0x08001778   0x00000110   Code   RO          262    .text               wdg.o
    0x08001888   0x0000012c   Code   RO          277    .text               timer.o
    0x080019b4   0x0000119c   Code   RO          289    .text               ili93xx.o
    0x08002b50   0x00000002   Code   RO          328    .text               use_no_semi_2.o(c_w.l)
    0x08002b52   0x00000002   PAD
    0x08002b54   0x00000020   Code   RO          334    .text               noretval__2printf.o(c_w.l)
    0x08002b74   0x00000028   Code   RO          336    .text               noretval__2sprintf.o(c_w.l)
    0x08002b9c   0x0000004c   Code   RO          340    .text               _printf_pad.o(c_w.l)
    0x08002be8   0x00000052   Code   RO          342    .text               _printf_str.o(c_w.l)
    0x08002c3a   0x00000002   PAD
    0x08002c3c   0x00000070   Code   RO          344    .text               _printf_dec.o(c_w.l)
    0x08002cac   0x0000005c   Code   RO          349    .text               _printf_hex_int.o(c_w.l)
    0x08002d08   0x00000148   Code   RO          377    .text               __printf_flags_wp.o(c_w.l)
    0x08002e50   0x0000001a   Code   RO          389    .text               atoi.o(c_w.l)
    0x08002e6a   0x00000004   Code   RO          391    .text               strtok_r.o(c_w.l)
    0x08002e6e   0x0000008c   Code   RO          393    .text               strncmp.o(c_w.l)
    0x08002efa   0x0000003e   Code   RO          395    .text               strlen.o(c_w.l)
    0x08002f38   0x0000008c   Code   RO          397    .text               rt_memcpy_v6.o(c_w.l)
    0x08002fc4   0x00000010   Code   RO          399    .text               aeabi_memset.o(c_w.l)
    0x08002fd4   0x00000044   Code   RO          401    .text               rt_memclr.o(c_w.l)
    0x08003018   0x00000006   Code   RO          403    .text               heapauxi.o(c_w.l)
    0x0800301e   0x00000002   Code   RO          427    .text               use_no_semi.o(c_w.l)
    0x08003020   0x0000000c   Code   RO          434    .text               rt_errno_addr_intlibspace.o(c_w.l)
    0x0800302c   0x000000ae   Code   RO          436    .text               _printf_intcommon.o(c_w.l)
    0x080030da   0x00000002   PAD
    0x080030dc   0x00000030   Code   RO          438    .text               _printf_char_common.o(c_w.l)
    0x0800310c   0x0000000a   Code   RO          440    .text               _sputc.o(c_w.l)
    0x08003116   0x0000002c   Code   RO          442    .text               _printf_char.o(c_w.l)
    0x08003142   0x00000070   Code   RO          445    .text               strtol.o(c_w.l)
    0x080031b2   0x00000002   PAD
    0x080031b4   0x00000048   Code   RO          451    .text               strtok_int.o(c_w.l)
    0x080031fc   0x00000064   Code   RO          453    .text               rt_memcpy_w.o(c_w.l)
    0x08003260   0x0000004e   Code   RO          455    .text               rt_memclr_w.o(c_w.l)
    0x080032ae   0x00000010   Code   RO          457    .text               rtudiv10.o(c_w.l)
    0x080032be   0x00000002   PAD
    0x080032c0   0x00000008   Code   RO          468    .text               libspace.o(c_w.l)
    0x080032c8   0x00000010   Code   RO          489    .text               rt_ctype_table.o(c_w.l)
    0x080032d8   0x00000098   Code   RO          493    .text               _strtoul.o(c_w.l)
    0x08003370   0x00000020   Code   RO          495    .text               strcspn.o(c_w.l)
    0x08003390   0x0000001c   Code   RO          497    .text               strspn.o(c_w.l)
    0x080033ac   0x0000004a   Code   RO          501    .text               sys_stackheap_outer.o(c_w.l)
    0x080033f6   0x00000002   PAD
    0x080033f8   0x0000000c   Code   RO          506    .text               rt_locale_intlibspace.o(c_w.l)
    0x08003404   0x00000020   Code   RO          508    .text               _chval.o(c_w.l)
    0x08003424   0x0000000c   Code   RO          513    .text               exit.o(c_w.l)
    0x08003430   0x00000080   Code   RO          526    .text               strcmpv7m.o(c_w.l)
    0x080034b0   0x0000001e   Code   RO          302    i.LCD_SetCursor     ili93xx.o
    0x080034ce   0x00000002   PAD
    0x080034d0   0x0000002c   Code   RO          511    locale$$code        lc_ctype_c.o(c_w.l)
    0x080034fc   0x00000100   Code   RO          407    x$fpl$fadd          faddsub_clz.o(fz_ws.l)
    0x080035fc   0x0000000c   Code   RO          459    x$fpl$fcheck        fcheck.o(fz_ws.l)
    0x08003608   0x0000000c   Code   RO          461    x$fpl$fcheck1       fcheck1.o(fz_ws.l)
    0x08003614   0x000001e4   Code   RO          414    x$fpl$fdiv          fdiv.o(fz_ws.l)
    0x080037f8   0x00000058   Code   RO          417    x$fpl$ffixu         ffixu.o(fz_ws.l)
    0x08003850   0x00000032   Code   RO          422    x$fpl$fflt          fflt_clz.o(fz_ws.l)
    0x08003882   0x00000008   Code   RO          421    x$fpl$ffltu         fflt_clz.o(fz_ws.l)
    0x0800388a   0x00000002   PAD
    0x0800388c   0x00000108   Code   RO          425    x$fpl$fmul          fmul.o(fz_ws.l)
    0x08003994   0x0000004a   Code   RO          463    x$fpl$fnorm2        fnorm2_clz.o(fz_ws.l)
    0x080039de   0x00000014   Code   RO          408    x$fpl$frsb          faddsub_clz.o(fz_ws.l)
    0x080039f2   0x00000002   PAD
    0x080039f4   0x00000124   Code   RO          409    x$fpl$fsub          faddsub_clz.o(fz_ws.l)
    0x08003b18   0x00000086   Code   RO          465    x$fpl$funder        funder.o(fz_ws.l)
    0x08003b9e   0x00000064   Code   RO          499    x$fpl$retnan        retnan.o(fz_ws.l)
    0x08003c02   0x00000030   Code   RO          522    x$fpl$trapveneer    trapv.o(fz_ws.l)
    0x08003c32   0x00000000   Code   RO          467    x$fpl$usenofp       usenofp.o(fz_ws.l)
    0x08003c32   0x00000a64   Data   RO          290    .constdata          ili93xx.o
    0x08004696   0x00000028   Data   RO          350    .constdata          _printf_hex_int.o(c_w.l)
    0x080046be   0x00000011   Data   RO          378    .constdata          __printf_flags_wp.o(c_w.l)
    0x080046cf   0x00000001   PAD
    0x080046d0   0x00000020   Data   RO          641    Region$$Table       anon$$obj.o
    0x080046f0   0x00000110   Data   RO          510    locale$$data        lc_ctype_c.o(c_w.l)


    Execution Region RW_IRAM1 (Base: 0x20000000, Size: 0x00000568, Max: 0x00005000, ABSOLUTE)

    Base Addr    Size         Type   Attr      Idx    E Section Name        Object

    0x20000000   0x00000026   Data   RW          148    .data               mytest.o
    0x20000026   0x00000004   Data   RW          173    .data               delay.o
    0x2000002a   0x00000002   PAD
    0x2000002c   0x00000008   Data   RW          204    .data               usart.o
    0x20000034   0x00000001   Data   RW          238    .data               key.o
    0x20000035   0x00000001   Data   RW          263    .data               wdg.o
    0x20000036   0x00000006   Data   RW          291    .data               ili93xx.o
    0x2000003c   0x00000248   Zero   RW          147    .bss                mytest.o
    0x20000284   0x00000080   Zero   RW          203    .bss                usart.o
    0x20000304   0x00000060   Zero   RW          469    .bss                libspace.o(c_w.l)
    0x20000364   0x00000004   PAD
    0x20000368   0x00000000   Zero   RW            2    HEAP                stm32f10x.o
    0x20000368   0x00000200   Zero   RW            1    STACK               stm32f10x.o


==============================================================================

Image component sizes


      Code (inc. data)   RO Data    RW Data    ZI Data      Debug   Object Name

       156          4          0          4          0        947   delay.o
       368         38          0          0          0        767   exti.o
      4538         80       2660          6          0       9961   ili93xx.o
       276         28          0          1          0        732   key.o
       128         18          0          0          0        407   led.o
      3060        626          0         38        584       8322   mytest.o
        52         18        236          0        512        444   stm32f10x.o
       742         50          0          0          0       2643   sys.o
        68          0          0          0          0       4439   test.o
       300         18          0          0          0        875   timer.o
       724         50          0          8        128       3607   usart.o
       272         30          0          1          0       1424   wdg.o

    ----------------------------------------------------------------------
     10688        960       2928         60       1224      34568   Object Totals
         0          0         32          0          0          0   (incl. Generated)
         4          0          0          2          0          0   (incl. Padding)

    ----------------------------------------------------------------------

      Code (inc. data)   RO Data    RW Data    ZI Data      Debug   Library Member Name

         8          0          0          0          0         68   __main.o
       328          4         17          0          0         88   __printf_flags_wp.o
        52          8          0          0          0          0   __scatter.o
        26          0          0          0          0          0   __scatter_copy.o
        28          0          0          0          0          0   __scatter_zi.o
        32          0          0          0          0         68   _chval.o
        44          0          0          0          0        108   _printf_char.o
        48          4          0          0          0         96   _printf_char_common.o
         6          0          0          0          0          0   _printf_d.o
       112         16          0          0          0         92   _printf_dec.o
        92          6         40          0          0         84   _printf_hex_int.o
       174          0          0          0          0         88   _printf_intcommon.o
        76          0          0          0          0        104   _printf_pad.o
         0          0          0          0          0          0   _printf_percent.o
         4          0          0          0          0          0   _printf_percent_end.o
         6          0          0          0          0          0   _printf_s.o
        82          0          0          0          0         80   _printf_str.o
         6          0          0          0          0          0   _printf_x.o
        10          0          0          0          0         68   _sputc.o
       152          0          0          0          0         88   _strtoul.o
        16          0          0          0          0         68   aeabi_memset.o
        26          0          0          0          0         80   atoi.o
        12          0          0          0          0         68   exit.o
       568         18          0          0          0        204   faddsub_clz.o
        12          6          0          0          0         68   fcheck.o
        12          6          0          0          0         68   fcheck1.o
       484         76          0          0          0         76   fdiv.o
        88          6          0          0          0         68   ffixu.o
        58          0          0          0          0        136   fflt_clz.o
       264          6          0          0          0         68   fmul.o
        74          0          0          0          0         84   fnorm2_clz.o
       134          0          0          0          0         84   funder.o
         6          0          0          0          0        148   heapauxi.o
        44         10        272          0          0         76   lc_ctype_c.o
         6          0          0          0          0          0   libinit.o
        20          0          0          0          0          0   libinit2.o
         2          0          0          0          0          0   libshutdown.o
         2          0          0          0          0          0   libshutdown2.o
         8          4          0          0         96         68   libspace.o
        32          8          0          0          0         80   noretval__2printf.o
        40          6          0          0          0         80   noretval__2sprintf.o
       100          0          0          0          0         68   retnan.o
        16          6          0          0          0         76   rt_ctype_table.o
        12          6          0          0          0         68   rt_errno_addr_intlibspace.o
        12          6          0          0          0         68   rt_locale_intlibspace.o
        68          0          0          0          0         68   rt_memclr.o
        78          0          0          0          0         76   rt_memclr_w.o
       140          0          0          0          0         68   rt_memcpy_v6.o
       100          0          0          0          0         80   rt_memcpy_w.o
         0          0          0          0          0          0   rtentry.o
        12          0          0          0          0          0   rtentry2.o
         6          0          0          0          0          0   rtentry4.o
         0          0          0          0          0          0   rtexit.o
         8          0          0          0          0          0   rtexit2.o
        16          0          0          0          0         68   rtudiv10.o
       128          2          0          0          0         68   strcmpv7m.o
        32          0          0          0          0         76   strcspn.o
        62          0          0          0          0         76   strlen.o
       140          0          0          0          0         80   strncmp.o
        28          0          0          0          0         76   strspn.o
        72          4          0          0          0         84   strtok_int.o
         4          0          0          0          0         68   strtok_r.o
       112          0          0          0          0         88   strtol.o
        74          0          0          0          0         80   sys_stackheap_outer.o
        48          0          0          0          0         68   trapv.o
         2          0          0          0          0         68   use_no_semi.o
         2          0          0          0          0         68   use_no_semi_2.o
         0          0          0          0          0          0   usenofp.o

    ----------------------------------------------------------------------
      4486        208        330          0        100       4096   Library Totals
        20          0          1          0          4          0   (incl. Padding)

    ----------------------------------------------------------------------

      Code (inc. data)   RO Data    RW Data    ZI Data      Debug   Library Name

      2624         90        329          0         96       3104   c_w.l
      1842        118          0          0          0        992   fz_ws.l

    ----------------------------------------------------------------------
      4486        208        330          0        100       4096   Library Totals

    ----------------------------------------------------------------------

==============================================================================


      Code (inc. data)   RO Data    RW Data    ZI Data      Debug   

     15174       1168       3258         60       1324      35064   Grand Totals
     15174       1168       3258         60       1324      35064   ELF Image Totals
     15174       1168       3258         60          0          0   ROM Totals

==============================================================================

    Total RO  Size (Code + RO Data)                18432 (  18.00kB)
    Total RW  Size (RW Data + ZI Data)              1384 (   1.35kB)
    Total ROM Size (Code + RO Data + RW Data)      18492 (  18.06kB)

==============================================================================

