<html>
<body>
<pre>
<h1>µVision3 Build Log</h1>
<h2>Project:</h2>
C:\working\Alientek_1_8\ALIENTEK MINISTM32  µ—È1 ≈‹¬Ìµ∆\USER\TEST.uv2
Project File Date:  08/18/2010

<h2>Output:</h2>
Build target 'Target 1'
assembling STM32F10x.s...
compiling test.c...
compiling delay.c...
compiling sys.c...
compiling usart.c...
compiling led.c...
linking...
Program Size: Code=1220 RO-data=268 RW-data=4 ZI-data=516  
FromELF: creating hex file...
"TEST.axf" - 0 Error(s), 0 Warning(s).
</pre>
</body>
</html>
