<html>
<body>
<pre>
<h1>礦ision3 Build Log</h1>
<h2>Project:</h2>
C:\working\Alientek_1_8\ALIENTEK MINISTM32 实验7 定时器中断实验\USER\TEST.uv2
Project File Date:  06/26/2010

<h2>Output:</h2>
Build target 'Target 1'
assembling STM32F10x.s...
compiling test.c...
compiling delay.c...
compiling sys.c...
compiling usart.c...
compiling led.c...
compiling key.c...
compiling exti.c...
compiling wdg.c...
compiling timer.c...
linking...
Program Size: Code=4256 RO-data=268 RW-data=8 ZI-data=608  
FromELF: creating hex file...
"TEST.axf" - 0 Error(s), 0 Warning(s).
