<html>
<body>
<pre>
<h1>礦ision3 Build Log</h1>
<h2>Project:</h2>
C:\working\Alientek_1_8\ALIENTEK MINISTM32 实验10 TFTLCD显示实验\USER\TEST.uv2
Project File Date:  12/30/2010

<h2>Output:</h2>
Build target 'Target 1'
assembling STM32F10x.s...
compiling test.c...
compiling delay.c...
compiling sys.c...
compiling usart.c...
compiling led.c...
compiling key.c...
compiling exti.c...
compiling wdg.c...
compiling timer.c...
compiling ILI93xx.c...
linking...
Program Size: Code=10338 RO-data=2970 RW-data=16 ZI-data=608  
FromELF: creating hex file...
"TEST.axf" - 0 Error(s), 0 Warning(s).
</pre>
</body>
</html>
