ARM Linker, RVCT4.0 [Build 524] for uVision [Professional]

==============================================================================

Section Cross References

    stm32f10x.o(STACK) refers (Special) to heapauxi.o(.text) for __use_two_region_memory
    stm32f10x.o(HEAP) refers (Special) to heapauxi.o(.text) for __use_two_region_memory
    stm32f10x.o(RESET) refers (Special) to heapauxi.o(.text) for __use_two_region_memory
    stm32f10x.o(RESET) refers to stm32f10x.o(STACK) for __initial_sp
    stm32f10x.o(RESET) refers to stm32f10x.o(.text) for Reset_Handler
    stm32f10x.o(RESET) refers to wdg.o(.text) for WWDG_IRQHandler
    stm32f10x.o(RESET) refers to rtc.o(.text) for RTC_IRQHandler
    stm32f10x.o(RESET) refers to wkup.o(.text) for EXTI0_IRQHandler
    stm32f10x.o(RESET) refers to touch.o(.text) for EXTI1_IRQHandler
    stm32f10x.o(RESET) refers to timer.o(.text) for TIM3_IRQHandler
    stm32f10x.o(.text) refers (Special) to heapauxi.o(.text) for __use_two_region_memory
    stm32f10x.o(.text) refers to __main.o(!!!main) for __main
    stm32f10x.o(.text) refers to stm32f10x.o(HEAP) for Heap_Mem
    stm32f10x.o(.text) refers to stm32f10x.o(STACK) for Stack_Mem
    test.o(.text) refers to ili93xx.o(.text) for LCD_Clear
    test.o(.text) refers to sys.o(.text) for Stm32_Clock_Init
    test.o(.text) refers to delay.o(.text) for delay_init
    test.o(.text) refers to usart.o(.text) for uart_init
    test.o(.text) refers to key.o(.text) for KEY_Init
    test.o(.text) refers to led.o(.text) for LED_Init
    test.o(.text) refers to touch.o(.text) for Touch_Init
    test.o(.text) refers to ili93xx.o(.data) for POINT_COLOR
    test.o(.text) refers to touch.o(.bss) for Pen_Point
    delay.o(.text) refers to delay.o(.data) for .data
    sys.o(.text) refers to sys.o(.emb_text) for WFI_SET
    usart.o(.text) refers (Special) to use_no_semi_2.o(.text) for __use_no_semihosting
    usart.o(.text) refers to fflt_clz.o(x$fpl$ffltu) for __aeabi_ui2f
    usart.o(.text) refers to fdiv.o(x$fpl$fdiv) for __aeabi_fdiv
    usart.o(.text) refers to ffixu.o(x$fpl$ffixu) for __aeabi_f2uiz
    usart.o(.text) refers to faddsub_clz.o(x$fpl$frsb) for __aeabi_frsub
    usart.o(.text) refers to fmul.o(x$fpl$fmul) for __aeabi_fmul
    usart.o(.data) refers (Special) to use_no_semi_2.o(.text) for __use_no_semihosting
    key.o(.text) refers to delay.o(.text) for delay_ms
    key.o(.text) refers to key.o(.data) for .data
    wdg.o(.text) refers to sys.o(.text) for MY_NVIC_Init
    wdg.o(.text) refers to wdg.o(.data) for WWDG_CNT
    timer.o(.text) refers to sys.o(.text) for MY_NVIC_Init
    ili93xx.o(.text) refers (Special) to _printf_d.o(.ARM.Collect$$_printf_percent$$00000009) for _printf_d
    ili93xx.o(.text) refers (Special) to _printf_dec.o(.text) for _printf_int_dec
    ili93xx.o(.text) refers (Special) to _printf_percent.o(.ARM.Collect$$_printf_percent$$00000000) for _printf_percent
    ili93xx.o(.text) refers to ili93xx.o(i.LCD_SetCursor) for LCD_SetCursor
    ili93xx.o(.text) refers to sys.o(.text) for JTAG_Set
    ili93xx.o(.text) refers to noretval__2printf.o(.text) for __2printf
    ili93xx.o(.text) refers to ili93xx.o(.data) for DeviceCode
    ili93xx.o(.text) refers to ili93xx.o(.constdata) for asc2_1206
    ili93xx.o(.constdata) refers (Special) to _printf_d.o(.ARM.Collect$$_printf_percent$$00000009) for _printf_d
    ili93xx.o(.constdata) refers (Special) to _printf_dec.o(.text) for _printf_int_dec
    ili93xx.o(.constdata) refers (Special) to _printf_percent.o(.ARM.Collect$$_printf_percent$$00000000) for _printf_percent
    ili93xx.o(.data) refers (Special) to _printf_d.o(.ARM.Collect$$_printf_percent$$00000009) for _printf_d
    ili93xx.o(.data) refers (Special) to _printf_dec.o(.text) for _printf_int_dec
    ili93xx.o(.data) refers (Special) to _printf_percent.o(.ARM.Collect$$_printf_percent$$00000000) for _printf_percent
    rtc.o(.text) refers to delay.o(.text) for delay_ms
    rtc.o(.text) refers to sys.o(.text) for MY_NVIC_Init
    rtc.o(.text) refers to rtc.o(.constdata) for table_week
    rtc.o(.text) refers to rtc.o(.data) for .data
    rtc.o(.text) refers to rtc.o(.bss) for timer
    wkup.o(.text) refers to sys.o(.text) for Sys_Standby
    wkup.o(.text) refers to delay.o(.text) for delay_ms
    adc.o(.text) refers to delay.o(.text) for delay_ms
    dma.o(.text) refers to dma.o(.data) for DMA1_MEM_LEN
    24cxx.o(.text) refers to myiic.o(.text) for IIC_Init
    24cxx.o(.text) refers to delay.o(.text) for delay_ms
    myiic.o(.text) refers to delay.o(.text) for delay_us
    flash.o(.text) refers to spi.o(.text) for SPIx_Init
    flash.o(.text) refers to delay.o(.text) for delay_us
    flash.o(.text) refers to flash.o(.bss) for SPI_FLASH_BUF
    touch.o(.text) refers to delay.o(.text) for delay_us
    touch.o(.text) refers to ili93xx.o(.text) for LCD_DrawLine
    touch.o(.text) refers to fflt_clz.o(x$fpl$fflt) for __aeabi_i2f
[...]
    dleqf.o(x$fpl$dleqf) refers (Special) to usenofp.o(x$fpl$usenofp) for __I$use$fp
    dleqf.o(x$fpl$dleqf) refers to dcmpin.o(x$fpl$dcmpinfnan) for __fpl_dcmp_InfNaN
    drleqf.o(x$fpl$drleqf) refers (Special) to usenofp.o(x$fpl$usenofp) for __I$use$fp
    drleqf.o(x$fpl$drleqf) refers to dcmpin.o(x$fpl$dcmpinfnan) for __fpl_dcmp_InfNaN
    f2d.o(x$fpl$f2d) refers (Special) to usenofp.o(x$fpl$usenofp) for __I$use$fp
    f2d.o(x$fpl$f2d) refers (Special) to dflt_clz.o(x$fpl$dflt) for __dflt_normalise
    f2d.o(x$fpl$f2d) refers to fcheck1.o(x$fpl$fcheck1) for __fpl_fcheck_NaN1
    faddsub_clz.o(x$fpl$fadd) refers (Special) to usenofp.o(x$fpl$usenofp) for __I$use$fp
    faddsub_clz.o(x$fpl$fadd) refers (Special) to funder.o(x$fpl$funder) for __funder
    faddsub_clz.o(x$fpl$fadd) refers to faddsub_clz.o(x$fpl$fsub) for _fsub1
    faddsub_clz.o(x$fpl$fadd) refers to fcheck.o(x$fpl$fcheck) for __fpl_fcheck_NaN2
    faddsub_clz.o(x$fpl$frsb) refers (Special) to usenofp.o(x$fpl$usenofp) for __I$use$fp
    faddsub_clz.o(x$fpl$frsb) refers (Special) to funder.o(x$fpl$funder) for __funder
    faddsub_clz.o(x$fpl$frsb) refers to faddsub_clz.o(x$fpl$fadd) for _fadd1
    faddsub_clz.o(x$fpl$frsb) refers to faddsub_clz.o(x$fpl$fsub) for _fsub1
    faddsub_clz.o(x$fpl$fsub) refers (Special) to usenofp.o(x$fpl$usenofp) for __I$use$fp
    faddsub_clz.o(x$fpl$fsub) refers (Special) to funder.o(x$fpl$funder) for __funder
    faddsub_clz.o(x$fpl$fsub) refers to faddsub_clz.o(x$fpl$fadd) for _fadd1
    faddsub_clz.o(x$fpl$fsub) refers to fcheck.o(x$fpl$fcheck) for __fpl_fcheck_NaN2
    fdiv.o(x$fpl$frdiv) refers (Special) to usenofp.o(x$fpl$usenofp) for __I$use$fp
    fdiv.o(x$fpl$frdiv) refers (Special) to fnorm2_clz.o(x$fpl$fnorm2) for __fpl_normalise2
    fdiv.o(x$fpl$frdiv) refers (Special) to funder.o(x$fpl$funder) for __funder
    fdiv.o(x$fpl$frdiv) refers to fdiv.o(x$fpl$fdiv) for _fdiv1
    fdiv.o(x$fpl$fdiv) refers (Special) to usenofp.o(x$fpl$usenofp) for __I$use$fp
    fdiv.o(x$fpl$fdiv) refers (Special) to fnorm2_clz.o(x$fpl$fnorm2) for __fpl_normalise2
    fdiv.o(x$fpl$fdiv) refers (Special) to funder.o(x$fpl$funder) for __funder
    fdiv.o(x$fpl$fdiv) refers to fcheck.o(x$fpl$fcheck) for __fpl_fcheck_NaN2
    ffix.o(x$fpl$ffix) refers (Special) to usenofp.o(x$fpl$usenofp) for __I$use$fp
    ffix.o(x$fpl$ffix) refers to fcheck1.o(x$fpl$fcheck1) for __fpl_fcheck_NaN1
    ffix.o(x$fpl$ffixr) refers (Special) to usenofp.o(x$fpl$usenofp) for __I$use$fp
    ffix.o(x$fpl$ffixr) refers to fcheck1.o(x$fpl$fcheck1) for __fpl_fcheck_NaN1
    ffixu.o(x$fpl$ffixu) refers (Special) to usenofp.o(x$fpl$usenofp) for __I$use$fp
    ffixu.o(x$fpl$ffixu) refers to fcheck1.o(x$fpl$fcheck1) for __fpl_fcheck_NaN1
    ffixu.o(x$fpl$ffixur) refers (Special) to usenofp.o(x$fpl$usenofp) for __I$use$fp
    ffixu.o(x$fpl$ffixur) refers to fcheck1.o(x$fpl$fcheck1) for __fpl_fcheck_NaN1
    fflt_clz.o(x$fpl$ffltu) refers (Special) to usenofp.o(x$fpl$usenofp) for __I$use$fp
    fflt_clz.o(x$fpl$ffltu) refers to fflt_clz.o(x$fpl$fflt) for __fflt_normalise
    fflt_clz.o(x$fpl$fflt) refers (Special) to usenofp.o(x$fpl$usenofp) for __I$use$fp
    fmul.o(x$fpl$fmul) refers (Special) to usenofp.o(x$fpl$usenofp) for __I$use$fp
    fmul.o(x$fpl$fmul) refers (Special) to fnorm2_clz.o(x$fpl$fnorm2) for __fpl_normalise2
    fmul.o(x$fpl$fmul) refers (Special) to funder.o(x$fpl$funder) for __funder
    fmul.o(x$fpl$fmul) refers to fcheck.o(x$fpl$fcheck) for __fpl_fcheck_NaN2
    sqrt.o(i.__softfp_sqrt) refers (Special) to usenofp.o(x$fpl$usenofp) for __I$use$fp
    sqrt.o(i.__softfp_sqrt) refers to sqrt.o(i.sqrt) for sqrt
    sqrt.o(i.sqrt) refers (Special) to usenofp.o(x$fpl$usenofp) for __I$use$fp
    sqrt.o(i.sqrt) refers to dleqf.o(x$fpl$dleqf) for __aeabi_cdcmple
    sqrt.o(i.sqrt) refers to _rserrno.o(.text) for __set_errno
    sqrt.o(i.sqrt) refers to dsqrt.o(x$fpl$dsqrt) for _dsqrt
    rtentry.o(.ARM.Collect$$rtentry$$00000000) refers (Special) to rtentry2.o(.ARM.Collect$$rtentry$$0000000A) for __rt_entry_li
    rtentry.o(.ARM.Collect$$rtentry$$00000000) refers (Special) to rtentry2.o(.ARM.Collect$$rtentry$$0000000D) for __rt_entry_main
    rtentry.o(.ARM.Collect$$rtentry$$00000000) refers (Special) to rtentry2.o(.ARM.Collect$$rtentry$$0000000C) for __rt_entry_postli_1
    rtentry.o(.ARM.Collect$$rtentry$$00000000) refers (Special) to rtentry2.o(.ARM.Collect$$rtentry$$00000009) for __rt_entry_postsh_1
    rtentry.o(.ARM.Collect$$rtentry$$00000000) refers (Special) to rtentry2.o(.ARM.Collect$$rtentry$$00000002) for __rt_entry_presh_1
    rtentry.o(.ARM.Collect$$rtentry$$00000000) refers (Special) to rtentry4.o(.ARM.Collect$$rtentry$$00000004) for __rt_entry_sh
    rtentry.o(.ARM.exidx) refers (Special) to rtentry2.o(.ARM.Collect$$rtentry$$0000000A) for __rt_entry_li
    rtentry.o(.ARM.exidx) refers (Special) to rtentry2.o(.ARM.Collect$$rtentry$$0000000D) for __rt_entry_main
    rtentry.o(.ARM.exidx) refers (Special) to rtentry2.o(.ARM.Collect$$rtentry$$0000000C) for __rt_entry_postli_1
    rtentry.o(.ARM.exidx) refers (Special) to rtentry2.o(.ARM.Collect$$rtentry$$00000009) for __rt_entry_postsh_1
    rtentry.o(.ARM.exidx) refers (Special) to rtentry2.o(.ARM.Collect$$rtentry$$00000002) for __rt_entry_presh_1
    rtentry.o(.ARM.exidx) refers (Special) to rtentry4.o(.ARM.Collect$$rtentry$$00000004) for __rt_entry_sh
    rtentry.o(.ARM.exidx) refers to rtentry.o(.ARM.Collect$$rtentry$$00000000) for .ARM.Collect$$rtentry$$00000000
    _rserrno.o(.text) refers to rt_errno_addr_intlibspace.o(.text) for __aeabi_errno_addr
    _printf_char_common.o(.text) refers to __printf.o(.text) for __printf
    dcheck1.o(x$fpl$dcheck1) refers (Special) to usenofp.o(x$fpl$usenofp) for __I$use$fp
    dcheck1.o(x$fpl$dcheck1) refers to retnan.o(x$fpl$retnan) for __fpl_return_NaN
    dcmpin.o(x$fpl$dcmpinfnan) refers (Special) to usenofp.o(x$fpl$usenofp) for __I$use$fp
    dcmpin.o(x$fpl$dcmpinfnan) refers to dcheck.o(x$fpl$dcheck) for __fpl_dcheck_NaN2
    dcmpin.o(x$fpl$dcmpinfnan) refers to trapv.o(x$fpl$trapveneer) for __fpl_cmpreturn
    dsqrt.o(x$fpl$dsqrt) refers (Special) to usenofp.o(x$fpl$usenofp) for __I$use$fp
    dsqrt.o(x$fpl$dsqrt) refers to dcheck1.o(x$fpl$dcheck1) for __fpl_dcheck_NaN1
    fcheck.o(x$fpl$fcheck) refers (Special) to usenofp.o(x$fpl$usenofp) for __I$use$fp
    fcheck.o(x$fpl$fcheck) refers to retnan.o(x$fpl$retnan) for __fpl_return_NaN
    fcheck1.o(x$fpl$fcheck1) refers (Special) to usenofp.o(x$fpl$usenofp) for __I$use$fp
    fcheck1.o(x$fpl$fcheck1) refers to retnan.o(x$fpl$retnan) for __fpl_return_NaN
    fnorm2_clz.o(x$fpl$fnorm2) refers (Special) to usenofp.o(x$fpl$usenofp) for __I$use$fp
    funder.o(x$fpl$funder) refers (Special) to usenofp.o(x$fpl$usenofp) for __I$use$fp
    rtentry2.o(.ARM.Collect$$rtentry$$00000008) refers to boardinit2.o(.text) for _platform_post_stackheap_init
    rtentry2.o(.ARM.Collect$$rtentry$$0000000A) refers to libinit.o(.ARM.Collect$$libinit$$00000000) for __rt_lib_init
    rtentry2.o(.ARM.Collect$$rtentry$$0000000B) refers to boardinit3.o(.text) for _platform_post_lib_init
    rtentry2.o(.ARM.Collect$$rtentry$$0000000D) refers to test.o(.text) for main
    rtentry2.o(.ARM.Collect$$rtentry$$0000000D) refers to exit.o(.text) for exit
    rtentry2.o(.ARM.exidx) refers to rtentry2.o(.ARM.Collect$$rtentry$$00000001) for .ARM.Collect$$rtentry$$00000001
    rtentry2.o(.ARM.exidx) refers to rtentry2.o(.ARM.Collect$$rtentry$$00000002) for .ARM.Collect$$rtentry$$00000002
    rtentry2.o(.ARM.exidx) refers to rtentry2.o(.ARM.Collect$$rtentry$$00000008) for .ARM.Collect$$rtentry$$00000008
    rtentry2.o(.ARM.exidx) refers to rtentry2.o(.ARM.Collect$$rtentry$$00000009) for .ARM.Collect$$rtentry$$00000009
    rtentry2.o(.ARM.exidx) refers to rtentry2.o(.ARM.Collect$$rtentry$$0000000A) for .ARM.Collect$$rtentry$$0000000A
    rtentry2.o(.ARM.exidx) refers to rtentry2.o(.ARM.Collect$$rtentry$$0000000B) for .ARM.Collect$$rtentry$$0000000B
    rtentry2.o(.ARM.exidx) refers to rtentry2.o(.ARM.Collect$$rtentry$$0000000C) for .ARM.Collect$$rtentry$$0000000C
    rtentry2.o(.ARM.exidx) refers to rtentry2.o(.ARM.Collect$$rtentry$$0000000D) for .ARM.Collect$$rtentry$$0000000D
    rtentry4.o(.ARM.Collect$$rtentry$$00000004) refers to sys_stackheap_outer.o(.text) for __user_setup_stackheap
    rtentry4.o(.ARM.exidx) refers to rtentry4.o(.ARM.Collect$$rtentry$$00000004) for .ARM.Collect$$rtentry$$00000004
    rt_errno_addr.o(.text) refers to rt_errno_addr.o(.bss) for __aeabi_errno_addr_data
    rt_errno_addr_intlibspace.o(.text) refers to libspace.o(.bss) for __libspace_start
    dcheck.o(x$fpl$dcheck) refers (Special) to usenofp.o(x$fpl$usenofp) for __I$use$fp
    dcheck.o(x$fpl$dcheck) refers to retnan.o(x$fpl$retnan) for __fpl_return_NaN
    retnan.o(x$fpl$retnan) refers (Special) to usenofp.o(x$fpl$usenofp) for __I$use$fp
    retnan.o(x$fpl$retnan) refers to trapv.o(x$fpl$trapveneer) for __fpl_cmpreturn
    trapv.o(x$fpl$trapveneer) refers (Special) to usenofp.o(x$fpl$usenofp) for __I$use$fp
    libspace.o(.text) refers to libspace.o(.bss) for __libspace_start
    sys_stackheap_outer.o(.text) refers to libspace.o(.text) for __user_perproc_libspace
    sys_stackheap_outer.o(.text) refers to stm32f10x.o(.text) for __user_initial_stackheap
    exit.o(.text) refers to rtexit.o(.ARM.Collect$$rtexit$$00000000) for __rt_exit
    libinit.o(.ARM.Collect$$libinit$$00000000) refers (Special) to libinit2.o(.ARM.Collect$$libinit$$0000002A) for __rt_lib_init_alloca_1
    libinit.o(.ARM.Collect$$libinit$$00000000) refers (Special) to libinit2.o(.ARM.Collect$$libinit$$00000028) for __rt_lib_init_argv_1
    libinit.o(.ARM.Collect$$libinit$$00000000) refers (Special) to libinit2.o(.ARM.Collect$$libinit$$00000017) for __rt_lib_init_atexit_1
    libinit.o(.ARM.Collect$$libinit$$00000000) refers (Special) to libinit2.o(.ARM.Collect$$libinit$$0000001D) for __rt_lib_init_clock_1
    libinit.o(.ARM.Collect$$libinit$$00000000) refers (Special) to libinit2.o(.ARM.Collect$$libinit$$0000002E) for __rt_lib_init_cpp_1
    libinit.o(.ARM.Collect$$libinit$$00000000) refers (Special) to libinit2.o(.ARM.Collect$$libinit$$0000002C) for __rt_lib_init_exceptions_1
    libinit.o(.ARM.Collect$$libinit$$00000000) refers (Special) to libinit2.o(.ARM.Collect$$libinit$$0000001B) for __rt_lib_init_fp_trap_1
    libinit.o(.ARM.Collect$$libinit$$00000000) refers (Special) to libinit2.o(.ARM.Collect$$libinit$$0000001F) for __rt_lib_init_getenv_1
    libinit.o(.ARM.Collect$$libinit$$00000000) refers (Special) to libinit2.o(.ARM.Collect$$libinit$$00000006) for __rt_lib_init_heap_1
    libinit.o(.ARM.Collect$$libinit$$00000000) refers (Special) to libinit2.o(.ARM.Collect$$libinit$$0000000D) for __rt_lib_init_lc_collate_1
    libinit.o(.ARM.Collect$$libinit$$00000000) refers (Special) to libinit2.o(.ARM.Collect$$libinit$$0000000F) for __rt_lib_init_lc_ctype_1
    libinit.o(.ARM.Collect$$libinit$$00000000) refers (Special) to libinit2.o(.ARM.Collect$$libinit$$00000011) for __rt_lib_init_lc_monetary_1
    libinit.o(.ARM.Collect$$libinit$$00000000) refers (Special) to libinit2.o(.ARM.Collect$$libinit$$00000013) for __rt_lib_init_lc_numeric_1
    libinit.o(.ARM.Collect$$libinit$$00000000) refers (Special) to libinit2.o(.ARM.Collect$$libinit$$00000015) for __rt_lib_init_lc_time_1
    libinit.o(.ARM.Collect$$libinit$$00000000) refers (Special) to libinit2.o(.ARM.Collect$$libinit$$0000000A) for __rt_lib_init_rand_1
    libinit.o(.ARM.Collect$$libinit$$00000000) refers (Special) to libinit2.o(.ARM.Collect$$libinit$$0000002F) for __rt_lib_init_return
    libinit.o(.ARM.Collect$$libinit$$00000000) refers (Special) to libinit2.o(.ARM.Collect$$libinit$$00000019) for __rt_lib_init_signal_1
    libinit.o(.ARM.Collect$$libinit$$00000000) refers (Special) to libinit2.o(.ARM.Collect$$libinit$$00000021) for __rt_lib_init_stdio_1
    libinit.o(.ARM.Collect$$libinit$$00000000) refers (Special) to libinit2.o(.ARM.Collect$$libinit$$00000008) for __rt_lib_init_user_alloc_1
    rtexit.o(.ARM.Collect$$rtexit$$00000000) refers (Special) to rtexit2.o(.ARM.Collect$$rtexit$$00000004) for __rt_exit_exit
    rtexit.o(.ARM.Collect$$rtexit$$00000000) refers (Special) to rtexit2.o(.ARM.Collect$$rtexit$$00000003) for __rt_exit_ls
    rtexit.o(.ARM.Collect$$rtexit$$00000000) refers (Special) to rtexit2.o(.ARM.Collect$$rtexit$$00000002) for __rt_exit_prels_1
    rtexit.o(.ARM.exidx) refers (Special) to rtexit2.o(.ARM.Collect$$rtexit$$00000004) for __rt_exit_exit
    rtexit.o(.ARM.exidx) refers (Special) to rtexit2.o(.ARM.Collect$$rtexit$$00000003) for __rt_exit_ls
    rtexit.o(.ARM.exidx) refers (Special) to rtexit2.o(.ARM.Collect$$rtexit$$00000002) for __rt_exit_prels_1
    rtexit.o(.ARM.exidx) refers to rtexit.o(.ARM.Collect$$rtexit$$00000000) for .ARM.Collect$$rtexit$$00000000
    libinit2.o(.ARM.Collect$$libinit$$0000000C) refers to libinit2.o(.ARM.Collect$$libinit$$0000000B) for .ARM.Collect$$libinit$$0000000B
    libinit2.o(.ARM.Collect$$libinit$$0000000E) refers to libinit2.o(.ARM.Collect$$libinit$$0000000B) for .ARM.Collect$$libinit$$0000000B
    libinit2.o(.ARM.Collect$$libinit$$00000010) refers to libinit2.o(.ARM.Collect$$libinit$$0000000B) for .ARM.Collect$$libinit$$0000000B
    libinit2.o(.ARM.Collect$$libinit$$00000012) refers to libinit2.o(.ARM.Collect$$libinit$$0000000B) for .ARM.Collect$$libinit$$0000000B
    libinit2.o(.ARM.Collect$$libinit$$00000014) refers to libinit2.o(.ARM.Collect$$libinit$$0000000B) for .ARM.Collect$$libinit$$0000000B
    libinit2.o(.ARM.Collect$$libinit$$00000022) refers to argv_veneer.o(.emb_text) for __ARM_argv_veneer
    libinit2.o(.ARM.Collect$$libinit$$00000023) refers to argv_veneer.o(.emb_text) for __ARM_argv_veneer
    rtexit2.o(.ARM.Collect$$rtexit$$00000003) refers to libshutdown.o(.ARM.Collect$$libshutdown$$00000000) for __rt_lib_shutdown
    rtexit2.o(.ARM.Collect$$rtexit$$00000004) refers to usart.o(.text) for _sys_exit
    rtexit2.o(.ARM.exidx) refers to rtexit2.o(.ARM.Collect$$rtexit$$00000001) for .ARM.Collect$$rtexit$$00000001
    rtexit2.o(.ARM.exidx) refers to rtexit2.o(.ARM.Collect$$rtexit$$00000002) for .ARM.Collect$$rtexit$$00000002
    rtexit2.o(.ARM.exidx) refers to rtexit2.o(.ARM.Collect$$rtexit$$00000003) for .ARM.Collect$$rtexit$$00000003
    rtexit2.o(.ARM.exidx) refers to rtexit2.o(.ARM.Collect$$rtexit$$00000004) for .ARM.Collect$$rtexit$$00000004
    argv_veneer.o(.emb_text) refers to no_argv.o(.text) for __ARM_get_argv
    _get_argv_nomalloc.o(.text) refers (Special) to hrguard.o(.text) for __heap_region$guard
    _get_argv_nomalloc.o(.text) refers to defsig_rtmem_outer.o(.text) for __rt_SIGRTMEM
    _get_argv_nomalloc.o(.text) refers to sys_command.o(.text) for _sys_command_string
    libshutdown.o(.ARM.Collect$$libshutdown$$00000000) refers (Special) to libshutdown2.o(.ARM.Collect$$libshutdown$$00000006) for __rt_lib_shutdown_fp_trap_1
    libshutdown.o(.ARM.Collect$$libshutdown$$00000000) refers (Special) to libshutdown2.o(.ARM.Collect$$libshutdown$$0000000E) for __rt_lib_shutdown_heap_1
    libshutdown.o(.ARM.Collect$$libshutdown$$00000000) refers (Special) to libshutdown2.o(.ARM.Collect$$libshutdown$$0000000F) for __rt_lib_shutdown_return
    libshutdown.o(.ARM.Collect$$libshutdown$$00000000) refers (Special) to libshutdown2.o(.ARM.Collect$$libshutdown$$00000009) for __rt_lib_shutdown_signal_1
    libshutdown.o(.ARM.Collect$$libshutdown$$00000000) refers (Special) to libshutdown2.o(.ARM.Collect$$libshutdown$$00000003) for __rt_lib_shutdown_stdio_1
    libshutdown.o(.ARM.Collect$$libshutdown$$00000000) refers (Special) to libshutdown2.o(.ARM.Collect$$libshutdown$$0000000B) for __rt_lib_shutdown_user_alloc_1
    sys_command.o(.text) refers (Special) to use_no_semi.o(.text) for __I$use$semihosting
    defsig_rtmem_outer.o(.text) refers to defsig_rtmem_inner.o(.text) for __rt_SIGRTMEM_inner
    defsig_rtmem_outer.o(.text) refers to defsig_exit.o(.text) for __sig_exit
    defsig_rtmem_formal.o(.text) refers to rt_raise.o(.text) for __rt_raise
    rt_raise.o(.text) refers to __raise.o(.text) for __raise
    rt_raise.o(.text) refers to usart.o(.text) for _sys_exit
    defsig_exit.o(.text) refers to usart.o(.text) for _sys_exit
    defsig_rtmem_inner.o(.text) refers to defsig_general.o(.text) for __default_signal_display
    __raise.o(.text) refers to defsig.o(CL$$defsig) for __default_signal_handler
    defsig_general.o(.text) refers to sys_wrch.o(.text) for _ttywrch
    sys_wrch.o(.text) refers (Special) to use_no_semi.o(.text) for __I$use$semihosting
    defsig.o(CL$$defsig) refers to defsig_rtmem_inner.o(.text) for __rt_SIGRTMEM_inner
    defsig_abrt_inner.o(.text) refers to defsig_general.o(.text) for __default_signal_display
    defsig_fpe_inner.o(.text) refers to defsig_general.o(.text) for __default_signal_display
    defsig_rtred_inner.o(.text) refers to defsig_general.o(.text) for __default_signal_display
    defsig_stak_inner.o(.text) refers to defsig_general.o(.text) for __default_signal_display
    defsig_pvfn_inner.o(.text) refers to defsig_general.o(.text) for __default_signal_display
    defsig_cppl_inner.o(.text) refers to defsig_general.o(.text) for __default_signal_display
    defsig_segv_inner.o(.text) refers to defsig_general.o(.text) for __default_signal_display
    defsig_other.o(.text) refers to defsig_general.o(.text) for __default_signal_display
    ili93xx.o(i.LCD_SetCursor) refers (Special) to _printf_d.o(.ARM.Collect$$_printf_percent$$00000009) for _printf_d
    ili93xx.o(i.LCD_SetCursor) refers (Special) to _printf_dec.o(.text) for _printf_int_dec
    ili93xx.o(i.LCD_SetCursor) refers (Special) to _printf_percent.o(.ARM.Collect$$_printf_percent$$00000000) for _printf_percent
    ili93xx.o(i.LCD_SetCursor) refers to ili93xx.o(.text) for LCD_WriteReg


==============================================================================

Removing Unused input sections from the image.

    Removing adc.o(.text), (532 bytes).
    Removing dma.o(.text), (112 bytes).
    Removing dma.o(.data), (2 bytes).
    Removing spi.o(.text), (336 bytes).
    Removing flash.o(.text), (856 bytes).
    Removing flash.o(.bss), (4096 bytes).

6 unused section(s) (total 5934 bytes) removed from the image.

==============================================================================

Image Symbol Table

    Local Symbols

    Symbol Name                              Value     Ov Type        Size  Object(Section)

    ../../angel/boardlib.s                   0x00000000   Number         0  boardshut.o ABSOLUTE
    ../../angel/boardlib.s                   0x00000000   Number         0  boardinit3.o ABSOLUTE
    ../../angel/boardlib.s                   0x00000000   Number         0  boardinit2.o ABSOLUTE
    ../../angel/boardlib.s                   0x00000000   Number         0  boardinit1.o ABSOLUTE
    ../../angel/handlers.s                   0x00000000   Number         0  __scatter_copy.o ABSOLUTE
    ../../angel/handlers.s                   0x00000000   Number         0  __scatter_zi.o ABSOLUTE
    ../../angel/kernel.s                     0x00000000   Number         0  rtexit2.o ABSOLUTE
    ../../angel/kernel.s                     0x00000000   Number         0  rtentry.o ABSOLUTE
    ../../angel/kernel.s                     0x00000000   Number         0  rtexit.o ABSOLUTE
    ../../angel/kernel.s                     0x00000000   Number         0  rtentry4.o ABSOLUTE
    ../../angel/kernel.s                     0x00000000   Number         0  rtentry2.o ABSOLUTE
    ../../angel/rt.s                         0x00000000   Number         0  rt_raise.o ABSOLUTE
    ../../angel/rt.s                         0x00000000   Number         0  rt_errno_addr.o ABSOLUTE
    ../../angel/rt.s                         0x00000000   Number         0  rt_errno_addr_intlibspace.o ABSOLUTE
    ../../angel/scatter.s                    0x00000000   Number         0  __scatter.o ABSOLUTE
    ../../angel/startup.s                    0x00000000   Number         0  __main.o ABSOLUTE
    ../../angel/sys.s                        0x00000000   Number         0  use_no_semi.o ABSOLUTE
    ../../angel/sys.s                        0x00000000   Number         0  sys_stackheap_outer.o ABSOLUTE
    ../../angel/sys.s                        0x00000000   Number         0  libspace.o ABSOLUTE
    ../../angel/sys.s                        0x00000000   Number         0  use_no_semi_2.o ABSOLUTE
    ../../angel/sysapp.c                     0x00000000   Number         0  sys_command.o ABSOLUTE
    ../../angel/sysapp.c                     0x00000000   Number         0  sys_wrch.o ABSOLUTE
    ../../armsys.c                           0x00000000   Number         0  no_argv.o ABSOLUTE
    ../../armsys.c                           0x00000000   Number         0  argv_veneer.o ABSOLUTE
    ../../armsys.c                           0x00000000   Number         0  argv_veneer.o ABSOLUTE
    ../../armsys.c                           0x00000000   Number         0  _get_argv_nomalloc.o ABSOLUTE
    ../../dcheck.s                           0x00000000   Number         0  dcheck.o ABSOLUTE
    ../../dcheck1.s                          0x00000000   Number         0  dcheck1.o ABSOLUTE
    ../../dcmpin.s                           0x00000000   Number         0  dcmpin.o ABSOLUTE
    ../../dfixu.s                            0x00000000   Number         0  dfixu.o ABSOLUTE
    ../../dflt.s                             0x00000000   Number         0  dflt_clz.o ABSOLUTE
    ../../division_7m.s                      0x00000000   Number         0  rtudiv10.o ABSOLUTE
    ../../dleqf.s                            0x00000000   Number         0  dleqf.o ABSOLUTE
    ../../drleqf.s                           0x00000000   Number         0  drleqf.o ABSOLUTE
    ../../dsqrt.s                            0x00000000   Number         0  dsqrt.o ABSOLUTE
    ../../f2d.s                              0x00000000   Number         0  f2d.o ABSOLUTE
    ../../faddsub.s                          0x00000000   Number         0  faddsub_clz.o ABSOLUTE
    ../../fcheck.s                           0x00000000   Number         0  fcheck.o ABSOLUTE
    ../../fcheck1.s                          0x00000000   Number         0  fcheck1.o ABSOLUTE
    ../../fdiv.s                             0x00000000   Number         0  fdiv.o ABSOLUTE
    ../../fenv.c                             0x00000000   Number         0  _rserrno.o ABSOLUTE
    ../../ffix.s                             0x00000000   Number         0  ffix.o ABSOLUTE
    ../../ffixu.s                            0x00000000   Number         0  ffixu.o ABSOLUTE
    ../../fflt.s                             0x00000000   Number         0  fflt_clz.o ABSOLUTE
    ../../fmul.s                             0x00000000   Number         0  fmul.o ABSOLUTE
    ../../fnorm2.s                           0x00000000   Number         0  fnorm2_clz.o ABSOLUTE
    ../../fpinit.s                           0x00000000   Number         0  fpinit.o ABSOLUTE
    ../../funder.s                           0x00000000   Number         0  funder.o ABSOLUTE
    ../../heapalloc.c                        0x00000000   Number         0  hrguard.o ABSOLUTE
    ../../heapaux.c                          0x00000000   Number         0  heapauxi.o ABSOLUTE
    ../../libinit.s                          0x00000000   Number         0  libshutdown2.o ABSOLUTE
    ../../libinit.s                          0x00000000   Number         0  libshutdown.o ABSOLUTE
    ../../libinit.s                          0x00000000   Number         0  libinit2.o ABSOLUTE
    ../../libinit.s                          0x00000000   Number         0  libinit.o ABSOLUTE
    ../../printf.c                           0x00000000   Number         0  _printf_char_common.o ABSOLUTE
    ../../printf.c                           0x00000000   Number         0  __2printf.o ABSOLUTE
    ../../printf.c                           0x00000000   Number         0  noretval__2printf.o ABSOLUTE
    ../../printf.c                           0x00000000   Number         0  __printf.o ABSOLUTE
    ../../printf.c                           0x00000000   Number         0  _printf_dec.o ABSOLUTE
    ../../printf.c                           0x00000000   Number         0  __printf_flags.o ABSOLUTE
    ../../printf.c                           0x00000000   Number         0  __printf_flags_ss.o ABSOLUTE
    ../../printf.c                           0x00000000   Number         0  __printf_wp.o ABSOLUTE
    ../../printf.c                           0x00000000   Number         0  __printf_flags_wp.o ABSOLUTE
    ../../printf.c                           0x00000000   Number         0  __printf_ss_wp.o ABSOLUTE
    ../../printf.c                           0x00000000   Number         0  __printf_flags_ss_wp.o ABSOLUTE
    ../../printf.c                           0x00000000   Number         0  __printf_nopercent.o ABSOLUTE
    ../../printf.c                           0x00000000   Number         0  __printf_ss.o ABSOLUTE
    ../../printf.c                           0x00000000   Number         0  _printf_intcommon.o ABSOLUTE
    ../../printf_percent.s                   0x00000000   Number         0  _printf_percent_end.o ABSOLUTE
    ../../printf_percent.s                   0x00000000   Number         0  _printf_d.o ABSOLUTE
    ../../printf_percent.s                   0x00000000   Number         0  _printf_percent.o ABSOLUTE
    ../../retnan.s                           0x00000000   Number         0  retnan.o ABSOLUTE
    ../../signal.c                           0x00000000   Number         0  defsig_rtmem_outer.o ABSOLUTE
    ../../signal.c                           0x00000000   Number         0  defsig_other.o ABSOLUTE
    ../../signal.c                           0x00000000   Number         0  defsig_segv_inner.o ABSOLUTE
    ../../signal.c                           0x00000000   Number         0  defsig_cppl_inner.o ABSOLUTE
    ../../signal.c                           0x00000000   Number         0  defsig_exit.o ABSOLUTE
    ../../signal.c                           0x00000000   Number         0  defsig_rtmem_formal.o ABSOLUTE
    ../../signal.c                           0x00000000   Number         0  defsig_pvfn_inner.o ABSOLUTE
    ../../signal.c                           0x00000000   Number         0  defsig_stak_inner.o ABSOLUTE
    ../../signal.c                           0x00000000   Number         0  defsig_rtmem_inner.o ABSOLUTE
    ../../signal.c                           0x00000000   Number         0  __raise.o ABSOLUTE
    ../../signal.c                           0x00000000   Number         0  defsig_general.o ABSOLUTE
    ../../signal.c                           0x00000000   Number         0  defsig_rtred_inner.o ABSOLUTE
    ../../signal.c                           0x00000000   Number         0  defsig_fpe_inner.o ABSOLUTE
    ../../signal.c                           0x00000000   Number         0  defsig_abrt_inner.o ABSOLUTE
    ../../signal.s                           0x00000000   Number         0  defsig.o ABSOLUTE
    ../../sqrt.c                             0x00000000   Number         0  sqrt.o ABSOLUTE
    ../../stdio.c                            0x00000000   Number         0  ferror.o ABSOLUTE
    ../../stdio.c                            0x00000000   Number         0  ferror_locked.o ABSOLUTE
    ../../stdlib.c                           0x00000000   Number         0  exit.o ABSOLUTE
    ../../trapv.s                            0x00000000   Number         0  trapv.o ABSOLUTE
    ../../usenofp.s                          0x00000000   Number         0  usenofp.o ABSOLUTE
    ..\HARDWARE\24CXX\24cxx.c                0x00000000   Number         0  24cxx.o ABSOLUTE
    ..\HARDWARE\24CXX\myiic.c                0x00000000   Number         0  myiic.o ABSOLUTE
    ..\HARDWARE\ADC\adc.c                    0x00000000   Number         0  adc.o ABSOLUTE
    ..\HARDWARE\DMA\dma.c                    0x00000000   Number         0  dma.o ABSOLUTE
    ..\HARDWARE\FLASH\flash.c                0x00000000   Number         0  flash.o ABSOLUTE
    ..\HARDWARE\KEY\key.c                    0x00000000   Number         0  key.o ABSOLUTE
    ..\HARDWARE\LCD\ILI93xx.c                0x00000000   Number         0  ili93xx.o ABSOLUTE
    ..\HARDWARE\LED\led.c                    0x00000000   Number         0  led.o ABSOLUTE
    ..\HARDWARE\RTC\rtc.c                    0x00000000   Number         0  rtc.o ABSOLUTE
    ..\HARDWARE\SPI\spi.c                    0x00000000   Number         0  spi.o ABSOLUTE
    ..\HARDWARE\TIMER\timer.c                0x00000000   Number         0  timer.o ABSOLUTE
    ..\HARDWARE\TOUCH\touch.c                0x00000000   Number         0  touch.o ABSOLUTE
    ..\HARDWARE\WDG\wdg.c                    0x00000000   Number         0  wdg.o ABSOLUTE
    ..\HARDWARE\WKUP\wkup.c                  0x00000000   Number         0  wkup.o ABSOLUTE
    ..\SYSTEM\delay\delay.c                  0x00000000   Number         0  delay.o ABSOLUTE
    ..\SYSTEM\sys\sys.c                      0x00000000   Number         0  sys.o ABSOLUTE
    ..\SYSTEM\usart\usart.c                  0x00000000   Number         0  usart.o ABSOLUTE
    ..\\SYSTEM\\sys\\sys.c                   0x00000000   Number         0  sys.o ABSOLUTE
    STM32F10x.s                              0x00000000   Number         0  stm32f10x.o ABSOLUTE
    dc.s                                     0x00000000   Number         0  dc.o ABSOLUTE
    test.c                                   0x00000000   Number         0  test.o ABSOLUTE
    RESET                                    0x08000000   Section      236  stm32f10x.o(RESET)
    !!!main                                  0x080000ec   Section        8  __main.o(!!!main)
    !!!scatter                               0x080000f4   Section       52  __scatter.o(!!!scatter)
    !!handler_copy                           0x08000128   Section       26  __scatter_copy.o(!!handler_copy)
    !!handler_zi                             0x08000144   Section       28  __scatter_zi.o(!!handler_zi)
    .ARM.Collect$$_printf_percent$$00000000  0x08000160   Section        0  _printf_percent.o(.ARM.Collect$$_printf_percent$$00000000)
    .ARM.Collect$$_printf_percent$$00000009  0x08000160   Section        6  _printf_d.o(.ARM.Collect$$_printf_percent$$00000009)
    .ARM.Collect$$_printf_percent$$00000017  0x08000166   Section        4  _printf_percent_end.o(.ARM.Collect$$_printf_percent$$00000017)
    .ARM.Collect$$libinit$$00000000          0x0800016a   Section        6  libinit.o(.ARM.Collect$$libinit$$00000000)
    .ARM.Collect$$libinit$$00000006          0x08000170   Section        0  libinit2.o(.ARM.Collect$$libinit$$00000006)
    .ARM.Collect$$libinit$$00000008          0x08000170   Section        0  libinit2.o(.ARM.Collect$$libinit$$00000008)
    .ARM.Collect$$libinit$$0000000A          0x08000170   Section        0  libinit2.o(.ARM.Collect$$libinit$$0000000A)
    .ARM.Collect$$libinit$$0000000D          0x08000170   Section        0  libinit2.o(.ARM.Collect$$libinit$$0000000D)
    .ARM.Collect$$libinit$$0000000F          0x08000170   Section        0  libinit2.o(.ARM.Collect$$libinit$$0000000F)
    .ARM.Collect$$libinit$$00000011          0x08000170   Section        0  libinit2.o(.ARM.Collect$$libinit$$00000011)
    .ARM.Collect$$libinit$$00000013          0x08000170   Section        0  libinit2.o(.ARM.Collect$$libinit$$00000013)
    .ARM.Collect$$libinit$$00000015          0x08000170   Section        0  libinit2.o(.ARM.Collect$$libinit$$00000015)
    .ARM.Collect$$libinit$$00000017          0x08000170   Section        0  libinit2.o(.ARM.Collect$$libinit$$00000017)
    .ARM.Collect$$libinit$$00000019          0x08000170   Section        0  libinit2.o(.ARM.Collect$$libinit$$00000019)
    .ARM.Collect$$libinit$$0000001B          0x08000170   Section        0  libinit2.o(.ARM.Collect$$libinit$$0000001B)
    .ARM.Collect$$libinit$$0000001D          0x08000170   Section        0  libinit2.o(.ARM.Collect$$libinit$$0000001D)
    .ARM.Collect$$libinit$$0000001F          0x08000170   Section        0  libinit2.o(.ARM.Collect$$libinit$$0000001F)
    .ARM.Collect$$libinit$$00000021          0x08000170   Section        0  libinit2.o(.ARM.Collect$$libinit$$00000021)
    .ARM.Collect$$libinit$$00000028          0x08000170   Section        0  libinit2.o(.ARM.Collect$$libinit$$00000028)
    .ARM.Collect$$libinit$$0000002A          0x08000170   Section        0  libinit2.o(.ARM.Collect$$libinit$$0000002A)
    .ARM.Collect$$libinit$$0000002C          0x08000170   Section        0  libinit2.o(.ARM.Collect$$libinit$$0000002C)
    .ARM.Collect$$libinit$$0000002E          0x08000170   Section        0  libinit2.o(.ARM.Collect$$libinit$$0000002E)
    .ARM.Collect$$libinit$$0000002F          0x08000170   Section        2  libinit2.o(.ARM.Collect$$libinit$$0000002F)
    .ARM.Collect$$libshutdown$$00000000      0x08000172   Section        2  libshutdown.o(.ARM.Collect$$libshutdown$$00000000)
    .ARM.Collect$$libshutdown$$00000003      0x08000174   Section        0  libshutdown2.o(.ARM.Collect$$libshutdown$$00000003)
    .ARM.Collect$$libshutdown$$00000006      0x08000174   Section        0  libshutdown2.o(.ARM.Collect$$libshutdown$$00000006)
    .ARM.Collect$$libshutdown$$00000009      0x08000174   Section        0  libshutdown2.o(.ARM.Collect$$libshutdown$$00000009)
    .ARM.Collect$$libshutdown$$0000000B      0x08000174   Section        0  libshutdown2.o(.ARM.Collect$$libshutdown$$0000000B)
    .ARM.Collect$$libshutdown$$0000000E      0x08000174   Section        0  libshutdown2.o(.ARM.Collect$$libshutdown$$0000000E)
    .ARM.Collect$$libshutdown$$0000000F      0x08000174   Section        2  libshutdown2.o(.ARM.Collect$$libshutdown$$0000000F)
    .ARM.Collect$$rtentry$$00000000          0x08000176   Section        0  rtentry.o(.ARM.Collect$$rtentry$$00000000)
    .ARM.Collect$$rtentry$$00000002          0x08000176   Section        0  rtentry2.o(.ARM.Collect$$rtentry$$00000002)
    .ARM.Collect$$rtentry$$00000004          0x08000176   Section        6  rtentry4.o(.ARM.Collect$$rtentry$$00000004)
    .ARM.Collect$$rtentry$$00000009          0x0800017c   Section        0  rtentry2.o(.ARM.Collect$$rtentry$$00000009)
    .ARM.Collect$$rtentry$$0000000A          0x0800017c   Section        4  rtentry2.o(.ARM.Collect$$rtentry$$0000000A)
    .ARM.Collect$$rtentry$$0000000C          0x08000180   Section        0  rtentry2.o(.ARM.Collect$$rtentry$$0000000C)
    .ARM.Collect$$rtentry$$0000000D          0x08000180   Section        8  rtentry2.o(.ARM.Collect$$rtentry$$0000000D)
    .ARM.Collect$$rtexit$$00000000           0x08000188   Section        0  rtexit.o(.ARM.Collect$$rtexit$$00000000)
    .ARM.Collect$$rtexit$$00000002           0x08000188   Section        0  rtexit2.o(.ARM.Collect$$rtexit$$00000002)
    .ARM.Collect$$rtexit$$00000003           0x08000188   Section        4  rtexit2.o(.ARM.Collect$$rtexit$$00000003)
    .ARM.Collect$$rtexit$$00000004           0x0800018c   Section        4  rtexit2.o(.ARM.Collect$$rtexit$$00000004)
    .emb_text                                0x08000190   Section        2  sys.o(.emb_text)
    .text                                    0x08000194   Section       52  stm32f10x.o(.text)
    .text                                    0x080001c8   Section      440  test.o(.text)
    .text                                    0x08000380   Section      156  delay.o(.text)
    .text                                    0x0800041c   Section      740  sys.o(.text)
    .text                                    0x08000700   Section      216  usart.o(.text)
    .text                                    0x080007d8   Section      128  led.o(.text)
    .text                                    0x08000858   Section      276  key.o(.text)
    .text                                    0x0800096c   Section      272  wdg.o(.text)
    .text                                    0x08000a7c   Section      312  timer.o(.text)
    .text                                    0x08000bb4   Section     4760  ili93xx.o(.text)
    .text                                    0x08001e4c   Section     1172  rtc.o(.text)
    .text                                    0x080022e0   Section      216  wkup.o(.text)
    .text                                    0x080023b8   Section      382  24cxx.o(.text)
    .text                                    0x08002538   Section      608  myiic.o(.text)
    .text                                    0x08002798   Section     2596  touch.o(.text)
    .text                                    0x080031bc   Section        2  use_no_semi_2.o(.text)
    .text                                    0x080031c0   Section       32  noretval__2printf.o(.text)
    .text                                    0x080031e0   Section      110  __printf.o(.text)
    .text                                    0x08003250   Section      112  _printf_dec.o(.text)
    .text                                    0x080032c0   Section        6  heapauxi.o(.text)
    .text                                    0x080032c6   Section        2  use_no_semi.o(.text)
    .text                                    0x080032c8   Section       22  _rserrno.o(.text)
    .text                                    0x080032de   Section      174  _printf_intcommon.o(.text)
    .text                                    0x0800338c   Section       48  _printf_char_common.o(.text)
    _printf_input_char                       0x0800338d   Thumb Code    10  _printf_char_common.o(.text)
    .text                                    0x080033bc   Section       16  rtudiv10.o(.text)
    .text                                    0x080033cc   Section       12  rt_errno_addr_intlibspace.o(.text)
    .text                                    0x080033d8   Section        8  libspace.o(.text)
    .text                                    0x080033e0   Section       74  sys_stackheap_outer.o(.text)
    .text                                    0x0800342a   Section       12  exit.o(.text)
    i.LCD_SetCursor                          0x08003436   Section       24  ili93xx.o(i.LCD_SetCursor)
    i.sqrt                                   0x08003450   Section       84  sqrt.o(i.sqrt)
    x$fpl$dcheck                             0x080034a4   Section       16  dcheck.o(x$fpl$dcheck)
    x$fpl$dcheck1                            0x080034b4   Section       16  dcheck1.o(x$fpl$dcheck1)
    x$fpl$dcmpinfnan                         0x080034c4   Section      120  dcmpin.o(x$fpl$dcmpinfnan)
    x$fpl$dfixu                              0x0800353c   Section      116  dfixu.o(x$fpl$dfixu)
    x$fpl$dflt                               0x080035b0   Section       44  dflt_clz.o(x$fpl$dflt)
    x$fpl$dfltu                              0x080035dc   Section       10  dflt_clz.o(x$fpl$dfltu)
    x$fpl$dleqf                              0x080035e8   Section      112  dleqf.o(x$fpl$dleqf)
    x$fpl$drleqf                             0x08003658   Section      136  drleqf.o(x$fpl$drleqf)
    x$fpl$dsqrt                              0x080036e0   Section      324  dsqrt.o(x$fpl$dsqrt)
    x$fpl$f2d                                0x08003824   Section       80  f2d.o(x$fpl$f2d)
    x$fpl$fadd                               0x08003874   Section      256  faddsub_clz.o(x$fpl$fadd)
    _fadd1                                   0x08003883   Thumb Code     0  faddsub_clz.o(x$fpl$fadd)
    x$fpl$fcheck                             0x08003974   Section       12  fcheck.o(x$fpl$fcheck)
    x$fpl$fcheck1                            0x08003980   Section       12  fcheck1.o(x$fpl$fcheck1)
    x$fpl$fdiv                               0x0800398c   Section      484  fdiv.o(x$fpl$fdiv)
    _fdiv1                                   0x0800398d   Thumb Code     0  fdiv.o(x$fpl$fdiv)
    x$fpl$ffix                               0x08003b70   Section      112  ffix.o(x$fpl$ffix)
    x$fpl$ffixu                              0x08003be0   Section       88  ffixu.o(x$fpl$ffixu)
    x$fpl$fflt                               0x08003c38   Section       50  fflt_clz.o(x$fpl$fflt)
    x$fpl$ffltu                              0x08003c6a   Section        8  fflt_clz.o(x$fpl$ffltu)
    x$fpl$fmul                               0x08003c74   Section      264  fmul.o(x$fpl$fmul)
    x$fpl$fnorm2                             0x08003d7c   Section       74  fnorm2_clz.o(x$fpl$fnorm2)
    x$fpl$frsb                               0x08003dc6   Section       20  faddsub_clz.o(x$fpl$frsb)
    x$fpl$fsub                               0x08003ddc   Section      292  faddsub_clz.o(x$fpl$fsub)
    _fsub1                                   0x08003deb   Thumb Code     0  faddsub_clz.o(x$fpl$fsub)
    x$fpl$funder                             0x08003f00   Section      134  funder.o(x$fpl$funder)
    x$fpl$retnan                             0x08003f86   Section      100  retnan.o(x$fpl$retnan)
    x$fpl$trapveneer                         0x08003fea   Section       48  trapv.o(x$fpl$trapveneer)
    .constdata                               0x0800401a   Section     2660  ili93xx.o(.constdata)
    x$fpl$usenofp                            0x0800401a   Section        0  usenofp.o(x$fpl$usenofp)
    .constdata                               0x08004a7e   Section       24  rtc.o(.constdata)
    .data                                    0x20000000   Section        4  delay.o(.data)
    fac_us                                   0x20000000   Data           1  delay.o(.data)
    fac_ms                                   0x20000002   Data           2  delay.o(.data)
    .data                                    0x20000004   Section        4  usart.o(.data)
    .data                                    0x20000008   Section        1  key.o(.data)
    key_up                                   0x20000008   Data           1  key.o(.data)
    .data                                    0x20000009   Section        1  wdg.o(.data)
    .data                                    0x2000000a   Section        6  ili93xx.o(.data)
    .data                                    0x20000010   Section        2  rtc.o(.data)
    daycnt                                   0x20000010   Data           2  rtc.o(.data)
    .bss                                     0x20000014   Section       10  rtc.o(.bss)
    .bss                                     0x20000020   Section       24  touch.o(.bss)
    .bss                                     0x20000038   Section       96  libspace.o(.bss)
    HEAP                                     0x20000098   Section        0  stm32f10x.o(HEAP)
    STACK                                    0x20000098   Section      512  stm32f10x.o(STACK)
    Heap_Mem                                 0x20000098   Data           0  stm32f10x.o(HEAP)
    Stack_Mem                                0x20000098   Data         512  stm32f10x.o(STACK)
    __initial_sp                             0x20000298   Data           0  stm32f10x.o(STACK)

    Global Symbols

    Symbol Name                              Value     Ov Type        Size  Object(Section)

    BuildAttributes$$THM_ISAv4$P$D$K$B$S$PE$A:L22UL41UL21$X:L11$S22US41US21$IEEE1$IW$USESV6$~STKCKD$USESV7$~SHL$OSPACE$ROPI$IEEEJ$EBA8$UX$STANDARDLIB$REQ8$PRES8$EABIv2 0x00000000   Number         0  anon$$obj.o ABSOLUTE
    __ARM_use_no_argv                        0x00000000   Number         0  test.o ABSOLUTE
    __ARM_exceptions_init                     - Undefined Weak Reference
    __alloca_initialize                       - Undefined Weak Reference
    __cpp_initialize__aeabi_                  - Undefined Weak Reference
    __cxa_finalize                            - Undefined Weak Reference
    __fpl_infinity                            - Undefined Weak Reference
    __rt_locale                               - Undefined Weak Reference
    __sigvec_lookup                           - Undefined Weak Reference
    _atexit_init                              - Undefined Weak Reference
    _call_atexit_fns                          - Undefined Weak Reference
    _clock_init                               - Undefined Weak Reference
    _fp_trap_init                             - Undefined Weak Reference
    _fp_trap_shutdown                         - Undefined Weak Reference
    _get_lc_collate                           - Undefined Weak Reference
    _get_lc_ctype                             - Undefined Weak Reference
    _get_lc_monetary                          - Undefined Weak Reference
    _get_lc_numeric                           - Undefined Weak Reference
    _get_lc_time                              - Undefined Weak Reference
    _getenv_init                              - Undefined Weak Reference
    _handle_redirection                       - Undefined Weak Reference
    _init_alloc                               - Undefined Weak Reference
    _init_user_alloc                          - Undefined Weak Reference
    _initio                                   - Undefined Weak Reference
    _mutex_acquire                            - Undefined Weak Reference
    _mutex_release                            - Undefined Weak Reference
    _printf_post_padding                      - Undefined Weak Reference
    _printf_pre_padding                       - Undefined Weak Reference
    _printf_truncate_signed                   - Undefined Weak Reference
    _printf_truncate_unsigned                 - Undefined Weak Reference
    _rand_init                                - Undefined Weak Reference
    _signal_finish                            - Undefined Weak Reference
    _signal_init                              - Undefined Weak Reference
    _terminate_alloc                          - Undefined Weak Reference
    _terminate_user_alloc                     - Undefined Weak Reference
    _terminateio                              - Undefined Weak Reference
    __Vectors                                0x08000000   Data           4  stm32f10x.o(RESET)
    __main                                   0x080000ed   Thumb Code     8  __main.o(!!!main)
    __scatterload                            0x080000f5   Thumb Code     0  __scatter.o(!!!scatter)
    __scatterload_rt2                        0x080000f5   Thumb Code    44  __scatter.o(!!!scatter)
    __scatterload_rt2_thumb_only             0x080000f5   Thumb Code     0  __scatter.o(!!!scatter)
    __scatterload_null                       0x08000103   Thumb Code     0  __scatter.o(!!!scatter)
    __scatterload_copy                       0x08000129   Thumb Code    26  __scatter_copy.o(!!handler_copy)
    __scatterload_zeroinit                   0x08000145   Thumb Code    28  __scatter_zi.o(!!handler_zi)
    _printf_d                                0x08000161   Thumb Code     0  _printf_d.o(.ARM.Collect$$_printf_percent$$00000009)
    _printf_percent                          0x08000161   Thumb Code     0  _printf_percent.o(.ARM.Collect$$_printf_percent$$00000000)
    _printf_percent_end                      0x08000167   Thumb Code     0  _printf_percent_end.o(.ARM.Collect$$_printf_percent$$00000017)
    __rt_lib_init                            0x0800016b   Thumb Code     0  libinit.o(.ARM.Collect$$libinit$$00000000)
    __rt_lib_init_alloca_1                   0x08000171   Thumb Code     0  libinit2.o(.ARM.Collect$$libinit$$0000002A)
    __rt_lib_init_argv_1                     0x08000171   Thumb Code     0  libinit2.o(.ARM.Collect$$libinit$$00000028)
    __rt_lib_init_atexit_1                   0x08000171   Thumb Code     0  libinit2.o(.ARM.Collect$$libinit$$00000017)
    __rt_lib_init_clock_1                    0x08000171   Thumb Code     0  libinit2.o(.ARM.Collect$$libinit$$0000001D)
    __rt_lib_init_cpp_1                      0x08000171   Thumb Code     0  libinit2.o(.ARM.Collect$$libinit$$0000002E)
    __rt_lib_init_exceptions_1               0x08000171   Thumb Code     0  libinit2.o(.ARM.Collect$$libinit$$0000002C)
    __rt_lib_init_fp_trap_1                  0x08000171   Thumb Code     0  libinit2.o(.ARM.Collect$$libinit$$0000001B)
    __rt_lib_init_getenv_1                   0x08000171   Thumb Code     0  libinit2.o(.ARM.Collect$$libinit$$0000001F)
    __rt_lib_init_heap_1                     0x08000171   Thumb Code     0  libinit2.o(.ARM.Collect$$libinit$$00000006)
    __rt_lib_init_lc_collate_1               0x08000171   Thumb Code     0  libinit2.o(.ARM.Collect$$libinit$$0000000D)
    __rt_lib_init_lc_ctype_1                 0x08000171   Thumb Code     0  libinit2.o(.ARM.Collect$$libinit$$0000000F)
    __rt_lib_init_lc_monetary_1              0x08000171   Thumb Code     0  libinit2.o(.ARM.Collect$$libinit$$00000011)
    __rt_lib_init_lc_numeric_1               0x08000171   Thumb Code     0  libinit2.o(.ARM.Collect$$libinit$$00000013)
    __rt_lib_init_lc_time_1                  0x08000171   Thumb Code     0  libinit2.o(.ARM.Collect$$libinit$$00000015)
    __rt_lib_init_rand_1                     0x08000171   Thumb Code     0  libinit2.o(.ARM.Collect$$libinit$$0000000A)
    __rt_lib_init_return                     0x08000171   Thumb Code     0  libinit2.o(.ARM.Collect$$libinit$$0000002F)
    __rt_lib_init_signal_1                   0x08000171   Thumb Code     0  libinit2.o(.ARM.Collect$$libinit$$00000019)
    __rt_lib_init_stdio_1                    0x08000171   Thumb Code     0  libinit2.o(.ARM.Collect$$libinit$$00000021)
    __rt_lib_init_user_alloc_1               0x08000171   Thumb Code     0  libinit2.o(.ARM.Collect$$libinit$$00000008)
    __rt_lib_shutdown                        0x08000173   Thumb Code     0  libshutdown.o(.ARM.Collect$$libshutdown$$00000000)
    __rt_lib_shutdown_fp_trap_1              0x08000175   Thumb Code     0  libshutdown2.o(.ARM.Collect$$libshutdown$$00000006)
    __rt_lib_shutdown_heap_1                 0x08000175   Thumb Code     0  libshutdown2.o(.ARM.Collect$$libshutdown$$0000000E)
    __rt_lib_shutdown_return                 0x08000175   Thumb Code     0  libshutdown2.o(.ARM.Collect$$libshutdown$$0000000F)
    __rt_lib_shutdown_signal_1               0x08000175   Thumb Code     0  libshutdown2.o(.ARM.Collect$$libshutdown$$00000009)
    __rt_lib_shutdown_stdio_1                0x08000175   Thumb Code     0  libshutdown2.o(.ARM.Collect$$libshutdown$$00000003)
    __rt_lib_shutdown_user_alloc_1           0x08000175   Thumb Code     0  libshutdown2.o(.ARM.Collect$$libshutdown$$0000000B)
    __rt_entry                               0x08000177   Thumb Code     0  rtentry.o(.ARM.Collect$$rtentry$$00000000)
    __rt_entry_presh_1                       0x08000177   Thumb Code     0  rtentry2.o(.ARM.Collect$$rtentry$$00000002)
    __rt_entry_sh                            0x08000177   Thumb Code     0  rtentry4.o(.ARM.Collect$$rtentry$$00000004)
    __rt_entry_li                            0x0800017d   Thumb Code     0  rtentry2.o(.ARM.Collect$$rtentry$$0000000A)
    __rt_entry_postsh_1                      0x0800017d   Thumb Code     0  rtentry2.o(.ARM.Collect$$rtentry$$00000009)
    __rt_entry_main                          0x08000181   Thumb Code     0  rtentry2.o(.ARM.Collect$$rtentry$$0000000D)
    __rt_entry_postli_1                      0x08000181   Thumb Code     0  rtentry2.o(.ARM.Collect$$rtentry$$0000000C)
    __rt_exit                                0x08000189   Thumb Code     0  rtexit.o(.ARM.Collect$$rtexit$$00000000)
    __rt_exit_ls                             0x08000189   Thumb Code     0  rtexit2.o(.ARM.Collect$$rtexit$$00000003)
    __rt_exit_prels_1                        0x08000189   Thumb Code     0  rtexit2.o(.ARM.Collect$$rtexit$$00000002)
    __rt_exit_exit                           0x0800018d   Thumb Code     0  rtexit2.o(.ARM.Collect$$rtexit$$00000004)
    WFI_SET                                  0x08000191   Thumb Code     2  sys.o(.emb_text)
    Reset_Handler                            0x08000195   Thumb Code     4  stm32f10x.o(.text)
    NMI_Handler                              0x08000199   Thumb Code     2  stm32f10x.o(.text)
    HardFault_Handler                        0x0800019b   Thumb Code     2  stm32f10x.o(.text)
    MemManage_Handler                        0x0800019d   Thumb Code     2  stm32f10x.o(.text)
    BusFault_Handler                         0x0800019f   Thumb Code     2  stm32f10x.o(.text)
    UsageFault_Handler                       0x080001a1   Thumb Code     2  stm32f10x.o(.text)
    SVC_Handler                              0x080001a3   Thumb Code     2  stm32f10x.o(.text)
    DebugMon_Handler                         0x080001a5   Thumb Code     2  stm32f10x.o(.text)
    PendSV_Handler                           0x080001a7   Thumb Code     2  stm32f10x.o(.text)
    SysTick_Handler                          0x080001a9   Thumb Code     2  stm32f10x.o(.text)
    ADC_IRQHandler                           0x080001ab   Thumb Code     0  stm32f10x.o(.text)
    CAN_RX1_IRQHandler                       0x080001ab   Thumb Code     0  stm32f10x.o(.text)
    CAN_SCE_IRQHandler                       0x080001ab   Thumb Code     0  stm32f10x.o(.text)
    DMAChannel1_IRQHandler                   0x080001ab   Thumb Code     0  stm32f10x.o(.text)
    DMAChannel2_IRQHandler                   0x080001ab   Thumb Code     0  stm32f10x.o(.text)
    DMAChannel3_IRQHandler                   0x080001ab   Thumb Code     0  stm32f10x.o(.text)
    DMAChannel4_IRQHandler                   0x080001ab   Thumb Code     0  stm32f10x.o(.text)
    DMAChannel5_IRQHandler                   0x080001ab   Thumb Code     0  stm32f10x.o(.text)
    DMAChannel6_IRQHandler                   0x080001ab   Thumb Code     0  stm32f10x.o(.text)
    DMAChannel7_IRQHandler                   0x080001ab   Thumb Code     0  stm32f10x.o(.text)
    EXTI15_10_IRQHandler                     0x080001ab   Thumb Code     0  stm32f10x.o(.text)
    EXTI2_IRQHandler                         0x080001ab   Thumb Code     0  stm32f10x.o(.text)
    EXTI3_IRQHandler                         0x080001ab   Thumb Code     0  stm32f10x.o(.text)
    EXTI4_IRQHandler                         0x080001ab   Thumb Code     0  stm32f10x.o(.text)
    EXTI9_5_IRQHandler                       0x080001ab   Thumb Code     0  stm32f10x.o(.text)
    FLASH_IRQHandler                         0x080001ab   Thumb Code     0  stm32f10x.o(.text)
    I2C1_ER_IRQHandler                       0x080001ab   Thumb Code     0  stm32f10x.o(.text)
    I2C1_EV_IRQHandler                       0x080001ab   Thumb Code     0  stm32f10x.o(.text)
    I2C2_ER_IRQHandler                       0x080001ab   Thumb Code     0  stm32f10x.o(.text)
    I2C2_EV_IRQHandler                       0x080001ab   Thumb Code     0  stm32f10x.o(.text)
    PVD_IRQHandler                           0x080001ab   Thumb Code     0  stm32f10x.o(.text)
    RCC_IRQHandler                           0x080001ab   Thumb Code     0  stm32f10x.o(.text)
    RTCAlarm_IRQHandler                      0x080001ab   Thumb Code     0  stm32f10x.o(.text)
    SPI1_IRQHandler                          0x080001ab   Thumb Code     0  stm32f10x.o(.text)
    SPI2_IRQHandler                          0x080001ab   Thumb Code     0  stm32f10x.o(.text)
    TAMPER_IRQHandler                        0x080001ab   Thumb Code     0  stm32f10x.o(.text)
    TIM1_BRK_IRQHandler                      0x080001ab   Thumb Code     0  stm32f10x.o(.text)
    TIM1_CC_IRQHandler                       0x080001ab   Thumb Code     0  stm32f10x.o(.text)
    TIM1_TRG_COM_IRQHandler                  0x080001ab   Thumb Code     0  stm32f10x.o(.text)
    TIM1_UP_IRQHandler                       0x080001ab   Thumb Code     0  stm32f10x.o(.text)
    TIM2_IRQHandler                          0x080001ab   Thumb Code     0  stm32f10x.o(.text)
    TIM4_IRQHandler                          0x080001ab   Thumb Code     0  stm32f10x.o(.text)
    USART1_IRQHandler                        0x080001ab   Thumb Code     0  stm32f10x.o(.text)
    USART2_IRQHandler                        0x080001ab   Thumb Code     0  stm32f10x.o(.text)
    USART3_IRQHandler                        0x080001ab   Thumb Code     0  stm32f10x.o(.text)
    USBWakeUp_IRQHandler                     0x080001ab   Thumb Code     0  stm32f10x.o(.text)
    USB_HP_CAN_TX_IRQHandler                 0x080001ab   Thumb Code     0  stm32f10x.o(.text)
    USB_LP_CAN_RX0_IRQHandler                0x080001ab   Thumb Code     0  stm32f10x.o(.text)
    __user_initial_stackheap                 0x080001ad   Thumb Code     0  stm32f10x.o(.text)
    Load_Drow_Dialog                         0x080001c9   Thumb Code    36  test.o(.text)
    main                                     0x080001ed   Thumb Code   302  test.o(.text)
    delay_init                               0x08000381   Thumb Code    46  delay.o(.text)
    delay_ms                                 0x080003af   Thumb Code    54  delay.o(.text)
    delay_us                                 0x080003e5   Thumb Code    52  delay.o(.text)
    MY_NVIC_SetVectorTable                   0x0800041d   Thumb Code    12  sys.o(.text)
    MY_NVIC_PriorityGroupConfig              0x08000429   Thumb Code    36  sys.o(.text)
    MY_NVIC_Init                             0x0800044d   Thumb Code   148  sys.o(.text)
    Ex_NVIC_Config                           0x080004e1   Thumb Code   148  sys.o(.text)
    MYRCC_DeInit                             0x08000575   Thumb Code    90  sys.o(.text)
    Sys_Standby                              0x080005cf   Thumb Code    70  sys.o(.text)
    Sys_Soft_Reset                           0x08000615   Thumb Code    12  sys.o(.text)
    JTAG_Set                                 0x08000621   Thumb Code    44  sys.o(.text)
    Stm32_Clock_Init                         0x0800064d   Thumb Code   130  sys.o(.text)
    _sys_exit                                0x08000701   Thumb Code     6  usart.o(.text)
    fputc                                    0x08000707   Thumb Code    22  usart.o(.text)
    uart_init                                0x0800071d   Thumb Code   162  usart.o(.text)
    LED_Init                                 0x080007d9   Thumb Code   110  led.o(.text)
    KEY_Init                                 0x08000859   Thumb Code   132  key.o(.text)
    KEY_Scan                                 0x080008dd   Thumb Code   116  key.o(.text)
    IWDG_Init                                0x0800096d   Thumb Code    28  wdg.o(.text)
    IWDG_Feed                                0x08000989   Thumb Code    10  wdg.o(.text)
    WWDG_Init                                0x08000993   Thumb Code   124  wdg.o(.text)
    WWDG_Set_Counter                         0x08000a0f   Thumb Code    20  wdg.o(.text)
    WWDG_IRQHandler                          0x08000a23   Thumb Code    60  wdg.o(.text)
    TIM3_IRQHandler                          0x08000a7d   Thumb Code    44  timer.o(.text)
    Timerx_Init                              0x08000aa9   Thumb Code    86  timer.o(.text)
    PWM_Init                                 0x08000aff   Thumb Code   162  timer.o(.text)
    LCD_WR_REG                               0x08000bb5   Thumb Code    36  ili93xx.o(.text)
    LCD_WriteReg                             0x08000bd9   Thumb Code    50  ili93xx.o(.text)
    LCD_ReadReg                              0x08000c0b   Thumb Code   102  ili93xx.o(.text)
    LCD_WriteRAM_Prepare                     0x08000c71   Thumb Code    10  ili93xx.o(.text)
    LCD_WriteRAM                             0x08000c7b   Thumb Code    38  ili93xx.o(.text)
    LCD_BGR2RGB                              0x08000ca1   Thumb Code    26  ili93xx.o(.text)
    LCD_ReadPoint                            0x08000cbb   Thumb Code   156  ili93xx.o(.text)
    LCD_DisplayOn                            0x08000d57   Thumb Code    14  ili93xx.o(.text)
    LCD_DisplayOff                           0x08000d65   Thumb Code    12  ili93xx.o(.text)
    Delay                                    0x08000d71   Thumb Code    22  ili93xx.o(.text)
    LCD_DrawPoint                            0x08000d87   Thumb Code    62  ili93xx.o(.text)
    LCD_Clear                                0x08000dc5   Thumb Code    68  ili93xx.o(.text)
    LCD_Init                                 0x08000e09   Thumb Code  2722  ili93xx.o(.text)
    LCD_Fill                                 0x080018ab   Thumb Code   162  ili93xx.o(.text)
    LCD_DrawLine                             0x0800194d   Thumb Code   200  ili93xx.o(.text)
    LCD_DrawRectangle                        0x08001a15   Thumb Code    64  ili93xx.o(.text)
    Draw_Circle                              0x08001a55   Thumb Code   216  ili93xx.o(.text)
    LCD_ShowChar                             0x08001b2d   Thumb Code   416  ili93xx.o(.text)
    mypow                                    0x08001ccd   Thumb Code    22  ili93xx.o(.text)
    LCD_ShowNum                              0x08001ce3   Thumb Code   158  ili93xx.o(.text)
    LCD_Show2Num                             0x08001d81   Thumb Code   102  ili93xx.o(.text)
    LCD_ShowString                           0x08001de7   Thumb Code    74  ili93xx.o(.text)
    RTC_Get_Week                             0x08001e4d   Thumb Code   110  rtc.o(.text)
    Is_Leap_Year                             0x08001ebb   Thumb Code    58  rtc.o(.text)
    RTC_Get                                  0x08001ef5   Thumb Code   248  rtc.o(.text)
    RTC_Set                                  0x08001fed   Thumb Code   266  rtc.o(.text)
    RTC_Init                                 0x080020f7   Thumb Code   360  rtc.o(.text)
    RTC_IRQHandler                           0x0800225f   Thumb Code    80  rtc.o(.text)
    Sys_Enter_Standby                        0x080022e1   Thumb Code    20  wkup.o(.text)
    Check_WKUP                               0x080022f5   Thumb Code    70  wkup.o(.text)
    EXTI0_IRQHandler                         0x0800233b   Thumb Code    20  wkup.o(.text)
    WKUP_Init                                0x0800234f   Thumb Code    86  wkup.o(.text)
    AT24CXX_Init                             0x080023b9   Thumb Code     8  24cxx.o(.text)
    AT24CXX_ReadOneByte                      0x080023c1   Thumb Code    90  24cxx.o(.text)
    AT24CXX_WriteOneByte                     0x0800241b   Thumb Code    82  24cxx.o(.text)
    AT24CXX_WriteLenByte                     0x0800246d   Thumb Code    42  24cxx.o(.text)
    AT24CXX_ReadLenByte                      0x08002497   Thumb Code    44  24cxx.o(.text)
    AT24CXX_Check                            0x080024c3   Thumb Code    46  24cxx.o(.text)
    AT24CXX_Read                             0x080024f1   Thumb Code    34  24cxx.o(.text)
    AT24CXX_Write                            0x08002513   Thumb Code    36  24cxx.o(.text)
    IIC_Init                                 0x08002539   Thumb Code    46  myiic.o(.text)
    IIC_Start                                0x08002567   Thumb Code    64  myiic.o(.text)
    IIC_Stop                                 0x080025a7   Thumb Code    66  myiic.o(.text)
    IIC_Wait_Ack                             0x080025e9   Thumb Code    84  myiic.o(.text)
    IIC_Ack                                  0x0800263d   Thumb Code    70  myiic.o(.text)
    IIC_NAck                                 0x08002683   Thumb Code    70  myiic.o(.text)
    IIC_Send_Byte                            0x080026c9   Thumb Code    92  myiic.o(.text)
    IIC_Read_Byte                            0x08002725   Thumb Code   100  myiic.o(.text)
    ADS_Write_Byte                           0x08002799   Thumb Code    56  touch.o(.text)
    ADS_Read_AD                              0x080027d1   Thumb Code   108  touch.o(.text)
    ADS_Read_XY                              0x0800283d   Thumb Code   130  touch.o(.text)
    Read_ADS                                 0x080028bf   Thumb Code    46  touch.o(.text)
    Read_ADS2                                0x080028ed   Thumb Code   192  touch.o(.text)
    Pen_Int_Set                              0x080029ad   Thumb Code    34  touch.o(.text)
    Read_TP_Once                             0x080029cf   Thumb Code    66  touch.o(.text)
    Drow_Touch_Point                         0x08002a11   Thumb Code    98  touch.o(.text)
    Draw_Big_Point                           0x08002a73   Thumb Code    44  touch.o(.text)
    Convert_Pos                              0x08002a9f   Thumb Code   150  touch.o(.text)
    EXTI1_IRQHandler                         0x08002b35   Thumb Code    16  touch.o(.text)
    Save_Adjdata                             0x08002b45   Thumb Code   138  touch.o(.text)
    Get_Adjdata                              0x08002bcf   Thumb Code   114  touch.o(.text)
    Touch_Adjust                             0x08002c41   Thumb Code  1142  touch.o(.text)
    Touch_Init                               0x080030b7   Thumb Code   204  touch.o(.text)
    __use_no_semihosting                     0x080031bd   Thumb Code     2  use_no_semi_2.o(.text)
    __2printf                                0x080031c1   Thumb Code    24  noretval__2printf.o(.text)
    __printf                                 0x080031e1   Thumb Code   110  __printf.o(.text)
    _printf_int_dec                          0x08003251   Thumb Code    96  _printf_dec.o(.text)
    __use_two_region_memory                  0x080032c1   Thumb Code     2  heapauxi.o(.text)
    __rt_heap_escrow$2region                 0x080032c3   Thumb Code     2  heapauxi.o(.text)
    __rt_heap_expand$2region                 0x080032c5   Thumb Code     2  heapauxi.o(.text)
    __I$use$semihosting                      0x080032c7   Thumb Code     0  use_no_semi.o(.text)
    __use_no_semihosting_swi                 0x080032c7   Thumb Code     2  use_no_semi.o(.text)
    __read_errno                             0x080032c9   Thumb Code    10  _rserrno.o(.text)
    __set_errno                              0x080032d3   Thumb Code    12  _rserrno.o(.text)
    _printf_int_common                       0x080032df   Thumb Code   174  _printf_intcommon.o(.text)
    _printf_char_common                      0x08003397   Thumb Code    34  _printf_char_common.o(.text)
    __rt_udiv10                              0x080033bd   Thumb Code    16  rtudiv10.o(.text)
    __aeabi_errno_addr                       0x080033cd   Thumb Code    12  rt_errno_addr_intlibspace.o(.text)
    __errno$intlibspace                      0x080033cd   Thumb Code     0  rt_errno_addr_intlibspace.o(.text)
    __rt_errno_addr$intlibspace              0x080033cd   Thumb Code     0  rt_errno_addr_intlibspace.o(.text)
    __user_libspace                          0x080033d9   Thumb Code     8  libspace.o(.text)
    __user_perproc_libspace                  0x080033d9   Thumb Code     0  libspace.o(.text)
    __user_perthread_libspace                0x080033d9   Thumb Code     0  libspace.o(.text)
    __user_setup_stackheap                   0x080033e1   Thumb Code    74  sys_stackheap_outer.o(.text)
    exit                                     0x0800342b   Thumb Code    12  exit.o(.text)
    LCD_SetCursor                            0x08003437   Thumb Code    24  ili93xx.o(i.LCD_SetCursor)
    sqrt                                     0x08003451   Thumb Code    62  sqrt.o(i.sqrt)
    __fpl_dcheck_NaN2                        0x080034a5   Thumb Code    10  dcheck.o(x$fpl$dcheck)
    __fpl_dcheck_NaN1                        0x080034b5   Thumb Code    10  dcheck1.o(x$fpl$dcheck1)
    __fpl_dcmp_InfNaN                        0x080034c5   Thumb Code   120  dcmpin.o(x$fpl$dcmpinfnan)
    __fpl_inf_dcmp                           0x080034e7   Thumb Code     0  dcmpin.o(x$fpl$dcmpinfnan)
    __aeabi_d2uiz                            0x0800353d   Thumb Code     0  dfixu.o(x$fpl$dfixu)
    _dfixu                                   0x0800353d   Thumb Code   110  dfixu.o(x$fpl$dfixu)
    __fpl_inf_dfixu                          0x080035a5   Thumb Code     0  dfixu.o(x$fpl$dfixu)
    __aeabi_i2d                              0x080035b1   Thumb Code     0  dflt_clz.o(x$fpl$dflt)
    _dflt                                    0x080035b1   Thumb Code    44  dflt_clz.o(x$fpl$dflt)
    __dflt_normalise                         0x080035bf   Thumb Code     0  dflt_clz.o(x$fpl$dflt)
    __aeabi_ui2d                             0x080035dd   Thumb Code     0  dflt_clz.o(x$fpl$dfltu)
    _dfltu                                   0x080035dd   Thumb Code    10  dflt_clz.o(x$fpl$dfltu)
    __aeabi_cdcmple                          0x080035e9   Thumb Code     0  dleqf.o(x$fpl$dleqf)
    _dcmple                                  0x080035e9   Thumb Code   106  dleqf.o(x$fpl$dleqf)
    __aeabi_cdrcmple                         0x08003659   Thumb Code     0  drleqf.o(x$fpl$drleqf)
    _drcmple                                 0x08003659   Thumb Code   130  drleqf.o(x$fpl$drleqf)
    _dsqrt                                   0x080036e1   Thumb Code   316  dsqrt.o(x$fpl$dsqrt)
    __fpl_inf_dsqrt                          0x08003809   Thumb Code     0  dsqrt.o(x$fpl$dsqrt)
    __aeabi_f2d                              0x08003825   Thumb Code     0  f2d.o(x$fpl$f2d)
    _f2d                                     0x08003825   Thumb Code    76  f2d.o(x$fpl$f2d)
    __fpl_inf_f2d                            0x08003869   Thumb Code     0  f2d.o(x$fpl$f2d)
    __aeabi_fadd                             0x08003875   Thumb Code     0  faddsub_clz.o(x$fpl$fadd)
    _fadd                                    0x08003875   Thumb Code   248  faddsub_clz.o(x$fpl$fadd)
    __fpl_inf_fadd                           0x0800394f   Thumb Code     0  faddsub_clz.o(x$fpl$fadd)
    __fpl_fcheck_NaN2                        0x08003975   Thumb Code     6  fcheck.o(x$fpl$fcheck)
    __fpl_fcheck_NaN1                        0x08003981   Thumb Code     6  fcheck1.o(x$fpl$fcheck1)
    __aeabi_fdiv                             0x0800398d   Thumb Code     0  fdiv.o(x$fpl$fdiv)
    _fdiv                                    0x0800398d   Thumb Code   476  fdiv.o(x$fpl$fdiv)
    __fpl_inf_fdiv                           0x08003b31   Thumb Code     0  fdiv.o(x$fpl$fdiv)
    __aeabi_f2iz                             0x08003b71   Thumb Code     0  ffix.o(x$fpl$ffix)
    _ffix                                    0x08003b71   Thumb Code   108  ffix.o(x$fpl$ffix)
    __fpl_inf_ffix                           0x08003bd3   Thumb Code     0  ffix.o(x$fpl$ffix)
    __aeabi_f2uiz                            0x08003be1   Thumb Code     0  ffixu.o(x$fpl$ffixu)
    _ffixu                                   0x08003be1   Thumb Code    82  ffixu.o(x$fpl$ffixu)
    __fpl_inf_ffixu                          0x08003c2d   Thumb Code     0  ffixu.o(x$fpl$ffixu)
    __aeabi_i2f                              0x08003c39   Thumb Code     0  fflt_clz.o(x$fpl$fflt)
    _fflt                                    0x08003c39   Thumb Code    50  fflt_clz.o(x$fpl$fflt)
    __fflt_normalise                         0x08003c45   Thumb Code     0  fflt_clz.o(x$fpl$fflt)
    __aeabi_ui2f                             0x08003c6b   Thumb Code     0  fflt_clz.o(x$fpl$ffltu)
    _ffltu                                   0x08003c6b   Thumb Code     8  fflt_clz.o(x$fpl$ffltu)
    __aeabi_fmul                             0x08003c75   Thumb Code     0  fmul.o(x$fpl$fmul)
    _fmul                                    0x08003c75   Thumb Code   258  fmul.o(x$fpl$fmul)
    __fpl_inf_fmul                           0x08003d61   Thumb Code     0  fmul.o(x$fpl$fmul)
    __fpl_normalise2                         0x08003d7d   Thumb Code    74  fnorm2_clz.o(x$fpl$fnorm2)
    __aeabi_frsub                            0x08003dc7   Thumb Code     0  faddsub_clz.o(x$fpl$frsb)
    _frsb                                    0x08003dc7   Thumb Code    20  faddsub_clz.o(x$fpl$frsb)
    __aeabi_fsub                             0x08003ddd   Thumb Code     0  faddsub_clz.o(x$fpl$fsub)
    _fsub                                    0x08003ddd   Thumb Code   282  faddsub_clz.o(x$fpl$fsub)
    __fpl_inf_fsub                           0x08003ed7   Thumb Code     0  faddsub_clz.o(x$fpl$fsub)
    __funder                                 0x08003f01   Thumb Code   132  funder.o(x$fpl$funder)
    __funder_d                               0x08003f85   Thumb Code     2  funder.o(x$fpl$funder)
    __fpl_return_NaN                         0x08003f87   Thumb Code   100  retnan.o(x$fpl$retnan)
    __fpl_cmpreturn                          0x08003feb   Thumb Code    48  trapv.o(x$fpl$trapveneer)
    __I$use$fp                               0x0800401b   Thumb Code     0  usenofp.o(x$fpl$usenofp)
    asc2_1206                                0x0800401a   Data        1140  ili93xx.o(.constdata)
    asc2_1608                                0x0800448e   Data        1520  ili93xx.o(.constdata)
    table_week                               0x08004a7e   Data          12  rtc.o(.constdata)
    mon_table                                0x08004a8a   Data          12  rtc.o(.constdata)
    Region$$Table$$Base                      0x08004a98   Number         0  anon$$obj.o(Region$$Table)
    Region$$Table$$Limit                     0x08004ab8   Number         0  anon$$obj.o(Region$$Table)
    __stdout                                 0x20000004   Data           4  usart.o(.data)
    WWDG_CNT                                 0x20000009   Data           1  wdg.o(.data)
    POINT_COLOR                              0x2000000a   Data           2  ili93xx.o(.data)
    BACK_COLOR                               0x2000000c   Data           2  ili93xx.o(.data)
    DeviceCode                               0x2000000e   Data           2  ili93xx.o(.data)
    timer                                    0x20000014   Data          10  rtc.o(.bss)
    Pen_Point                                0x20000020   Data          24  touch.o(.bss)
    __libspace_start                         0x20000038   Data          96  libspace.o(.bss)
    __temporary_stack_top$libspace           0x20000098   Data           0  libspace.o(.bss)



==============================================================================

Memory Map of the image

  Image Entry point : 0x080000ed

  Load Region LR_IROM1 (Base: 0x08000000, Size: 0x00004acc, Max: 0x00020000, ABSOLUTE)

    Execution Region ER_IROM1 (Base: 0x08000000, Size: 0x00004ab8, Max: 0x00020000, ABSOLUTE)

    Base Addr    Size         Type   Attr      Idx    E Section Name        Object

    0x08000000   0x000000ec   Data   RO            3    RESET               stm32f10x.o
    0x080000ec   0x00000008   Code   RO          476  * !!!main             __main.o(c_w.l)
    0x080000f4   0x00000034   Code   RO          714    !!!scatter          __scatter.o(c_w.l)
    0x08000128   0x0000001a   Code   RO          716    !!handler_copy      __scatter_copy.o(c_w.l)
    0x08000142   0x00000002   PAD
    0x08000144   0x0000001c   Code   RO          718    !!handler_zi        __scatter_zi.o(c_w.l)
    0x08000160   0x00000000   Code   RO          473    .ARM.Collect$$_printf_percent$$00000000  _printf_percent.o(c_w.l)
    0x08000160   0x00000006   Code   RO          472    .ARM.Collect$$_printf_percent$$00000009  _printf_d.o(c_w.l)
    0x08000166   0x00000004   Code   RO          530    .ARM.Collect$$_printf_percent$$00000017  _printf_percent_end.o(c_w.l)
    0x0800016a   0x00000006   Code   RO          596    .ARM.Collect$$libinit$$00000000  libinit.o(c_w.l)
    0x08000170   0x00000000   Code   RO          601    .ARM.Collect$$libinit$$00000006  libinit2.o(c_w.l)
    0x08000170   0x00000000   Code   RO          603    .ARM.Collect$$libinit$$00000008  libinit2.o(c_w.l)
    0x08000170   0x00000000   Code   RO          605    .ARM.Collect$$libinit$$0000000A  libinit2.o(c_w.l)
    0x08000170   0x00000000   Code   RO          608    .ARM.Collect$$libinit$$0000000D  libinit2.o(c_w.l)
    0x08000170   0x00000000   Code   RO          610    .ARM.Collect$$libinit$$0000000F  libinit2.o(c_w.l)
    0x08000170   0x00000000   Code   RO          612    .ARM.Collect$$libinit$$00000011  libinit2.o(c_w.l)
    0x08000170   0x00000000   Code   RO          614    .ARM.Collect$$libinit$$00000013  libinit2.o(c_w.l)
    0x08000170   0x00000000   Code   RO          616    .ARM.Collect$$libinit$$00000015  libinit2.o(c_w.l)
    0x08000170   0x00000000   Code   RO          618    .ARM.Collect$$libinit$$00000017  libinit2.o(c_w.l)
    0x08000170   0x00000000   Code   RO          620    .ARM.Collect$$libinit$$00000019  libinit2.o(c_w.l)
    0x08000170   0x00000000   Code   RO          622    .ARM.Collect$$libinit$$0000001B  libinit2.o(c_w.l)
    0x08000170   0x00000000   Code   RO          624    .ARM.Collect$$libinit$$0000001D  libinit2.o(c_w.l)
    0x08000170   0x00000000   Code   RO          626    .ARM.Collect$$libinit$$0000001F  libinit2.o(c_w.l)
    0x08000170   0x00000000   Code   RO          628    .ARM.Collect$$libinit$$00000021  libinit2.o(c_w.l)
    0x08000170   0x00000000   Code   RO          632    .ARM.Collect$$libinit$$00000028  libinit2.o(c_w.l)
    0x08000170   0x00000000   Code   RO          634    .ARM.Collect$$libinit$$0000002A  libinit2.o(c_w.l)
    0x08000170   0x00000000   Code   RO          636    .ARM.Collect$$libinit$$0000002C  libinit2.o(c_w.l)
    0x08000170   0x00000000   Code   RO          638    .ARM.Collect$$libinit$$0000002E  libinit2.o(c_w.l)
    0x08000170   0x00000002   Code   RO          639    .ARM.Collect$$libinit$$0000002F  libinit2.o(c_w.l)
    0x08000172   0x00000002   Code   RO          658    .ARM.Collect$$libshutdown$$00000000  libshutdown.o(c_w.l)
    0x08000174   0x00000000   Code   RO          669    .ARM.Collect$$libshutdown$$00000003  libshutdown2.o(c_w.l)
    0x08000174   0x00000000   Code   RO          672    .ARM.Collect$$libshutdown$$00000006  libshutdown2.o(c_w.l)
    0x08000174   0x00000000   Code   RO          675    .ARM.Collect$$libshutdown$$00000009  libshutdown2.o(c_w.l)
    0x08000174   0x00000000   Code   RO          677    .ARM.Collect$$libshutdown$$0000000B  libshutdown2.o(c_w.l)
    0x08000174   0x00000000   Code   RO          680    .ARM.Collect$$libshutdown$$0000000E  libshutdown2.o(c_w.l)
    0x08000174   0x00000002   Code   RO          681    .ARM.Collect$$libshutdown$$0000000F  libshutdown2.o(c_w.l)
    0x08000176   0x00000000   Code   RO          522    .ARM.Collect$$rtentry$$00000000  rtentry.o(c_w.l)
    0x08000176   0x00000000   Code   RO          553    .ARM.Collect$$rtentry$$00000002  rtentry2.o(c_w.l)
    0x08000176   0x00000006   Code   RO          568    .ARM.Collect$$rtentry$$00000004  rtentry4.o(c_w.l)
    0x0800017c   0x00000000   Code   RO          555    .ARM.Collect$$rtentry$$00000009  rtentry2.o(c_w.l)
    0x0800017c   0x00000004   Code   RO          556    .ARM.Collect$$rtentry$$0000000A  rtentry2.o(c_w.l)
    0x08000180   0x00000000   Code   RO          558    .ARM.Collect$$rtentry$$0000000C  rtentry2.o(c_w.l)
    0x08000180   0x00000008   Code   RO          559    .ARM.Collect$$rtentry$$0000000D  rtentry2.o(c_w.l)
    0x08000188   0x00000000   Code   RO          597    .ARM.Collect$$rtexit$$00000000  rtexit.o(c_w.l)
    0x08000188   0x00000000   Code   RO          643    .ARM.Collect$$rtexit$$00000002  rtexit2.o(c_w.l)
    0x08000188   0x00000004   Code   RO          644    .ARM.Collect$$rtexit$$00000003  rtexit2.o(c_w.l)
    0x0800018c   0x00000004   Code   RO          645    .ARM.Collect$$rtexit$$00000004  rtexit2.o(c_w.l)
    0x08000190   0x00000002   Code   RO          183    .emb_text           sys.o
    0x08000192   0x00000002   PAD
    0x08000194   0x00000034   Code   RO            4    .text               stm32f10x.o
    0x080001c8   0x000001b8   Code   RO           10    .text               test.o
    0x08000380   0x0000009c   Code   RO          169    .text               delay.o
    0x0800041c   0x000002e4   Code   RO          184    .text               sys.o
    0x08000700   0x000000d8   Code   RO          199    .text               usart.o
    0x080007d8   0x00000080   Code   RO          218    .text               led.o
    0x08000858   0x00000114   Code   RO          230    .text               key.o
    0x0800096c   0x00000110   Code   RO          243    .text               wdg.o
    0x08000a7c   0x00000138   Code   RO          258    .text               timer.o
    0x08000bb4   0x00001298   Code   RO          270    .text               ili93xx.o
    0x08001e4c   0x00000494   Code   RO          307    .text               rtc.o
    0x080022e0   0x000000d8   Code   RO          327    .text               wkup.o
    0x080023b8   0x0000017e   Code   RO          366    .text               24cxx.o
    0x08002536   0x00000002   PAD
    0x08002538   0x00000260   Code   RO          378    .text               myiic.o
    0x08002798   0x00000a24   Code   RO          420    .text               touch.o
    0x080031bc   0x00000002   Code   RO          444    .text               use_no_semi_2.o(c_w.l)
    0x080031be   0x00000002   PAD
    0x080031c0   0x00000020   Code   RO          448    .text               noretval__2printf.o(c_w.l)
    0x080031e0   0x0000006e   Code   RO          450    .text               __printf.o(c_w.l)
    0x0800324e   0x00000002   PAD
    0x08003250   0x00000070   Code   RO          452    .text               _printf_dec.o(c_w.l)
    0x080032c0   0x00000006   Code   RO          474    .text               heapauxi.o(c_w.l)
    0x080032c6   0x00000002   Code   RO          520    .text               use_no_semi.o(c_w.l)
    0x080032c8   0x00000016   Code   RO          524    .text               _rserrno.o(c_w.l)
    0x080032de   0x000000ae   Code   RO          526    .text               _printf_intcommon.o(c_w.l)
    0x0800338c   0x00000030   Code   RO          528    .text               _printf_char_common.o(c_w.l)
    0x080033bc   0x00000010   Code   RO          535    .text               rtudiv10.o(c_w.l)
    0x080033cc   0x0000000c   Code   RO          573    .text               rt_errno_addr_intlibspace.o(c_w.l)
    0x080033d8   0x00000008   Code   RO          583    .text               libspace.o(c_w.l)
    0x080033e0   0x0000004a   Code   RO          586    .text               sys_stackheap_outer.o(c_w.l)
    0x0800342a   0x0000000c   Code   RO          588    .text               exit.o(c_w.l)
    0x08003436   0x00000018   Code   RO          283    i.LCD_SetCursor     ili93xx.o
    0x0800344e   0x00000002   PAD
    0x08003450   0x00000054   Code   RO          517    i.sqrt              sqrt.o(m_ws.l)
    0x080034a4   0x00000010   Code   RO          577    x$fpl$dcheck        dcheck.o(fz_ws.l)
    0x080034b4   0x00000010   Code   RO          537    x$fpl$dcheck1       dcheck1.o(fz_ws.l)
    0x080034c4   0x00000078   Code   RO          539    x$fpl$dcmpinfnan    dcmpin.o(fz_ws.l)
    0x0800353c   0x00000074   Code   RO          478    x$fpl$dfixu         dfixu.o(fz_ws.l)
    0x080035b0   0x0000002c   Code   RO          483    x$fpl$dflt          dflt_clz.o(fz_ws.l)
    0x080035dc   0x0000000a   Code   RO          482    x$fpl$dfltu         dflt_clz.o(fz_ws.l)
    0x080035e6   0x00000002   PAD
    0x080035e8   0x00000070   Code   RO          486    x$fpl$dleqf         dleqf.o(fz_ws.l)
    0x08003658   0x00000088   Code   RO          488    x$fpl$drleqf        drleqf.o(fz_ws.l)
    0x080036e0   0x00000144   Code   RO          541    x$fpl$dsqrt         dsqrt.o(fz_ws.l)
    0x08003824   0x00000050   Code   RO          490    x$fpl$f2d           f2d.o(fz_ws.l)
    0x08003874   0x00000100   Code   RO          492    x$fpl$fadd          faddsub_clz.o(fz_ws.l)
    0x08003974   0x0000000c   Code   RO          543    x$fpl$fcheck        fcheck.o(fz_ws.l)
    0x08003980   0x0000000c   Code   RO          545    x$fpl$fcheck1       fcheck1.o(fz_ws.l)
    0x0800398c   0x000001e4   Code   RO          499    x$fpl$fdiv          fdiv.o(fz_ws.l)
    0x08003b70   0x00000070   Code   RO          502    x$fpl$ffix          ffix.o(fz_ws.l)
    0x08003be0   0x00000058   Code   RO          506    x$fpl$ffixu         ffixu.o(fz_ws.l)
    0x08003c38   0x00000032   Code   RO          511    x$fpl$fflt          fflt_clz.o(fz_ws.l)
    0x08003c6a   0x00000008   Code   RO          510    x$fpl$ffltu         fflt_clz.o(fz_ws.l)
    0x08003c72   0x00000002   PAD
    0x08003c74   0x00000108   Code   RO          514    x$fpl$fmul          fmul.o(fz_ws.l)
    0x08003d7c   0x0000004a   Code   RO          547    x$fpl$fnorm2        fnorm2_clz.o(fz_ws.l)
    0x08003dc6   0x00000014   Code   RO          493    x$fpl$frsb          faddsub_clz.o(fz_ws.l)
    0x08003dda   0x00000002   PAD
    0x08003ddc   0x00000124   Code   RO          494    x$fpl$fsub          faddsub_clz.o(fz_ws.l)
    0x08003f00   0x00000086   Code   RO          549    x$fpl$funder        funder.o(fz_ws.l)
    0x08003f86   0x00000064   Code   RO          579    x$fpl$retnan        retnan.o(fz_ws.l)
    0x08003fea   0x00000030   Code   RO          581    x$fpl$trapveneer    trapv.o(fz_ws.l)
    0x0800401a   0x00000000   Code   RO          551    x$fpl$usenofp       usenofp.o(fz_ws.l)
    0x0800401a   0x00000a64   Data   RO          271    .constdata          ili93xx.o
    0x08004a7e   0x00000018   Data   RO          309    .constdata          rtc.o
    0x08004a96   0x00000002   PAD
    0x08004a98   0x00000020   Data   RO          712    Region$$Table       anon$$obj.o


    Execution Region RW_IRAM1 (Base: 0x20000000, Size: 0x00000298, Max: 0x00005000, ABSOLUTE)

    Base Addr    Size         Type   Attr      Idx    E Section Name        Object

    0x20000000   0x00000004   Data   RW          170    .data               delay.o
    0x20000004   0x00000004   Data   RW          200    .data               usart.o
    0x20000008   0x00000001   Data   RW          231    .data               key.o
    0x20000009   0x00000001   Data   RW          244    .data               wdg.o
    0x2000000a   0x00000006   Data   RW          272    .data               ili93xx.o
    0x20000010   0x00000002   Data   RW          310    .data               rtc.o
    0x20000012   0x00000002   PAD
    0x20000014   0x0000000a   Zero   RW          308    .bss                rtc.o
    0x2000001e   0x00000002   PAD
    0x20000020   0x00000018   Zero   RW          421    .bss                touch.o
    0x20000038   0x00000060   Zero   RW          584    .bss                libspace.o(c_w.l)
    0x20000098   0x00000000   Zero   RW            2    HEAP                stm32f10x.o
    0x20000098   0x00000200   Zero   RW            1    STACK               stm32f10x.o


==============================================================================

Image component sizes


      Code (inc. data)   RO Data    RW Data    ZI Data      Debug   Object Name

       382          0          0          0          0       2770   24cxx.o
       156          4          0          4          0       1011   delay.o
      4784         90       2660          6          0      10169   ili93xx.o
       276         28          0          1          0        756   key.o
       128         18          0          0          0        439   led.o
       608         16          0          0          0       1836   myiic.o
      1172         50         24          2         10       3509   rtc.o
        52         18        236          0        512        476   stm32f10x.o
       742         50          0          0          0       2707   sys.o
       440        102          0          0          0       3388   test.o
       312         20          0          0          0        935   timer.o
      2596        122          0          0         24       5815   touch.o
       216         26          0          4          0       2710   usart.o
       272         30          0          1          0       1488   wdg.o
       216         20          0          0          0        986   wkup.o

    ----------------------------------------------------------------------
     12358        594       2954         20        548      38995   Object Totals
         0          0         32          0          0          0   (incl. Generated)
         6          0          2          2          2          3   (incl. Padding)

    ----------------------------------------------------------------------

      Code (inc. data)   RO Data    RW Data    ZI Data      Debug   Library Member Name

         8          0          0          0          0         68   __main.o
       110          0          0          0          0         84   __printf.o
        52          8          0          0          0          0   __scatter.o
        26          0          0          0          0          0   __scatter_copy.o
        28          0          0          0          0          0   __scatter_zi.o
        48          4          0          0          0         96   _printf_char_common.o
         6          0          0          0          0          0   _printf_d.o
       112         16          0          0          0         92   _printf_dec.o
       174          0          0          0          0         88   _printf_intcommon.o
         0          0          0          0          0          0   _printf_percent.o
         4          0          0          0          0          0   _printf_percent_end.o
        22          0          0          0          0         96   _rserrno.o
        16          6          0          0          0         68   dcheck.o
        16          6          0          0          0         68   dcheck1.o
       120          0          0          0          0         84   dcmpin.o
       116          6          0          0          0         72   dfixu.o
        54          0          0          0          0        136   dflt_clz.o
       112          6          0          0          0         68   dleqf.o
       136          6          0          0          0         68   drleqf.o
       324          8          0          0          0        100   dsqrt.o
        12          0          0          0          0         68   exit.o
        80          4          0          0          0         68   f2d.o
       568         18          0          0          0        204   faddsub_clz.o
        12          6          0          0          0         68   fcheck.o
        12          6          0          0          0         68   fcheck1.o
       484         76          0          0          0         76   fdiv.o
       112          4          0          0          0         68   ffix.o
        88          6          0          0          0         68   ffixu.o
        58          0          0          0          0        136   fflt_clz.o
       264          6          0          0          0         68   fmul.o
        74          0          0          0          0         84   fnorm2_clz.o
       134          0          0          0          0         84   funder.o
         6          0          0          0          0        148   heapauxi.o
         6          0          0          0          0          0   libinit.o
         2          0          0          0          0          0   libinit2.o
         2          0          0          0          0          0   libshutdown.o
         2          0          0          0          0          0   libshutdown2.o
         8          4          0          0         96         68   libspace.o
        32          8          0          0          0         80   noretval__2printf.o
       100          0          0          0          0         68   retnan.o
        12          6          0          0          0         68   rt_errno_addr_intlibspace.o
         0          0          0          0          0          0   rtentry.o
        12          0          0          0          0          0   rtentry2.o
         6          0          0          0          0          0   rtentry4.o
         0          0          0          0          0          0   rtexit.o
         8          0          0          0          0          0   rtexit2.o
        16          0          0          0          0         68   rtudiv10.o
        84         22          0          0          0         84   sqrt.o
        74          0          0          0          0         80   sys_stackheap_outer.o
        48          0          0          0          0         68   trapv.o
         2          0          0          0          0         68   use_no_semi.o
         2          0          0          0          0         68   use_no_semi_2.o
         0          0          0          0          0          0   usenofp.o

    ----------------------------------------------------------------------
      3816        232          0          0         96       3116   Library Totals
        12          0          0          0          0          0   (incl. Padding)

    ----------------------------------------------------------------------

      Code (inc. data)   RO Data    RW Data    ZI Data      Debug   Library Name

       792         46          0          0         96       1240   c_w.l
      2928        164          0          0          0       1792   fz_ws.l
        84         22          0          0          0         84   m_ws.l

    ----------------------------------------------------------------------
      3816        232          0          0         96       3116   Library Totals

    ----------------------------------------------------------------------

==============================================================================


      Code (inc. data)   RO Data    RW Data    ZI Data      Debug   

     16174        826       2954         20        644      38864   Grand Totals
     16174        826       2954         20        644      38864   ELF Image Totals
     16174        826       2954         20          0          0   ROM Totals

==============================================================================

    Total RO  Size (Code + RO Data)                19128 (  18.68kB)
    Total RW  Size (RW Data + ZI Data)               664 (   0.65kB)
    Total ROM Size (Code + RO Data + RW Data)      19148 (  18.70kB)

==============================================================================

