<html>
<body>
<pre>
<h1>µVision3 Build Log</h1>
<h2>Project:</h2>
C:\working\Alientek\ALIENTEK MINISTM32 À©Õ¹ÊµÑé2 ´¥ÃþÆÁÓ²¼þ¼ì²â\USER\TEST.uv2
Project File Date:  08/25/2010

<h2>Output:</h2>
Build target 'Target 1'
assembling STM32F10x.s...
compiling test.c...
compiling delay.c...
compiling sys.c...
compiling usart.c...
compiling led.c...
compiling key.c...
compiling wdg.c...
compiling timer.c...
compiling ILI93xx.c...
compiling rtc.c...
compiling wkup.c...
compiling adc.c...
compiling dma.c...
compiling 24cxx.c...
compiling myiic.c...
compiling spi.c...
compiling flash.c...
compiling touch.c...
linking...
Program Size: Code=16174 RO-data=2954 RW-data=20 ZI-data=644  
FromELF: creating hex file...
"TEST.axf" - 0 Error(s), 0 Warning(s).
