<!doctype html public "-//w3c//dtd html 4.0 transitional//en">
<html><head>
<title>Static Call Graph - [C:\working\Alientek\ALIENTEK MINISTM32 实验28 综合测试实验\USER\TEST.axf]</title></head>
<body><HR>
<H1>Static Call Graph for image C:\working\Alientek\ALIENTEK MINISTM32 实验28 综合测试实验\USER\TEST.axf</H1><HR>
<BR><P>#&#060CALLGRAPH&#062# ARM Linker, RVCT4.0 [Build 524]: Last Updated: Thu Jun 02 11:51:27 2011
<BR><P>
<H3>Maximum Stack Usage =        664 bytes + Unknown(Functions without stacksize, Cycles, Untraceable Function Pointers)</H3><H3>
Call chain for Maximum Stack Depth:</H3>
__rt_entry_main &rArr; main &rArr; Pic_Viewer &rArr; File_Browse &rArr; Show_File &rArr; AI_LoadPicFile &rArr; Decode &rArr; IQtIZzMCUComponent &rArr; IQtIZzBlock &rArr; Fast_IDCT &rArr; idctrow
<P>
<H3>
Functions with no stack information
</H3><UL>
 <LI><a href="#[b8e748]">__user_initial_stackheap</a>
</UL>
</UL>
<P>
<H3>
Mutually Recursive functions
</H3> <LI><a href="#[b8e61c]">NMI_Handler</a>&nbsp;&nbsp;&nbsp;&rArr;&nbsp;&nbsp;&nbsp;<a href="#[b8e61c]">NMI_Handler</a><BR>
 <LI><a href="#[b8e5e0]">HardFault_Handler</a>&nbsp;&nbsp;&nbsp;&rArr;&nbsp;&nbsp;&nbsp;<a href="#[b8e5e0]">HardFault_Handler</a><BR>
 <LI><a href="#[b8e5a4]">MemManage_Handler</a>&nbsp;&nbsp;&nbsp;&rArr;&nbsp;&nbsp;&nbsp;<a href="#[b8e5a4]">MemManage_Handler</a><BR>
 <LI><a href="#[b8e568]">BusFault_Handler</a>&nbsp;&nbsp;&nbsp;&rArr;&nbsp;&nbsp;&nbsp;<a href="#[b8e568]">BusFault_Handler</a><BR>
 <LI><a href="#[b8e52c]">UsageFault_Handler</a>&nbsp;&nbsp;&nbsp;&rArr;&nbsp;&nbsp;&nbsp;<a href="#[b8e52c]">UsageFault_Handler</a><BR>
 <LI><a href="#[b8e4f0]">SVC_Handler</a>&nbsp;&nbsp;&nbsp;&rArr;&nbsp;&nbsp;&nbsp;<a href="#[b8e4f0]">SVC_Handler</a><BR>
 <LI><a href="#[b8e4b4]">DebugMon_Handler</a>&nbsp;&nbsp;&nbsp;&rArr;&nbsp;&nbsp;&nbsp;<a href="#[b8e4b4]">DebugMon_Handler</a><BR>
 <LI><a href="#[b8e478]">PendSV_Handler</a>&nbsp;&nbsp;&nbsp;&rArr;&nbsp;&nbsp;&nbsp;<a href="#[b8e478]">PendSV_Handler</a><BR>
 <LI><a href="#[b8e43c]">SysTick_Handler</a>&nbsp;&nbsp;&nbsp;&rArr;&nbsp;&nbsp;&nbsp;<a href="#[b8e43c]">SysTick_Handler</a><BR>
 <LI><a href="#[b8e400]">ADC_IRQHandler</a>&nbsp;&nbsp;&nbsp;&rArr;&nbsp;&nbsp;&nbsp;<a href="#[b8e400]">ADC_IRQHandler</a><BR>
</UL>
<P>
<H3>
Function Pointers
</H3><UL>
 <LI><a href="#[16a1b04]">Set_Cursor</a>
 <LI><a href="#[16a1b7c]">Clear_Cursor</a>
 <LI><a href="#[16a1b40]">Cursor_Draw</a>
 <LI><a href="#[1773478]">EP1_IN_Callback</a>
 <LI><a href="#[1726f24]">NOP_Process</a>
 <LI><a href="#[1726f24]">NOP_Process</a>
 <LI><a href="#[1726f24]">NOP_Process</a>
 <LI><a href="#[1726f24]">NOP_Process</a>
 <LI><a href="#[1726f24]">NOP_Process</a>
 <LI><a href="#[1726f24]">NOP_Process</a>
 <LI><a href="#[1726f24]">NOP_Process</a>
 <LI><a href="#[177343c]">EP2_OUT_Callback</a>
 <LI><a href="#[1726f24]">NOP_Process</a>
 <LI><a href="#[1726f24]">NOP_Process</a>
 <LI><a href="#[1726f24]">NOP_Process</a>
 <LI><a href="#[1726f24]">NOP_Process</a>
 <LI><a href="#[1726f24]">NOP_Process</a>
 <LI><a href="#[17710d8]">MASS_init</a>
 <LI><a href="#[177118c]">MASS_Reset</a>
 <LI><a href="#[1771150]">MASS_Status_In</a>
 <LI><a href="#[1771114]">MASS_Status_Out</a>
 <LI><a href="#[17712f4]">MASS_Data_Setup</a>
 <LI><a href="#[17711c8]">MASS_NoData_Setup</a>
 <LI><a href="#[1771204]">MASS_Get_Interface_Setting</a>
 <LI><a href="#[177127c]">MASS_GetDeviceDescriptor</a>
 <LI><a href="#[17712b8]">MASS_GetConfigDescriptor</a>
 <LI><a href="#[1771240]">MASS_GetStringDescriptor</a>
 <LI><a href="#[1726f24]">NOP_Process</a>
 <LI><a href="#[1771060]">Mass_Storage_SetConfiguration</a>
 <LI><a href="#[1726f24]">NOP_Process</a>
 <LI><a href="#[1726f24]">NOP_Process</a>
 <LI><a href="#[1726f24]">NOP_Process</a>
 <LI><a href="#[177109c]">Mass_Storage_ClearFeature</a>
 <LI><a href="#[1726f24]">NOP_Process</a>
 <LI><a href="#[1726f24]">NOP_Process</a>
 <LI><a href="#[1771024]">Mass_Storage_SetDeviceAddress</a>
 <LI><a href="#[b8e658]">Reset_Handler</a>
 <LI><a href="#[b8e61c]">NMI_Handler</a>
 <LI><a href="#[b8e5e0]">HardFault_Handler</a>
 <LI><a href="#[b8e5a4]">MemManage_Handler</a>
 <LI><a href="#[b8e568]">BusFault_Handler</a>
 <LI><a href="#[b8e52c]">UsageFault_Handler</a>
 <LI><a href="#[b8e4f0]">SVC_Handler</a>
 <LI><a href="#[b8e4b4]">DebugMon_Handler</a>
 <LI><a href="#[b8e478]">PendSV_Handler</a>
 <LI><a href="#[b8e43c]">SysTick_Handler</a>
 <LI><a href="#[b85094]">WWDG_IRQHandler</a>
 <LI><a href="#[b8ded8]">PVD_IRQHandler</a>
 <LI><a href="#[b8dd70]">TAMPER_IRQHandler</a>
 <LI><a href="#[b80a08]">RTC_IRQHandler</a>
 <LI><a href="#[b8e004]">FLASH_IRQHandler</a>
 <LI><a href="#[b8de9c]">RCC_IRQHandler</a>
 <LI><a href="#[b80198]">EXTI0_IRQHandler</a>
 <LI><a href="#[c4bdb4]">EXTI1_IRQHandler</a>
 <LI><a href="#[b8e0f4]">EXTI2_IRQHandler</a>
 <LI><a href="#[b8e0b8]">EXTI3_IRQHandler</a>
 <LI><a href="#[b8e07c]">EXTI4_IRQHandler</a>
 <LI><a href="#[b8e34c]">DMAChannel1_IRQHandler</a>
 <LI><a href="#[b8e310]">DMAChannel2_IRQHandler</a>
 <LI><a href="#[b8e2d4]">DMAChannel3_IRQHandler</a>
 <LI><a href="#[b8e298]">DMAChannel4_IRQHandler</a>
 <LI><a href="#[b8e25c]">DMAChannel5_IRQHandler</a>
 <LI><a href="#[b8e220]">DMAChannel6_IRQHandler</a>
 <LI><a href="#[b8e1e4]">DMAChannel7_IRQHandler</a>
 <LI><a href="#[b8e400]">ADC_IRQHandler</a>
 <LI><a href="#[171b674]">USB_HP_CAN_TX_IRQHandler</a>
 <LI><a href="#[171b638]">USB_LP_CAN_RX0_IRQHandler</a>
 <LI><a href="#[b8e3c4]">CAN_RX1_IRQHandler</a>
 <LI><a href="#[b8e388]">CAN_SCE_IRQHandler</a>
 <LI><a href="#[b8e040]">EXTI9_5_IRQHandler</a>
 <LI><a href="#[b8dd34]">TIM1_BRK_IRQHandler</a>
 <LI><a href="#[b8dc80]">TIM1_UP_IRQHandler</a>
 <LI><a href="#[b8dcbc]">TIM1_TRG_COM_IRQHandler</a>
 <LI><a href="#[b8dcf8]">TIM1_CC_IRQHandler</a>
 <LI><a href="#[b8dc44]">TIM2_IRQHandler</a>
 <LI><a href="#[b8498c]">TIM3_IRQHandler</a>
 <LI><a href="#[b8dbcc]">TIM4_IRQHandler</a>
 <LI><a href="#[b8df8c]">I2C1_EV_IRQHandler</a>
 <LI><a href="#[b8dfc8]">I2C1_ER_IRQHandler</a>
 <LI><a href="#[b8df14]">I2C2_EV_IRQHandler</a>
 <LI><a href="#[b8df50]">I2C2_ER_IRQHandler</a>
 <LI><a href="#[b8dde8]">SPI1_IRQHandler</a>
 <LI><a href="#[b8ddac]">SPI2_IRQHandler</a>
 <LI><a href="#[b8db90]">USART1_IRQHandler</a>
 <LI><a href="#[b8db54]">USART2_IRQHandler</a>
 <LI><a href="#[b8db18]">USART3_IRQHandler</a>
 <LI><a href="#[c493c0]">EXTI15_10_IRQHandler</a>
 <LI><a href="#[b8de60]">RTCAlarm_IRQHandler</a>
 <LI><a href="#[b8dadc]">USBWakeUp_IRQHandler</a>
 <LI><a href="#[176d190]">__main</a>
 <LI><a href="#[b864f8]">fputc</a>
 <LI><a href="#[1769e3c]">_printf_input_char</a>
 <LI><a href="#[1726d08]">Standard_GetStatus</a>
 <LI><a href="#[1726dbc]">Standard_GetConfiguration</a>
 <LI><a href="#[1726d44]">Standard_GetInterface</a>
 <LI><a href="#[1771330]">Get_Max_Lun</a>
 <LI><a href="#[16a1b04]">Set_Cursor</a>
 <LI><a href="#[16a1b7c]">Clear_Cursor</a>
 <LI><a href="#[16a1b40]">Cursor_Draw</a>
 <LI><a href="#[1773478]">EP1_IN_Callback</a>
 <LI><a href="#[1726f24]">NOP_Process</a>
 <LI><a href="#[1726f24]">NOP_Process</a>
 <LI><a href="#[1726f24]">NOP_Process</a>
 <LI><a href="#[1726f24]">NOP_Process</a>
 <LI><a href="#[1726f24]">NOP_Process</a>
 <LI><a href="#[1726f24]">NOP_Process</a>
 <LI><a href="#[1726f24]">NOP_Process</a>
 <LI><a href="#[177343c]">EP2_OUT_Callback</a>
 <LI><a href="#[1726f24]">NOP_Process</a>
 <LI><a href="#[1726f24]">NOP_Process</a>
 <LI><a href="#[1726f24]">NOP_Process</a>
 <LI><a href="#[1726f24]">NOP_Process</a>
 <LI><a href="#[1726f24]">NOP_Process</a>
 <LI><a href="#[17710d8]">MASS_init</a>
 <LI><a href="#[177118c]">MASS_Reset</a>
 <LI><a href="#[1771150]">MASS_Status_In</a>
 <LI><a href="#[1771114]">MASS_Status_Out</a>
 <LI><a href="#[17712f4]">MASS_Data_Setup</a>
 <LI><a href="#[17711c8]">MASS_NoData_Setup</a>
 <LI><a href="#[1771204]">MASS_Get_Interface_Setting</a>
 <LI><a href="#[177127c]">MASS_GetDeviceDescriptor</a>
 <LI><a href="#[17712b8]">MASS_GetConfigDescriptor</a>
 <LI><a href="#[1771240]">MASS_GetStringDescriptor</a>
 <LI><a href="#[1726f24]">NOP_Process</a>
 <LI><a href="#[1771060]">Mass_Storage_SetConfiguration</a>
 <LI><a href="#[1726f24]">NOP_Process</a>
 <LI><a href="#[1726f24]">NOP_Process</a>
 <LI><a href="#[1726f24]">NOP_Process</a>
 <LI><a href="#[177109c]">Mass_Storage_ClearFeature</a>
 <LI><a href="#[1726f24]">NOP_Process</a>
 <LI><a href="#[1726f24]">NOP_Process</a>
 <LI><a href="#[1771024]">Mass_Storage_SetDeviceAddress</a>
</UL>
<P>
<H3>
Global Symbols
</H3>
<P><STRONG><a name="[176d190]"></a>__main</STRONG> (Thumb, 8 bytes, Stack size 0 bytes, __main.o(!!!main))
<BR><BR>[Calls]<UL><LI><a href="#[176a364]">&gt;&gt;</a>&nbsp;&nbsp;&nbsp;__rt_entry
<LI><a href="#[185c18c]">&gt;&gt;</a>&nbsp;&nbsp;&nbsp;__scatterload
</UL>

<P><STRONG><a name="[185c18c]"></a>__scatterload</STRONG> (Thumb, 0 bytes, Stack size unknown bytes, __scatter.o(!!!scatter))
<BR><BR>[Called By]<UL><LI><a href="#[176d190]">&gt;&gt;</a>&nbsp;&nbsp;&nbsp;__main
</UL>

<P><STRONG><a name="[185c150]"></a>__scatterload_rt2</STRONG> (Thumb, 44 bytes, Stack size unknown bytes, __scatter.o(!!!scatter), UNUSED)
<BR><BR>[Calls]<UL><LI><a href="#[176a364]">&gt;&gt;</a>&nbsp;&nbsp;&nbsp;__rt_entry
</UL>

<P><STRONG><a name="[185c114]"></a>__scatterload_rt2_thumb_only</STRONG> (Thumb, 0 bytes, Stack size unknown bytes, __scatter.o(!!!scatter), UNUSED)

<P><STRONG><a name="[185c0d8]"></a>__scatterload_null</STRONG> (Thumb, 0 bytes, Stack size unknown bytes, __scatter.o(!!!scatter), UNUSED)

<P><STRONG><a name="[185c2b8]"></a>__decompress</STRONG> (Thumb, 90 bytes, Stack size unknown bytes, __dczerorl2.o(!!dczerorl2), UNUSED)

<P><STRONG><a name="[185c27c]"></a>__decompress1</STRONG> (Thumb, 0 bytes, Stack size unknown bytes, __dczerorl2.o(!!dczerorl2), UNUSED)

<P><STRONG><a name="[185bf34]"></a>__scatterload_zeroinit</STRONG> (Thumb, 28 bytes, Stack size unknown bytes, __scatter_zi.o(!!handler_zi), UNUSED)

<P><STRONG><a name="[176d94c]"></a>_printf_d</STRONG> (Thumb, 0 bytes, Stack size unknown bytes, _printf_d.o(.ARM.Collect$$_printf_percent$$00000009))
<BR><BR>[Stack]<UL><LI>Max Depth = 56 + Unknown Stack Size
<LI>Call Chain = _printf_d &rArr; _printf_int_dec &rArr; _printf_int_common
</UL>
<BR>[Calls]<UL><LI><a href="#[176e360]">&gt;&gt;</a>&nbsp;&nbsp;&nbsp;_printf_int_dec
</UL>

<P><STRONG><a name="[176d898]"></a>_printf_percent</STRONG> (Thumb, 0 bytes, Stack size unknown bytes, _printf_percent.o(.ARM.Collect$$_printf_percent$$00000000))
<BR><BR>[Called By]<UL><LI><a href="#[176e450]">&gt;&gt;</a>&nbsp;&nbsp;&nbsp;__printf
</UL>

<P><STRONG><a name="[1769d10]"></a>_printf_percent_end</STRONG> (Thumb, 0 bytes, Stack size unknown bytes, _printf_percent_end.o(.ARM.Collect$$_printf_percent$$00000017))

<P><STRONG><a name="[1765be8]"></a>__rt_lib_init</STRONG> (Thumb, 0 bytes, Stack size unknown bytes, libinit.o(.ARM.Collect$$libinit$$00000000))
<BR><BR>[Called By]<UL><LI><a href="#[176722c]">&gt;&gt;</a>&nbsp;&nbsp;&nbsp;__rt_entry_li
</UL>

<P><STRONG><a name="[1768f00]"></a>__rt_lib_init_heap_1</STRONG> (Thumb, 0 bytes, Stack size unknown bytes, libinit2.o(.ARM.Collect$$libinit$$00000006))

<P><STRONG><a name="[1768e4c]"></a>__rt_lib_init_rand_2</STRONG> (Thumb, 0 bytes, Stack size unknown bytes, libinit2.o(.ARM.Collect$$libinit$$00000009))
<BR><BR>[Stack]<UL><LI>Max Depth = 8 + Unknown Stack Size
<LI>Call Chain = __rt_lib_init_rand_2 &rArr; _rand_init &rArr; srand
</UL>
<BR>[Calls]<UL><LI><a href="#[176d604]">&gt;&gt;</a>&nbsp;&nbsp;&nbsp;_rand_init
</UL>

<P><STRONG><a name="[1768e88]"></a>__rt_lib_init_user_alloc_1</STRONG> (Thumb, 0 bytes, Stack size unknown bytes, libinit2.o(.ARM.Collect$$libinit$$00000008))

<P><STRONG><a name="[17686cc]"></a>__rt_lib_init_alloca_1</STRONG> (Thumb, 0 bytes, Stack size unknown bytes, libinit2.o(.ARM.Collect$$libinit$$0000002A))

<P><STRONG><a name="[1768744]"></a>__rt_lib_init_argv_1</STRONG> (Thumb, 0 bytes, Stack size unknown bytes, libinit2.o(.ARM.Collect$$libinit$$00000028))

<P><STRONG><a name="[1768b04]"></a>__rt_lib_init_atexit_1</STRONG> (Thumb, 0 bytes, Stack size unknown bytes, libinit2.o(.ARM.Collect$$libinit$$00000017))

<P><STRONG><a name="[176899c]"></a>__rt_lib_init_clock_1</STRONG> (Thumb, 0 bytes, Stack size unknown bytes, libinit2.o(.ARM.Collect$$libinit$$0000001D))

<P><STRONG><a name="[17685dc]"></a>__rt_lib_init_cpp_1</STRONG> (Thumb, 0 bytes, Stack size unknown bytes, libinit2.o(.ARM.Collect$$libinit$$0000002E))

<P><STRONG><a name="[1768654]"></a>__rt_lib_init_exceptions_1</STRONG> (Thumb, 0 bytes, Stack size unknown bytes, libinit2.o(.ARM.Collect$$libinit$$0000002C))

<P><STRONG><a name="[1768a14]"></a>__rt_lib_init_fp_trap_1</STRONG> (Thumb, 0 bytes, Stack size unknown bytes, libinit2.o(.ARM.Collect$$libinit$$0000001B))

<P><STRONG><a name="[1768924]"></a>__rt_lib_init_getenv_1</STRONG> (Thumb, 0 bytes, Stack size unknown bytes, libinit2.o(.ARM.Collect$$libinit$$0000001F))

<P><STRONG><a name="[1768d5c]"></a>__rt_lib_init_lc_collate_1</STRONG> (Thumb, 0 bytes, Stack size unknown bytes, libinit2.o(.ARM.Collect$$libinit$$0000000D))

<P><STRONG><a name="[1768ce4]"></a>__rt_lib_init_lc_ctype_1</STRONG> (Thumb, 0 bytes, Stack size unknown bytes, libinit2.o(.ARM.Collect$$libinit$$0000000F))

<P><STRONG><a name="[1768c6c]"></a>__rt_lib_init_lc_monetary_1</STRONG> (Thumb, 0 bytes, Stack size unknown bytes, libinit2.o(.ARM.Collect$$libinit$$00000011))

<P><STRONG><a name="[1768bf4]"></a>__rt_lib_init_lc_numeric_1</STRONG> (Thumb, 0 bytes, Stack size unknown bytes, libinit2.o(.ARM.Collect$$libinit$$00000013))

<P><STRONG><a name="[1768b7c]"></a>__rt_lib_init_lc_time_1</STRONG> (Thumb, 0 bytes, Stack size unknown bytes, libinit2.o(.ARM.Collect$$libinit$$00000015))

<P><STRONG><a name="[1768e10]"></a>__rt_lib_init_rand_1</STRONG> (Thumb, 0 bytes, Stack size unknown bytes, libinit2.o(.ARM.Collect$$libinit$$0000000A))

<P><STRONG><a name="[17685a0]"></a>__rt_lib_init_return</STRONG> (Thumb, 0 bytes, Stack size unknown bytes, libinit2.o(.ARM.Collect$$libinit$$0000002F))

<P><STRONG><a name="[1768a8c]"></a>__rt_lib_init_signal_1</STRONG> (Thumb, 0 bytes, Stack size unknown bytes, libinit2.o(.ARM.Collect$$libinit$$00000019))

<P><STRONG><a name="[17688ac]"></a>__rt_lib_init_stdio_1</STRONG> (Thumb, 0 bytes, Stack size unknown bytes, libinit2.o(.ARM.Collect$$libinit$$00000021))

<P><STRONG><a name="[185dfc8]"></a>__rt_lib_shutdown</STRONG> (Thumb, 0 bytes, Stack size unknown bytes, libshutdown.o(.ARM.Collect$$libshutdown$$00000000))
<BR><BR>[Called By]<UL><LI><a href="#[185e838]">&gt;&gt;</a>&nbsp;&nbsp;&nbsp;__rt_exit_ls
</UL>

<P><STRONG><a name="[185d104]"></a>__rt_lib_shutdown_fp_trap_1</STRONG> (Thumb, 0 bytes, Stack size unknown bytes, libshutdown2.o(.ARM.Collect$$libshutdown$$00000006))

<P><STRONG><a name="[185cf24]"></a>__rt_lib_shutdown_heap_1</STRONG> (Thumb, 0 bytes, Stack size unknown bytes, libshutdown2.o(.ARM.Collect$$libshutdown$$0000000E))

<P><STRONG><a name="[185cee8]"></a>__rt_lib_shutdown_return</STRONG> (Thumb, 0 bytes, Stack size unknown bytes, libshutdown2.o(.ARM.Collect$$libshutdown$$0000000F))

<P><STRONG><a name="[185d050]"></a>__rt_lib_shutdown_signal_1</STRONG> (Thumb, 0 bytes, Stack size unknown bytes, libshutdown2.o(.ARM.Collect$$libshutdown$$00000009))

<P><STRONG><a name="[185d1b8]"></a>__rt_lib_shutdown_stdio_1</STRONG> (Thumb, 0 bytes, Stack size unknown bytes, libshutdown2.o(.ARM.Collect$$libshutdown$$00000003))

<P><STRONG><a name="[185cfd8]"></a>__rt_lib_shutdown_user_alloc_1</STRONG> (Thumb, 0 bytes, Stack size unknown bytes, libshutdown2.o(.ARM.Collect$$libshutdown$$0000000B))

<P><STRONG><a name="[176a364]"></a>__rt_entry</STRONG> (Thumb, 0 bytes, Stack size unknown bytes, rtentry.o(.ARM.Collect$$rtentry$$00000000))
<BR><BR>[Called By]<UL><LI><a href="#[176d190]">&gt;&gt;</a>&nbsp;&nbsp;&nbsp;__main
<LI><a href="#[185c150]">&gt;&gt;</a>&nbsp;&nbsp;&nbsp;__scatterload_rt2
</UL>

<P><STRONG><a name="[17672e0]"></a>__rt_entry_presh_1</STRONG> (Thumb, 0 bytes, Stack size unknown bytes, rtentry2.o(.ARM.Collect$$rtentry$$00000002))

<P><STRONG><a name="[1766f5c]"></a>__rt_entry_sh</STRONG> (Thumb, 0 bytes, Stack size unknown bytes, rtentry4.o(.ARM.Collect$$rtentry$$00000004))
<BR><BR>[Stack]<UL><LI>Max Depth = 8 + Unknown Stack Size
<LI>Call Chain = __rt_entry_sh &rArr; __user_setup_stackheap
</UL>
<BR>[Calls]<UL><LI><a href="#[1766458]">&gt;&gt;</a>&nbsp;&nbsp;&nbsp;__user_setup_stackheap
</UL>

<P><STRONG><a name="[176722c]"></a>__rt_entry_li</STRONG> (Thumb, 0 bytes, Stack size unknown bytes, rtentry2.o(.ARM.Collect$$rtentry$$0000000A))
<BR><BR>[Calls]<UL><LI><a href="#[1765be8]">&gt;&gt;</a>&nbsp;&nbsp;&nbsp;__rt_lib_init
</UL>

<P><STRONG><a name="[1767268]"></a>__rt_entry_postsh_1</STRONG> (Thumb, 0 bytes, Stack size unknown bytes, rtentry2.o(.ARM.Collect$$rtentry$$00000009))

<P><STRONG><a name="[1767178]"></a>__rt_entry_main</STRONG> (Thumb, 0 bytes, Stack size unknown bytes, rtentry2.o(.ARM.Collect$$rtentry$$0000000D))
<BR><BR>[Stack]<UL><LI>Max Depth = 664 + Unknown Stack Size
<LI>Call Chain = __rt_entry_main &rArr; main &rArr; Pic_Viewer &rArr; File_Browse &rArr; Show_File &rArr; AI_LoadPicFile &rArr; Decode &rArr; IQtIZzMCUComponent &rArr; IQtIZzBlock &rArr; Fast_IDCT &rArr; idctrow
</UL>
<BR>[Calls]<UL><LI><a href="#[b89018]">&gt;&gt;</a>&nbsp;&nbsp;&nbsp;main
<LI><a href="#[17662f0]">&gt;&gt;</a>&nbsp;&nbsp;&nbsp;exit
</UL>

<P><STRONG><a name="[17671b4]"></a>__rt_entry_postli_1</STRONG> (Thumb, 0 bytes, Stack size unknown bytes, rtentry2.o(.ARM.Collect$$rtentry$$0000000C))

<P><STRONG><a name="[1765558]"></a>__rt_exit</STRONG> (Thumb, 0 bytes, Stack size unknown bytes, rtexit.o(.ARM.Collect$$rtexit$$00000000))
<BR><BR>[Called By]<UL><LI><a href="#[17662f0]">&gt;&gt;</a>&nbsp;&nbsp;&nbsp;exit
</UL>

<P><STRONG><a name="[185e838]"></a>__rt_exit_ls</STRONG> (Thumb, 0 bytes, Stack size unknown bytes, rtexit2.o(.ARM.Collect$$rtexit$$00000003))
<BR><BR>[Calls]<UL><LI><a href="#[185dfc8]">&gt;&gt;</a>&nbsp;&nbsp;&nbsp;__rt_lib_shutdown
</UL>

<P><STRONG><a name="[185e874]"></a>__rt_exit_prels_1</STRONG> (Thumb, 0 bytes, Stack size unknown bytes, rtexit2.o(.ARM.Collect$$rtexit$$00000002))

<P><STRONG><a name="[185e7fc]"></a>__rt_exit_exit</STRONG> (Thumb, 0 bytes, Stack size unknown bytes, rtexit2.o(.ARM.Collect$$rtexit$$00000004))
<BR><BR>[Calls]<UL><LI><a href="#[b86534]">&gt;&gt;</a>&nbsp;&nbsp;&nbsp;_sys_exit
</UL>

<P><STRONG><a name="[b86f84]"></a>WFI_SET</STRONG> (Thumb, 2 bytes, Stack size 0 bytes, sys.o(.emb_text))
<BR><BR>[Called By]<UL><LI><a href="#[b86da4]">&gt;&gt;</a>&nbsp;&nbsp;&nbsp;Sys_Standby
</UL>

<P><STRONG><a name="[b8e658]"></a>Reset_Handler</STRONG> (Thumb, 4 bytes, Stack size 0 bytes, stm32f10x.o(.text))
<BR>[Address Reference Count : 1]<UL><LI> stm32f10x.o(RESET)
</UL>
<P><STRONG><a name="[b8e61c]"></a>NMI_Handler</STRONG> (Thumb, 2 bytes, Stack size 0 bytes, stm32f10x.o(.text))
<BR><BR>[Calls]<UL><LI><a href="#[b8e61c]">&gt;&gt;</a>&nbsp;&nbsp;&nbsp;NMI_Handler
</UL>
<BR>[Called By]<UL><LI><a href="#[b8e61c]">&gt;&gt;</a>&nbsp;&nbsp;&nbsp;NMI_Handler
</UL>
<BR>[Address Reference Count : 1]<UL><LI> stm32f10x.o(RESET)
</UL>
<P><STRONG><a name="[b8e5e0]"></a>HardFault_Handler</STRONG> (Thumb, 2 bytes, Stack size 0 bytes, stm32f10x.o(.text))
<BR><BR>[Calls]<UL><LI><a href="#[b8e5e0]">&gt;&gt;</a>&nbsp;&nbsp;&nbsp;HardFault_Handler
</UL>
<BR>[Called By]<UL><LI><a href="#[b8e5e0]">&gt;&gt;</a>&nbsp;&nbsp;&nbsp;HardFault_Handler
</UL>
<BR>[Address Reference Count : 1]<UL><LI> stm32f10x.o(RESET)
</UL>
<P><STRONG><a name="[b8e5a4]"></a>MemManage_Handler</STRONG> (Thumb, 2 bytes, Stack size 0 bytes, stm32f10x.o(.text))
<BR><BR>[Calls]<UL><LI><a href="#[b8e5a4]">&gt;&gt;</a>&nbsp;&nbsp;&nbsp;MemManage_Handler
</UL>
<BR>[Called By]<UL><LI><a href="#[b8e5a4]">&gt;&gt;</a>&nbsp;&nbsp;&nbsp;MemManage_Handler
</UL>
<BR>[Address Reference Count : 1]<UL><LI> stm32f10x.o(RESET)
</UL>
<P><STRONG><a name="[b8e568]"></a>BusFault_Handler</STRONG> (Thumb, 2 bytes, Stack size 0 bytes, stm32f10x.o(.text))
<BR><BR>[Calls]<UL><LI><a href="#[b8e568]">&gt;&gt;</a>&nbsp;&nbsp;&nbsp;BusFault_Handler
</UL>
<BR>[Called By]<UL><LI><a href="#[b8e568]">&gt;&gt;</a>&nbsp;&nbsp;&nbsp;BusFault_Handler
</UL>
<BR>[Address Reference Count : 1]<UL><LI> stm32f10x.o(RESET)
</UL>
<P><STRONG><a name="[b8e52c]"></a>UsageFault_Handler</STRONG> (Thumb, 2 bytes, Stack size 0 bytes, stm32f10x.o(.text))
<BR><BR>[Calls]<UL><LI><a href="#[b8e52c]">&gt;&gt;</a>&nbsp;&nbsp;&nbsp;UsageFault_Handler
</UL>
<BR>[Called By]<UL><LI><a href="#[b8e52c]">&gt;&gt;</a>&nbsp;&nbsp;&nbsp;UsageFault_Handler
</UL>
<BR>[Address Reference Count : 1]<UL><LI> stm32f10x.o(RESET)
</UL>
<P><STRONG><a name="[b8e4f0]"></a>SVC_Handler</STRONG> (Thumb, 2 bytes, Stack size 0 bytes, stm32f10x.o(.text))
<BR><BR>[Calls]<UL><LI><a href="#[b8e4f0]">&gt;&gt;</a>&nbsp;&nbsp;&nbsp;SVC_Handler
</UL>
<BR>[Called By]<UL><LI><a href="#[b8e4f0]">&gt;&gt;</a>&nbsp;&nbsp;&nbsp;SVC_Handler
</UL>
<BR>[Address Reference Count : 1]<UL><LI> stm32f10x.o(RESET)
</UL>
<P><STRONG><a name="[b8e4b4]"></a>DebugMon_Handler</STRONG> (Thumb, 2 bytes, Stack size 0 bytes, stm32f10x.o(.text))
<BR><BR>[Calls]<UL><LI><a href="#[b8e4b4]">&gt;&gt;</a>&nbsp;&nbsp;&nbsp;DebugMon_Handler
</UL>
<BR>[Called By]<UL><LI><a href="#[b8e4b4]">&gt;&gt;</a>&nbsp;&nbsp;&nbsp;DebugMon_Handler
</UL>
<BR>[Address Reference Count : 1]<UL><LI> stm32f10x.o(RESET)
</UL>
<P><STRONG><a name="[b8e478]"></a>PendSV_Handler</STRONG> (Thumb, 2 bytes, Stack size 0 bytes, stm32f10x.o(.text))
<BR><BR>[Calls]<UL><LI><a href="#[b8e478]">&gt;&gt;</a>&nbsp;&nbsp;&nbsp;PendSV_Handler
</UL>
<BR>[Called By]<UL><LI><a href="#[b8e478]">&gt;&gt;</a>&nbsp;&nbsp;&nbsp;PendSV_Handler
</UL>
<BR>[Address Reference Count : 1]<UL><LI> stm32f10x.o(RESET)
</UL>
<P><STRONG><a name="[b8e43c]"></a>SysTick_Handler</STRONG> (Thumb, 2 bytes, Stack size 0 bytes, stm32f10x.o(.text))
<BR><BR>[Calls]<UL><LI><a href="#[b8e43c]">&gt;&gt;</a>&nbsp;&nbsp;&nbsp;SysTick_Handler
</UL>
<BR>[Called By]<UL><LI><a href="#[b8e43c]">&gt;&gt;</a>&nbsp;&nbsp;&nbsp;SysTick_Handler
</UL>
<BR>[Address Reference Count : 1]<UL><LI> stm32f10x.o(RESET)
</UL>
<P><STRONG><a name="[b8e400]"></a>ADC_IRQHandler</STRONG> (Thumb, 0 bytes, Stack size 0 bytes, stm32f10x.o(.text))
<BR><BR>[Calls]<UL><LI><a href="#[b8e400]">&gt;&gt;</a>&nbsp;&nbsp;&nbsp;ADC_IRQHandler
</UL>
<BR>[Called By]<UL><LI><a href="#[b8e400]">&gt;&gt;</a>&nbsp;&nbsp;&nbsp;ADC_IRQHandler
</UL>
<BR>[Address Reference Count : 1]<UL><LI> stm32f10x.o(RESET)
</UL>
<P><STRONG><a name="[b8e3c4]"></a>CAN_RX1_IRQHandler</STRONG> (Thumb, 0 bytes, Stack size 0 bytes, stm32f10x.o(.text))
<BR>[Address Reference Count : 1]<UL><LI> stm32f10x.o(RESET)
</UL>
<P><STRONG><a name="[b8e388]"></a>CAN_SCE_IRQHandler</STRONG> (Thumb, 0 bytes, Stack size 0 bytes, stm32f10x.o(.text))
<BR>[Address Reference Count : 1]<UL><LI> stm32f10x.o(RESET)
</UL>
<P><STRONG><a name="[b8e34c]"></a>DMAChannel1_IRQHandler</STRONG> (Thumb, 0 bytes, Stack size 0 bytes, stm32f10x.o(.text))
<BR>[Address Reference Count : 1]<UL><LI> stm32f10x.o(RESET)
</UL>
<P><STRONG><a name="[b8e310]"></a>DMAChannel2_IRQHandler</STRONG> (Thumb, 0 bytes, Stack size 0 bytes, stm32f10x.o(.text))
<BR>[Address Reference Count : 1]<UL><LI> stm32f10x.o(RESET)
</UL>
<P><STRONG><a name="[b8e2d4]"></a>DMAChannel3_IRQHandler</STRONG> (Thumb, 0 bytes, Stack size 0 bytes, stm32f10x.o(.text))
<BR>[Address Reference Count : 1]<UL><LI> stm32f10x.o(RESET)
</UL>
<P><STRONG><a name="[b8e298]"></a>DMAChannel4_IRQHandler</STRONG> (Thumb, 0 bytes, Stack size 0 bytes, stm32f10x.o(.text))
<BR>[Address Reference Count : 1]<UL><LI> stm32f10x.o(RESET)
</UL>
<P><STRONG><a name="[b8e25c]"></a>DMAChannel5_IRQHandler</STRONG> (Thumb, 0 bytes, Stack size 0 bytes, stm32f10x.o(.text))
<BR>[Address Reference Count : 1]<UL><LI> stm32f10x.o(RESET)
</UL>
<P><STRONG><a name="[b8e220]"></a>DMAChannel6_IRQHandler</STRONG> (Thumb, 0 bytes, Stack size 0 bytes, stm32f10x.o(.text))
<BR>[Address Reference Count : 1]<UL><LI> stm32f10x.o(RESET)
</UL>
<P><STRONG><a name="[b8e1e4]"></a>DMAChannel7_IRQHandler</STRONG> (Thumb, 0 bytes, Stack size 0 bytes, stm32f10x.o(.text))
<BR>[Address Reference Count : 1]<UL><LI> stm32f10x.o(RESET)
</UL>
<P><STRONG><a name="[b8e0f4]"></a>EXTI2_IRQHandler</STRONG> (Thumb, 0 bytes, Stack size 0 bytes, stm32f10x.o(.text))
<BR>[Address Reference Count : 1]<UL><LI> stm32f10x.o(RESET)
</UL>
<P><STRONG><a name="[b8e0b8]"></a>EXTI3_IRQHandler</STRONG> (Thumb, 0 bytes, Stack size 0 bytes, stm32f10x.o(.text))
<BR>[Address Reference Count : 1]<UL><LI> stm32f10x.o(RESET)
</UL>
<P><STRONG><a name="[b8e07c]"></a>EXTI4_IRQHandler</STRONG> (Thumb, 0 bytes, Stack size 0 bytes, stm32f10x.o(.text))
<BR>[Address Reference Count : 1]<UL><LI> stm32f10x.o(RESET)
</UL>
<P><STRONG><a name="[b8e040]"></a>EXTI9_5_IRQHandler</STRONG> (Thumb, 0 bytes, Stack size 0 bytes, stm32f10x.o(.text))
<BR>[Address Reference Count : 1]<UL><LI> stm32f10x.o(RESET)
</UL>
<P><STRONG><a name="[b8e004]"></a>FLASH_IRQHandler</STRONG> (Thumb, 0 bytes, Stack size 0 bytes, stm32f10x.o(.text))
<BR>[Address Reference Count : 1]<UL><LI> stm32f10x.o(RESET)
</UL>
<P><STRONG><a name="[b8dfc8]"></a>I2C1_ER_IRQHandler</STRONG> (Thumb, 0 bytes, Stack size 0 bytes, stm32f10x.o(.text))
<BR>[Address Reference Count : 1]<UL><LI> stm32f10x.o(RESET)
</UL>
<P><STRONG><a name="[b8df8c]"></a>I2C1_EV_IRQHandler</STRONG> (Thumb, 0 bytes, Stack size 0 bytes, stm32f10x.o(.text))
<BR>[Address Reference Count : 1]<UL><LI> stm32f10x.o(RESET)
</UL>
<P><STRONG><a name="[b8df50]"></a>I2C2_ER_IRQHandler</STRONG> (Thumb, 0 bytes, Stack size 0 bytes, stm32f10x.o(.text))
<BR>[Address Reference Count : 1]<UL><LI> stm32f10x.o(RESET)
</UL>
<P><STRONG><a name="[b8df14]"></a>I2C2_EV_IRQHandler</STRONG> (Thumb, 0 bytes, Stack size 0 bytes, stm32f10x.o(.text))
<BR>[Address Reference Count : 1]<UL><LI> stm32f10x.o(RESET)
</UL>
<P><STRONG><a name="[b8ded8]"></a>PVD_IRQHandler</STRONG> (Thumb, 0 bytes, Stack size 0 bytes, stm32f10x.o(.text))
<BR>[Address Reference Count : 1]<UL><LI> stm32f10x.o(RESET)
</UL>
<P><STRONG><a name="[b8de9c]"></a>RCC_IRQHandler</STRONG> (Thumb, 0 bytes, Stack size 0 bytes, stm32f10x.o(.text))
<BR>[Address Reference Count : 1]<UL><LI> stm32f10x.o(RESET)
</UL>
<P><STRONG><a name="[b8de60]"></a>RTCAlarm_IRQHandler</STRONG> (Thumb, 0 bytes, Stack size 0 bytes, stm32f10x.o(.text))
<BR>[Address Reference Count : 1]<UL><LI> stm32f10x.o(RESET)
</UL>
<P><STRONG><a name="[b8dde8]"></a>SPI1_IRQHandler</STRONG> (Thumb, 0 bytes, Stack size 0 bytes, stm32f10x.o(.text))
<BR>[Address Reference Count : 1]<UL><LI> stm32f10x.o(RESET)
</UL>
<P><STRONG><a name="[b8ddac]"></a>SPI2_IRQHandler</STRONG> (Thumb, 0 bytes, Stack size 0 bytes, stm32f10x.o(.text))
<BR>[Address Reference Count : 1]<UL><LI> stm32f10x.o(RESET)
</UL>
<P><STRONG><a name="[b8dd70]"></a>TAMPER_IRQHandler</STRONG> (Thumb, 0 bytes, Stack size 0 bytes, stm32f10x.o(.text))
<BR>[Address Reference Count : 1]<UL><LI> stm32f10x.o(RESET)
</UL>
<P><STRONG><a name="[b8dd34]"></a>TIM1_BRK_IRQHandler</STRONG> (Thumb, 0 bytes, Stack size 0 bytes, stm32f10x.o(.text))
<BR>[Address Reference Count : 1]<UL><LI> stm32f10x.o(RESET)
</UL>
<P><STRONG><a name="[b8dcf8]"></a>TIM1_CC_IRQHandler</STRONG> (Thumb, 0 bytes, Stack size 0 bytes, stm32f10x.o(.text))
<BR>[Address Reference Count : 1]<UL><LI> stm32f10x.o(RESET)
</UL>
<P><STRONG><a name="[b8dcbc]"></a>TIM1_TRG_COM_IRQHandler</STRONG> (Thumb, 0 bytes, Stack size 0 bytes, stm32f10x.o(.text))
<BR>[Address Reference Count : 1]<UL><LI> stm32f10x.o(RESET)
</UL>
<P><STRONG><a name="[b8dc80]"></a>TIM1_UP_IRQHandler</STRONG> (Thumb, 0 bytes, Stack size 0 bytes, stm32f10x.o(.text))
<BR>[Address Reference Count : 1]<UL><LI> stm32f10x.o(RESET)
</UL>
<P><STRONG><a name="[b8dc44]"></a>TIM2_IRQHandler</STRONG> (Thumb, 0 bytes, Stack size 0 bytes, stm32f10x.o(.text))
<BR>[Address Reference Count : 1]<UL><LI> stm32f10x.o(RESET)
</UL>
<P><STRONG><a name="[b8dbcc]"></a>TIM4_IRQHandler</STRONG> (Thumb, 0 bytes, Stack size 0 bytes, stm32f10x.o(.text))
<BR>[Address Reference Count : 1]<UL><LI> stm32f10x.o(RESET)
</UL>
<P><STRONG><a name="[b8db90]"></a>USART1_IRQHandler</STRONG> (Thumb, 0 bytes, Stack size 0 bytes, stm32f10x.o(.text))
<BR>[Address Reference Count : 1]<UL><LI> stm32f10x.o(RESET)
</UL>
<P><STRONG><a name="[b8db54]"></a>USART2_IRQHandler</STRONG> (Thumb, 0 bytes, Stack size 0 bytes, stm32f10x.o(.text))
<BR>[Address Reference Count : 1]<UL><LI> stm32f10x.o(RESET)
</UL>
<P><STRONG><a name="[b8db18]"></a>USART3_IRQHandler</STRONG> (Thumb, 0 bytes, Stack size 0 bytes, stm32f10x.o(.text))
<BR>[Address Reference Count : 1]<UL><LI> stm32f10x.o(RESET)
</UL>
<P><STRONG><a name="[b8dadc]"></a>USBWakeUp_IRQHandler</STRONG> (Thumb, 0 bytes, Stack size 0 bytes, stm32f10x.o(.text))
<BR>[Address Reference Count : 1]<UL><LI> stm32f10x.o(RESET)
</UL>
<P><STRONG><a name="[b8e748]"></a>__user_initial_stackheap</STRONG> (Thumb, 0 bytes, Stack size unknown bytes, stm32f10x.o(.text))
<BR><BR>[Called By]<UL><LI><a href="#[1766458]">&gt;&gt;</a>&nbsp;&nbsp;&nbsp;__user_setup_stackheap
</UL>

<P><STRONG><a name="[176e84c]"></a>__use_no_semihosting</STRONG> (Thumb, 2 bytes, Stack size 0 bytes, use_no_semi_2.o(.text), UNUSED)

<P><STRONG><a name="[176e540]"></a>__2printf</STRONG> (Thumb, 24 bytes, Stack size 24 bytes, noretval__2printf.o(.text))
<BR><BR>[Stack]<UL><LI>Max Depth = 120 + Unknown Stack Size
<LI>Call Chain = __2printf &rArr; _printf_char_common &rArr; __printf
</UL>
<BR>[Calls]<UL><LI><a href="#[1769e00]">&gt;&gt;</a>&nbsp;&nbsp;&nbsp;_printf_char_common
</UL>
<BR>[Called By]<UL><LI><a href="#[b88d0c]">&gt;&gt;</a>&nbsp;&nbsp;&nbsp;LCD_Init
</UL>

<P><STRONG><a name="[176e450]"></a>__printf</STRONG> (Thumb, 110 bytes, Stack size 24 bytes, __printf.o(.text))
<BR><BR>[Stack]<UL><LI>Max Depth = 24 + Unknown Stack Size
<LI>Call Chain = __printf
</UL>
<BR>[Calls]<UL><LI><a href="#[176d898]">&gt;&gt;</a>&nbsp;&nbsp;&nbsp;_printf_percent
</UL>
<BR>[Called By]<UL><LI><a href="#[1769e00]">&gt;&gt;</a>&nbsp;&nbsp;&nbsp;_printf_char_common
</UL>

<P><STRONG><a name="[176e360]"></a>_printf_int_dec</STRONG> (Thumb, 96 bytes, Stack size 24 bytes, _printf_dec.o(.text))
<BR><BR>[Stack]<UL><LI>Max Depth = 56<LI>Call Chain = _printf_int_dec &rArr; _printf_int_common
</UL>
<BR>[Calls]<UL><LI><a href="#[17699c8]">&gt;&gt;</a>&nbsp;&nbsp;&nbsp;__rt_udiv10
<LI><a href="#[1769fa4]">&gt;&gt;</a>&nbsp;&nbsp;&nbsp;_printf_int_common
</UL>
<BR>[Called By]<UL><LI><a href="#[176d94c]">&gt;&gt;</a>&nbsp;&nbsp;&nbsp;_printf_d
</UL>

<P><STRONG><a name="[176d640]"></a>srand</STRONG> (Thumb, 40 bytes, Stack size 8 bytes, rand.o(.text))
<BR><BR>[Stack]<UL><LI>Max Depth = 8<LI>Call Chain = srand
</UL>
<BR>[Called By]<UL><LI><a href="#[16a4714]">&gt;&gt;</a>&nbsp;&nbsp;&nbsp;PT_Map_Init
<LI><a href="#[176d604]">&gt;&gt;</a>&nbsp;&nbsp;&nbsp;_rand_init
</UL>

<P><STRONG><a name="[176d604]"></a>_rand_init</STRONG> (Thumb, 4 bytes, Stack size 0 bytes, rand.o(.text))
<BR><BR>[Stack]<UL><LI>Max Depth = 8<LI>Call Chain = _rand_init &rArr; srand
</UL>
<BR>[Calls]<UL><LI><a href="#[176d640]">&gt;&gt;</a>&nbsp;&nbsp;&nbsp;srand
</UL>
<BR>[Called By]<UL><LI><a href="#[1768e4c]">&gt;&gt;</a>&nbsp;&nbsp;&nbsp;__rt_lib_init_rand_2
</UL>

<P><STRONG><a name="[176d5c8]"></a>rand</STRONG> (Thumb, 58 bytes, Stack size 12 bytes, rand.o(.text))
<BR><BR>[Stack]<UL><LI>Max Depth = 12<LI>Call Chain = rand
</UL>
<BR>[Called By]<UL><LI><a href="#[16a4714]">&gt;&gt;</a>&nbsp;&nbsp;&nbsp;PT_Map_Init
</UL>

<P><STRONG><a name="[176d49c]"></a>__aeabi_memcpy4</STRONG> (Thumb, 0 bytes, Stack size 8 bytes, rt_memcpy_w.o(.text))
<BR><BR>[Stack]<UL><LI>Max Depth = 8<LI>Call Chain = __aeabi_memcpy4
</UL>
<BR>[Called By]<UL><LI><a href="#[16abd70]">&gt;&gt;</a>&nbsp;&nbsp;&nbsp;F_Search
</UL>

<P><STRONG><a name="[176d460]"></a>__aeabi_memcpy8</STRONG> (Thumb, 0 bytes, Stack size 8 bytes, rt_memcpy_w.o(.text), UNUSED)

<P><STRONG><a name="[176d424]"></a>__rt_memcpy_w</STRONG> (Thumb, 100 bytes, Stack size 8 bytes, rt_memcpy_w.o(.text), UNUSED)

<P><STRONG><a name="[176d3e8]"></a>_memcpy_lastbytes_aligned</STRONG> (Thumb, 0 bytes, Stack size unknown bytes, rt_memcpy_w.o(.text), UNUSED)

<P><STRONG><a name="[176d2f8]"></a>__use_two_region_memory</STRONG> (Thumb, 2 bytes, Stack size 0 bytes, heapauxi.o(.text), UNUSED)

<P><STRONG><a name="[176d2bc]"></a>__rt_heap_escrow$2region</STRONG> (Thumb, 2 bytes, Stack size 0 bytes, heapauxi.o(.text), UNUSED)

<P><STRONG><a name="[176d280]"></a>__rt_heap_expand$2region</STRONG> (Thumb, 2 bytes, Stack size 0 bytes, heapauxi.o(.text), UNUSED)

<P><STRONG><a name="[176a454]"></a>__I$use$semihosting</STRONG> (Thumb, 0 bytes, Stack size 0 bytes, use_no_semi.o(.text), UNUSED)

<P><STRONG><a name="[176a418]"></a>__use_no_semihosting_swi</STRONG> (Thumb, 2 bytes, Stack size 0 bytes, use_no_semi.o(.text), UNUSED)

<P><STRONG><a name="[176a10c]"></a>__read_errno</STRONG> (Thumb, 10 bytes, Stack size 8 bytes, _rserrno.o(.text), UNUSED)
<BR><BR>[Calls]<UL><LI><a href="#[1766c50]">&gt;&gt;</a>&nbsp;&nbsp;&nbsp;__aeabi_errno_addr
</UL>

<P><STRONG><a name="[176a0d0]"></a>__set_errno</STRONG> (Thumb, 12 bytes, Stack size 8 bytes, _rserrno.o(.text))
<BR><BR>[Stack]<UL><LI>Max Depth = 8<LI>Call Chain = __set_errno
</UL>
<BR>[Calls]<UL><LI><a href="#[1766c50]">&gt;&gt;</a>&nbsp;&nbsp;&nbsp;__aeabi_errno_addr
</UL>
<BR>[Called By]<UL><LI><a href="#[176a5bc]">&gt;&gt;</a>&nbsp;&nbsp;&nbsp;sqrt
</UL>

<P><STRONG><a name="[1769fa4]"></a>_printf_int_common</STRONG> (Thumb, 174 bytes, Stack size 32 bytes, _printf_intcommon.o(.text))
<BR><BR>[Stack]<UL><LI>Max Depth = 32<LI>Call Chain = _printf_int_common
</UL>
<BR>[Called By]<UL><LI><a href="#[176e360]">&gt;&gt;</a>&nbsp;&nbsp;&nbsp;_printf_int_dec
</UL>

<P><STRONG><a name="[1769e00]"></a>_printf_char_common</STRONG> (Thumb, 34 bytes, Stack size 72 bytes, _printf_char_common.o(.text))
<BR><BR>[Stack]<UL><LI>Max Depth = 96 + Unknown Stack Size
<LI>Call Chain = _printf_char_common &rArr; __printf
</UL>
<BR>[Calls]<UL><LI><a href="#[176e450]">&gt;&gt;</a>&nbsp;&nbsp;&nbsp;__printf
</UL>
<BR>[Called By]<UL><LI><a href="#[176e540]">&gt;&gt;</a>&nbsp;&nbsp;&nbsp;__2printf
</UL>

<P><STRONG><a name="[17699c8]"></a>__rt_udiv10</STRONG> (Thumb, 16 bytes, Stack size 0 bytes, rtudiv10.o(.text))
<BR><BR>[Called By]<UL><LI><a href="#[176e360]">&gt;&gt;</a>&nbsp;&nbsp;&nbsp;_printf_int_dec
</UL>

<P><STRONG><a name="[1766c50]"></a>__aeabi_errno_addr</STRONG> (Thumb, 12 bytes, Stack size 0 bytes, rt_errno_addr_intlibspace.o(.text))
<BR><BR>[Called By]<UL><LI><a href="#[176a0d0]">&gt;&gt;</a>&nbsp;&nbsp;&nbsp;__set_errno
<LI><a href="#[176a10c]">&gt;&gt;</a>&nbsp;&nbsp;&nbsp;__read_errno
</UL>

<P><STRONG><a name="[1766c14]"></a>__errno$intlibspace</STRONG> (Thumb, 0 bytes, Stack size 0 bytes, rt_errno_addr_intlibspace.o(.text), UNUSED)

<P><STRONG><a name="[1766bd8]"></a>__rt_errno_addr$intlibspace</STRONG> (Thumb, 0 bytes, Stack size 0 bytes, rt_errno_addr_intlibspace.o(.text), UNUSED)

<P><STRONG><a name="[17665c0]"></a>__user_libspace</STRONG> (Thumb, 8 bytes, Stack size 0 bytes, libspace.o(.text), UNUSED)

<P><STRONG><a name="[1766584]"></a>__user_perproc_libspace</STRONG> (Thumb, 0 bytes, Stack size 0 bytes, libspace.o(.text))
<BR><BR>[Called By]<UL><LI><a href="#[1766458]">&gt;&gt;</a>&nbsp;&nbsp;&nbsp;__user_setup_stackheap
</UL>

<P><STRONG><a name="[1766548]"></a>__user_perthread_libspace</STRONG> (Thumb, 0 bytes, Stack size 0 bytes, libspace.o(.text), UNUSED)

<P><STRONG><a name="[1766458]"></a>__user_setup_stackheap</STRONG> (Thumb, 74 bytes, Stack size 8 bytes, sys_stackheap_outer.o(.text))
<BR><BR>[Stack]<UL><LI>Max Depth = 8 + Unknown Stack Size
<LI>Call Chain = __user_setup_stackheap
</UL>
<BR>[Calls]<UL><LI><a href="#[b8e748]">&gt;&gt;</a>&nbsp;&nbsp;&nbsp;__user_initial_stackheap
<LI><a href="#[1766584]">&gt;&gt;</a>&nbsp;&nbsp;&nbsp;__user_perproc_libspace
</UL>
<BR>[Called By]<UL><LI><a href="#[1766f5c]">&gt;&gt;</a>&nbsp;&nbsp;&nbsp;__rt_entry_sh
</UL>

<P><STRONG><a name="[17662f0]"></a>exit</STRONG> (Thumb, 12 bytes, Stack size 0 bytes, exit.o(.text))
<BR><BR>[Calls]<UL><LI><a href="#[1765558]">&gt;&gt;</a>&nbsp;&nbsp;&nbsp;__rt_exit
</UL>
<BR>[Called By]<UL><LI><a href="#[1767178]">&gt;&gt;</a>&nbsp;&nbsp;&nbsp;__rt_entry_main
</UL>

<P><STRONG><a name="[c47584]"></a>ADS_Read_AD</STRONG> (Thumb, 102 bytes, Stack size 16 bytes, touch.o(i.ADS_Read_AD))
<BR><BR>[Stack]<UL><LI>Max Depth = 16<LI>Call Chain = ADS_Read_AD
</UL>
<BR>[Calls]<UL><LI><a href="#[b87f74]">&gt;&gt;</a>&nbsp;&nbsp;&nbsp;delay_us
<LI><a href="#[c4750c]">&gt;&gt;</a>&nbsp;&nbsp;&nbsp;ADS_Write_Byte
</UL>
<BR>[Called By]<UL><LI><a href="#[c47548]">&gt;&gt;</a>&nbsp;&nbsp;&nbsp;ADS_Read_XY
</UL>

<P><STRONG><a name="[c47548]"></a>ADS_Read_XY</STRONG> (Thumb, 134 bytes, Stack size 48 bytes, touch.o(i.ADS_Read_XY))
<BR><BR>[Stack]<UL><LI>Max Depth = 64<LI>Call Chain = ADS_Read_XY &rArr; ADS_Read_AD
</UL>
<BR>[Calls]<UL><LI><a href="#[c47584]">&gt;&gt;</a>&nbsp;&nbsp;&nbsp;ADS_Read_AD
</UL>
<BR>[Called By]<UL><LI><a href="#[c47368]">&gt;&gt;</a>&nbsp;&nbsp;&nbsp;Read_ADS
</UL>

<P><STRONG><a name="[c4750c]"></a>ADS_Write_Byte</STRONG> (Thumb, 56 bytes, Stack size 0 bytes, touch.o(i.ADS_Write_Byte))
<BR><BR>[Called By]<UL><LI><a href="#[c47584]">&gt;&gt;</a>&nbsp;&nbsp;&nbsp;ADS_Read_AD
</UL>

<P><STRONG><a name="[16a74c8]"></a>AI_Drow_Init</STRONG> (Thumb, 262 bytes, Stack size 40 bytes, jpegdecode.o(i.AI_Drow_Init))
<BR><BR>[Stack]<UL><LI>Max Depth = 44<LI>Call Chain = AI_Drow_Init &rArr; __aeabi_fdiv
</UL>
<BR>[Calls]<UL><LI><a href="#[176a79c]">&gt;&gt;</a>&nbsp;&nbsp;&nbsp;__aeabi_cfrcmple
<LI><a href="#[176a904]">&gt;&gt;</a>&nbsp;&nbsp;&nbsp;__aeabi_fmul
<LI><a href="#[176aa30]">&gt;&gt;</a>&nbsp;&nbsp;&nbsp;__aeabi_cfcmple
<LI><a href="#[176ab5c]">&gt;&gt;</a>&nbsp;&nbsp;&nbsp;__aeabi_ui2f
<LI><a href="#[176ae68]">&gt;&gt;</a>&nbsp;&nbsp;&nbsp;__aeabi_f2uiz
<LI><a href="#[176b480]">&gt;&gt;</a>&nbsp;&nbsp;&nbsp;__aeabi_fdiv
<LI><a href="#[176b714]">&gt;&gt;</a>&nbsp;&nbsp;&nbsp;__aeabi_fsub
<LI><a href="#[176b840]">&gt;&gt;</a>&nbsp;&nbsp;&nbsp;__aeabi_fadd
</UL>
<BR>[Called By]<UL><LI><a href="#[16a7450]">&gt;&gt;</a>&nbsp;&nbsp;&nbsp;BmpDecode
<LI><a href="#[16a748c]">&gt;&gt;</a>&nbsp;&nbsp;&nbsp;AI_LoadPicFile
</UL>

<P><STRONG><a name="[16a748c]"></a>AI_LoadPicFile</STRONG> (Thumb, 234 bytes, Stack size 32 bytes, jpegdecode.o(i.AI_LoadPicFile))
<BR><BR>[Stack]<UL><LI>Max Depth = 408<LI>Call Chain = AI_LoadPicFile &rArr; Decode &rArr; IQtIZzMCUComponent &rArr; IQtIZzBlock &rArr; Fast_IDCT &rArr; idctrow
</UL>
<BR>[Calls]<UL><LI><a href="#[16a71f8]">&gt;&gt;</a>&nbsp;&nbsp;&nbsp;InitTag
<LI><a href="#[16a7234]">&gt;&gt;</a>&nbsp;&nbsp;&nbsp;InitTable
<LI><a href="#[16a7414]">&gt;&gt;</a>&nbsp;&nbsp;&nbsp;Decode
<LI><a href="#[16a7450]">&gt;&gt;</a>&nbsp;&nbsp;&nbsp;BmpDecode
<LI><a href="#[16a74c8]">&gt;&gt;</a>&nbsp;&nbsp;&nbsp;AI_Drow_Init
<LI><a href="#[16abdac]">&gt;&gt;</a>&nbsp;&nbsp;&nbsp;F_Read
<LI><a href="#[16abde8]">&gt;&gt;</a>&nbsp;&nbsp;&nbsp;F_Open
</UL>
<BR>[Called By]<UL><LI><a href="#[b88b2c]">&gt;&gt;</a>&nbsp;&nbsp;&nbsp;Pic_Viewer
<LI><a href="#[b88c1c]">&gt;&gt;</a>&nbsp;&nbsp;&nbsp;Load_Sys_ICO
<LI><a href="#[16a2824]">&gt;&gt;</a>&nbsp;&nbsp;&nbsp;Show_File
<LI><a href="#[16a48b8]">&gt;&gt;</a>&nbsp;&nbsp;&nbsp;Move_Pic
<LI><a href="#[16a48f4]">&gt;&gt;</a>&nbsp;&nbsp;&nbsp;Load_Game_PIC
</UL>

<P><STRONG><a name="[b88fdc]"></a>AI_Read_TP</STRONG> (Thumb, 270 bytes, Stack size 16 bytes, touch.o(i.AI_Read_TP))
<BR><BR>[Stack]<UL><LI>Max Depth = 160<LI>Call Chain = AI_Read_TP &rArr; Convert_Pos &rArr; Read_ADS2 &rArr; Read_ADS &rArr; ADS_Read_XY &rArr; ADS_Read_AD
</UL>
<BR>[Calls]<UL><LI><a href="#[b87f74]">&gt;&gt;</a>&nbsp;&nbsp;&nbsp;delay_us
<LI><a href="#[c47278]">&gt;&gt;</a>&nbsp;&nbsp;&nbsp;T_abs
<LI><a href="#[c473a4]">&gt;&gt;</a>&nbsp;&nbsp;&nbsp;Pen_Int_Set
<LI><a href="#[c474d0]">&gt;&gt;</a>&nbsp;&nbsp;&nbsp;Convert_Pos
</UL>
<BR>[Called By]<UL><LI><a href="#[b8876c]">&gt;&gt;</a>&nbsp;&nbsp;&nbsp;Wireless_Play
<LI><a href="#[b887e4]">&gt;&gt;</a>&nbsp;&nbsp;&nbsp;USB_Play
<LI><a href="#[b8885c]">&gt;&gt;</a>&nbsp;&nbsp;&nbsp;Touch_Play
<LI><a href="#[b88910]">&gt;&gt;</a>&nbsp;&nbsp;&nbsp;Time_Viewer
<LI><a href="#[b88b2c]">&gt;&gt;</a>&nbsp;&nbsp;&nbsp;Pic_Viewer
<LI><a href="#[b89018]">&gt;&gt;</a>&nbsp;&nbsp;&nbsp;main
<LI><a href="#[169e774]">&gt;&gt;</a>&nbsp;&nbsp;&nbsp;Wireless_Mode_Set
<LI><a href="#[16a0394]">&gt;&gt;</a>&nbsp;&nbsp;&nbsp;Read_Book
<LI><a href="#[16a2824]">&gt;&gt;</a>&nbsp;&nbsp;&nbsp;Show_File
<LI><a href="#[16a45ac]">&gt;&gt;</a>&nbsp;&nbsp;&nbsp;Load_Fun_Sel
<LI><a href="#[16a478c]">&gt;&gt;</a>&nbsp;&nbsp;&nbsp;PTGame_Play
<LI><a href="#[16a4804]">&gt;&gt;</a>&nbsp;&nbsp;&nbsp;PTG_Win_Msg
<LI><a href="#[16a4840]">&gt;&gt;</a>&nbsp;&nbsp;&nbsp;PTG_Best_Show
</UL>

<P><STRONG><a name="[b88fa0]"></a>AT24CXX_Check</STRONG> (Thumb, 46 bytes, Stack size 8 bytes, 24cxx.o(i.AT24CXX_Check))
<BR><BR>[Stack]<UL><LI>Max Depth = 48<LI>Call Chain = AT24CXX_Check &rArr; AT24CXX_ReadOneByte &rArr; IIC_Read_Byte &rArr; IIC_NAck
</UL>
<BR>[Calls]<UL><LI><a href="#[c52e34]">&gt;&gt;</a>&nbsp;&nbsp;&nbsp;AT24CXX_WriteOneByte
<LI><a href="#[c52ee8]">&gt;&gt;</a>&nbsp;&nbsp;&nbsp;AT24CXX_ReadOneByte
</UL>
<BR>[Called By]<UL><LI><a href="#[b89018]">&gt;&gt;</a>&nbsp;&nbsp;&nbsp;main
</UL>

<P><STRONG><a name="[c52f9c]"></a>AT24CXX_Init</STRONG> (Thumb, 8 bytes, Stack size 8 bytes, 24cxx.o(i.AT24CXX_Init))
<BR><BR>[Stack]<UL><LI>Max Depth = 8<LI>Call Chain = AT24CXX_Init
</UL>
<BR>[Calls]<UL><LI><a href="#[c52df8]">&gt;&gt;</a>&nbsp;&nbsp;&nbsp;IIC_Init
</UL>
<BR>[Called By]<UL><LI><a href="#[b88898]">&gt;&gt;</a>&nbsp;&nbsp;&nbsp;Touch_Init
</UL>

<P><STRONG><a name="[c52f24]"></a>AT24CXX_ReadLenByte</STRONG> (Thumb, 44 bytes, Stack size 24 bytes, 24cxx.o(i.AT24CXX_ReadLenByte))
<BR><BR>[Stack]<UL><LI>Max Depth = 64<LI>Call Chain = AT24CXX_ReadLenByte &rArr; AT24CXX_ReadOneByte &rArr; IIC_Read_Byte &rArr; IIC_NAck
</UL>
<BR>[Calls]<UL><LI><a href="#[c52ee8]">&gt;&gt;</a>&nbsp;&nbsp;&nbsp;AT24CXX_ReadOneByte
</UL>
<BR>[Called By]<UL><LI><a href="#[c4741c]">&gt;&gt;</a>&nbsp;&nbsp;&nbsp;Get_Adjdata
<LI><a href="#[16a4660]">&gt;&gt;</a>&nbsp;&nbsp;&nbsp;Read_PTG_Info
<LI><a href="#[16a469c]">&gt;&gt;</a>&nbsp;&nbsp;&nbsp;Read_PTG_Best
</UL>

<P><STRONG><a name="[c52ee8]"></a>AT24CXX_ReadOneByte</STRONG> (Thumb, 90 bytes, Stack size 16 bytes, 24cxx.o(i.AT24CXX_ReadOneByte))
<BR><BR>[Stack]<UL><LI>Max Depth = 40<LI>Call Chain = AT24CXX_ReadOneByte &rArr; IIC_Read_Byte &rArr; IIC_NAck
</UL>
<BR>[Calls]<UL><LI><a href="#[c52ccc]">&gt;&gt;</a>&nbsp;&nbsp;&nbsp;IIC_Wait_Ack
<LI><a href="#[c52d08]">&gt;&gt;</a>&nbsp;&nbsp;&nbsp;IIC_Stop
<LI><a href="#[c52d44]">&gt;&gt;</a>&nbsp;&nbsp;&nbsp;IIC_Start
<LI><a href="#[c52d80]">&gt;&gt;</a>&nbsp;&nbsp;&nbsp;IIC_Send_Byte
<LI><a href="#[c52dbc]">&gt;&gt;</a>&nbsp;&nbsp;&nbsp;IIC_Read_Byte
</UL>
<BR>[Called By]<UL><LI><a href="#[b88fa0]">&gt;&gt;</a>&nbsp;&nbsp;&nbsp;AT24CXX_Check
<LI><a href="#[c472b4]">&gt;&gt;</a>&nbsp;&nbsp;&nbsp;Save_Adjdata
<LI><a href="#[c4741c]">&gt;&gt;</a>&nbsp;&nbsp;&nbsp;Get_Adjdata
<LI><a href="#[c52f24]">&gt;&gt;</a>&nbsp;&nbsp;&nbsp;AT24CXX_ReadLenByte
<LI><a href="#[16a4660]">&gt;&gt;</a>&nbsp;&nbsp;&nbsp;Read_PTG_Info
</UL>

<P><STRONG><a name="[c52e70]"></a>AT24CXX_WriteLenByte</STRONG> (Thumb, 42 bytes, Stack size 24 bytes, 24cxx.o(i.AT24CXX_WriteLenByte))
<BR><BR>[Stack]<UL><LI>Max Depth = 56<LI>Call Chain = AT24CXX_WriteLenByte &rArr; AT24CXX_WriteOneByte &rArr; IIC_Wait_Ack &rArr; IIC_Stop
</UL>
<BR>[Calls]<UL><LI><a href="#[c52e34]">&gt;&gt;</a>&nbsp;&nbsp;&nbsp;AT24CXX_WriteOneByte
</UL>
<BR>[Called By]<UL><LI><a href="#[c472b4]">&gt;&gt;</a>&nbsp;&nbsp;&nbsp;Save_Adjdata
<LI><a href="#[16a45e8]">&gt;&gt;</a>&nbsp;&nbsp;&nbsp;Save_PTG_Info
<LI><a href="#[16a4624]">&gt;&gt;</a>&nbsp;&nbsp;&nbsp;Save_PTG_Best
</UL>

<P><STRONG><a name="[c52e34]"></a>AT24CXX_WriteOneByte</STRONG> (Thumb, 82 bytes, Stack size 16 bytes, 24cxx.o(i.AT24CXX_WriteOneByte))
<BR><BR>[Stack]<UL><LI>Max Depth = 32<LI>Call Chain = AT24CXX_WriteOneByte &rArr; IIC_Wait_Ack &rArr; IIC_Stop
</UL>
<BR>[Calls]<UL><LI><a href="#[b886f4]">&gt;&gt;</a>&nbsp;&nbsp;&nbsp;delay_ms
<LI><a href="#[c52ccc]">&gt;&gt;</a>&nbsp;&nbsp;&nbsp;IIC_Wait_Ack
<LI><a href="#[c52d08]">&gt;&gt;</a>&nbsp;&nbsp;&nbsp;IIC_Stop
<LI><a href="#[c52d44]">&gt;&gt;</a>&nbsp;&nbsp;&nbsp;IIC_Start
<LI><a href="#[c52d80]">&gt;&gt;</a>&nbsp;&nbsp;&nbsp;IIC_Send_Byte
</UL>
<BR>[Called By]<UL><LI><a href="#[b88fa0]">&gt;&gt;</a>&nbsp;&nbsp;&nbsp;AT24CXX_Check
<LI><a href="#[c472b4]">&gt;&gt;</a>&nbsp;&nbsp;&nbsp;Save_Adjdata
<LI><a href="#[c52e70]">&gt;&gt;</a>&nbsp;&nbsp;&nbsp;AT24CXX_WriteLenByte
<LI><a href="#[16a45e8]">&gt;&gt;</a>&nbsp;&nbsp;&nbsp;Save_PTG_Info
</UL>

<P><STRONG><a name="[c5452c]"></a>Adc_Init</STRONG> (Thumb, 372 bytes, Stack size 0 bytes, adc.o(i.Adc_Init))
<BR><BR>[Called By]<UL><LI><a href="#[b88910]">&gt;&gt;</a>&nbsp;&nbsp;&nbsp;Time_Viewer
</UL>

<P><STRONG><a name="[b88f64]"></a>Auto_Time_Set</STRONG> (Thumb, 256 bytes, Stack size 44 bytes, rtc.o(i.Auto_Time_Set))
<BR><BR>[Stack]<UL><LI>Max Depth = 76<LI>Call Chain = Auto_Time_Set &rArr; RTC_Set
</UL>
<BR>[Calls]<UL><LI><a href="#[b80990]">&gt;&gt;</a>&nbsp;&nbsp;&nbsp;str_cmpx
<LI><a href="#[b809cc]">&gt;&gt;</a>&nbsp;&nbsp;&nbsp;RTC_Set
</UL>
<BR>[Called By]<UL><LI><a href="#[b88af0]">&gt;&gt;</a>&nbsp;&nbsp;&nbsp;RTC_Init
<LI><a href="#[b89018]">&gt;&gt;</a>&nbsp;&nbsp;&nbsp;main
</UL>

<P><STRONG><a name="[16a7450]"></a>BmpDecode</STRONG> (Thumb, 614 bytes, Stack size 64 bytes, jpegdecode.o(i.BmpDecode))
<BR><BR>[Stack]<UL><LI>Max Depth = 144<LI>Call Chain = BmpDecode &rArr; F_Read &rArr; FAT_NextCluster &rArr; SD_ReadSingleBlock &rArr; SD_ReceiveData &rArr; SD_GetResponse
</UL>
<BR>[Calls]<UL><LI><a href="#[b81f5c]">&gt;&gt;</a>&nbsp;&nbsp;&nbsp;LCD_DrawPoint
<LI><a href="#[16a7180]">&gt;&gt;</a>&nbsp;&nbsp;&nbsp;IsElementOk
<LI><a href="#[16a74c8]">&gt;&gt;</a>&nbsp;&nbsp;&nbsp;AI_Drow_Init
<LI><a href="#[16abdac]">&gt;&gt;</a>&nbsp;&nbsp;&nbsp;F_Read
<LI><a href="#[16abde8]">&gt;&gt;</a>&nbsp;&nbsp;&nbsp;F_Open
</UL>
<BR>[Called By]<UL><LI><a href="#[16a748c]">&gt;&gt;</a>&nbsp;&nbsp;&nbsp;AI_LoadPicFile
</UL>

<P><STRONG><a name="[171a990]"></a>Bot_Abort</STRONG> (Thumb, 64 bytes, Stack size 8 bytes, usb_bot.o(i.Bot_Abort))
<BR><BR>[Stack]<UL><LI>Max Depth = 16<LI>Call Chain = Bot_Abort &rArr; SetEPRxStatus
</UL>
<BR>[Calls]<UL><LI><a href="#[171f454]">&gt;&gt;</a>&nbsp;&nbsp;&nbsp;SetEPRxStatus
<LI><a href="#[172690c]">&gt;&gt;</a>&nbsp;&nbsp;&nbsp;SetEPTxStatus
</UL>
<BR>[Called By]<UL><LI><a href="#[171a558]">&gt;&gt;</a>&nbsp;&nbsp;&nbsp;SCSI_Write10_Cmd
<LI><a href="#[171a594]">&gt;&gt;</a>&nbsp;&nbsp;&nbsp;SCSI_Verify10_Cmd
<LI><a href="#[171a5d0]">&gt;&gt;</a>&nbsp;&nbsp;&nbsp;SCSI_TestUnitReady_Cmd
<LI><a href="#[171a684]">&gt;&gt;</a>&nbsp;&nbsp;&nbsp;SCSI_ReadFormatCapacity_Cmd
<LI><a href="#[171a6c0]">&gt;&gt;</a>&nbsp;&nbsp;&nbsp;SCSI_ReadCapacity10_Cmd
<LI><a href="#[171a6fc]">&gt;&gt;</a>&nbsp;&nbsp;&nbsp;SCSI_Read10_Cmd
<LI><a href="#[171a7b0]">&gt;&gt;</a>&nbsp;&nbsp;&nbsp;SCSI_Invalid_Cmd
<LI><a href="#[171a828]">&gt;&gt;</a>&nbsp;&nbsp;&nbsp;SCSI_Format_Cmd
<LI><a href="#[171a8dc]">&gt;&gt;</a>&nbsp;&nbsp;&nbsp;Mass_Storage_Out
<LI><a href="#[171a954]">&gt;&gt;</a>&nbsp;&nbsp;&nbsp;CBW_Decode
<LI><a href="#[176eb1c]">&gt;&gt;</a>&nbsp;&nbsp;&nbsp;SCSI_Address_Management
<LI><a href="#[177109c]">&gt;&gt;</a>&nbsp;&nbsp;&nbsp;Mass_Storage_ClearFeature
</UL>

<P><STRONG><a name="[1726bdc]"></a>ByteSwap</STRONG> (Thumb, 12 bytes, Stack size 0 bytes, usb_regs.o(i.ByteSwap))
<BR><BR>[Called By]<UL><LI><a href="#[1726e34]">&gt;&gt;</a>&nbsp;&nbsp;&nbsp;Setup0_Process
</UL>

<P><STRONG><a name="[171a954]"></a>CBW_Decode</STRONG> (Thumb, 674 bytes, Stack size 8 bytes, usb_bot.o(i.CBW_Decode))
<BR><BR>[Stack]<UL><LI>Max Depth = 136<LI>Call Chain = CBW_Decode &rArr; SCSI_Write10_Cmd &rArr; Write_Memory &rArr; MAL_Write &rArr; MSD_WriteBuffer &rArr; SD_SendCommand_NoDeassert
</UL>
<BR>[Calls]<UL><LI><a href="#[171a51c]">&gt;&gt;</a>&nbsp;&nbsp;&nbsp;Set_Scsi_Sense_Data
<LI><a href="#[171a558]">&gt;&gt;</a>&nbsp;&nbsp;&nbsp;SCSI_Write10_Cmd
<LI><a href="#[171a594]">&gt;&gt;</a>&nbsp;&nbsp;&nbsp;SCSI_Verify10_Cmd
<LI><a href="#[171a5d0]">&gt;&gt;</a>&nbsp;&nbsp;&nbsp;SCSI_TestUnitReady_Cmd
<LI><a href="#[171a60c]">&gt;&gt;</a>&nbsp;&nbsp;&nbsp;SCSI_Start_Stop_Unit_Cmd
<LI><a href="#[171a648]">&gt;&gt;</a>&nbsp;&nbsp;&nbsp;SCSI_RequestSense_Cmd
<LI><a href="#[171a684]">&gt;&gt;</a>&nbsp;&nbsp;&nbsp;SCSI_ReadFormatCapacity_Cmd
<LI><a href="#[171a6c0]">&gt;&gt;</a>&nbsp;&nbsp;&nbsp;SCSI_ReadCapacity10_Cmd
<LI><a href="#[171a6fc]">&gt;&gt;</a>&nbsp;&nbsp;&nbsp;SCSI_Read10_Cmd
<LI><a href="#[171a738]">&gt;&gt;</a>&nbsp;&nbsp;&nbsp;SCSI_ModeSense6_Cmd
<LI><a href="#[171a774]">&gt;&gt;</a>&nbsp;&nbsp;&nbsp;SCSI_ModeSense10_Cmd
<LI><a href="#[171a7b0]">&gt;&gt;</a>&nbsp;&nbsp;&nbsp;SCSI_Invalid_Cmd
<LI><a href="#[171a7ec]">&gt;&gt;</a>&nbsp;&nbsp;&nbsp;SCSI_Inquiry_Cmd
<LI><a href="#[171a828]">&gt;&gt;</a>&nbsp;&nbsp;&nbsp;SCSI_Format_Cmd
<LI><a href="#[171a990]">&gt;&gt;</a>&nbsp;&nbsp;&nbsp;Bot_Abort
<LI><a href="#[171c394]">&gt;&gt;</a>&nbsp;&nbsp;&nbsp;Set_CSW
</UL>
<BR>[Called By]<UL><LI><a href="#[171a8dc]">&gt;&gt;</a>&nbsp;&nbsp;&nbsp;Mass_Storage_Out
</UL>

<P><STRONG><a name="[1725868]"></a>CTR_HP</STRONG> (Thumb, 174 bytes, Stack size 8 bytes, usb_int.o(i.CTR_HP))
<BR><BR>[Stack]<UL><LI>Max Depth = 8<LI>Call Chain = CTR_HP
</UL>
<BR>[Called By]<UL><LI><a href="#[171b674]">&gt;&gt;</a>&nbsp;&nbsp;&nbsp;USB_HP_CAN_TX_IRQHandler
</UL>

<P><STRONG><a name="[172582c]"></a>CTR_LP</STRONG> (Thumb, 816 bytes, Stack size 8 bytes, usb_int.o(i.CTR_LP))
<BR><BR>[Stack]<UL><LI>Max Depth = 108<LI>Call Chain = CTR_LP &rArr; Setup0_Process &rArr; Data_Setup0 &rArr; DataStageIn &rArr; UserToPMABufferCopy
</UL>
<BR>[Calls]<UL><LI><a href="#[1726e34]">&gt;&gt;</a>&nbsp;&nbsp;&nbsp;Setup0_Process
<LI><a href="#[1726ee8]">&gt;&gt;</a>&nbsp;&nbsp;&nbsp;Out0_Process
<LI><a href="#[1726f60]">&gt;&gt;</a>&nbsp;&nbsp;&nbsp;In0_Process
</UL>
<BR>[Called By]<UL><LI><a href="#[171b5fc]">&gt;&gt;</a>&nbsp;&nbsp;&nbsp;USB_Istr
</UL>

<P><STRONG><a name="[b801d4]"></a>Check_WKUP</STRONG> (Thumb, 70 bytes, Stack size 16 bytes, wkup.o(i.Check_WKUP))
<BR><BR>[Stack]<UL><LI>Max Depth = 16<LI>Call Chain = Check_WKUP
</UL>
<BR>[Calls]<UL><LI><a href="#[b886f4]">&gt;&gt;</a>&nbsp;&nbsp;&nbsp;delay_ms
</UL>
<BR>[Called By]<UL><LI><a href="#[b80198]">&gt;&gt;</a>&nbsp;&nbsp;&nbsp;EXTI0_IRQHandler
</UL>

<P><STRONG><a name="[1726ba0]"></a>ClearDTOG_RX</STRONG> (Thumb, 50 bytes, Stack size 0 bytes, usb_regs.o(i.ClearDTOG_RX))
<BR><BR>[Called By]<UL><LI><a href="#[1726df8]">&gt;&gt;</a>&nbsp;&nbsp;&nbsp;Standard_ClearFeature
<LI><a href="#[1771060]">&gt;&gt;</a>&nbsp;&nbsp;&nbsp;Mass_Storage_SetConfiguration
<LI><a href="#[17711c8]">&gt;&gt;</a>&nbsp;&nbsp;&nbsp;MASS_NoData_Setup
</UL>

<P><STRONG><a name="[1726b64]"></a>ClearDTOG_TX</STRONG> (Thumb, 50 bytes, Stack size 0 bytes, usb_regs.o(i.ClearDTOG_TX))
<BR><BR>[Called By]<UL><LI><a href="#[1726df8]">&gt;&gt;</a>&nbsp;&nbsp;&nbsp;Standard_ClearFeature
<LI><a href="#[1771060]">&gt;&gt;</a>&nbsp;&nbsp;&nbsp;Mass_Storage_SetConfiguration
<LI><a href="#[17711c8]">&gt;&gt;</a>&nbsp;&nbsp;&nbsp;MASS_NoData_Setup
</UL>

<P><STRONG><a name="[16a1b7c]"></a>Clear_Cursor</STRONG> (Thumb, 154 bytes, Stack size 40 bytes, cursor.o(i.Clear_Cursor))
<BR><BR>[Stack]<UL><LI>Max Depth = 76<LI>Call Chain = Clear_Cursor &rArr; LCD_DrawPoint &rArr; LCD_SetCursor &rArr; LCD_WriteReg
</UL>
<BR>[Calls]<UL><LI><a href="#[b81f5c]">&gt;&gt;</a>&nbsp;&nbsp;&nbsp;LCD_DrawPoint
</UL>
<BR>[Called By]<UL><LI><a href="#[b88be0]">&gt;&gt;</a>&nbsp;&nbsp;&nbsp;Mouse_Play
<LI><a href="#[16a1b40]">&gt;&gt;</a>&nbsp;&nbsp;&nbsp;Cursor_Draw
</UL>
<BR>[Address Reference Count : 1]<UL><LI> cursor.o(.data)
</UL>
<P><STRONG><a name="[171fcc4]"></a>Clear_Status_Out</STRONG> (Thumb, 30 bytes, Stack size 0 bytes, usb_regs.o(i.Clear_Status_Out))
<BR><BR>[Called By]<UL><LI><a href="#[177118c]">&gt;&gt;</a>&nbsp;&nbsp;&nbsp;MASS_Reset
</UL>

<P><STRONG><a name="[c474d0]"></a>Convert_Pos</STRONG> (Thumb, 130 bytes, Stack size 24 bytes, touch.o(i.Convert_Pos))
<BR><BR>[Stack]<UL><LI>Max Depth = 144<LI>Call Chain = Convert_Pos &rArr; Read_ADS2 &rArr; Read_ADS &rArr; ADS_Read_XY &rArr; ADS_Read_AD
</UL>
<BR>[Calls]<UL><LI><a href="#[c4732c]">&gt;&gt;</a>&nbsp;&nbsp;&nbsp;Read_ADS2
<LI><a href="#[176a904]">&gt;&gt;</a>&nbsp;&nbsp;&nbsp;__aeabi_fmul
<LI><a href="#[176ab5c]">&gt;&gt;</a>&nbsp;&nbsp;&nbsp;__aeabi_ui2f
<LI><a href="#[176ac10]">&gt;&gt;</a>&nbsp;&nbsp;&nbsp;__aeabi_i2f
<LI><a href="#[176ae68]">&gt;&gt;</a>&nbsp;&nbsp;&nbsp;__aeabi_f2uiz
<LI><a href="#[176b840]">&gt;&gt;</a>&nbsp;&nbsp;&nbsp;__aeabi_fadd
</UL>
<BR>[Called By]<UL><LI><a href="#[b88fdc]">&gt;&gt;</a>&nbsp;&nbsp;&nbsp;AI_Read_TP
</UL>

<P><STRONG><a name="[16abe9c]"></a>CopyDirentruyItem</STRONG> (Thumb, 272 bytes, Stack size 24 bytes, fat.o(i.CopyDirentruyItem))
<BR><BR>[Stack]<UL><LI>Max Depth = 96<LI>Call Chain = CopyDirentruyItem &rArr; UniToGB &rArr; UnicodeToGBK &rArr; SPI_Flash_Read
</UL>
<BR>[Calls]<UL><LI><a href="#[16abbcc]">&gt;&gt;</a>&nbsp;&nbsp;&nbsp;UniToGB
<LI><a href="#[16abcbc]">&gt;&gt;</a>&nbsp;&nbsp;&nbsp;FileType_Tell
</UL>
<BR>[Called By]<UL><LI><a href="#[16abc80]">&gt;&gt;</a>&nbsp;&nbsp;&nbsp;Get_File_Info
<LI><a href="#[16abd70]">&gt;&gt;</a>&nbsp;&nbsp;&nbsp;F_Search
</UL>

<P><STRONG><a name="[16a1b40]"></a>Cursor_Draw</STRONG> (Thumb, 26 bytes, Stack size 16 bytes, cursor.o(i.Cursor_Draw))
<BR><BR>[Stack]<UL><LI>Max Depth = 100<LI>Call Chain = Cursor_Draw &rArr; Set_Cursor &rArr; LCD_ReadPoint &rArr; LCD_SetCursor &rArr; LCD_WriteReg
</UL>
<BR>[Calls]<UL><LI><a href="#[16a1b04]">&gt;&gt;</a>&nbsp;&nbsp;&nbsp;Set_Cursor
<LI><a href="#[16a1b7c]">&gt;&gt;</a>&nbsp;&nbsp;&nbsp;Clear_Cursor
</UL>
<BR>[Address Reference Count : 1]<UL><LI> cursor.o(.data)
</UL>
<P><STRONG><a name="[c4afa4]"></a>DS18B20_Check</STRONG> (Thumb, 98 bytes, Stack size 8 bytes, ds18b20.o(i.DS18B20_Check))
<BR><BR>[Stack]<UL><LI>Max Depth = 8<LI>Call Chain = DS18B20_Check
</UL>
<BR>[Calls]<UL><LI><a href="#[b87f74]">&gt;&gt;</a>&nbsp;&nbsp;&nbsp;delay_us
</UL>
<BR>[Called By]<UL><LI><a href="#[c4ae3c]">&gt;&gt;</a>&nbsp;&nbsp;&nbsp;DS18B20_Start
<LI><a href="#[c4af2c]">&gt;&gt;</a>&nbsp;&nbsp;&nbsp;DS18B20_Init
<LI><a href="#[c4af68]">&gt;&gt;</a>&nbsp;&nbsp;&nbsp;DS18B20_Get_Temp
</UL>

<P><STRONG><a name="[c4af68]"></a>DS18B20_Get_Temp</STRONG> (Thumb, 120 bytes, Stack size 40 bytes, ds18b20.o(i.DS18B20_Get_Temp))
<BR><BR>[Stack]<UL><LI>Max Depth = 64<LI>Call Chain = DS18B20_Get_Temp &rArr; DS18B20_Start &rArr; DS18B20_Write_Byte
</UL>
<BR>[Calls]<UL><LI><a href="#[c4ae00]">&gt;&gt;</a>&nbsp;&nbsp;&nbsp;DS18B20_Write_Byte
<LI><a href="#[c4ae3c]">&gt;&gt;</a>&nbsp;&nbsp;&nbsp;DS18B20_Start
<LI><a href="#[c4ae78]">&gt;&gt;</a>&nbsp;&nbsp;&nbsp;DS18B20_Rst
<LI><a href="#[c4aeb4]">&gt;&gt;</a>&nbsp;&nbsp;&nbsp;DS18B20_Read_Byte
<LI><a href="#[c4afa4]">&gt;&gt;</a>&nbsp;&nbsp;&nbsp;DS18B20_Check
<LI><a href="#[176ac10]">&gt;&gt;</a>&nbsp;&nbsp;&nbsp;__aeabi_i2f
<LI><a href="#[176bb88]">&gt;&gt;</a>&nbsp;&nbsp;&nbsp;__aeabi_f2d
<LI><a href="#[176be1c]">&gt;&gt;</a>&nbsp;&nbsp;&nbsp;__aeabi_dmul
<LI><a href="#[176c614]">&gt;&gt;</a>&nbsp;&nbsp;&nbsp;__aeabi_d2iz
</UL>
<BR>[Called By]<UL><LI><a href="#[b88910]">&gt;&gt;</a>&nbsp;&nbsp;&nbsp;Time_Viewer
</UL>

<P><STRONG><a name="[c4af2c]"></a>DS18B20_Init</STRONG> (Thumb, 66 bytes, Stack size 8 bytes, ds18b20.o(i.DS18B20_Init))
<BR><BR>[Stack]<UL><LI>Max Depth = 16<LI>Call Chain = DS18B20_Init &rArr; DS18B20_Rst
</UL>
<BR>[Calls]<UL><LI><a href="#[c4ae78]">&gt;&gt;</a>&nbsp;&nbsp;&nbsp;DS18B20_Rst
<LI><a href="#[c4afa4]">&gt;&gt;</a>&nbsp;&nbsp;&nbsp;DS18B20_Check
</UL>
<BR>[Called By]<UL><LI><a href="#[b88910]">&gt;&gt;</a>&nbsp;&nbsp;&nbsp;Time_Viewer
</UL>

<P><STRONG><a name="[c4aef0]"></a>DS18B20_Read_Bit</STRONG> (Thumb, 110 bytes, Stack size 8 bytes, ds18b20.o(i.DS18B20_Read_Bit))
<BR><BR>[Stack]<UL><LI>Max Depth = 8<LI>Call Chain = DS18B20_Read_Bit
</UL>
<BR>[Calls]<UL><LI><a href="#[b87f74]">&gt;&gt;</a>&nbsp;&nbsp;&nbsp;delay_us
</UL>
<BR>[Called By]<UL><LI><a href="#[c4aeb4]">&gt;&gt;</a>&nbsp;&nbsp;&nbsp;DS18B20_Read_Byte
</UL>

<P><STRONG><a name="[c4aeb4]"></a>DS18B20_Read_Byte</STRONG> (Thumb, 34 bytes, Stack size 16 bytes, ds18b20.o(i.DS18B20_Read_Byte))
<BR><BR>[Stack]<UL><LI>Max Depth = 24<LI>Call Chain = DS18B20_Read_Byte &rArr; DS18B20_Read_Bit
</UL>
<BR>[Calls]<UL><LI><a href="#[c4aef0]">&gt;&gt;</a>&nbsp;&nbsp;&nbsp;DS18B20_Read_Bit
</UL>
<BR>[Called By]<UL><LI><a href="#[c4af68]">&gt;&gt;</a>&nbsp;&nbsp;&nbsp;DS18B20_Get_Temp
</UL>

<P><STRONG><a name="[c4ae78]"></a>DS18B20_Rst</STRONG> (Thumb, 60 bytes, Stack size 8 bytes, ds18b20.o(i.DS18B20_Rst))
<BR><BR>[Stack]<UL><LI>Max Depth = 8<LI>Call Chain = DS18B20_Rst
</UL>
<BR>[Calls]<UL><LI><a href="#[b87f74]">&gt;&gt;</a>&nbsp;&nbsp;&nbsp;delay_us
</UL>
<BR>[Called By]<UL><LI><a href="#[c4ae3c]">&gt;&gt;</a>&nbsp;&nbsp;&nbsp;DS18B20_Start
<LI><a href="#[c4af2c]">&gt;&gt;</a>&nbsp;&nbsp;&nbsp;DS18B20_Init
<LI><a href="#[c4af68]">&gt;&gt;</a>&nbsp;&nbsp;&nbsp;DS18B20_Get_Temp
</UL>

<P><STRONG><a name="[c4ae3c]"></a>DS18B20_Start</STRONG> (Thumb, 24 bytes, Stack size 8 bytes, ds18b20.o(i.DS18B20_Start))
<BR><BR>[Stack]<UL><LI>Max Depth = 24<LI>Call Chain = DS18B20_Start &rArr; DS18B20_Write_Byte
</UL>
<BR>[Calls]<UL><LI><a href="#[c4ae00]">&gt;&gt;</a>&nbsp;&nbsp;&nbsp;DS18B20_Write_Byte
<LI><a href="#[c4ae78]">&gt;&gt;</a>&nbsp;&nbsp;&nbsp;DS18B20_Rst
<LI><a href="#[c4afa4]">&gt;&gt;</a>&nbsp;&nbsp;&nbsp;DS18B20_Check
</UL>
<BR>[Called By]<UL><LI><a href="#[c4af68]">&gt;&gt;</a>&nbsp;&nbsp;&nbsp;DS18B20_Get_Temp
</UL>

<P><STRONG><a name="[c4ae00]"></a>DS18B20_Write_Byte</STRONG> (Thumb, 108 bytes, Stack size 16 bytes, ds18b20.o(i.DS18B20_Write_Byte))
<BR><BR>[Stack]<UL><LI>Max Depth = 16<LI>Call Chain = DS18B20_Write_Byte
</UL>
<BR>[Calls]<UL><LI><a href="#[b87f74]">&gt;&gt;</a>&nbsp;&nbsp;&nbsp;delay_us
</UL>
<BR>[Called By]<UL><LI><a href="#[c4ae3c]">&gt;&gt;</a>&nbsp;&nbsp;&nbsp;DS18B20_Start
<LI><a href="#[c4af68]">&gt;&gt;</a>&nbsp;&nbsp;&nbsp;DS18B20_Get_Temp
</UL>

<P><STRONG><a name="[16a08f8]"></a>Date_Refresh</STRONG> (Thumb, 200 bytes, Stack size 24 bytes, timeplay.o(i.Date_Refresh))
<BR><BR>[Stack]<UL><LI>Max Depth = 200<LI>Call Chain = Date_Refresh &rArr; Show_Str &rArr; Show_Font &rArr; Get_HzMat &rArr; SPI_Flash_Read
</UL>
<BR>[Calls]<UL><LI><a href="#[b80a44]">&gt;&gt;</a>&nbsp;&nbsp;&nbsp;RTC_Get_Week
<LI><a href="#[b81df4]">&gt;&gt;</a>&nbsp;&nbsp;&nbsp;LCD_Show2Num
<LI><a href="#[b88c94]">&gt;&gt;</a>&nbsp;&nbsp;&nbsp;LCD_ShowString
<LI><a href="#[16aa72c]">&gt;&gt;</a>&nbsp;&nbsp;&nbsp;Show_Str
</UL>
<BR>[Called By]<UL><LI><a href="#[b88910]">&gt;&gt;</a>&nbsp;&nbsp;&nbsp;Time_Viewer
</UL>

<P><STRONG><a name="[16a7414]"></a>Decode</STRONG> (Thumb, 324 bytes, Stack size 8 bytes, jpegdecode.o(i.Decode))
<BR><BR>[Stack]<UL><LI>Max Depth = 376<LI>Call Chain = Decode &rArr; IQtIZzMCUComponent &rArr; IQtIZzBlock &rArr; Fast_IDCT &rArr; idctrow
</UL>
<BR>[Calls]<UL><LI><a href="#[16a70cc]">&gt;&gt;</a>&nbsp;&nbsp;&nbsp;StoreBuffer
<LI><a href="#[16a71bc]">&gt;&gt;</a>&nbsp;&nbsp;&nbsp;Initialize_Fast_IDCT
<LI><a href="#[16a7270]">&gt;&gt;</a>&nbsp;&nbsp;&nbsp;IQtIZzMCUComponent
<LI><a href="#[16a7324]">&gt;&gt;</a>&nbsp;&nbsp;&nbsp;GetYUV
<LI><a href="#[16a739c]">&gt;&gt;</a>&nbsp;&nbsp;&nbsp;DecodeMCUBlock
</UL>
<BR>[Called By]<UL><LI><a href="#[16a748c]">&gt;&gt;</a>&nbsp;&nbsp;&nbsp;AI_LoadPicFile
</UL>

<P><STRONG><a name="[16a73d8]"></a>DecodeElement</STRONG> (Thumb, 598 bytes, Stack size 48 bytes, jpegdecode.o(i.DecodeElement))
<BR><BR>[Stack]<UL><LI>Max Depth = 168<LI>Call Chain = DecodeElement &rArr; ReadByte &rArr; P_Cal &rArr; F_Read &rArr; FAT_NextCluster &rArr; SD_ReadSingleBlock &rArr; SD_ReceiveData &rArr; SD_GetResponse
</UL>
<BR>[Calls]<UL><LI><a href="#[16a7108]">&gt;&gt;</a>&nbsp;&nbsp;&nbsp;ReadByte
</UL>
<BR>[Called By]<UL><LI><a href="#[16a72e8]">&gt;&gt;</a>&nbsp;&nbsp;&nbsp;HufBlock
</UL>

<P><STRONG><a name="[16a739c]"></a>DecodeMCUBlock</STRONG> (Thumb, 458 bytes, Stack size 24 bytes, jpegdecode.o(i.DecodeMCUBlock))
<BR><BR>[Stack]<UL><LI>Max Depth = 216<LI>Call Chain = DecodeMCUBlock &rArr; HufBlock &rArr; DecodeElement &rArr; ReadByte &rArr; P_Cal &rArr; F_Read &rArr; FAT_NextCluster &rArr; SD_ReadSingleBlock &rArr; SD_ReceiveData &rArr; SD_GetResponse
</UL>
<BR>[Calls]<UL><LI><a href="#[16a7144]">&gt;&gt;</a>&nbsp;&nbsp;&nbsp;P_Cal
<LI><a href="#[16a72e8]">&gt;&gt;</a>&nbsp;&nbsp;&nbsp;HufBlock
</UL>
<BR>[Called By]<UL><LI><a href="#[16a7414]">&gt;&gt;</a>&nbsp;&nbsp;&nbsp;Decode
</UL>

<P><STRONG><a name="[b8204c]"></a>Delay</STRONG> (Thumb, 22 bytes, Stack size 0 bytes, ili93xx.o(i.Delay))
<BR><BR>[Called By]<UL><LI><a href="#[b88d0c]">&gt;&gt;</a>&nbsp;&nbsp;&nbsp;LCD_Init
</UL>

<P><STRONG><a name="[c47494]"></a>Draw_Big_Point</STRONG> (Thumb, 44 bytes, Stack size 16 bytes, touch.o(i.Draw_Big_Point))
<BR><BR>[Stack]<UL><LI>Max Depth = 52<LI>Call Chain = Draw_Big_Point &rArr; LCD_DrawPoint &rArr; LCD_SetCursor &rArr; LCD_WriteReg
</UL>
<BR>[Calls]<UL><LI><a href="#[b81f5c]">&gt;&gt;</a>&nbsp;&nbsp;&nbsp;LCD_DrawPoint
</UL>
<BR>[Called By]<UL><LI><a href="#[b8876c]">&gt;&gt;</a>&nbsp;&nbsp;&nbsp;Wireless_Play
<LI><a href="#[b8885c]">&gt;&gt;</a>&nbsp;&nbsp;&nbsp;Touch_Play
<LI><a href="#[b88be0]">&gt;&gt;</a>&nbsp;&nbsp;&nbsp;Mouse_Play
<LI><a href="#[16a2950]">&gt;&gt;</a>&nbsp;&nbsp;&nbsp;LCD_DrawDLine
</UL>

<P><STRONG><a name="[b82010]"></a>Draw_Circle</STRONG> (Thumb, 200 bytes, Stack size 32 bytes, ili93xx.o(i.Draw_Circle))
<BR><BR>[Stack]<UL><LI>Max Depth = 68<LI>Call Chain = Draw_Circle &rArr; LCD_DrawPoint &rArr; LCD_SetCursor &rArr; LCD_WriteReg
</UL>
<BR>[Calls]<UL><LI><a href="#[b81f5c]">&gt;&gt;</a>&nbsp;&nbsp;&nbsp;LCD_DrawPoint
</UL>
<BR>[Called By]<UL><LI><a href="#[c47458]">&gt;&gt;</a>&nbsp;&nbsp;&nbsp;Drow_Touch_Point
</UL>

<P><STRONG><a name="[16a2a7c]"></a>Draw_Color_Table</STRONG> (Thumb, 292 bytes, Stack size 24 bytes, gui.o(i.Draw_Color_Table))
<BR><BR>[Stack]<UL><LI>Max Depth = 132<LI>Call Chain = Draw_Color_Table &rArr; LCD_DrawLine &rArr; LCD_DrawPoint &rArr; LCD_SetCursor &rArr; LCD_WriteReg
</UL>
<BR>[Calls]<UL><LI><a href="#[b81ee4]">&gt;&gt;</a>&nbsp;&nbsp;&nbsp;LCD_Fill
<LI><a href="#[b81f98]">&gt;&gt;</a>&nbsp;&nbsp;&nbsp;LCD_DrawLine
</UL>
<BR>[Called By]<UL><LI><a href="#[b8885c]">&gt;&gt;</a>&nbsp;&nbsp;&nbsp;Touch_Play
<LI><a href="#[b88be0]">&gt;&gt;</a>&nbsp;&nbsp;&nbsp;Mouse_Play
</UL>

<P><STRONG><a name="[c47458]"></a>Drow_Touch_Point</STRONG> (Thumb, 98 bytes, Stack size 16 bytes, touch.o(i.Drow_Touch_Point))
<BR><BR>[Stack]<UL><LI>Max Depth = 124<LI>Call Chain = Drow_Touch_Point &rArr; LCD_DrawLine &rArr; LCD_DrawPoint &rArr; LCD_SetCursor &rArr; LCD_WriteReg
</UL>
<BR>[Calls]<UL><LI><a href="#[b81f5c]">&gt;&gt;</a>&nbsp;&nbsp;&nbsp;LCD_DrawPoint
<LI><a href="#[b81f98]">&gt;&gt;</a>&nbsp;&nbsp;&nbsp;LCD_DrawLine
<LI><a href="#[b82010]">&gt;&gt;</a>&nbsp;&nbsp;&nbsp;Draw_Circle
</UL>
<BR>[Called By]<UL><LI><a href="#[b888d4]">&gt;&gt;</a>&nbsp;&nbsp;&nbsp;Touch_Adjust
</UL>

<P><STRONG><a name="[1773478]"></a>EP1_IN_Callback</STRONG> (Thumb, 8 bytes, Stack size 8 bytes, usb_endp.o(i.EP1_IN_Callback))
<BR><BR>[Stack]<UL><LI>Max Depth = 144<LI>Call Chain = EP1_IN_Callback &rArr; Mass_Storage_In &rArr; SCSI_Read10_Cmd &rArr; Read_Memory &rArr; MAL_Read &rArr; MSD_ReadBuffer &rArr; SD_ReceiveData &rArr; SD_GetResponse
</UL>
<BR>[Calls]<UL><LI><a href="#[171a918]">&gt;&gt;</a>&nbsp;&nbsp;&nbsp;Mass_Storage_In
</UL>
<BR>[Address Reference Count : 1]<UL><LI> usb_istr.o(.data)
</UL>
<P><STRONG><a name="[177343c]"></a>EP2_OUT_Callback</STRONG> (Thumb, 8 bytes, Stack size 8 bytes, usb_endp.o(i.EP2_OUT_Callback))
<BR><BR>[Stack]<UL><LI>Max Depth = 152<LI>Call Chain = EP2_OUT_Callback &rArr; Mass_Storage_Out &rArr; CBW_Decode &rArr; SCSI_Write10_Cmd &rArr; Write_Memory &rArr; MAL_Write &rArr; MSD_WriteBuffer &rArr; SD_SendCommand_NoDeassert
</UL>
<BR>[Calls]<UL><LI><a href="#[171a8dc]">&gt;&gt;</a>&nbsp;&nbsp;&nbsp;Mass_Storage_Out
</UL>
<BR>[Address Reference Count : 1]<UL><LI> usb_istr.o(.data)
</UL>
<P><STRONG><a name="[b80198]"></a>EXTI0_IRQHandler</STRONG> (Thumb, 20 bytes, Stack size 8 bytes, wkup.o(i.EXTI0_IRQHandler))
<BR><BR>[Stack]<UL><LI>Max Depth = 24<LI>Call Chain = EXTI0_IRQHandler &rArr; Sys_Enter_Standby &rArr; Sys_Standby
</UL>
<BR>[Calls]<UL><LI><a href="#[b8015c]">&gt;&gt;</a>&nbsp;&nbsp;&nbsp;Sys_Enter_Standby
<LI><a href="#[b801d4]">&gt;&gt;</a>&nbsp;&nbsp;&nbsp;Check_WKUP
</UL>
<BR>[Address Reference Count : 1]<UL><LI> stm32f10x.o(RESET)
</UL>
<P><STRONG><a name="[c493c0]"></a>EXTI15_10_IRQHandler</STRONG> (Thumb, 406 bytes, Stack size 4 bytes, ps2.o(i.EXTI15_10_IRQHandler))
<BR><BR>[Stack]<UL><LI>Max Depth = 8<LI>Call Chain = EXTI15_10_IRQHandler &rArr; PS2_Dis_Data_Report
</UL>
<BR>[Calls]<UL><LI><a href="#[c49384]">&gt;&gt;</a>&nbsp;&nbsp;&nbsp;PS2_Dis_Data_Report
</UL>
<BR>[Address Reference Count : 1]<UL><LI> stm32f10x.o(RESET)
</UL>
<P><STRONG><a name="[c4bdb4]"></a>EXTI1_IRQHandler</STRONG> (Thumb, 152 bytes, Stack size 24 bytes, remote.o(i.EXTI1_IRQHandler))
<BR><BR>[Stack]<UL><LI>Max Depth = 32<LI>Call Chain = EXTI1_IRQHandler &rArr; Pulse_Width_Check
</UL>
<BR>[Calls]<UL><LI><a href="#[c4bd78]">&gt;&gt;</a>&nbsp;&nbsp;&nbsp;Pulse_Width_Check
</UL>
<BR>[Address Reference Count : 1]<UL><LI> stm32f10x.o(RESET)
</UL>
<P><STRONG><a name="[b88f28]"></a>Ebook_Play</STRONG> (Thumb, 118 bytes, Stack size 16 bytes, ebookplay.o(i.Ebook_Play))
<BR><BR>[Stack]<UL><LI>Max Depth = 600<LI>Call Chain = Ebook_Play &rArr; File_Browse &rArr; Show_File &rArr; AI_LoadPicFile &rArr; Decode &rArr; IQtIZzMCUComponent &rArr; IQtIZzBlock &rArr; Fast_IDCT &rArr; idctrow
</UL>
<BR>[Calls]<UL><LI><a href="#[16a0394]">&gt;&gt;</a>&nbsp;&nbsp;&nbsp;Read_Book
<LI><a href="#[16a2914]">&gt;&gt;</a>&nbsp;&nbsp;&nbsp;Load_Gui_Bro
<LI><a href="#[16a2a40]">&gt;&gt;</a>&nbsp;&nbsp;&nbsp;File_Browse
<LI><a href="#[16aa72c]">&gt;&gt;</a>&nbsp;&nbsp;&nbsp;Show_Str
<LI><a href="#[16abc80]">&gt;&gt;</a>&nbsp;&nbsp;&nbsp;Get_File_Info
</UL>
<BR>[Called By]<UL><LI><a href="#[b89018]">&gt;&gt;</a>&nbsp;&nbsp;&nbsp;main
</UL>

<P><STRONG><a name="[b86f48]"></a>Ex_NVIC_Config</STRONG> (Thumb, 148 bytes, Stack size 16 bytes, sys.o(i.Ex_NVIC_Config))
<BR><BR>[Stack]<UL><LI>Max Depth = 16<LI>Call Chain = Ex_NVIC_Config
</UL>
<BR>[Called By]<UL><LI><a href="#[b88898]">&gt;&gt;</a>&nbsp;&nbsp;&nbsp;Touch_Init
<LI><a href="#[b88ab4]">&gt;&gt;</a>&nbsp;&nbsp;&nbsp;Remote_Play
<LI><a href="#[c4bd3c]">&gt;&gt;</a>&nbsp;&nbsp;&nbsp;Remote_Init
</UL>

<P><STRONG><a name="[b88eec]"></a>FAT_Init</STRONG> (Thumb, 254 bytes, Stack size 24 bytes, fat.o(i.FAT_Init))
<BR><BR>[Stack]<UL><LI>Max Depth = 112<LI>Call Chain = FAT_Init &rArr; SD_GetCapacity &rArr; SD_GetCSD &rArr; SD_ReceiveData &rArr; SD_GetResponse
</UL>
<BR>[Calls]<UL><LI><a href="#[c4c96c]">&gt;&gt;</a>&nbsp;&nbsp;&nbsp;SD_ReadSingleBlock
<LI><a href="#[c4ca5c]">&gt;&gt;</a>&nbsp;&nbsp;&nbsp;SD_GetCapacity
</UL>
<BR>[Called By]<UL><LI><a href="#[b89018]">&gt;&gt;</a>&nbsp;&nbsp;&nbsp;main
</UL>

<P><STRONG><a name="[16abe24]"></a>FAT_NextCluster</STRONG> (Thumb, 74 bytes, Stack size 16 bytes, fat.o(i.FAT_NextCluster))
<BR><BR>[Stack]<UL><LI>Max Depth = 64<LI>Call Chain = FAT_NextCluster &rArr; SD_ReadSingleBlock &rArr; SD_ReceiveData &rArr; SD_GetResponse
</UL>
<BR>[Calls]<UL><LI><a href="#[c4c96c]">&gt;&gt;</a>&nbsp;&nbsp;&nbsp;SD_ReadSingleBlock
</UL>
<BR>[Called By]<UL><LI><a href="#[16abc80]">&gt;&gt;</a>&nbsp;&nbsp;&nbsp;Get_File_Info
<LI><a href="#[16abd70]">&gt;&gt;</a>&nbsp;&nbsp;&nbsp;F_Search
<LI><a href="#[16abdac]">&gt;&gt;</a>&nbsp;&nbsp;&nbsp;F_Read
</UL>

<P><STRONG><a name="[16abde8]"></a>F_Open</STRONG> (Thumb, 10 bytes, Stack size 0 bytes, fat.o(i.F_Open))
<BR><BR>[Called By]<UL><LI><a href="#[b887a8]">&gt;&gt;</a>&nbsp;&nbsp;&nbsp;Update_Font
<LI><a href="#[16a0394]">&gt;&gt;</a>&nbsp;&nbsp;&nbsp;Read_Book
<LI><a href="#[16a7450]">&gt;&gt;</a>&nbsp;&nbsp;&nbsp;BmpDecode
<LI><a href="#[16a748c]">&gt;&gt;</a>&nbsp;&nbsp;&nbsp;AI_LoadPicFile
</UL>

<P><STRONG><a name="[16abdac]"></a>F_Read</STRONG> (Thumb, 98 bytes, Stack size 16 bytes, fat.o(i.F_Read))
<BR><BR>[Stack]<UL><LI>Max Depth = 80<LI>Call Chain = F_Read &rArr; FAT_NextCluster &rArr; SD_ReadSingleBlock &rArr; SD_ReceiveData &rArr; SD_GetResponse
</UL>
<BR>[Calls]<UL><LI><a href="#[c4c96c]">&gt;&gt;</a>&nbsp;&nbsp;&nbsp;SD_ReadSingleBlock
<LI><a href="#[16abc44]">&gt;&gt;</a>&nbsp;&nbsp;&nbsp;fatClustToSect
<LI><a href="#[16abe24]">&gt;&gt;</a>&nbsp;&nbsp;&nbsp;FAT_NextCluster
</UL>
<BR>[Called By]<UL><LI><a href="#[b887a8]">&gt;&gt;</a>&nbsp;&nbsp;&nbsp;Update_Font
<LI><a href="#[16a0394]">&gt;&gt;</a>&nbsp;&nbsp;&nbsp;Read_Book
<LI><a href="#[16a7144]">&gt;&gt;</a>&nbsp;&nbsp;&nbsp;P_Cal
<LI><a href="#[16a7450]">&gt;&gt;</a>&nbsp;&nbsp;&nbsp;BmpDecode
<LI><a href="#[16a748c]">&gt;&gt;</a>&nbsp;&nbsp;&nbsp;AI_LoadPicFile
</UL>

<P><STRONG><a name="[16abd70]"></a>F_Search</STRONG> (Thumb, 378 bytes, Stack size 168 bytes, fat.o(i.F_Search))
<BR><BR>[Stack]<UL><LI>Max Depth = 264<LI>Call Chain = F_Search &rArr; CopyDirentruyItem &rArr; UniToGB &rArr; UnicodeToGBK &rArr; SPI_Flash_Read
</UL>
<BR>[Calls]<UL><LI><a href="#[c4c96c]">&gt;&gt;</a>&nbsp;&nbsp;&nbsp;SD_ReadSingleBlock
<LI><a href="#[16abc08]">&gt;&gt;</a>&nbsp;&nbsp;&nbsp;mystrcmp
<LI><a href="#[16abc44]">&gt;&gt;</a>&nbsp;&nbsp;&nbsp;fatClustToSect
<LI><a href="#[16abe24]">&gt;&gt;</a>&nbsp;&nbsp;&nbsp;FAT_NextCluster
<LI><a href="#[16abe9c]">&gt;&gt;</a>&nbsp;&nbsp;&nbsp;CopyDirentruyItem
<LI><a href="#[176d49c]">&gt;&gt;</a>&nbsp;&nbsp;&nbsp;__aeabi_memcpy4
</UL>
<BR>[Called By]<UL><LI><a href="#[b887a8]">&gt;&gt;</a>&nbsp;&nbsp;&nbsp;Update_Font
<LI><a href="#[b8894c]">&gt;&gt;</a>&nbsp;&nbsp;&nbsp;SysInfoGet
</UL>

<P><STRONG><a name="[16a7360]"></a>Fast_IDCT</STRONG> (Thumb, 46 bytes, Stack size 12 bytes, jpegdecode.o(i.Fast_IDCT))
<BR><BR>[Stack]<UL><LI>Max Depth = 40<LI>Call Chain = Fast_IDCT &rArr; idctrow
</UL>
<BR>[Calls]<UL><LI><a href="#[16a7054]">&gt;&gt;</a>&nbsp;&nbsp;&nbsp;idctrow
<LI><a href="#[16a7090]">&gt;&gt;</a>&nbsp;&nbsp;&nbsp;idctcol
</UL>
<BR>[Called By]<UL><LI><a href="#[16a72ac]">&gt;&gt;</a>&nbsp;&nbsp;&nbsp;IQtIZzBlock
</UL>

<P><STRONG><a name="[16abcbc]"></a>FileType_Tell</STRONG> (Thumb, 60 bytes, Stack size 8 bytes, fat.o(i.FileType_Tell))
<BR><BR>[Stack]<UL><LI>Max Depth = 8<LI>Call Chain = FileType_Tell
</UL>
<BR>[Called By]<UL><LI><a href="#[16abc80]">&gt;&gt;</a>&nbsp;&nbsp;&nbsp;Get_File_Info
<LI><a href="#[16abe9c]">&gt;&gt;</a>&nbsp;&nbsp;&nbsp;CopyDirentruyItem
</UL>

<P><STRONG><a name="[16a2a40]"></a>File_Browse</STRONG> (Thumb, 414 bytes, Stack size 40 bytes, gui.o(i.File_Browse))
<BR><BR>[Stack]<UL><LI>Max Depth = 584<LI>Call Chain = File_Browse &rArr; Show_File &rArr; AI_LoadPicFile &rArr; Decode &rArr; IQtIZzMCUComponent &rArr; IQtIZzBlock &rArr; Fast_IDCT &rArr; idctrow
</UL>
<BR>[Calls]<UL><LI><a href="#[16a2824]">&gt;&gt;</a>&nbsp;&nbsp;&nbsp;Show_File
<LI><a href="#[16abc80]">&gt;&gt;</a>&nbsp;&nbsp;&nbsp;Get_File_Info
</UL>
<BR>[Called By]<UL><LI><a href="#[b88b2c]">&gt;&gt;</a>&nbsp;&nbsp;&nbsp;Pic_Viewer
<LI><a href="#[b88f28]">&gt;&gt;</a>&nbsp;&nbsp;&nbsp;Ebook_Play
</UL>

<P><STRONG><a name="[b88eb0]"></a>Font_Init</STRONG> (Thumb, 80 bytes, Stack size 16 bytes, fontupd.o(i.Font_Init))
<BR><BR>[Stack]<UL><LI>Max Depth = 40<LI>Call Chain = Font_Init &rArr; SPI_Flash_Read
</UL>
<BR>[Calls]<UL><LI><a href="#[c4fdec]">&gt;&gt;</a>&nbsp;&nbsp;&nbsp;SPI_Flash_Read
</UL>
<BR>[Called By]<UL><LI><a href="#[b89018]">&gt;&gt;</a>&nbsp;&nbsp;&nbsp;main
</UL>

<P><STRONG><a name="[16a2a04]"></a>GUI_DrawLine</STRONG> (Thumb, 52 bytes, Stack size 32 bytes, gui.o(i.GUI_DrawLine))
<BR><BR>[Stack]<UL><LI>Max Depth = 140<LI>Call Chain = GUI_DrawLine &rArr; LCD_DrawLine &rArr; LCD_DrawPoint &rArr; LCD_SetCursor &rArr; LCD_WriteReg
</UL>
<BR>[Calls]<UL><LI><a href="#[b81f98]">&gt;&gt;</a>&nbsp;&nbsp;&nbsp;LCD_DrawLine
</UL>
<BR>[Called By]<UL><LI><a href="#[16a29c8]">&gt;&gt;</a>&nbsp;&nbsp;&nbsp;GUI_Draw_Button
</UL>

<P><STRONG><a name="[16a29c8]"></a>GUI_Draw_Button</STRONG> (Thumb, 288 bytes, Stack size 40 bytes, gui.o(i.GUI_Draw_Button))
<BR><BR>[Stack]<UL><LI>Max Depth = 248<LI>Call Chain = GUI_Draw_Button &rArr; Show_Str_Mid &rArr; Show_Str &rArr; Show_Font &rArr; Get_HzMat &rArr; SPI_Flash_Read
</UL>
<BR>[Calls]<UL><LI><a href="#[b81ee4]">&gt;&gt;</a>&nbsp;&nbsp;&nbsp;LCD_Fill
<LI><a href="#[16a2a04]">&gt;&gt;</a>&nbsp;&nbsp;&nbsp;GUI_DrawLine
<LI><a href="#[16aa6f0]">&gt;&gt;</a>&nbsp;&nbsp;&nbsp;Show_Str_Mid
</UL>
<BR>[Called By]<UL><LI><a href="#[169e774]">&gt;&gt;</a>&nbsp;&nbsp;&nbsp;Wireless_Mode_Set
<LI><a href="#[16a4570]">&gt;&gt;</a>&nbsp;&nbsp;&nbsp;Load_Game_ICO
</UL>

<P><STRONG><a name="[b88e74]"></a>Game_Play</STRONG> (Thumb, 304 bytes, Stack size 16 bytes, ptgame.o(i.Game_Play))
<BR><BR>[Stack]<UL><LI>Max Depth = 592<LI>Call Chain = Game_Play &rArr; PTGame_Play &rArr; Move_Pic &rArr; AI_LoadPicFile &rArr; Decode &rArr; IQtIZzMCUComponent &rArr; IQtIZzBlock &rArr; Fast_IDCT &rArr; idctrow
</UL>
<BR>[Calls]<UL><LI><a href="#[16a45ac]">&gt;&gt;</a>&nbsp;&nbsp;&nbsp;Load_Fun_Sel
<LI><a href="#[16a45e8]">&gt;&gt;</a>&nbsp;&nbsp;&nbsp;Save_PTG_Info
<LI><a href="#[16a4624]">&gt;&gt;</a>&nbsp;&nbsp;&nbsp;Save_PTG_Best
<LI><a href="#[16a4660]">&gt;&gt;</a>&nbsp;&nbsp;&nbsp;Read_PTG_Info
<LI><a href="#[16a478c]">&gt;&gt;</a>&nbsp;&nbsp;&nbsp;PTGame_Play
<LI><a href="#[16a4840]">&gt;&gt;</a>&nbsp;&nbsp;&nbsp;PTG_Best_Show
</UL>
<BR>[Called By]<UL><LI><a href="#[b89018]">&gt;&gt;</a>&nbsp;&nbsp;&nbsp;main
</UL>

<P><STRONG><a name="[1726ab0]"></a>GetEPRxAddr</STRONG> (Thumb, 24 bytes, Stack size 0 bytes, usb_regs.o(i.GetEPRxAddr))
<BR><BR>[Called By]<UL><LI><a href="#[17275f0]">&gt;&gt;</a>&nbsp;&nbsp;&nbsp;DataStageOut
</UL>

<P><STRONG><a name="[171f9f4]"></a>GetEPRxCount</STRONG> (Thumb, 26 bytes, Stack size 0 bytes, usb_regs.o(i.GetEPRxCount))
<BR><BR>[Called By]<UL><LI><a href="#[171a8dc]">&gt;&gt;</a>&nbsp;&nbsp;&nbsp;Mass_Storage_Out
</UL>

<P><STRONG><a name="[1726a74]"></a>GetEPTxAddr</STRONG> (Thumb, 22 bytes, Stack size 0 bytes, usb_regs.o(i.GetEPTxAddr))
<BR><BR>[Called By]<UL><LI><a href="#[172762c]">&gt;&gt;</a>&nbsp;&nbsp;&nbsp;DataStageIn
</UL>

<P><STRONG><a name="[16a7324]"></a>GetYUV</STRONG> (Thumb, 226 bytes, Stack size 28 bytes, jpegdecode.o(i.GetYUV))
<BR><BR>[Stack]<UL><LI>Max Depth = 28<LI>Call Chain = GetYUV
</UL>
<BR>[Called By]<UL><LI><a href="#[16a7414]">&gt;&gt;</a>&nbsp;&nbsp;&nbsp;Decode
</UL>

<P><STRONG><a name="[c544f0]"></a>Get_Adc</STRONG> (Thumb, 66 bytes, Stack size 0 bytes, adc.o(i.Get_Adc))
<BR><BR>[Called By]<UL><LI><a href="#[c544b4]">&gt;&gt;</a>&nbsp;&nbsp;&nbsp;Get_Temp
</UL>

<P><STRONG><a name="[c4741c]"></a>Get_Adjdata</STRONG> (Thumb, 114 bytes, Stack size 16 bytes, touch.o(i.Get_Adjdata))
<BR><BR>[Stack]<UL><LI>Max Depth = 80<LI>Call Chain = Get_Adjdata &rArr; AT24CXX_ReadLenByte &rArr; AT24CXX_ReadOneByte &rArr; IIC_Read_Byte &rArr; IIC_NAck
</UL>
<BR>[Calls]<UL><LI><a href="#[c52ee8]">&gt;&gt;</a>&nbsp;&nbsp;&nbsp;AT24CXX_ReadOneByte
<LI><a href="#[c52f24]">&gt;&gt;</a>&nbsp;&nbsp;&nbsp;AT24CXX_ReadLenByte
<LI><a href="#[176ac10]">&gt;&gt;</a>&nbsp;&nbsp;&nbsp;__aeabi_i2f
<LI><a href="#[176b480]">&gt;&gt;</a>&nbsp;&nbsp;&nbsp;__aeabi_fdiv
</UL>
<BR>[Called By]<UL><LI><a href="#[b88898]">&gt;&gt;</a>&nbsp;&nbsp;&nbsp;Touch_Init
</UL>

<P><STRONG><a name="[16abc80]"></a>Get_File_Info</STRONG> (Thumb, 820 bytes, Stack size 72 bytes, fat.o(i.Get_File_Info))
<BR><BR>[Stack]<UL><LI>Max Depth = 168<LI>Call Chain = Get_File_Info &rArr; CopyDirentruyItem &rArr; UniToGB &rArr; UnicodeToGBK &rArr; SPI_Flash_Read
</UL>
<BR>[Calls]<UL><LI><a href="#[c4c96c]">&gt;&gt;</a>&nbsp;&nbsp;&nbsp;SD_ReadSingleBlock
<LI><a href="#[16abc44]">&gt;&gt;</a>&nbsp;&nbsp;&nbsp;fatClustToSect
<LI><a href="#[16abcbc]">&gt;&gt;</a>&nbsp;&nbsp;&nbsp;FileType_Tell
<LI><a href="#[16abe24]">&gt;&gt;</a>&nbsp;&nbsp;&nbsp;FAT_NextCluster
<LI><a href="#[16abe9c]">&gt;&gt;</a>&nbsp;&nbsp;&nbsp;CopyDirentruyItem
</UL>
<BR>[Called By]<UL><LI><a href="#[b88b2c]">&gt;&gt;</a>&nbsp;&nbsp;&nbsp;Pic_Viewer
<LI><a href="#[b88f28]">&gt;&gt;</a>&nbsp;&nbsp;&nbsp;Ebook_Play
<LI><a href="#[16a2a40]">&gt;&gt;</a>&nbsp;&nbsp;&nbsp;File_Browse
</UL>

<P><STRONG><a name="[16a67a8]"></a>Get_Game_Pic_Str</STRONG> (Thumb, 88 bytes, Stack size 8 bytes, sysfile.o(i.Get_Game_Pic_Str))
<BR><BR>[Stack]<UL><LI>Max Depth = 8<LI>Call Chain = Get_Game_Pic_Str
</UL>
<BR>[Called By]<UL><LI><a href="#[b8894c]">&gt;&gt;</a>&nbsp;&nbsp;&nbsp;SysInfoGet
</UL>

<P><STRONG><a name="[16aa7a4]"></a>Get_HzMat</STRONG> (Thumb, 152 bytes, Stack size 32 bytes, text.o(i.Get_HzMat))
<BR><BR>[Stack]<UL><LI>Max Depth = 56<LI>Call Chain = Get_HzMat &rArr; SPI_Flash_Read
</UL>
<BR>[Calls]<UL><LI><a href="#[c4fdec]">&gt;&gt;</a>&nbsp;&nbsp;&nbsp;SPI_Flash_Read
</UL>
<BR>[Called By]<UL><LI><a href="#[16aa768]">&gt;&gt;</a>&nbsp;&nbsp;&nbsp;Show_Font
</UL>

<P><STRONG><a name="[1771330]"></a>Get_Max_Lun</STRONG> (Thumb, 20 bytes, Stack size 0 bytes, usb_prop.o(i.Get_Max_Lun))
<BR>[Address Reference Count : 1]<UL><LI> usb_prop.o(i.MASS_Data_Setup)
</UL>
<P><STRONG><a name="[16a496c]"></a>Get_PTG_Time</STRONG> (Thumb, 14 bytes, Stack size 0 bytes, ptgame.o(i.Get_PTG_Time))
<BR><BR>[Called By]<UL><LI><a href="#[16a478c]">&gt;&gt;</a>&nbsp;&nbsp;&nbsp;PTGame_Play
</UL>

<P><STRONG><a name="[16a4930]"></a>Get_Ps_Addr</STRONG> (Thumb, 110 bytes, Stack size 16 bytes, ptgame.o(i.Get_Ps_Addr))
<BR><BR>[Stack]<UL><LI>Max Depth = 16<LI>Call Chain = Get_Ps_Addr
</UL>
<BR>[Called By]<UL><LI><a href="#[16a48b8]">&gt;&gt;</a>&nbsp;&nbsp;&nbsp;Move_Pic
<LI><a href="#[16a48f4]">&gt;&gt;</a>&nbsp;&nbsp;&nbsp;Load_Game_PIC
</UL>

<P><STRONG><a name="[171dca8]"></a>Get_SerialNum</STRONG> (Thumb, 66 bytes, Stack size 8 bytes, hw_config.o(i.Get_SerialNum))
<BR><BR>[Stack]<UL><LI>Max Depth = 8<LI>Call Chain = Get_SerialNum
</UL>
<BR>[Called By]<UL><LI><a href="#[17710d8]">&gt;&gt;</a>&nbsp;&nbsp;&nbsp;MASS_init
</UL>

<P><STRONG><a name="[c544b4]"></a>Get_Temp</STRONG> (Thumb, 124 bytes, Stack size 48 bytes, adc.o(i.Get_Temp))
<BR><BR>[Stack]<UL><LI>Max Depth = 64<LI>Call Chain = Get_Temp &rArr; __aeabi_dmul
</UL>
<BR>[Calls]<UL><LI><a href="#[c544f0]">&gt;&gt;</a>&nbsp;&nbsp;&nbsp;Get_Adc
<LI><a href="#[176a904]">&gt;&gt;</a>&nbsp;&nbsp;&nbsp;__aeabi_fmul
<LI><a href="#[176ab5c]">&gt;&gt;</a>&nbsp;&nbsp;&nbsp;__aeabi_ui2f
[...]
<BR><BR>[Calls]<UL><LI><a href="#[1767f10]">&gt;&gt;</a>&nbsp;&nbsp;&nbsp;__fpl_dcheck_NaN1
</UL>

<P><STRONG><a name="[176c344]"></a>__fpl_inf_dfixu</STRONG> (Thumb, 0 bytes, Stack size unknown bytes, dfixu.o(x$fpl$dfixu), UNUSED)

<P><STRONG><a name="[176c164]"></a>__aeabi_i2d</STRONG> (Thumb, 0 bytes, Stack size 0 bytes, dflt_clz.o(x$fpl$dflt), UNUSED)

<P><STRONG><a name="[176c128]"></a>_dflt</STRONG> (Thumb, 44 bytes, Stack size 0 bytes, dflt_clz.o(x$fpl$dflt), UNUSED)

<P><STRONG><a name="[176c0ec]"></a>__dflt_normalise</STRONG> (Thumb, 0 bytes, Stack size unknown bytes, dflt_clz.o(x$fpl$dflt), UNUSED)
<BR><BR>[Called By]<UL><LI><a href="#[176c074]">&gt;&gt;</a>&nbsp;&nbsp;&nbsp;_dfltu
</UL>

<P><STRONG><a name="[176c0b0]"></a>__aeabi_ui2d</STRONG> (Thumb, 0 bytes, Stack size 0 bytes, dflt_clz.o(x$fpl$dfltu))
<BR><BR>[Called By]<UL><LI><a href="#[b888d4]">&gt;&gt;</a>&nbsp;&nbsp;&nbsp;Touch_Adjust
</UL>

<P><STRONG><a name="[176c074]"></a>_dfltu</STRONG> (Thumb, 10 bytes, Stack size 0 bytes, dflt_clz.o(x$fpl$dfltu), UNUSED)
<BR><BR>[Calls]<UL><LI><a href="#[176c0ec]">&gt;&gt;</a>&nbsp;&nbsp;&nbsp;__dflt_normalise
</UL>

<P><STRONG><a name="[176bf84]"></a>__aeabi_cdcmple</STRONG> (Thumb, 0 bytes, Stack size 0 bytes, dleqf.o(x$fpl$dleqf))
<BR><BR>[Called By]<UL><LI><a href="#[b888d4]">&gt;&gt;</a>&nbsp;&nbsp;&nbsp;Touch_Adjust
<LI><a href="#[176a5bc]">&gt;&gt;</a>&nbsp;&nbsp;&nbsp;sqrt
</UL>

<P><STRONG><a name="[176bf48]"></a>_dcmple</STRONG> (Thumb, 106 bytes, Stack size 0 bytes, dleqf.o(x$fpl$dleqf), UNUSED)
<BR><BR>[Calls]<UL><LI><a href="#[1767e20]">&gt;&gt;</a>&nbsp;&nbsp;&nbsp;__fpl_dcmp_InfNaN
</UL>

<P><STRONG><a name="[176be1c]"></a>__aeabi_dmul</STRONG> (Thumb, 0 bytes, Stack size 16 bytes, dmul.o(x$fpl$dmul))
<BR><BR>[Stack]<UL><LI>Max Depth = 16<LI>Call Chain = __aeabi_dmul
</UL>
<BR>[Called By]<UL><LI><a href="#[c4af68]">&gt;&gt;</a>&nbsp;&nbsp;&nbsp;DS18B20_Get_Temp
<LI><a href="#[c544b4]">&gt;&gt;</a>&nbsp;&nbsp;&nbsp;Get_Temp
</UL>

<P><STRONG><a name="[176bde0]"></a>_dmul</STRONG> (Thumb, 440 bytes, Stack size 16 bytes, dmul.o(x$fpl$dmul), UNUSED)
<BR><BR>[Calls]<UL><LI><a href="#[176803c]">&gt;&gt;</a>&nbsp;&nbsp;&nbsp;__fpl_dcheck_NaN2
</UL>

<P><STRONG><a name="[176bda4]"></a>__fpl_inf_dmul</STRONG> (Thumb, 0 bytes, Stack size unknown bytes, dmul.o(x$fpl$dmul), UNUSED)

<P><STRONG><a name="[176bcb4]"></a>__aeabi_cdrcmple</STRONG> (Thumb, 0 bytes, Stack size 0 bytes, drleqf.o(x$fpl$drleqf))
<BR><BR>[Called By]<UL><LI><a href="#[b888d4]">&gt;&gt;</a>&nbsp;&nbsp;&nbsp;Touch_Adjust
</UL>

<P><STRONG><a name="[176bc78]"></a>_drcmple</STRONG> (Thumb, 130 bytes, Stack size 0 bytes, drleqf.o(x$fpl$drleqf), UNUSED)
<BR><BR>[Calls]<UL><LI><a href="#[1767e20]">&gt;&gt;</a>&nbsp;&nbsp;&nbsp;__fpl_dcmp_InfNaN
</UL>

<P><STRONG><a name="[176cbb4]"></a>__aeabi_drsub</STRONG> (Thumb, 0 bytes, Stack size 8 bytes, daddsub_clz.o(x$fpl$drsb))
<BR><BR>[Stack]<UL><LI>Max Depth = 8<LI>Call Chain = __aeabi_drsub
</UL>
<BR>[Called By]<UL><LI><a href="#[c544b4]">&gt;&gt;</a>&nbsp;&nbsp;&nbsp;Get_Temp
</UL>

<P><STRONG><a name="[176cb78]"></a>_drsb</STRONG> (Thumb, 22 bytes, Stack size 8 bytes, daddsub_clz.o(x$fpl$drsb), UNUSED)
<BR><BR>[Calls]<UL><LI><a href="#[176cca4]">&gt;&gt;</a>&nbsp;&nbsp;&nbsp;_dsub1
<LI><a href="#[176cce0]">&gt;&gt;</a>&nbsp;&nbsp;&nbsp;_dadd1
</UL>

<P><STRONG><a name="[1767cb8]"></a>_dsqrt</STRONG> (Thumb, 316 bytes, Stack size 16 bytes, dsqrt.o(x$fpl$dsqrt))
<BR><BR>[Stack]<UL><LI>Max Depth = 16<LI>Call Chain = _dsqrt
</UL>
<BR>[Calls]<UL><LI><a href="#[1767f10]">&gt;&gt;</a>&nbsp;&nbsp;&nbsp;__fpl_dcheck_NaN1
</UL>
<BR>[Called By]<UL><LI><a href="#[176a5bc]">&gt;&gt;</a>&nbsp;&nbsp;&nbsp;sqrt
</UL>

<P><STRONG><a name="[1767c7c]"></a>__fpl_inf_dsqrt</STRONG> (Thumb, 0 bytes, Stack size unknown bytes, dsqrt.o(x$fpl$dsqrt), UNUSED)

<P><STRONG><a name="[176cb3c]"></a>__aeabi_dsub</STRONG> (Thumb, 0 bytes, Stack size 8 bytes, daddsub_clz.o(x$fpl$dsub), UNUSED)

<P><STRONG><a name="[176cb00]"></a>_dsub</STRONG> (Thumb, 572 bytes, Stack size 8 bytes, daddsub_clz.o(x$fpl$dsub), UNUSED)
<BR><BR>[Calls]<UL><LI><a href="#[176803c]">&gt;&gt;</a>&nbsp;&nbsp;&nbsp;__fpl_dcheck_NaN2
<LI><a href="#[176cce0]">&gt;&gt;</a>&nbsp;&nbsp;&nbsp;_dadd1
</UL>

<P><STRONG><a name="[176cac4]"></a>__fpl_inf_dsub</STRONG> (Thumb, 0 bytes, Stack size unknown bytes, daddsub_clz.o(x$fpl$dsub), UNUSED)

<P><STRONG><a name="[1767b8c]"></a>__dunder</STRONG> (Thumb, 234 bytes, Stack size 4 bytes, dunder.o(x$fpl$dunder), UNUSED)

<P><STRONG><a name="[1767b50]"></a>__dunder_d</STRONG> (Thumb, 2 bytes, Stack size 0 bytes, dunder.o(x$fpl$dunder), UNUSED)

<P><STRONG><a name="[176bb88]"></a>__aeabi_f2d</STRONG> (Thumb, 0 bytes, Stack size 0 bytes, f2d.o(x$fpl$f2d))
<BR><BR>[Called By]<UL><LI><a href="#[b888d4]">&gt;&gt;</a>&nbsp;&nbsp;&nbsp;Touch_Adjust
<LI><a href="#[c4af68]">&gt;&gt;</a>&nbsp;&nbsp;&nbsp;DS18B20_Get_Temp
<LI><a href="#[c544b4]">&gt;&gt;</a>&nbsp;&nbsp;&nbsp;Get_Temp
</UL>

<P><STRONG><a name="[176bb4c]"></a>_f2d</STRONG> (Thumb, 76 bytes, Stack size 0 bytes, f2d.o(x$fpl$f2d), UNUSED)
<BR><BR>[Calls]<UL><LI><a href="#[1767970]">&gt;&gt;</a>&nbsp;&nbsp;&nbsp;__fpl_fcheck_NaN1
</UL>

<P><STRONG><a name="[176bb10]"></a>__fpl_inf_f2d</STRONG> (Thumb, 0 bytes, Stack size unknown bytes, f2d.o(x$fpl$f2d), UNUSED)

<P><STRONG><a name="[176b840]"></a>__aeabi_fadd</STRONG> (Thumb, 0 bytes, Stack size 0 bytes, faddsub_clz.o(x$fpl$fadd))
<BR><BR>[Called By]<UL><LI><a href="#[c474d0]">&gt;&gt;</a>&nbsp;&nbsp;&nbsp;Convert_Pos
<LI><a href="#[16a74c8]">&gt;&gt;</a>&nbsp;&nbsp;&nbsp;AI_Drow_Init
</UL>

<P><STRONG><a name="[176b804]"></a>_fadd</STRONG> (Thumb, 248 bytes, Stack size 0 bytes, faddsub_clz.o(x$fpl$fadd), UNUSED)
<BR><BR>[Calls]<UL><LI><a href="#[1767a60]">&gt;&gt;</a>&nbsp;&nbsp;&nbsp;__fpl_fcheck_NaN2
<LI><a href="#[176b87c]">&gt;&gt;</a>&nbsp;&nbsp;&nbsp;_fsub1
</UL>

<P><STRONG><a name="[176b7c8]"></a>__fpl_inf_fadd</STRONG> (Thumb, 0 bytes, Stack size unknown bytes, faddsub_clz.o(x$fpl$fadd), UNUSED)

<P><STRONG><a name="[1767a60]"></a>__fpl_fcheck_NaN2</STRONG> (Thumb, 6 bytes, Stack size 0 bytes, fcheck.o(x$fpl$fcheck), UNUSED)
<BR><BR>[Calls]<UL><LI><a href="#[1766854]">&gt;&gt;</a>&nbsp;&nbsp;&nbsp;__fpl_return_NaN
</UL>
<BR>[Called By]<UL><LI><a href="#[1767880]">&gt;&gt;</a>&nbsp;&nbsp;&nbsp;__fpl_fcmp_InfNaN
<LI><a href="#[176a8c8]">&gt;&gt;</a>&nbsp;&nbsp;&nbsp;_fmul
<LI><a href="#[176b444]">&gt;&gt;</a>&nbsp;&nbsp;&nbsp;_fdiv
<LI><a href="#[176b6d8]">&gt;&gt;</a>&nbsp;&nbsp;&nbsp;_fsub
<LI><a href="#[176b804]">&gt;&gt;</a>&nbsp;&nbsp;&nbsp;_fadd
</UL>

<P><STRONG><a name="[1767970]"></a>__fpl_fcheck_NaN1</STRONG> (Thumb, 6 bytes, Stack size 0 bytes, fcheck1.o(x$fpl$fcheck1), UNUSED)
<BR><BR>[Calls]<UL><LI><a href="#[1766854]">&gt;&gt;</a>&nbsp;&nbsp;&nbsp;__fpl_return_NaN
</UL>
<BR>[Called By]<UL><LI><a href="#[176ae2c]">&gt;&gt;</a>&nbsp;&nbsp;&nbsp;_ffixu
<LI><a href="#[176b084]">&gt;&gt;</a>&nbsp;&nbsp;&nbsp;_ffix
<LI><a href="#[176bb4c]">&gt;&gt;</a>&nbsp;&nbsp;&nbsp;_f2d
</UL>

<P><STRONG><a name="[176b480]"></a>__aeabi_fdiv</STRONG> (Thumb, 0 bytes, Stack size 4 bytes, fdiv.o(x$fpl$fdiv))
<BR><BR>[Stack]<UL><LI>Max Depth = 4<LI>Call Chain = __aeabi_fdiv
</UL>
<BR>[Called By]<UL><LI><a href="#[b886b8]">&gt;&gt;</a>&nbsp;&nbsp;&nbsp;uart_init
<LI><a href="#[b887a8]">&gt;&gt;</a>&nbsp;&nbsp;&nbsp;Update_Font
<LI><a href="#[b888d4]">&gt;&gt;</a>&nbsp;&nbsp;&nbsp;Touch_Adjust
<LI><a href="#[c4741c]">&gt;&gt;</a>&nbsp;&nbsp;&nbsp;Get_Adjdata
<LI><a href="#[16a74c8]">&gt;&gt;</a>&nbsp;&nbsp;&nbsp;AI_Drow_Init
</UL>

<P><STRONG><a name="[176b444]"></a>_fdiv</STRONG> (Thumb, 476 bytes, Stack size 4 bytes, fdiv.o(x$fpl$fdiv), UNUSED)
<BR><BR>[Calls]<UL><LI><a href="#[1767a60]">&gt;&gt;</a>&nbsp;&nbsp;&nbsp;__fpl_fcheck_NaN2
</UL>

<P><STRONG><a name="[176b408]"></a>__fpl_inf_fdiv</STRONG> (Thumb, 0 bytes, Stack size unknown bytes, fdiv.o(x$fpl$fdiv), UNUSED)

<P><STRONG><a name="[176b2a0]"></a>__aeabi_cfcmpeq</STRONG> (Thumb, 0 bytes, Stack size 0 bytes, feqf.o(x$fpl$feqf))
<BR><BR>[Called By]<UL><LI><a href="#[b887a8]">&gt;&gt;</a>&nbsp;&nbsp;&nbsp;Update_Font
</UL>

<P><STRONG><a name="[176b264]"></a>_fcmpeq</STRONG> (Thumb, 90 bytes, Stack size 0 bytes, feqf.o(x$fpl$feqf), UNUSED)
<BR><BR>[Calls]<UL><LI><a href="#[1767880]">&gt;&gt;</a>&nbsp;&nbsp;&nbsp;__fpl_fcmp_InfNaN
</UL>

<P><STRONG><a name="[176b0c0]"></a>__aeabi_f2iz</STRONG> (Thumb, 0 bytes, Stack size 0 bytes, ffix.o(x$fpl$ffix))
<BR><BR>[Called By]<UL><LI><a href="#[b888d4]">&gt;&gt;</a>&nbsp;&nbsp;&nbsp;Touch_Adjust
<LI><a href="#[c472b4]">&gt;&gt;</a>&nbsp;&nbsp;&nbsp;Save_Adjdata
<LI><a href="#[c544b4]">&gt;&gt;</a>&nbsp;&nbsp;&nbsp;Get_Temp
</UL>

<P><STRONG><a name="[176b084]"></a>_ffix</STRONG> (Thumb, 108 bytes, Stack size 0 bytes, ffix.o(x$fpl$ffix), UNUSED)
<BR><BR>[Calls]<UL><LI><a href="#[1767970]">&gt;&gt;</a>&nbsp;&nbsp;&nbsp;__fpl_fcheck_NaN1
</UL>

<P><STRONG><a name="[176b048]"></a>__fpl_inf_ffix</STRONG> (Thumb, 0 bytes, Stack size unknown bytes, ffix.o(x$fpl$ffix), UNUSED)

<P><STRONG><a name="[176ae68]"></a>__aeabi_f2uiz</STRONG> (Thumb, 0 bytes, Stack size 0 bytes, ffixu.o(x$fpl$ffixu))
<BR><BR>[Called By]<UL><LI><a href="#[b886b8]">&gt;&gt;</a>&nbsp;&nbsp;&nbsp;uart_init
<LI><a href="#[b887a8]">&gt;&gt;</a>&nbsp;&nbsp;&nbsp;Update_Font
<LI><a href="#[c474d0]">&gt;&gt;</a>&nbsp;&nbsp;&nbsp;Convert_Pos
<LI><a href="#[16a74c8]">&gt;&gt;</a>&nbsp;&nbsp;&nbsp;AI_Drow_Init
</UL>

<P><STRONG><a name="[176ae2c]"></a>_ffixu</STRONG> (Thumb, 82 bytes, Stack size 0 bytes, ffixu.o(x$fpl$ffixu), UNUSED)
<BR><BR>[Calls]<UL><LI><a href="#[1767970]">&gt;&gt;</a>&nbsp;&nbsp;&nbsp;__fpl_fcheck_NaN1
</UL>

<P><STRONG><a name="[176adf0]"></a>__fpl_inf_ffixu</STRONG> (Thumb, 0 bytes, Stack size unknown bytes, ffixu.o(x$fpl$ffixu), UNUSED)

<P><STRONG><a name="[176ac10]"></a>__aeabi_i2f</STRONG> (Thumb, 0 bytes, Stack size 0 bytes, fflt_clz.o(x$fpl$fflt))
<BR><BR>[Called By]<UL><LI><a href="#[b888d4]">&gt;&gt;</a>&nbsp;&nbsp;&nbsp;Touch_Adjust
<LI><a href="#[c4741c]">&gt;&gt;</a>&nbsp;&nbsp;&nbsp;Get_Adjdata
<LI><a href="#[c474d0]">&gt;&gt;</a>&nbsp;&nbsp;&nbsp;Convert_Pos
<LI><a href="#[c4af68]">&gt;&gt;</a>&nbsp;&nbsp;&nbsp;DS18B20_Get_Temp
</UL>

<P><STRONG><a name="[176abd4]"></a>_fflt</STRONG> (Thumb, 50 bytes, Stack size 0 bytes, fflt_clz.o(x$fpl$fflt), UNUSED)

<P><STRONG><a name="[176ab98]"></a>__fflt_normalise</STRONG> (Thumb, 0 bytes, Stack size unknown bytes, fflt_clz.o(x$fpl$fflt), UNUSED)
<BR><BR>[Called By]<UL><LI><a href="#[176ab20]">&gt;&gt;</a>&nbsp;&nbsp;&nbsp;_ffltu
</UL>

<P><STRONG><a name="[176ab5c]"></a>__aeabi_ui2f</STRONG> (Thumb, 0 bytes, Stack size 0 bytes, fflt_clz.o(x$fpl$ffltu))
<BR><BR>[Called By]<UL><LI><a href="#[b886b8]">&gt;&gt;</a>&nbsp;&nbsp;&nbsp;uart_init
<LI><a href="#[b887a8]">&gt;&gt;</a>&nbsp;&nbsp;&nbsp;Update_Font
<LI><a href="#[b888d4]">&gt;&gt;</a>&nbsp;&nbsp;&nbsp;Touch_Adjust
<LI><a href="#[c474d0]">&gt;&gt;</a>&nbsp;&nbsp;&nbsp;Convert_Pos
<LI><a href="#[c544b4]">&gt;&gt;</a>&nbsp;&nbsp;&nbsp;Get_Temp
<LI><a href="#[16a74c8]">&gt;&gt;</a>&nbsp;&nbsp;&nbsp;AI_Drow_Init
</UL>

<P><STRONG><a name="[176ab20]"></a>_ffltu</STRONG> (Thumb, 8 bytes, Stack size 0 bytes, fflt_clz.o(x$fpl$ffltu), UNUSED)
<BR><BR>[Calls]<UL><LI><a href="#[176ab98]">&gt;&gt;</a>&nbsp;&nbsp;&nbsp;__fflt_normalise
</UL>

<P><STRONG><a name="[176aa30]"></a>__aeabi_cfcmple</STRONG> (Thumb, 0 bytes, Stack size 0 bytes, fleqf.o(x$fpl$fleqf))
<BR><BR>[Called By]<UL><LI><a href="#[16a74c8]">&gt;&gt;</a>&nbsp;&nbsp;&nbsp;AI_Drow_Init
</UL>

<P><STRONG><a name="[176a9f4]"></a>_fcmple</STRONG> (Thumb, 90 bytes, Stack size 0 bytes, fleqf.o(x$fpl$fleqf), UNUSED)
<BR><BR>[Calls]<UL><LI><a href="#[1767880]">&gt;&gt;</a>&nbsp;&nbsp;&nbsp;__fpl_fcmp_InfNaN
</UL>

<P><STRONG><a name="[176a904]"></a>__aeabi_fmul</STRONG> (Thumb, 0 bytes, Stack size 0 bytes, fmul.o(x$fpl$fmul))
<BR><BR>[Called By]<UL><LI><a href="#[b886b8]">&gt;&gt;</a>&nbsp;&nbsp;&nbsp;uart_init
<LI><a href="#[b887a8]">&gt;&gt;</a>&nbsp;&nbsp;&nbsp;Update_Font
<LI><a href="#[b888d4]">&gt;&gt;</a>&nbsp;&nbsp;&nbsp;Touch_Adjust
<LI><a href="#[c472b4]">&gt;&gt;</a>&nbsp;&nbsp;&nbsp;Save_Adjdata
<LI><a href="#[c474d0]">&gt;&gt;</a>&nbsp;&nbsp;&nbsp;Convert_Pos
<LI><a href="#[c544b4]">&gt;&gt;</a>&nbsp;&nbsp;&nbsp;Get_Temp
<LI><a href="#[16a74c8]">&gt;&gt;</a>&nbsp;&nbsp;&nbsp;AI_Drow_Init
</UL>

<P><STRONG><a name="[176a8c8]"></a>_fmul</STRONG> (Thumb, 258 bytes, Stack size 0 bytes, fmul.o(x$fpl$fmul), UNUSED)
<BR><BR>[Calls]<UL><LI><a href="#[1767a60]">&gt;&gt;</a>&nbsp;&nbsp;&nbsp;__fpl_fcheck_NaN2
</UL>

<P><STRONG><a name="[176a88c]"></a>__fpl_inf_fmul</STRONG> (Thumb, 0 bytes, Stack size unknown bytes, fmul.o(x$fpl$fmul), UNUSED)

<P><STRONG><a name="[1767754]"></a>__fpl_normalise2</STRONG> (Thumb, 74 bytes, Stack size 4 bytes, fnorm2_clz.o(x$fpl$fnorm2), UNUSED)

<P><STRONG><a name="[176a79c]"></a>__aeabi_cfrcmple</STRONG> (Thumb, 0 bytes, Stack size 0 bytes, frleqf.o(x$fpl$frleqf))
<BR><BR>[Called By]<UL><LI><a href="#[16a74c8]">&gt;&gt;</a>&nbsp;&nbsp;&nbsp;AI_Drow_Init
</UL>

<P><STRONG><a name="[176a760]"></a>_frcmple</STRONG> (Thumb, 102 bytes, Stack size 0 bytes, frleqf.o(x$fpl$frleqf), UNUSED)
<BR><BR>[Calls]<UL><LI><a href="#[1767880]">&gt;&gt;</a>&nbsp;&nbsp;&nbsp;__fpl_fcmp_InfNaN
</UL>

<P><STRONG><a name="[176b78c]"></a>__aeabi_frsub</STRONG> (Thumb, 0 bytes, Stack size 0 bytes, faddsub_clz.o(x$fpl$frsb))
<BR><BR>[Called By]<UL><LI><a href="#[b886b8]">&gt;&gt;</a>&nbsp;&nbsp;&nbsp;uart_init
<LI><a href="#[b888d4]">&gt;&gt;</a>&nbsp;&nbsp;&nbsp;Touch_Adjust
</UL>

<P><STRONG><a name="[176b750]"></a>_frsb</STRONG> (Thumb, 20 bytes, Stack size 0 bytes, faddsub_clz.o(x$fpl$frsb), UNUSED)
<BR><BR>[Calls]<UL><LI><a href="#[176b87c]">&gt;&gt;</a>&nbsp;&nbsp;&nbsp;_fsub1
<LI><a href="#[176b8b8]">&gt;&gt;</a>&nbsp;&nbsp;&nbsp;_fadd1
</UL>

<P><STRONG><a name="[176b714]"></a>__aeabi_fsub</STRONG> (Thumb, 0 bytes, Stack size 0 bytes, faddsub_clz.o(x$fpl$fsub))
<BR><BR>[Called By]<UL><LI><a href="#[16a74c8]">&gt;&gt;</a>&nbsp;&nbsp;&nbsp;AI_Drow_Init
</UL>

<P><STRONG><a name="[176b6d8]"></a>_fsub</STRONG> (Thumb, 282 bytes, Stack size 0 bytes, faddsub_clz.o(x$fpl$fsub), UNUSED)
<BR><BR>[Calls]<UL><LI><a href="#[1767a60]">&gt;&gt;</a>&nbsp;&nbsp;&nbsp;__fpl_fcheck_NaN2
<LI><a href="#[176b8b8]">&gt;&gt;</a>&nbsp;&nbsp;&nbsp;_fadd1
</UL>

<P><STRONG><a name="[176b69c]"></a>__fpl_inf_fsub</STRONG> (Thumb, 0 bytes, Stack size unknown bytes, faddsub_clz.o(x$fpl$fsub), UNUSED)

<P><STRONG><a name="[1767664]"></a>__funder</STRONG> (Thumb, 132 bytes, Stack size 0 bytes, funder.o(x$fpl$funder), UNUSED)

<P><STRONG><a name="[1767628]"></a>__funder_d</STRONG> (Thumb, 2 bytes, Stack size 0 bytes, funder.o(x$fpl$funder), UNUSED)

<P><STRONG><a name="[1766854]"></a>__fpl_return_NaN</STRONG> (Thumb, 100 bytes, Stack size 0 bytes, retnan.o(x$fpl$retnan))
<BR><BR>[Calls]<UL><LI><a href="#[1766764]">&gt;&gt;</a>&nbsp;&nbsp;&nbsp;__fpl_cmpreturn
</UL>
<BR>[Called By]<UL><LI><a href="#[1767970]">&gt;&gt;</a>&nbsp;&nbsp;&nbsp;__fpl_fcheck_NaN1
<LI><a href="#[1767a60]">&gt;&gt;</a>&nbsp;&nbsp;&nbsp;__fpl_fcheck_NaN2
<LI><a href="#[1767f10]">&gt;&gt;</a>&nbsp;&nbsp;&nbsp;__fpl_dcheck_NaN1
<LI><a href="#[176803c]">&gt;&gt;</a>&nbsp;&nbsp;&nbsp;__fpl_dcheck_NaN2
</UL>

<P><STRONG><a name="[1766764]"></a>__fpl_cmpreturn</STRONG> (Thumb, 48 bytes, Stack size 0 bytes, trapv.o(x$fpl$trapveneer))
<BR><BR>[Called By]<UL><LI><a href="#[1766854]">&gt;&gt;</a>&nbsp;&nbsp;&nbsp;__fpl_return_NaN
<LI><a href="#[1767880]">&gt;&gt;</a>&nbsp;&nbsp;&nbsp;__fpl_fcmp_InfNaN
<LI><a href="#[1767e20]">&gt;&gt;</a>&nbsp;&nbsp;&nbsp;__fpl_dcmp_InfNaN
</UL>

<P><STRONG><a name="[1767574]"></a>__I$use$fp</STRONG> (Thumb, 0 bytes, Stack size unknown bytes, usenofp.o(x$fpl$usenofp), UNUSED)
<P>
<H3>
Local Symbols
</H3>
<P><STRONG><a name="[172762c]"></a>DataStageIn</STRONG> (Thumb, 166 bytes, Stack size 32 bytes, usb_core.o(i.DataStageIn))
<BR><BR>[Stack]<UL><LI>Max Depth = 52<LI>Call Chain = DataStageIn &rArr; UserToPMABufferCopy
</UL>
<BR>[Calls]<UL><LI><a href="#[17268d0]">&gt;&gt;</a>&nbsp;&nbsp;&nbsp;UserToPMABufferCopy
<LI><a href="#[1726948]">&gt;&gt;</a>&nbsp;&nbsp;&nbsp;SetEPTxCount
<LI><a href="#[1726a74]">&gt;&gt;</a>&nbsp;&nbsp;&nbsp;GetEPTxAddr
</UL>
<BR>[Called By]<UL><LI><a href="#[1726f60]">&gt;&gt;</a>&nbsp;&nbsp;&nbsp;In0_Process
<LI><a href="#[17275b4]">&gt;&gt;</a>&nbsp;&nbsp;&nbsp;Data_Setup0
</UL>

<P><STRONG><a name="[17275f0]"></a>DataStageOut</STRONG> (Thumb, 166 bytes, Stack size 24 bytes, usb_core.o(i.DataStageOut))
<BR><BR>[Stack]<UL><LI>Max Depth = 44<LI>Call Chain = DataStageOut &rArr; PMAToUserBufferCopy
</UL>
<BR>[Calls]<UL><LI><a href="#[1726948]">&gt;&gt;</a>&nbsp;&nbsp;&nbsp;SetEPTxCount
<LI><a href="#[1726a38]">&gt;&gt;</a>&nbsp;&nbsp;&nbsp;PMAToUserBufferCopy
<LI><a href="#[1726ab0]">&gt;&gt;</a>&nbsp;&nbsp;&nbsp;GetEPRxAddr
</UL>
<BR>[Called By]<UL><LI><a href="#[1726ee8]">&gt;&gt;</a>&nbsp;&nbsp;&nbsp;Out0_Process
</UL>

<P><STRONG><a name="[17275b4]"></a>Data_Setup0</STRONG> (Thumb, 620 bytes, Stack size 40 bytes, usb_core.o(i.Data_Setup0))
<BR><BR>[Stack]<UL><LI>Max Depth = 92<LI>Call Chain = Data_Setup0 &rArr; DataStageIn &rArr; UserToPMABufferCopy
</UL>
<BR>[Calls]<UL><LI><a href="#[172762c]">&gt;&gt;</a>&nbsp;&nbsp;&nbsp;DataStageIn
</UL>
<BR>[Called By]<UL><LI><a href="#[1726e34]">&gt;&gt;</a>&nbsp;&nbsp;&nbsp;Setup0_Process
</UL>

<P><STRONG><a name="[1727578]"></a>NoData_Setup0</STRONG> (Thumb, 300 bytes, Stack size 16 bytes, usb_core.o(i.NoData_Setup0))
<BR><BR>[Stack]<UL><LI>Max Depth = 56<LI>Call Chain = NoData_Setup0 &rArr; Standard_ClearFeature &rArr; SetEPTxStatus
</UL>
<BR>[Calls]<UL><LI><a href="#[1726c18]">&gt;&gt;</a>&nbsp;&nbsp;&nbsp;Standard_SetInterface
<LI><a href="#[1726c54]">&gt;&gt;</a>&nbsp;&nbsp;&nbsp;Standard_SetEndPointFeature
<LI><a href="#[1726c90]">&gt;&gt;</a>&nbsp;&nbsp;&nbsp;Standard_SetDeviceFeature
<LI><a href="#[1726ccc]">&gt;&gt;</a>&nbsp;&nbsp;&nbsp;Standard_SetConfiguration
<LI><a href="#[1726df8]">&gt;&gt;</a>&nbsp;&nbsp;&nbsp;Standard_ClearFeature
</UL>
<BR>[Called By]<UL><LI><a href="#[1726e34]">&gt;&gt;</a>&nbsp;&nbsp;&nbsp;Setup0_Process
</UL>

<P><STRONG><a name="[176cce0]"></a>_dadd1</STRONG> (Thumb, 0 bytes, Stack size unknown bytes, daddsub_clz.o(x$fpl$dadd), UNUSED)
<BR><BR>[Called By]<UL><LI><a href="#[176cb00]">&gt;&gt;</a>&nbsp;&nbsp;&nbsp;_dsub
<LI><a href="#[176cb78]">&gt;&gt;</a>&nbsp;&nbsp;&nbsp;_drsb
</UL>

<P><STRONG><a name="[176cca4]"></a>_dsub1</STRONG> (Thumb, 0 bytes, Stack size unknown bytes, daddsub_clz.o(x$fpl$dsub), UNUSED)
<BR><BR>[Called By]<UL><LI><a href="#[176cb78]">&gt;&gt;</a>&nbsp;&nbsp;&nbsp;_drsb
<LI><a href="#[176cc2c]">&gt;&gt;</a>&nbsp;&nbsp;&nbsp;_dadd
</UL>

<P><STRONG><a name="[176b8b8]"></a>_fadd1</STRONG> (Thumb, 0 bytes, Stack size unknown bytes, faddsub_clz.o(x$fpl$fadd), UNUSED)
<BR><BR>[Called By]<UL><LI><a href="#[176b6d8]">&gt;&gt;</a>&nbsp;&nbsp;&nbsp;_fsub
<LI><a href="#[176b750]">&gt;&gt;</a>&nbsp;&nbsp;&nbsp;_frsb
</UL>

<P><STRONG><a name="[176b87c]"></a>_fsub1</STRONG> (Thumb, 0 bytes, Stack size unknown bytes, faddsub_clz.o(x$fpl$fsub), UNUSED)
<BR><BR>[Called By]<UL><LI><a href="#[176b750]">&gt;&gt;</a>&nbsp;&nbsp;&nbsp;_frsb
<LI><a href="#[176b804]">&gt;&gt;</a>&nbsp;&nbsp;&nbsp;_fadd
</UL>

<P><STRONG><a name="[1769e3c]"></a>_printf_input_char</STRONG> (Thumb, 10 bytes, Stack size 0 bytes, _printf_char_common.o(.text))
<BR>[Address Reference Count : 1]<UL><LI> _printf_char_common.o(.text)
</UL><P>
<H3>
Undefined Global Symbols
</H3><HR></body></html>
