<html>
<body>
<pre>
<h1>礦ision3 Build Log</h1>
<h2>Project:</h2>
C:\working\Alientek\ALIENTEK MINISTM32 实验28 综合测试实验\USER\TEST.uv2
Project File Date:  08/19/2010

<h2>Output:</h2>
Build target 'Target 1'
assembling STM32F10x.s...
compiling test.c...
compiling delay.c...
compiling sys.c...
compiling usart.c...
compiling led.c...
compiling key.c...
compiling wdg.c...
compiling timer.c...
compiling ILI93xx.c...
compiling rtc.c...
compiling wkup.c...
compiling adc.c...
compiling dma.c...
compiling 24cxx.c...
compiling myiic.c...
compiling spi.c...
compiling flash.c...
compiling 24l01.c...
compiling MMC_SD.C...
compiling remote.c...
compiling ds18b20.c...
compiling mouse.c...
compiling ps2.c...
compiling touch.c...
compiling FAT.C...
compiling fontupd.c...
compiling text.c...
compiling untogb.c...
compiling jpegdecode.c...
compiling sysfile.c...
compiling ptgame.c...
compiling gui.c...
compiling picviewer.c...
compiling cursor.c...
compiling touchplay.c...
compiling mouseplay.c...
compiling timeplay.c...
compiling ebookplay.c...
compiling usbplay.c...
compiling remoteplay.c...
compiling wirelessplay.c...
compiling usb_core.c...
compiling usb_init.c...
compiling usb_int.c...
compiling usb_mem.c...
compiling usb_regs.c...
compiling hw_config.c...
compiling mass_mal.c...
compiling memory.c...
compiling scsi_data.c...
compiling stm32f10x_it.c...
compiling usb_bot.c...
compiling usb_desc.c...
compiling usb_endp.c...
compiling usb_istr.c...
compiling usb_prop.c...
compiling usb_pwr.c...
compiling usb_scsi.c...
linking...
Program Size: Code=65890 RO-data=7114 RW-data=1048 ZI-data=15776  
FromELF: creating hex file...
"TEST.axf" - 0 Error(s), 0 Warning(s).
