<html>
<body>
<pre>
<h1>µVision3 Build Log</h1>
<h2>Project:</h2>
C:\working\Alientek\RFID_DISPLAY\USER\TEST.uv2
Project File Date:  11/04/2010

<h2>Output:</h2>
Build target 'Target 1'
compiling mytest.c...
linking...
Program Size: Code=15286 RO-data=3258 RW-data=60 ZI-data=1324  
FromELF: creating hex file...
"TEST.axf" - 0 Error(s), 0 Warning(s).
Build target 'Target 1'
compiling mytest.c...
linking...
Program Size: Code=15294 RO-data=3258 RW-data=60 ZI-data=1324  
FromELF: creating hex file...
"TEST.axf" - 0 Error(s), 0 Warning(s).
