Archive member included because of file (symbol)

c:/winavr-20100110/bin/../lib/gcc/avr/4.3.3/avr4\libgcc.a(_exit.o)
                              c:/winavr-20100110/bin/../lib/gcc/avr/4.3.3/../../../../avr/lib/avr4/crtm8.o (exit)
c:/winavr-20100110/bin/../lib/gcc/avr/4.3.3/avr4\libgcc.a(_copy_data.o)
                              izuvo.o (__do_copy_data)
c:/winavr-20100110/bin/../lib/gcc/avr/4.3.3/avr4\libgcc.a(_clear_bss.o)
                              izuvo.o (__do_clear_bss)
c:/winavr-20100110/bin/../lib/gcc/avr/4.3.3/../../../../avr/lib/avr4\libc.a(eerd_byte_atmega8.o)
                              izuvo.o (__eerd_byte_m8)
c:/winavr-20100110/bin/../lib/gcc/avr/4.3.3/../../../../avr/lib/avr4\libc.a(eewr_byte_atmega8.o)
                              izuvo.o (__eewr_byte_m8)

Allocating common symbols
Common symbol       size              file

mZuvoPulse          0x3               izuvo_mcu.o
mPulseTable         0x20              izuvo_mcu.o
mPulseRepeat        0x1               izuvo_mcu.o
mCaptureState       0x1               izuvo_mcu.o
mDecodeData         0x1e              izuvo_mcu.o
mCmdQ               0x40              izuvo.o
mPulseCnt           0x2               izuvo_mcu.o
mCaptureIndex       0x2               izuvo_mcu.o
mCapturePulse       0x190             izuvo_mcu.o
mLED_Cnt            0x4               izuvo.o
mLED_Brightness     0x4               izuvo.o
mPulseLen           0x1               izuvo_mcu.o
mTxFlag             0x1               izuvo_mcu.o
mLED_Fade           0x4               izuvo.o
mDecodeIndex        0x2               izuvo_mcu.o
mZuvoData           0x1e              izuvo_mcu.o
mPulseFreq          0x2               izuvo_mcu.o
mCaptureRepeat      0x1               izuvo_mcu.o
mpUART              0x1               izuvo.o
mPulse              0x4               izuvo_mcu.o
mDecodeBit          0x2               izuvo_mcu.o
mLED                0x8               izuvo.o

Memory Configuration

Name             Origin             Length             Attributes
text             0x00000000         0x00002000         xr
data             0x00800060         0x0000ffa0         rw !x
eeprom           0x00810000         0x00010000         rw !x
fuse             0x00820000         0x00000400         rw !x
lock             0x00830000         0x00000400         rw !x
signature        0x00840000         0x00000400         rw !x
*default*        0x00000000         0xffffffff

Linker script and memory map

LOAD c:/winavr-20100110/bin/../lib/gcc/avr/4.3.3/../../../../avr/lib/avr4/crtm8.o
LOAD izuvo.o
LOAD izuvo_mcu.o
LOAD main.o
LOAD utility.o
LOAD c:/winavr-20100110/bin/../lib/gcc/avr/4.3.3/avr4\libgcc.a
LOAD c:/winavr-20100110/bin/../lib/gcc/avr/4.3.3/../../../../avr/lib/avr4\libc.a
LOAD c:/winavr-20100110/bin/../lib/gcc/avr/4.3.3/avr4\libgcc.a

.hash
 *(.hash)

.dynsym
 *(.dynsym)

.dynstr
 *(.dynstr)

.gnu.version
 *(.gnu.version)

.gnu.version_d
 *(.gnu.version_d)

.gnu.version_r
 *(.gnu.version_r)

.rel.init
 *(.rel.init)

.rela.init
 *(.rela.init)

.rel.text
 *(.rel.text)
 *(.rel.text.*)
 *(.rel.gnu.linkonce.t*)

.rela.text
 *(.rela.text)
 *(.rela.text.*)
 *(.rela.gnu.linkonce.t*)

.rel.fini
 *(.rel.fini)

.rela.fini
 *(.rela.fini)

.rel.rodata
 *(.rel.rodata)
 *(.rel.rodata.*)
 *(.rel.gnu.linkonce.r*)

.rela.rodata
 *(.rela.rodata)
 *(.rela.rodata.*)
 *(.rela.gnu.linkonce.r*)

.rel.data
 *(.rel.data)
 *(.rel.data.*)
 *(.rel.gnu.linkonce.d*)

.rela.data
 *(.rela.data)
 *(.rela.data.*)
 *(.rela.gnu.linkonce.d*)

.rel.ctors
 *(.rel.ctors)

.rela.ctors
 *(.rela.ctors)

.rel.dtors
 *(.rel.dtors)

.rela.dtors
 *(.rela.dtors)

.rel.got
 *(.rel.got)

.rela.got
 *(.rela.got)

.rel.bss
 *(.rel.bss)

.rela.bss
 *(.rela.bss)

.rel.plt
 *(.rel.plt)

.rela.plt
 *(.rela.plt)

.text           0x00000000      0x868
 *(.vectors)
 .vectors       0x00000000       0x26 c:/winavr-20100110/bin/../lib/gcc/avr/4.3.3/../../../../avr/lib/avr4/crtm8.o
                0x00000000                __vectors
                0x00000000                __vector_default
 *(.vectors)
 *(.progmem.gcc*)
 .progmem.gcc_sw_table
                0x00000026       0x10 izuvo.o
 *(.progmem*)
                0x00000036                . = ALIGN (0x2)
                0x00000036                __trampolines_start = .
 *(.trampolines)
 .trampolines   0x00000036        0x0 linker stubs
 *(.trampolines*)
                0x00000036                __trampolines_end = .
 *(.jumptables)
 *(.jumptables*)
 *(.lowtext)
 *(.lowtext*)
                0x00000036                __ctors_start = .
 *(.ctors)
                0x00000036                __ctors_end = .
                0x00000036                __dtors_start = .
 *(.dtors)
                0x00000036                __dtors_end = .
 SORT(*)(.ctors)
 SORT(*)(.dtors)
 *(.init0)
 .init0         0x00000036        0x0 c:/winavr-20100110/bin/../lib/gcc/avr/4.3.3/../../../../avr/lib/avr4/crtm8.o
                0x00000036                __init
 *(.init0)
 *(.init1)
 *(.init1)
 *(.init2)
 .init2         0x00000036        0xc c:/winavr-20100110/bin/../lib/gcc/avr/4.3.3/../../../../avr/lib/avr4/crtm8.o
 *(.init2)
 *(.init3)
 *(.init3)
 *(.init4)
 .init4         0x00000042       0x16 c:/winavr-20100110/bin/../lib/gcc/avr/4.3.3/avr4\libgcc.a(_copy_data.o)
                0x00000042                __do_copy_data
 .init4         0x00000058       0x10 c:/winavr-20100110/bin/../lib/gcc/avr/4.3.3/avr4\libgcc.a(_clear_bss.o)
                0x00000058                __do_clear_bss
 *(.init4)
 *(.init5)
 *(.init5)
 *(.init6)
 *(.init6)
 *(.init7)
 *(.init7)
 *(.init8)
 *(.init8)
 *(.init9)
 .init9         0x00000068        0x4 c:/winavr-20100110/bin/../lib/gcc/avr/4.3.3/../../../../avr/lib/avr4/crtm8.o
 *(.init9)
 *(.text)
 .text          0x0000006c        0x2 c:/winavr-20100110/bin/../lib/gcc/avr/4.3.3/../../../../avr/lib/avr4/crtm8.o
                0x0000006c                __vector_1
                0x0000006c                __vector_12
                0x0000006c                __bad_interrupt
                0x0000006c                __vector_6
                0x0000006c                __vector_3
                0x0000006c                __vector_13
                0x0000006c                __vector_17
                0x0000006c                __vector_7
                0x0000006c                __vector_5
                0x0000006c                __vector_4
                0x0000006c                __vector_2
                0x0000006c                __vector_15
                0x0000006c                __vector_8
                0x0000006c                __vector_14
                0x0000006c                __vector_10
                0x0000006c                __vector_16
                0x0000006c                __vector_18
 .text          0x0000006e      0x6ac izuvo.o
                0x0000057c                process_cmd_izuvo_mode
                0x000004fc                process_cmd_izuvo
                0x00000430                ISR_TIMER0_OVR
                0x00000164                izuvo_test_mode
                0x000005ee                process_cmd_hal
                0x0000039c                process_tmr
                0x0000059a                process_cmd_ifaucet
                0x000000d2                __vector_11
                0x000001f2                led_task
                0x000006a2                process_cmd
                0x0000006e                ISR_UART_RECV
                0x00000466                __vector_9
                0x00000118                init_hardware
                0x000006c0                init_system
                0x000003be                led_driver
                0x000004ac                process_cmd_izuvo_led
 .text          0x0000071a        0x0 izuvo_mcu.o
 .text          0x0000071a       0x12 main.o
                0x0000071a                main
 .text          0x0000072c      0x10e utility.o
                0x00000778                u_asc2uint
                0x00000818                u_puts
                0x000007fc                u_putHexWord
                0x00000754                u_hex2dec
                0x00000810                u_putch
                0x0000072e                u_abs
                0x0000072c                u_delay
                0x000007c8                u_putHexByte
                0x00000742                u_sign
                0x0000082c                u_toupper
 .text          0x0000083a        0x0 c:/winavr-20100110/bin/../lib/gcc/avr/4.3.3/avr4\libgcc.a(_exit.o)
 .text          0x0000083a        0x0 c:/winavr-20100110/bin/../lib/gcc/avr/4.3.3/avr4\libgcc.a(_copy_data.o)
 .text          0x0000083a        0x0 c:/winavr-20100110/bin/../lib/gcc/avr/4.3.3/avr4\libgcc.a(_clear_bss.o)
 .text          0x0000083a        0x0 c:/winavr-20100110/bin/../lib/gcc/avr/4.3.3/../../../../avr/lib/avr4\libc.a(eerd_byte_atmega8.o)
 .text          0x0000083a        0x0 c:/winavr-20100110/bin/../lib/gcc/avr/4.3.3/../../../../avr/lib/avr4\libc.a(eewr_byte_atmega8.o)
                0x0000083a                . = ALIGN (0x2)
 *(.text.*)
 .text.libgcc   0x0000083a        0x0 c:/winavr-20100110/bin/../lib/gcc/avr/4.3.3/avr4\libgcc.a(_exit.o)
 .text.libgcc   0x0000083a        0x0 c:/winavr-20100110/bin/../lib/gcc/avr/4.3.3/avr4\libgcc.a(_copy_data.o)
 .text.libgcc   0x0000083a        0x0 c:/winavr-20100110/bin/../lib/gcc/avr/4.3.3/avr4\libgcc.a(_clear_bss.o)
 .text.avr-libc
                0x0000083a       0x10 c:/winavr-20100110/bin/../lib/gcc/avr/4.3.3/../../../../avr/lib/avr4\libc.a(eerd_byte_atmega8.o)
                0x0000083a                __eerd_byte_m8
 .text.avr-libc
                0x0000084a       0x1a c:/winavr-20100110/bin/../lib/gcc/avr/4.3.3/../../../../avr/lib/avr4\libc.a(eewr_byte_atmega8.o)
                0x0000084a                __eewr_byte_m8
                0x0000084c                __eewr_r18_m8
                0x00000864                . = ALIGN (0x2)
 *(.fini9)
 .fini9         0x00000864        0x0 c:/winavr-20100110/bin/../lib/gcc/avr/4.3.3/avr4\libgcc.a(_exit.o)
                0x00000864                exit
                0x00000864                _exit
 *(.fini9)
 *(.fini8)
 *(.fini8)
 *(.fini7)
 *(.fini7)
 *(.fini6)
 *(.fini6)
 *(.fini5)
 *(.fini5)
 *(.fini4)
 *(.fini4)
 *(.fini3)
 *(.fini3)
 *(.fini2)
 *(.fini2)
 *(.fini1)
 *(.fini1)
 *(.fini0)
 .fini0         0x00000864        0x4 c:/winavr-20100110/bin/../lib/gcc/avr/4.3.3/avr4\libgcc.a(_exit.o)
 *(.fini0)
                0x00000868                _etext = .

.data           0x00800060      0x18c load address 0x00000868
                0x00800060                PROVIDE (__data_start, .)
 *(.data)
 .data          0x00800060        0x0 c:/winavr-20100110/bin/../lib/gcc/avr/4.3.3/../../../../avr/lib/avr4/crtm8.o
 .data          0x00800060      0x155 izuvo.o
                0x0080014d                mLinux_passwd
                0x0080015d                T_PRONTO_CODE
                0x0080013d                mLinux_user
                0x008001b4                mLinuxMode
 .data          0x008001b5        0x1 izuvo_mcu.o
                0x008001b5                mZuvoIndex
 .data          0x008001b6       0x24 main.o
 .data          0x008001da       0x11 utility.o
 .data          0x008001eb        0x0 c:/winavr-20100110/bin/../lib/gcc/avr/4.3.3/avr4\libgcc.a(_exit.o)
 .data          0x008001eb        0x0 c:/winavr-20100110/bin/../lib/gcc/avr/4.3.3/avr4\libgcc.a(_copy_data.o)
 .data          0x008001eb        0x0 c:/winavr-20100110/bin/../lib/gcc/avr/4.3.3/avr4\libgcc.a(_clear_bss.o)
 .data          0x008001eb        0x0 c:/winavr-20100110/bin/../lib/gcc/avr/4.3.3/../../../../avr/lib/avr4\libc.a(eerd_byte_atmega8.o)
 .data          0x008001eb        0x0 c:/winavr-20100110/bin/../lib/gcc/avr/4.3.3/../../../../avr/lib/avr4\libc.a(eewr_byte_atmega8.o)
 *(.data*)
 *(.rodata)
 *(.rodata*)
 *(.gnu.linkonce.d*)
                0x008001ec                . = ALIGN (0x2)
 *fill*         0x008001eb        0x1 00
                0x008001ec                _edata = .
                0x008001ec                PROVIDE (__data_end, .)

.bss            0x008001ec      0x273
                0x008001ec                PROVIDE (__bss_start, .)
 *(.bss)
 .bss           0x008001ec        0x0 c:/winavr-20100110/bin/../lib/gcc/avr/4.3.3/../../../../avr/lib/avr4/crtm8.o
 .bss           0x008001ec       0x12 izuvo.o
                0x008001ed                mCmdCnt
                0x008001ec                mCmdQFlag
                0x008001f3                mPulseT
                0x008001f0                mTimer0_Cnt
                0x008001fa                mTestMode
                0x008001ef                mTimer0_Flag
                0x008001fb                mZuVoMode
                0x008001f2                mFunctionMode
                0x008001f9                mPulseIndex
 .bss           0x008001fe        0xa izuvo_mcu.o
                0x00800204                mZuvoByteCnt
                0x008001fe                mZuvoHeader
                0x00800205                mZuvoUartByte
                0x00800202                mZuvoBit
                0x00800203                mZuvoBitCnt
                0x00800207                mZuvoAuto
 .bss           0x00800208        0x0 main.o
 .bss           0x00800208        0x0 utility.o
 .bss           0x00800208        0x0 c:/winavr-20100110/bin/../lib/gcc/avr/4.3.3/avr4\libgcc.a(_exit.o)
 .bss           0x00800208        0x0 c:/winavr-20100110/bin/../lib/gcc/avr/4.3.3/avr4\libgcc.a(_copy_data.o)
 .bss           0x00800208        0x0 c:/winavr-20100110/bin/../lib/gcc/avr/4.3.3/avr4\libgcc.a(_clear_bss.o)
 .bss           0x00800208        0x0 c:/winavr-20100110/bin/../lib/gcc/avr/4.3.3/../../../../avr/lib/avr4\libc.a(eerd_byte_atmega8.o)
 .bss           0x00800208        0x0 c:/winavr-20100110/bin/../lib/gcc/avr/4.3.3/../../../../avr/lib/avr4\libc.a(eewr_byte_atmega8.o)
 *(.bss*)
 *(COMMON)
 COMMON         0x00800208       0x55 izuvo.o
                0x00800208                mCmdQ
                0x00800248                mLED_Cnt
                0x0080024c                mLED_Brightness
                0x00800250                mLED_Fade
                0x00800254                mpUART
                0x00800255                mLED
 COMMON         0x0080025d      0x202 izuvo_mcu.o
                0x0080025d                mZuvoPulse
                0x00800260                mPulseTable
                0x00800280                mPulseRepeat
                0x00800281                mCaptureState
                0x00800282                mDecodeData
                0x008002a0                mPulseCnt
                0x008002a2                mCaptureIndex
                0x008002a4                mCapturePulse
                0x00800434                mPulseLen
                0x00800435                mTxFlag
                0x00800436                mDecodeIndex
                0x00800438                mZuvoData
                0x00800456                mPulseFreq
                0x00800458                mCaptureRepeat
                0x00800459                mPulse
                0x0080045d                mDecodeBit
                0x0080045f                PROVIDE (__bss_end, .)
                0x00000868                __data_load_start = LOADADDR (.data)
                0x000009f4                __data_load_end = (__data_load_start + SIZEOF (.data))

.noinit         0x0080045f        0x0
                0x0080045f                PROVIDE (__noinit_start, .)
 *(.noinit*)
                0x0080045f                PROVIDE (__noinit_end, .)
                0x0080045f                _end = .
                0x0080045f                PROVIDE (__heap_start, .)

.eeprom         0x00810000        0x0
 *(.eeprom*)
                0x00810000                __eeprom_end = .

.fuse
 *(.fuse)
 *(.lfuse)
 *(.hfuse)
 *(.efuse)

.lock
 *(.lock*)

.signature
 *(.signature*)

.stab
 *(.stab)

.stabstr
 *(.stabstr)

.stab.excl
 *(.stab.excl)

.stab.exclstr
 *(.stab.exclstr)

.stab.index
 *(.stab.index)

.stab.indexstr
 *(.stab.indexstr)

.comment
 *(.comment)

.debug
 *(.debug)

.line
 *(.line)

.debug_srcinfo
 *(.debug_srcinfo)

.debug_sfnames
 *(.debug_sfnames)

.debug_aranges  0x00000000       0x60
 *(.debug_aranges)
 .debug_aranges
                0x00000000       0x20 izuvo.o
 .debug_aranges
                0x00000020       0x20 main.o
 .debug_aranges
                0x00000040       0x20 utility.o

.debug_pubnames
                0x00000000      0x48e
 *(.debug_pubnames)
 .debug_pubnames
                0x00000000      0x254 izuvo.o
 .debug_pubnames
                0x00000254      0x188 izuvo_mcu.o
 .debug_pubnames
                0x000003dc       0x1b main.o
 .debug_pubnames
                0x000003f7       0x97 utility.o

.debug_info     0x00000000      0xbd5
 *(.debug_info)
 .debug_info    0x00000000      0x57b izuvo.o
 .debug_info    0x0000057b      0x2b0 izuvo_mcu.o
 .debug_info    0x0000082b       0x92 main.o
 .debug_info    0x000008bd      0x318 utility.o
 *(.gnu.linkonce.wi.*)

.debug_abbrev   0x00000000      0x37b
 *(.debug_abbrev)
 .debug_abbrev  0x00000000      0x139 izuvo.o
 .debug_abbrev  0x00000139       0x5d izuvo_mcu.o
 .debug_abbrev  0x00000196       0x41 main.o
 .debug_abbrev  0x000001d7      0x1a4 utility.o

.debug_line     0x00000000      0xa9d
 *(.debug_line)
 .debug_line    0x00000000      0x7d0 izuvo.o
 .debug_line    0x000007d0       0x50 izuvo_mcu.o
 .debug_line    0x00000820       0x83 main.o
 .debug_line    0x000008a3      0x1fa utility.o

.debug_frame    0x00000000      0x1e0
 *(.debug_frame)
 .debug_frame   0x00000000      0x110 izuvo.o
 .debug_frame   0x00000110       0x20 main.o
 .debug_frame   0x00000130       0xb0 utility.o

.debug_str      0x00000000      0x43d
 *(.debug_str)
 .debug_str     0x00000000      0x27d izuvo.o
                                0x2c0 (size before relaxing)
 .debug_str     0x0000027d      0x119 izuvo_mcu.o
                                0x1e0 (size before relaxing)
 .debug_str     0x00000396        0xf main.o
                                 0xca (size before relaxing)
 .debug_str     0x000003a5       0x98 utility.o
                                0x158 (size before relaxing)

.debug_loc      0x00000000      0x4d0
 *(.debug_loc)
 .debug_loc     0x00000000      0x383 izuvo.o
 .debug_loc     0x00000383      0x14d utility.o

.debug_macinfo
 *(.debug_macinfo)
OUTPUT(ifaucet.elf elf32-avr)
LOAD linker stubs

.debug_ranges   0x00000000       0x18
 .debug_ranges  0x00000000       0x18 utility.o
