Archive member included because of file (symbol)

c:/winavr-20100110/bin/../lib/gcc/avr/4.3.3/avr4\libgcc.a(_exit.o)
                              c:/winavr-20100110/bin/../lib/gcc/avr/4.3.3/../../../../avr/lib/avr4/crtm8.o (exit)
c:/winavr-20100110/bin/../lib/gcc/avr/4.3.3/avr4\libgcc.a(_copy_data.o)
                              izuvo.o (__do_copy_data)
c:/winavr-20100110/bin/../lib/gcc/avr/4.3.3/avr4\libgcc.a(_clear_bss.o)
                              izuvo.o (__do_clear_bss)

Allocating common symbols
Common symbol       size              file

mZuvoPulse          0x3               izuvo_mcu.o
mPulseTable         0x20              izuvo_mcu.o
mPulseRepeat        0x1               izuvo_mcu.o
mCaptureState       0x1               izuvo_mcu.o
mDecodeData         0x1e              izuvo_mcu.o
mCmdQ               0x80              izuvo.o
mPulseCnt           0x2               izuvo_mcu.o
mCaptureIndex       0x2               izuvo_mcu.o
mCapturePulse       0x190             izuvo_mcu.o
mPulseLen           0x1               izuvo_mcu.o
mTxFlag             0x1               izuvo_mcu.o
mDecodeIndex        0x2               izuvo_mcu.o
mZuvoData           0x1e              izuvo_mcu.o
mPulseFreq          0x2               izuvo_mcu.o
mCaptureRepeat      0x1               izuvo_mcu.o
mpUART              0x1               izuvo.o
mPulse              0x4               izuvo_mcu.o
mDecodeBit          0x2               izuvo_mcu.o
mLED                0x8               izuvo.o

Memory Configuration

Name             Origin             Length             Attributes
text             0x00000000         0x00002000         xr
data             0x00800060         0x0000ffa0         rw !x
eeprom           0x00810000         0x00010000         rw !x
fuse             0x00820000         0x00000400         rw !x
lock             0x00830000         0x00000400         rw !x
signature        0x00840000         0x00000400         rw !x
*default*        0x00000000         0xffffffff

Linker script and memory map

LOAD c:/winavr-20100110/bin/../lib/gcc/avr/4.3.3/../../../../avr/lib/avr4/crtm8.o
LOAD izuvo.o
LOAD izuvo_mcu.o
LOAD main.o
LOAD utility.o
LOAD c:/winavr-20100110/bin/../lib/gcc/avr/4.3.3/avr4\libgcc.a
LOAD c:/winavr-20100110/bin/../lib/gcc/avr/4.3.3/../../../../avr/lib/avr4\libc.a
LOAD c:/winavr-20100110/bin/../lib/gcc/avr/4.3.3/avr4\libgcc.a

.hash
 *(.hash)

.dynsym
 *(.dynsym)

.dynstr
 *(.dynstr)

.gnu.version
 *(.gnu.version)

.gnu.version_d
 *(.gnu.version_d)

.gnu.version_r
 *(.gnu.version_r)

.rel.init
 *(.rel.init)

.rela.init
 *(.rela.init)

.rel.text
 *(.rel.text)
 *(.rel.text.*)
 *(.rel.gnu.linkonce.t*)

.rela.text
 *(.rela.text)
 *(.rela.text.*)
 *(.rela.gnu.linkonce.t*)

.rel.fini
 *(.rel.fini)

.rela.fini
 *(.rela.fini)

.rel.rodata
 *(.rel.rodata)
 *(.rel.rodata.*)
 *(.rel.gnu.linkonce.r*)

.rela.rodata
 *(.rela.rodata)
 *(.rela.rodata.*)
 *(.rela.gnu.linkonce.r*)

.rel.data
 *(.rel.data)
 *(.rel.data.*)
 *(.rel.gnu.linkonce.d*)

.rela.data
 *(.rela.data)
 *(.rela.data.*)
 *(.rela.gnu.linkonce.d*)

.rel.ctors
 *(.rel.ctors)

.rela.ctors
 *(.rela.ctors)

.rel.dtors
 *(.rel.dtors)

.rela.dtors
 *(.rela.dtors)

.rel.got
 *(.rel.got)

.rela.got
 *(.rela.got)

.rel.bss
 *(.rel.bss)

.rela.bss
 *(.rela.bss)

.rel.plt
 *(.rel.plt)

.rela.plt
 *(.rela.plt)

.text           0x00000000      0x998
 *(.vectors)
 .vectors       0x00000000       0x26 c:/winavr-20100110/bin/../lib/gcc/avr/4.3.3/../../../../avr/lib/avr4/crtm8.o
                0x00000000                __vectors
                0x00000000                __vector_default
 *(.vectors)
 *(.progmem.gcc*)
 *(.progmem*)
                0x00000026                . = ALIGN (0x2)
                0x00000026                __trampolines_start = .
 *(.trampolines)
 .trampolines   0x00000026        0x0 linker stubs
 *(.trampolines*)
                0x00000026                __trampolines_end = .
 *(.jumptables)
 *(.jumptables*)
 *(.lowtext)
 *(.lowtext*)
                0x00000026                __ctors_start = .
 *(.ctors)
                0x00000026                __ctors_end = .
                0x00000026                __dtors_start = .
 *(.dtors)
                0x00000026                __dtors_end = .
 SORT(*)(.ctors)
 SORT(*)(.dtors)
 *(.init0)
 .init0         0x00000026        0x0 c:/winavr-20100110/bin/../lib/gcc/avr/4.3.3/../../../../avr/lib/avr4/crtm8.o
                0x00000026                __init
 *(.init0)
 *(.init1)
 *(.init1)
 *(.init2)
 .init2         0x00000026        0xc c:/winavr-20100110/bin/../lib/gcc/avr/4.3.3/../../../../avr/lib/avr4/crtm8.o
 *(.init2)
 *(.init3)
 *(.init3)
 *(.init4)
 .init4         0x00000032       0x16 c:/winavr-20100110/bin/../lib/gcc/avr/4.3.3/avr4\libgcc.a(_copy_data.o)
                0x00000032                __do_copy_data
 .init4         0x00000048       0x10 c:/winavr-20100110/bin/../lib/gcc/avr/4.3.3/avr4\libgcc.a(_clear_bss.o)
                0x00000048                __do_clear_bss
 *(.init4)
 *(.init5)
 *(.init5)
 *(.init6)
 *(.init6)
 *(.init7)
 *(.init7)
 *(.init8)
 *(.init8)
 *(.init9)
 .init9         0x00000058        0x4 c:/winavr-20100110/bin/../lib/gcc/avr/4.3.3/../../../../avr/lib/avr4/crtm8.o
 *(.init9)
 *(.text)
 .text          0x0000005c        0x2 c:/winavr-20100110/bin/../lib/gcc/avr/4.3.3/../../../../avr/lib/avr4/crtm8.o
                0x0000005c                __vector_1
                0x0000005c                __vector_12
                0x0000005c                __bad_interrupt
                0x0000005c                __vector_3
                0x0000005c                __vector_13
                0x0000005c                __vector_17
                0x0000005c                __vector_7
                0x0000005c                __vector_4
                0x0000005c                __vector_2
                0x0000005c                __vector_15
                0x0000005c                __vector_8
                0x0000005c                __vector_14
                0x0000005c                __vector_10
                0x0000005c                __vector_16
                0x0000005c                __vector_18
 .text          0x0000005e      0x7c8 izuvo.o
                0x000005bc                process_cmd_izuvo
                0x00000458                ISR_TIMER0_OVR
                0x0000063c                process_cmd_hal
                0x000001e4                __vector_6
                0x00000390                process_tmr
                0x000000ec                __vector_11
                0x0000050e                process_cmd_linux
                0x0000024e                __vector_5
                0x000007de                process_cmd
                0x0000005e                ISR_UART_RECV
                0x00000132                POLL_UART_RECV
                0x00000478                __vector_9
                0x0000034e                init_hardware
                0x0000040e                task_led
                0x000001c0                POLL_TIMER0_OVR
                0x00000540                init_system
                0x000004be                process_cmd_izuvo_led
 .text          0x00000826       0x44 izuvo_mcu.o
                0x0000083a                ir_wait_tx
                0x00000826                process_remote_command
 .text          0x0000086a       0x12 main.o
                0x0000086a                main
 .text          0x0000087c      0x118 utility.o
                0x000008c8                u_asc2uint
                0x00000970                u_puts
                0x00000952                u_putHexWord
                0x000008a4                u_hex2dec
                0x00000966                u_putch
                0x0000087e                u_abs
                0x0000087c                u_delay
                0x00000918                u_putHexByte
                0x00000892                u_sign
                0x00000986                u_toupper
 .text          0x00000994        0x0 c:/winavr-20100110/bin/../lib/gcc/avr/4.3.3/avr4\libgcc.a(_exit.o)
 .text          0x00000994        0x0 c:/winavr-20100110/bin/../lib/gcc/avr/4.3.3/avr4\libgcc.a(_copy_data.o)
 .text          0x00000994        0x0 c:/winavr-20100110/bin/../lib/gcc/avr/4.3.3/avr4\libgcc.a(_clear_bss.o)
                0x00000994                . = ALIGN (0x2)
 *(.text.*)
 .text.libgcc   0x00000994        0x0 c:/winavr-20100110/bin/../lib/gcc/avr/4.3.3/avr4\libgcc.a(_exit.o)
 .text.libgcc   0x00000994        0x0 c:/winavr-20100110/bin/../lib/gcc/avr/4.3.3/avr4\libgcc.a(_copy_data.o)
 .text.libgcc   0x00000994        0x0 c:/winavr-20100110/bin/../lib/gcc/avr/4.3.3/avr4\libgcc.a(_clear_bss.o)
                0x00000994                . = ALIGN (0x2)
 *(.fini9)
 .fini9         0x00000994        0x0 c:/winavr-20100110/bin/../lib/gcc/avr/4.3.3/avr4\libgcc.a(_exit.o)
                0x00000994                exit
                0x00000994                _exit
 *(.fini9)
 *(.fini8)
 *(.fini8)
 *(.fini7)
 *(.fini7)
 *(.fini6)
 *(.fini6)
 *(.fini5)
 *(.fini5)
 *(.fini4)
 *(.fini4)
 *(.fini3)
 *(.fini3)
 *(.fini2)
 *(.fini2)
 *(.fini1)
 *(.fini1)
 *(.fini0)
 .fini0         0x00000994        0x4 c:/winavr-20100110/bin/../lib/gcc/avr/4.3.3/avr4\libgcc.a(_exit.o)
 *(.fini0)
                0x00000998                _etext = .

.data           0x00800060      0x176 load address 0x00000998
                0x00800060                PROVIDE (__data_start, .)
 *(.data)
 .data          0x00800060        0x0 c:/winavr-20100110/bin/../lib/gcc/avr/4.3.3/../../../../avr/lib/avr4/crtm8.o
 .data          0x00800060      0x140 izuvo.o
                0x00800138                mLinux_passwd
                0x00800148                T_PRONTO_CODE
                0x00800128                mLinux_user
                0x0080019f                mLinuxMode
 .data          0x008001a0        0x1 izuvo_mcu.o
                0x008001a0                mZuvoIndex
 .data          0x008001a1       0x24 main.o
 .data          0x008001c5       0x11 utility.o
 .data          0x008001d6        0x0 c:/winavr-20100110/bin/../lib/gcc/avr/4.3.3/avr4\libgcc.a(_exit.o)
 .data          0x008001d6        0x0 c:/winavr-20100110/bin/../lib/gcc/avr/4.3.3/avr4\libgcc.a(_copy_data.o)
 .data          0x008001d6        0x0 c:/winavr-20100110/bin/../lib/gcc/avr/4.3.3/avr4\libgcc.a(_clear_bss.o)
 *(.data*)
 *(.rodata)
 *(.rodata*)
 *(.gnu.linkonce.d*)
                0x008001d6                . = ALIGN (0x2)
                0x008001d6                _edata = .
                0x008001d6                PROVIDE (__data_end, .)

.bss            0x008001d6      0x2a5
                0x008001d6                PROVIDE (__bss_start, .)
 *(.bss)
 .bss           0x008001d6        0x0 c:/winavr-20100110/bin/../lib/gcc/avr/4.3.3/../../../../avr/lib/avr4/crtm8.o
 .bss           0x008001d6       0x10 izuvo.o
                0x008001d7                mCmdCnt
                0x008001d6                mCmdQFlag
                0x008001dc                mPulseT
                0x008001da                mTimer0_Cnt
                0x008001d9                mTimer0_Flag
                0x008001db                mFunctionMode
                0x008001e2                mPulseIndex
 .bss           0x008001e6        0xa izuvo_mcu.o
                0x008001ec                mZuvoByteCnt
                0x008001e6                mZuvoHeader
                0x008001ed                mZuvoUartByte
                0x008001ea                mZuvoBit
                0x008001eb                mZuvoBitCnt
                0x008001ef                mZuvoAuto
 .bss           0x008001f0        0x0 main.o
 .bss           0x008001f0        0x0 utility.o
 .bss           0x008001f0        0x0 c:/winavr-20100110/bin/../lib/gcc/avr/4.3.3/avr4\libgcc.a(_exit.o)
 .bss           0x008001f0        0x0 c:/winavr-20100110/bin/../lib/gcc/avr/4.3.3/avr4\libgcc.a(_copy_data.o)
 .bss           0x008001f0        0x0 c:/winavr-20100110/bin/../lib/gcc/avr/4.3.3/avr4\libgcc.a(_clear_bss.o)
 *(.bss*)
 *(COMMON)
 COMMON         0x008001f0       0x89 izuvo.o
                0x008001f0                mCmdQ
                0x00800270                mpUART
                0x00800271                mLED
 COMMON         0x00800279      0x202 izuvo_mcu.o
                0x00800279                mZuvoPulse
                0x0080027c                mPulseTable
                0x0080029c                mPulseRepeat
                0x0080029d                mCaptureState
                0x0080029e                mDecodeData
                0x008002bc                mPulseCnt
                0x008002be                mCaptureIndex
                0x008002c0                mCapturePulse
                0x00800450                mPulseLen
                0x00800451                mTxFlag
                0x00800452                mDecodeIndex
                0x00800454                mZuvoData
                0x00800472                mPulseFreq
                0x00800474                mCaptureRepeat
                0x00800475                mPulse
                0x00800479                mDecodeBit
                0x0080047b                PROVIDE (__bss_end, .)
                0x00000998                __data_load_start = LOADADDR (.data)
                0x00000b0e                __data_load_end = (__data_load_start + SIZEOF (.data))

.noinit         0x0080047b        0x0
                0x0080047b                PROVIDE (__noinit_start, .)
 *(.noinit*)
                0x0080047b                PROVIDE (__noinit_end, .)
                0x0080047b                _end = .
                0x0080047b                PROVIDE (__heap_start, .)

.eeprom         0x00810000        0x0
 *(.eeprom*)
                0x00810000                __eeprom_end = .

.fuse
 *(.fuse)
 *(.lfuse)
 *(.hfuse)
 *(.efuse)

.lock
 *(.lock*)

.signature
 *(.signature*)

.stab
 *(.stab)

.stabstr
 *(.stabstr)

.stab.excl
 *(.stab.excl)

.stab.exclstr
 *(.stab.exclstr)

.stab.index
 *(.stab.index)

.stab.indexstr
 *(.stab.indexstr)

.comment
 *(.comment)

.debug
 *(.debug)

.line
 *(.line)

.debug_srcinfo
 *(.debug_srcinfo)

.debug_sfnames
 *(.debug_sfnames)

.debug_aranges  0x00000000       0x80
 *(.debug_aranges)
 .debug_aranges
                0x00000000       0x20 izuvo.o
 .debug_aranges
                0x00000020       0x20 izuvo_mcu.o
 .debug_aranges
                0x00000040       0x20 main.o
 .debug_aranges
                0x00000060       0x20 utility.o

.debug_pubnames
                0x00000000      0x472
 *(.debug_pubnames)
 .debug_pubnames
                0x00000000      0x20e izuvo.o
 .debug_pubnames
                0x0000020e      0x1b2 izuvo_mcu.o
 .debug_pubnames
                0x000003c0       0x1b main.o
 .debug_pubnames
                0x000003db       0x97 utility.o

.debug_info     0x00000000      0xbeb
 *(.debug_info)
 .debug_info    0x00000000      0x525 izuvo.o
 .debug_info    0x00000525      0x31c izuvo_mcu.o
 .debug_info    0x00000841       0x92 main.o
 .debug_info    0x000008d3      0x318 utility.o
 *(.gnu.linkonce.wi.*)

.debug_abbrev   0x00000000      0x3f7
 *(.debug_abbrev)
 .debug_abbrev  0x00000000      0x15b izuvo.o
 .debug_abbrev  0x0000015b       0xb7 izuvo_mcu.o
 .debug_abbrev  0x00000212       0x41 main.o
 .debug_abbrev  0x00000253      0x1a4 utility.o

.debug_line     0x00000000      0xb1b
 *(.debug_line)
 .debug_line    0x00000000      0x7a4 izuvo.o
 .debug_line    0x000007a4       0xd2 izuvo_mcu.o
 .debug_line    0x00000876       0x83 main.o
 .debug_line    0x000008f9      0x222 utility.o

.debug_frame    0x00000000      0x220
 *(.debug_frame)
 .debug_frame   0x00000000      0x120 izuvo.o
 .debug_frame   0x00000120       0x30 izuvo_mcu.o
 .debug_frame   0x00000150       0x20 main.o
 .debug_frame   0x00000170       0xb0 utility.o

.debug_str      0x00000000      0x426
 *(.debug_str)
 .debug_str     0x00000000      0x26f izuvo.o
                                0x2ad (size before relaxing)
 .debug_str     0x0000026f      0x110 izuvo_mcu.o
                                0x216 (size before relaxing)
 .debug_str     0x0000037f        0xf main.o
                                 0xca (size before relaxing)
 .debug_str     0x0000038e       0x98 utility.o
                                0x158 (size before relaxing)

.debug_loc      0x00000000      0x4e9
 *(.debug_loc)
 .debug_loc     0x00000000      0x35c izuvo.o
 .debug_loc     0x0000035c       0x40 izuvo_mcu.o
 .debug_loc     0x0000039c      0x14d utility.o

.debug_macinfo
 *(.debug_macinfo)
OUTPUT(ifaucet.elf elf32-avr)
LOAD linker stubs

.debug_ranges   0x00000000       0x18
 .debug_ranges  0x00000000       0x18 utility.o
