ARM Linker, RVCT3.1 [Build 914] for uVision [Standard]

================================================================================

Section Cross References

    startup.o(STACK) refers (Special) to stkheap2.o(.text) for __use_two_region_memory
    startup.o(HEAP) refers (Special) to stkheap2.o(.text) for __use_two_region_memory
    startup.o(RESET) refers to startup.o(STACK) for Stack_Top
    startup.o(RESET) refers to __main.o(!!!main) for __main
    startup.o(RESET) refers (Special) to stkheap2.o(.text) for __use_two_region_memory
    startup.o(.text) refers to startup.o(HEAP) for Heap_Mem
    startup.o(.text) refers to startup.o(STACK) for Stack_Mem
    startup.o(.text) refers (Special) to stkheap2.o(.text) for __use_two_region_memory
    webserver.o(.text) refers to strncmp.o(.text) for strncmp
    webserver.o(.text) refers to ip_arp_udp_tcp.o(.text) for fill_tcp_data_p
    webserver.o(.text) refers to webserver.o(.data) for .data
    webserver.o(.text) refers to enc28j60.o(.text) for enc28j60Init
    webserver.o(.text) refers to webserver.o(.constdata) for .constdata
    webserver.o(.text) refers to webserver.o(.bss) for .bss
    webserver.o(.text) refers to strcpy.o(.text) for strcpy
    webserver.o(.text) refers to strlen.o(.text) for strlen
    enc28j60.o(.text) refers to enc28j60.o(.data) for .data
    ip_arp_udp_tcp.o(.text) refers to enc28j60.o(.text) for enc28j60PacketSend
    ip_arp_udp_tcp.o(.text) refers to ip_arp_udp_tcp.o(.data) for .data
    stkheap2.o(.text) refers to sys_stackheap_outer.o(.text) for __user_setup_stackheap
    stkheap2.o(.text) refers to rt_stackheap_storage_intlibspace.o(.text) for __rt_stackheap_storage
    __main.o(!!!main) refers to kernel.o(.text) for __rt_entry
    kernel.o(.text) refers to stkheap2.o(.text) for __rt_stackheap_init
    kernel.o(.text) refers to boardinit2.o(.text) for _platform_post_stackheap_init
    kernel.o(.text) refers to lib_init.o(.text) for __rt_lib_init
    kernel.o(.text) refers to boardinit3.o(.text) for _platform_post_lib_init
    kernel.o(.text) refers to exit.o(.text) for exit
    kernel.o(.text) refers to webserver.o(.text) for main
    kernel.o(.text) refers to sys_exit.o(.text) for _sys_exit
    kernel.o(.ARM.exidx) refers to kernel.o(.text) for __rt_entry
    sys_stackheap_outer.o(.text) refers to libspace.o(.text) for __user_perproc_libspace
    sys_stackheap_outer.o(.text) refers to startup.o(.text) for __user_initial_stackheap
    rt_stackheap_storage.o(.text) refers to rt_stackheap_storage.o(.bss) for __rt_stackheap_storage_data
    rt_stackheap_storage_intlibspace.o(.text) refers (Weak) to libspace.o(.bss) for __libspace_start
    rt_stackheap_storage_onelibspace.o(.text) refers (Weak) to libspace.o(.text) for __user_libspace
    rt_stackheap_storage_twolibspace.o(.text) refers (Weak) to libspace.o(.text) for __user_perproc_libspace
    sys_exit.o(.text) refers to use_no_semi.o(.text) for __I_use_semihosting
    libspace.o(.text) refers to libspace.o(.bss) for __libspace_start
    exit.o(.text) refers to kernel.o(.text) for __rt_exit
    stkheap1.o(.text) refers to sys_stackheap_outer.o(.text) for __user_setup_stackheap
    stkheap1.o(.text) refers to rt_stackheap_storage_intlibspace.o(.text) for __rt_stackheap_storage
    lib_init.o(.emb_text) refers to no_argv.o(.text) for __ARM_get_argv
    lib_init.o(.text) refers to fpinit.o(x$fpl$fpinit) for _fp_init
    lib_init.o(.text) refers to lib_init.o(.emb_text) for __ARM_argv_veneer
    lib_init.o(.text) refers to rt_locale_intlibspace.o(.text) for __rt_locale
    rt_locale.o(.text) refers to rt_locale.o(.bss) for __rt_locale_data
    rt_locale_intlibspace.o(.text) refers (Weak) to libspace.o(.bss) for __libspace_start
    rt_locale_onelibspace.o(.text) refers (Weak) to libspace.o(.text) for __user_libspace
    rt_locale_twolibspace.o(.text) refers (Weak) to libspace.o(.text) for __user_perproc_libspace
    _get_argv.o(.text) refers to heapext.o(.text) for __heap_extend
    _get_argv.o(.text) refers to defsig_rtmem_outer.o(.text) for __rt_SIGRTMEM
    _get_argv.o(.text) refers to sys_command.o(.text) for _sys_command_string
    _get_argv.o(.text) refers (Special) to hrguard.o(.text) for __heap_region_guard
    fpinit.o(x$fpl$fpinit) refers to rt_fp_status_addr_intlibspace.o(.text) for __rt_fp_status_addr
    sys_command.o(.text) refers (Special) to use_no_semi.o(.text) for __I_use_semihosting
    rt_fp_status_addr.o(.text) refers to rt_fp_status_addr.o(.bss) for __rt_fp_status_addr_data
    rt_fp_status_addr_intlibspace.o(.text) refers (Weak) to libspace.o(.bss) for __libspace_start
    rt_fp_status_addr_onelibspace.o(.text) refers (Weak) to libspace.o(.text) for __user_libspace
    rt_fp_status_addr_twolibspace.o(.text) refers (Weak) to libspace.o(.text) for __user_perthread_libspace
    defsig_rtmem_outer.o(.text) refers to defsig_rtmem_inner.o(.text) for __rt_SIGRTMEM_inner
    defsig_rtmem_outer.o(.text) refers to defsig_exit.o(.text) for __sig_exit
    defsig_rtmem_formal.o(.text) refers to rt_raise.o(.text) for __rt_raise
    defsig_rtmem_formal.o(.text) refers (Special) to defsig_rtmem_inner.o(.text) for __rt_SIGRTMEM_inner
    heapext.o(.text) refers to stkheap2.o(.text) for __rt_heap_extend
    rt_raise.o(.text) refers to __raise.o(.text) for __raise
    rt_raise.o(.text) refers to sys_exit.o(.text) for _sys_exit
    defsig_exit.o(.text) refers to sys_exit.o(.text) for _sys_exit
    defsig_rtmem_inner.o(.text) refers to defsig_general.o(.text) for __default_signal_display
    __raise.o(.text) refers to defsig.o(CL$$defsig) for __default_signal_handler
    __raise.o(.text) refers to callvia.o(.text) for __ARM_call_via_r2
    defsig_general.o(.text) refers to sys_wrch.o(.text) for _ttywrch
    sys_wrch.o(.text) refers (Special) to use_no_semi.o(.text) for __I_use_semihosting
    defsig.o(CL$$defsig) refers (Weak) to defsig_rtmem_inner.o(.text) for __rt_SIGRTMEM_inner


================================================================================

Adding Veneers to the image

    Adding TA veneer (8 bytes, Short) for call to '__rt_exit' from exit.o(.text).
    Adding AT veneer (12 bytes, Long) for call to '__rt_lib_shutdown' from kernel.o(.text).
    Adding TA veneer (4 bytes, Inline) for call to '_fp_init' from lib_init.o(.text).
    Adding TA veneer (4 bytes, Inline) for call to '__rt_locale' from lib_init.o(.text).
    Adding AT veneer (8 bytes, Inline) for call to '__rt_lib_init' from kernel.o(.text).
    Adding AT veneer (8 bytes, Inline) for call to 'strlen' from webserver.o(.text).
    Adding AT veneer (8 bytes, Inline) for call to 'strncmp' from webserver.o(.text).
    Adding AT veneer (8 bytes, Inline) for call to 'strcpy' from webserver.o(.text).
    Adding TA veneer (4 bytes, Inline) for call to '__ARM_argv_veneer' from lib_init.o(.text).

9 Veneer(s) (total 64 bytes) added to the image.

================================================================================

Image Symbol Table

    Local Symbols

    Symbol Name                              Value     Ov Type        Size  Object(Section)

    RESET                                    0x00000000   Section      288  startup.o(RESET)
    ../../angel/boardlib.s                   0x00000000   Number         0  boardinit1.o ABSOLUTE
    ../../angel/boardlib.s                   0x00000000   Number         0  cpuinit.o ABSOLUTE
    ../../angel/boardlib.s                   0x00000000   Number         0  boardinit3.o ABSOLUTE
    ../../angel/boardlib.s                   0x00000000   Number         0  boardinit2.o ABSOLUTE
    ../../angel/boardlib.s                   0x00000000   Number         0  boardshut.o ABSOLUTE
    ../../angel/handlers.s                   0x00000000   Number         0  __scatter_copy.o ABSOLUTE
    ../../angel/handlers.s                   0x00000000   Number         0  __scatter_zi.o ABSOLUTE
    ../../angel/kernel.s                     0x00000000   Number         0  kernel.o ABSOLUTE
    ../../angel/rt.s                         0x00000000   Number         0  rt_locale_intlibspace.o ABSOLUTE
    ../../angel/rt.s                         0x00000000   Number         0  rt_raise.o ABSOLUTE
    ../../angel/rt.s                         0x00000000   Number         0  rt_fp_status_addr_onelibspace.o ABSOLUTE
    ../../angel/rt.s                         0x00000000   Number         0  rt_fp_status_addr_intlibspace.o ABSOLUTE
    ../../angel/rt.s                         0x00000000   Number         0  rt_fp_status_addr.o ABSOLUTE
    ../../angel/rt.s                         0x00000000   Number         0  rt_locale_twolibspace.o ABSOLUTE
    ../../angel/rt.s                         0x00000000   Number         0  rt_stackheap_storage.o ABSOLUTE
    ../../angel/rt.s                         0x00000000   Number         0  rt_stackheap_storage_intlibspace.o ABSOLUTE
    ../../angel/rt.s                         0x00000000   Number         0  rt_locale_onelibspace.o ABSOLUTE
    ../../angel/rt.s                         0x00000000   Number         0  rt_stackheap_storage_onelibspace.o ABSOLUTE
    ../../angel/rt.s                         0x00000000   Number         0  rt_stackheap_storage_twolibspace.o ABSOLUTE
    ../../angel/rt.s                         0x00000000   Number         0  rt_locale.o ABSOLUTE
    ../../angel/rt.s                         0x00000000   Number         0  rt_fp_status_addr_twolibspace.o ABSOLUTE
    ../../angel/scatter.s                    0x00000000   Number         0  __scatter.o ABSOLUTE
    ../../angel/startup.s                    0x00000000   Number         0  __main.o ABSOLUTE
    ../../angel/sys.s                        0x00000000   Number         0  sys_stackheap_outer.o ABSOLUTE
    ../../angel/sys.s                        0x00000000   Number         0  libspace.o ABSOLUTE
    ../../angel/sys.s                        0x00000000   Number         0  sys_exit.o ABSOLUTE
    ../../angel/sys.s                        0x00000000   Number         0  use_no_semi.o ABSOLUTE
    ../../angel/sysapp.c                     0x00000000   Number         0  sys_command.o ABSOLUTE
    ../../angel/sysapp.c                     0x00000000   Number         0  sys_wrch.o ABSOLUTE
    ../../armsys.c                           0x00000000   Number         0  lib_init.o ABSOLUTE
    ../../armsys.c                           0x00000000   Number         0  lib_init.o ABSOLUTE
    ../../armsys.c                           0x00000000   Number         0  _get_argv.o ABSOLUTE
    ../../armsys.c                           0x00000000   Number         0  no_argv.o ABSOLUTE
    ../../fpinit.s                           0x00000000   Number         0  fpinit.o ABSOLUTE
    ../../heapalloc.c                        0x00000000   Number         0  hrguard.o ABSOLUTE
    ../../signal.c                           0x00000000   Number         0  defsig_rtmem_inner.o ABSOLUTE
    ../../signal.c                           0x00000000   Number         0  __raise.o ABSOLUTE
    ../../signal.c                           0x00000000   Number         0  defsig_rtmem_formal.o ABSOLUTE
    ../../signal.c                           0x00000000   Number         0  defsig_exit.o ABSOLUTE
    ../../signal.c                           0x00000000   Number         0  defsig_rtmem_outer.o ABSOLUTE
    ../../signal.c                           0x00000000   Number         0  defsig_general.o ABSOLUTE
    ../../signal.s                           0x00000000   Number         0  defsig.o ABSOLUTE
    ../../stdlib.c                           0x00000000   Number         0  exit.o ABSOLUTE
    ../../stkheap.s                          0x00000000   Number         0  heapext.o ABSOLUTE
    ../../stkheap1.s                         0x00000000   Number         0  stkheap1.o ABSOLUTE
    ../../stkheap2.s                         0x00000000   Number         0  stkheap2.o ABSOLUTE
    ../../string.c                           0x00000000   Number         0  strlen.o ABSOLUTE
    ../../string.c                           0x00000000   Number         0  strcpy.o ABSOLUTE
    ../../string.c                           0x00000000   Number         0  strncmp.o ABSOLUTE
    ../../unhosted.s                         0x00000000   Number         0  callvia.o ABSOLUTE
    Startup.s                                0x00000000   Number         0  startup.o ABSOLUTE
    WebServer.c                              0x00000000   Number         0  webserver.o ABSOLUTE
    dc.s                                     0x00000000   Number         0  dc.o ABSOLUTE
    enc28j60.c                               0x00000000   Number         0  enc28j60.o ABSOLUTE
    ip_arp_udp_tcp.c                         0x00000000   Number         0  ip_arp_udp_tcp.o ABSOLUTE
    Undef_Handler                            0x00000040   ARM Code       4  startup.o(RESET)
    SWI_Handler                              0x00000044   ARM Code       4  startup.o(RESET)
    PAbt_Handler                             0x00000048   ARM Code       4  startup.o(RESET)
    DAbt_Handler                             0x0000004c   ARM Code       4  startup.o(RESET)
    IRQ_Handler                              0x00000050   ARM Code       4  startup.o(RESET)
    FIQ_Handler                              0x00000054   ARM Code       4  startup.o(RESET)
    !!!main                                  0x00000120   Section        8  __main.o(!!!main)
    !!!scatter                               0x00000128   Section       60  __scatter.o(!!!scatter)
    !!handler_copy                           0x00000164   Section       40  __scatter_copy.o(!!handler_copy)
    !!handler_zi                             0x0000018c   Section       44  __scatter_zi.o(!!handler_zi)
    .emb_text                                0x000001bc   Section       16  lib_init.o(.emb_text)
    .text                                    0x000001cc   Section       32  startup.o(.text)
    .text                                    0x000001ec   Section     2380  webserver.o(.text)
    .text                                    0x00000b38   Section     2088  enc28j60.o(.text)
    .text                                    0x00001360   Section     2200  ip_arp_udp_tcp.o(.text)
    .text                                    0x00001c00   Section       80  strcpy.o(.text)
    .text                                    0x00001c58   Section       80  strncmp.o(.text)
    .text                                    0x00001cb0   Section       72  strlen.o(.text)
    .text                                    0x00001cf8   Section       64  stkheap2.o(.text)
    .text                                    0x00001d38   Section      104  kernel.o(.text)
    .text                                    0x00001da0   Section       96  sys_stackheap_outer.o(.text)
    .text                                    0x00001e00   Section       16  rt_stackheap_storage_intlibspace.o(.text)
    .text                                    0x00001e10   Section       24  sys_exit.o(.text)
    .text                                    0x00001e28   Section       12  libspace.o(.text)
    .text                                    0x00001e34   Section       12  exit.o(.text)
    .text                                    0x00001e48   Section      206  lib_init.o(.text)
    .text                                    0x00001f18   Section       12  boardinit2.o(.text)
    .text                                    0x00001f24   Section       16  boardinit3.o(.text)
    .text                                    0x00001f34   Section        4  use_no_semi.o(.text)
    .text                                    0x00001f3c   Section       16  rt_locale_intlibspace.o(.text)
    .text                                    0x00001f4c   Section        6  no_argv.o(.text)
    .text                                    0x00001f54   Section       16  rt_fp_status_addr_intlibspace.o(.text)
    x$fpl$fpinit                             0x00001f7c   Section       24  fpinit.o(x$fpl$fpinit)
    .constdata                               0x00001f94   Section      148  webserver.o(.constdata)
    .data                                    0x40000000   Section       19  webserver.o(.data)
    mymac                                    0x40000000   Data           6  webserver.o(.data)
    myip                                     0x40000006   Data           4  webserver.o(.data)
    password                                 0x4000000a   Data           9  webserver.o(.data)
    .data                                    0x40000014   Section        4  enc28j60.o(.data)
    Enc28j60Bank                             0x40000014   Data           1  enc28j60.o(.data)
    NextPacketPtr                            0x40000016   Data           2  enc28j60.o(.data)
    .data                                    0x40000018   Section       17  ip_arp_udp_tcp.o(.data)
    wwwport                                  0x40000018   Data           1  ip_arp_udp_tcp.o(.data)
    info_hdr_len                             0x4000001a   Data           2  ip_arp_udp_tcp.o(.data)
    info_data_len                            0x4000001c   Data           2  ip_arp_udp_tcp.o(.data)
    seqnum                                   0x4000001e   Data           1  ip_arp_udp_tcp.o(.data)
    macaddr                                  0x4000001f   Data           6  ip_arp_udp_tcp.o(.data)
    ipaddr                                   0x40000025   Data           4  ip_arp_udp_tcp.o(.data)
    .bss                                     0x4000002c   Section     1501  webserver.o(.bss)
    buf                                      0x4000002c   Data        1501  webserver.o(.bss)
    .bss                                     0x4000060c   Section       96  libspace.o(.bss)
    HEAP                                     0x40000670   Number         0  startup.o(HEAP)
    STACK                                    0x40000670   Section     1160  startup.o(STACK)
    Heap_Mem                                 0x40000670   Number         0  startup.o(HEAP)
    Stack_Mem                                0x40000670   Data        1160  startup.o(STACK)
    Stack_Top                                0x40000af8   Number         0  startup.o(STACK)

    Global Symbols

    Symbol Name                              Value     Ov Type        Size  Object(Section)

    BuildAttributes$$THM_ISAv1$ARM_ISAv4$M$S$PE$A:L22$X:L11$S22$IEEE1$IW$USESV6$~STKCKD$USESV7$~SHL$OSPACE$EBA8$STANDARDLIB$REQ8$PRES8$EABIv2 0x00000000   Number         0  anon$$obj.o ABSOLUTE
    __ARM_use_no_argv                        0x00000000   Number         0  webserver.o ABSOLUTE
    __ARM_exceptions_init                     - Undefined Weak Reference
    __Heap_DescSize                           - Undefined Weak Reference
    __alloca_initialize                       - Undefined Weak Reference
    __cpp_initialize__aeabi_                  - Undefined Weak Reference
    __cxa_finalize                            - Undefined Weak Reference
    __rt_SIGABRT_inner                        - Undefined Weak Reference
    __rt_SIGCPPL_inner                        - Undefined Weak Reference
    __rt_SIGFPE_inner                         - Undefined Weak Reference
    __rt_SIGILL_inner                         - Undefined Weak Reference
    __rt_SIGINT_inner                         - Undefined Weak Reference
    __rt_SIGPVFN_inner                        - Undefined Weak Reference
    __rt_SIGRTRED_inner                       - Undefined Weak Reference
    __rt_SIGSEGV_inner                        - Undefined Weak Reference
    __rt_SIGSTAK_inner                        - Undefined Weak Reference
    __rt_SIGTERM_inner                        - Undefined Weak Reference
    __rt_SIGUSR1_inner                        - Undefined Weak Reference
    __rt_SIGUSR2_inner                        - Undefined Weak Reference
    __rt_sigother_inner                       - Undefined Weak Reference
    __sigvec_lookup                           - Undefined Weak Reference
    __user_heap_extend                        - Undefined Weak Reference
    _atexit_init                              - Undefined Weak Reference
    _call_atexit_fns                          - Undefined Weak Reference
    _clock_init                               - Undefined Weak Reference
    _fp_trap_init                             - Undefined Weak Reference
    _get_lc_collate                           - Undefined Weak Reference
    _get_lc_ctype                             - Undefined Weak Reference
    _get_lc_monetary                          - Undefined Weak Reference
    _get_lc_numeric                           - Undefined Weak Reference
    _get_lc_time                              - Undefined Weak Reference
    _getenv_init                              - Undefined Weak Reference
    _handle_redirection                       - Undefined Weak Reference
    _init_alloc                               - Undefined Weak Reference
    _init_user_alloc                          - Undefined Weak Reference
    _initio                                   - Undefined Weak Reference
    _rand_init                                - Undefined Weak Reference
    _signal_init                              - Undefined Weak Reference
    _terminate_user_alloc                     - Undefined Weak Reference
    _terminateio                              - Undefined Weak Reference
    Reset_Handler                            0x00000058   ARM Code       0  startup.o(RESET)
    __main                                   0x00000120   ARM Code       8  __main.o(!!!main)
    __scatterload                            0x00000128   ARM Code       0  __scatter.o(!!!scatter)
    __scatterload_rt2                        0x00000128   ARM Code      52  __scatter.o(!!!scatter)
    __scatterload_null                       0x0000013c   ARM Code       0  __scatter.o(!!!scatter)
    __scatterload_copy                       0x00000164   ARM Code      40  __scatter_copy.o(!!handler_copy)
    __scatterload_zeroinit                   0x0000018c   ARM Code      44  __scatter_zi.o(!!handler_zi)
    Inline Thumb to ARM Veneer to __ARM_argv_veneer 0x000001b9   Thumb Code     0  lib_init.o(.emb_text)
    __ARM_argv_veneer                        0x000001bc   ARM Code      16  lib_init.o(.emb_text)
    __user_initial_stackheap                 0x000001cc   ARM Code       0  startup.o(.text)
    verify_password                          0x000001ec   ARM Code      52  webserver.o(.text)
    analyse_get_url                          0x00000220   ARM Code     168  webserver.o(.text)
    moved_perm                               0x000002c8   ARM Code     120  webserver.o(.text)
    print_webpage                            0x00000340   ARM Code     500  webserver.o(.text)
    main                                     0x00000534   ARM Code    1480  webserver.o(.text)
    _delay_us                                0x00000b38   ARM Code      40  enc28j60.o(.text)
    delay_ms                                 0x00000b60   ARM Code      40  enc28j60.o(.text)
    enc28j60ReadOp                           0x00000b88   ARM Code     152  enc28j60.o(.text)
    enc28j60WriteOp                          0x00000c20   ARM Code      92  enc28j60.o(.text)
    enc28j60ReadBuffer                       0x00000c7c   ARM Code     140  enc28j60.o(.text)
    enc28j60WriteBuffer                      0x00000d08   ARM Code     120  enc28j60.o(.text)
    enc28j60SetBank                          0x00000d80   ARM Code      84  enc28j60.o(.text)
    enc28j60Read                             0x00000dd4   ARM Code      36  enc28j60.o(.text)
    enc28j60Write                            0x00000df8   ARM Code      44  enc28j60.o(.text)
    enc28j60PhyReadH                         0x00000e24   ARM Code      88  enc28j60.o(.text)
    enc28j60PhyWrite                         0x00000e7c   ARM Code      84  enc28j60.o(.text)
    enc28j60clkout                           0x00000ed0   ARM Code      28  enc28j60.o(.text)
    enc28j60Init                             0x00000eec   ARM Code     576  enc28j60.o(.text)
    enc28j60getrev                           0x0000112c   ARM Code      20  enc28j60.o(.text)
    enc28j60linkup                           0x00001140   ARM Code      44  enc28j60.o(.text)
    enc28j60PacketSend                       0x0000116c   ARM Code     160  enc28j60.o(.text)
    enc28j60PacketReceive                    0x0000120c   ARM Code     324  enc28j60.o(.text)
    checksum                                 0x00001360   ARM Code     160  ip_arp_udp_tcp.o(.text)
    init_ip_arp_udp_tcp                      0x00001400   ARM Code      92  ip_arp_udp_tcp.o(.text)
    eth_type_is_arp_and_my_ip                0x0000145c   ARM Code     116  ip_arp_udp_tcp.o(.text)
    eth_type_is_ip_and_my_ip                 0x000014d0   ARM Code     136  ip_arp_udp_tcp.o(.text)
    make_eth                                 0x00001558   ARM Code      60  ip_arp_udp_tcp.o(.text)
    fill_ip_hdr_checksum                     0x00001594   ARM Code      84  ip_arp_udp_tcp.o(.text)
    make_ip                                  0x000015e8   ARM Code      80  ip_arp_udp_tcp.o(.text)
    make_tcphead                             0x00001638   ARM Code     304  ip_arp_udp_tcp.o(.text)
    make_arp_answer_from_request             0x00001768   ARM Code     164  ip_arp_udp_tcp.o(.text)
    make_echo_reply_from_request             0x0000180c   ARM Code      92  ip_arp_udp_tcp.o(.text)
    make_udp_reply_from_request              0x00001868   ARM Code     192  ip_arp_udp_tcp.o(.text)
    make_tcp_synack_from_syn                 0x00001928   ARM Code     120  ip_arp_udp_tcp.o(.text)
    get_tcp_data_pointer                     0x000019a0   ARM Code      48  ip_arp_udp_tcp.o(.text)
    init_len_info                            0x000019d0   ARM Code     136  ip_arp_udp_tcp.o(.text)
    fill_tcp_data_p                          0x00001a58   ARM Code      44  ip_arp_udp_tcp.o(.text)
    fill_tcp_data                            0x00001a84   ARM Code      52  ip_arp_udp_tcp.o(.text)
    make_tcp_ack_from_any                    0x00001ab8   ARM Code     172  ip_arp_udp_tcp.o(.text)
    make_tcp_ack_with_data                   0x00001b64   ARM Code     120  ip_arp_udp_tcp.o(.text)
    Inline ARM to Thumb Veneer to strcpy     0x00001bf8   ARM Code       0  strcpy.o(.text)
    strcpy                                   0x00001c01   Thumb Code    74  strcpy.o(.text)
    Inline ARM to Thumb Veneer to strncmp    0x00001c50   ARM Code       0  strncmp.o(.text)
    strncmp                                  0x00001c59   Thumb Code    76  strncmp.o(.text)
    Inline ARM to Thumb Veneer to strlen     0x00001ca8   ARM Code       0  strlen.o(.text)
    strlen                                   0x00001cb1   Thumb Code    68  strlen.o(.text)
    __use_two_region_memory                  0x00001cf8   ARM Code       4  stkheap2.o(.text)
    __rt_stackheap_init                      0x00001cfc   ARM Code      36  stkheap2.o(.text)
    __rt_heap_extend                         0x00001d20   ARM Code      24  stkheap2.o(.text)
    __rt_entry                               0x00001d38   ARM Code      76  kernel.o(.text)
    __rt_exit                                0x00001d84   ARM Code      20  kernel.o(.text)
    __rt_abort                               0x00001d98   ARM Code       8  kernel.o(.text)
    __user_setup_stackheap                   0x00001da0   ARM Code      96  sys_stackheap_outer.o(.text)
    __rt_stackheap_storage                   0x00001e00   ARM Code      12  rt_stackheap_storage_intlibspace.o(.text)
    _sys_exit                                0x00001e10   ARM Code      20  sys_exit.o(.text)
    __user_libspace                          0x00001e28   ARM Code       8  libspace.o(.text)
    __user_perproc_libspace                  0x00001e28   ARM Code       0  libspace.o(.text)
    __user_perthread_libspace                0x00001e28   ARM Code       0  libspace.o(.text)
    exit                                     0x00001e35   Thumb Code    12  exit.o(.text)
    Inline ARM to Thumb Veneer to __rt_lib_init 0x00001e40   ARM Code       0  lib_init.o(.text)
    __rt_lib_init                            0x00001e49   Thumb Code   184  lib_init.o(.text)
    __rt_lib_shutdown                        0x00001f01   Thumb Code    22  lib_init.o(.text)
    _platform_post_stackheap_init            0x00001f18   ARM Code      12  boardinit2.o(.text)
    _platform_post_lib_init                  0x00001f24   ARM Code      16  boardinit3.o(.text)
    __I_use_semihosting                      0x00001f34   ARM Code       0  use_no_semi.o(.text)
    __use_no_semihosting_swi                 0x00001f34   ARM Code       4  use_no_semi.o(.text)
    Inline Thumb to ARM Veneer to __rt_locale 0x00001f39   Thumb Code     0  rt_locale_intlibspace.o(.text)
    __rt_locale                              0x00001f3c   ARM Code      12  rt_locale_intlibspace.o(.text)
    __ARM_get_argv                           0x00001f4d   Thumb Code     6  no_argv.o(.text)
    __rt_fp_status_addr                      0x00001f54   ARM Code      12  rt_fp_status_addr_intlibspace.o(.text)
    Long ARM to Thumb Veneer to __rt_lib_shutdown 0x00001f64   ARM Code       0  anon$$obj.o(Veneer$$Code)
    Short Thumb to ARM Veneer to __rt_exit   0x00001f71   Thumb Code     0  anon$$obj.o(Veneer$$Code)
    Inline Thumb to ARM Veneer to _fp_init   0x00001f79   Thumb Code     0  fpinit.o(x$fpl$fpinit)
    _fp_init                                 0x00001f7c   ARM Code      24  fpinit.o(x$fpl$fpinit)
    __fplib_config_pureend_doubles           0x00001f8c   ARM Code       0  fpinit.o(x$fpl$fpinit)
    Region$$Table$$Base                      0x00002028   Number         0  anon$$obj.o(Region$$Table)
    Region$$Table$$Limit                     0x00002048   Number         0  anon$$obj.o(Region$$Table)
    __libspace_start                         0x4000060c   Data          96  libspace.o(.bss)
    __temporary_stack_top_libspace           0x4000066c   Number         0  libspace.o(.bss)


================================================================================

Memory Map of the image

  Image Entry point : 0x00000120

  Load Region LR_IROM1 (Base: 0x00000000, Size: 0x00002074, Max: 0x00010000, ABSOLUTE)

    Execution Region ER_IROM1 (Base: 0x00000000, Size: 0x00002048, Max: 0x00010000, ABSOLUTE)

    Base Addr    Size         Type   Attr      Idx    E Section Name        Object

    0x00000000   0x00000120   Code   RO            3    RESET               startup.o
    0x00000120   0x00000008   Code   RO          107  * !!!main             __main.o(c_t.l)
    0x00000128   0x0000003c   Code   RO          198    !!!scatter          __scatter.o(c_t.l)
    0x00000164   0x00000028   Code   RO          200    !!handler_copy      __scatter_copy.o(c_t.l)
    0x0000018c   0x0000002c   Code   RO          202    !!handler_zi        __scatter_zi.o(c_t.l)
    0x000001b8   0x00000004   Ven    RO          132    .emb_text           lib_init.o(c_t.l)
    0x000001bc   0x00000010   Code   RO          132    .emb_text           lib_init.o(c_t.l)
    0x000001cc   0x00000020   Code   RO            4    .text               startup.o
    0x000001ec   0x0000094c   Code   RO           11    .text               webserver.o
    0x00000b38   0x00000828   Code   RO           51    .text               enc28j60.o
    0x00001360   0x00000898   Code   RO           74    .text               ip_arp_udp_tcp.o
    0x00001bf8   0x00000008   Ven    RO           99    .text               strcpy.o(c_t.l)
    0x00001c00   0x00000050   Code   RO           99    .text               strcpy.o(c_t.l)
    0x00001c50   0x00000008   Ven    RO          101    .text               strncmp.o(c_t.l)
    0x00001c58   0x00000050   Code   RO          101    .text               strncmp.o(c_t.l)
    0x00001ca8   0x00000008   Ven    RO          103    .text               strlen.o(c_t.l)
    0x00001cb0   0x00000048   Code   RO          103    .text               strlen.o(c_t.l)
    0x00001cf8   0x00000040   Code   RO          105    .text               stkheap2.o(c_t.l)
    0x00001d38   0x00000068   Code   RO          109    .text               kernel.o(c_t.l)
    0x00001da0   0x00000060   Code   RO          112    .text               sys_stackheap_outer.o(c_t.l)
    0x00001e00   0x00000010   Code   RO          117    .text               rt_stackheap_storage_intlibspace.o(c_t.l)
    0x00001e10   0x00000018   Code   RO          123    .text               sys_exit.o(c_t.l)
    0x00001e28   0x0000000c   Code   RO          125    .text               libspace.o(c_t.l)
    0x00001e34   0x0000000c   Code   RO          128    .text               exit.o(c_t.l)
    0x00001e40   0x00000008   Ven    RO          133    .text               lib_init.o(c_t.l)
    0x00001e48   0x000000ce   Code   RO          133    .text               lib_init.o(c_t.l)
    0x00001f16   0x00000002   PAD
    0x00001f18   0x0000000c   Code   RO          138    .text               boardinit2.o(c_t.l)
    0x00001f24   0x00000010   Code   RO          140    .text               boardinit3.o(c_t.l)
    0x00001f34   0x00000004   Code   RO          144    .text               use_no_semi.o(c_t.l)
    0x00001f38   0x00000004   Ven    RO          149    .text               rt_locale_intlibspace.o(c_t.l)
    0x00001f3c   0x00000010   Code   RO          149    .text               rt_locale_intlibspace.o(c_t.l)
    0x00001f4c   0x00000006   Code   RO          159    .text               no_argv.o(c_t.l)
    0x00001f52   0x00000002   PAD
    0x00001f54   0x00000010   Code   RO          168    .text               rt_fp_status_addr_intlibspace.o(c_t.l)
    0x00001f64   0x0000000c   Ven    RO          211    Veneer$$Code        anon$$obj.o
    0x00001f70   0x00000008   Ven    RO          212    Veneer$$Code        anon$$obj.o
    0x00001f78   0x00000004   Ven    RO          161    x$fpl$fpinit        fpinit.o(fz_ts.l)
    0x00001f7c   0x00000018   Code   RO          161    x$fpl$fpinit        fpinit.o(fz_ts.l)
    0x00001f94   0x00000094   Data   RO           13    .constdata          webserver.o
    0x00002028   0x00000020   Data   RO          197    Region$$Table       anon$$obj.o


    Execution Region RW_IRAM1 (Base: 0x40000000, Size: 0x00000af8, Max: 0x00004000, ABSOLUTE)

    Base Addr    Size         Type   Attr      Idx    E Section Name        Object

    0x40000000   0x00000013   Data   RW           12    .data               webserver.o
    0x40000013   0x00000001   PAD
    0x40000014   0x00000004   Data   RW           52    .data               enc28j60.o
    0x40000018   0x00000011   Data   RW           75    .data               ip_arp_udp_tcp.o
    0x40000029   0x00000003   PAD
    0x4000002c   0x000005dd   Zero   RW           14    .bss                webserver.o
    0x40000609   0x00000003   PAD
    0x4000060c   0x00000060   Zero   RW          126    .bss                libspace.o(c_t.l)
    0x4000066c   0x00000004   PAD
    0x40000670   0x00000000   Zero   RW            2    HEAP                startup.o
    0x40000670   0x00000488   Zero   RW            1    STACK               startup.o


================================================================================

Image component sizes


      Code (inc. data)   RO Data    RW Data    ZI Data      Debug   Object Name

      2088         16          0          4          0       4570   enc28j60.o
      2200         28          0         17          0       5443   ip_arp_udp_tcp.o
       320         64          0          0       1160        484   startup.o
      2380        660        148         19       1501       6468   webserver.o

    ------------------------------------------------------------------------
      7008        772        180         44       2664      16968   Object Totals
        20          4         32          0          0          0   (incl. Generated)
         0          0          0          4          3          3   (incl. Padding)

    ------------------------------------------------------------------------

      Code (inc. data)   RO Data    RW Data    ZI Data      Debug   Library Member Name

         8          0          0          0          0          0   __main.o
        60          8          0          0          0          0   __scatter.o
        40          0          0          0          0          0   __scatter_copy.o
        44          0          0          0          0          0   __scatter_zi.o
        12          0          0          0          0          0   boardinit2.o
        16          0          0          0          0          0   boardinit3.o
        12          0          0          0          0          0   exit.o
        28          0          0          0          0          0   fpinit.o
       104          4          0          0          0          0   kernel.o
       234          4          0          0          0          0   lib_init.o
        12          4          0          0         96          0   libspace.o
         6          0          0          0          0          0   no_argv.o
        16          4          0          0          0          0   rt_fp_status_addr_intlibspace.o
        20          4          0          0          0          0   rt_locale_intlibspace.o
        16          4          0          0          0          0   rt_stackheap_storage_intlibspace.o
        64          0          0          0          0          0   stkheap2.o
        88          6          0          0          0          0   strcpy.o
        80          4          0          0          0          0   strlen.o
        88          4          0          0          0          0   strncmp.o
        24          8          0          0          0          0   sys_exit.o
        96          0          0          0          0          0   sys_stackheap_outer.o
         4          0          0          0          0          0   use_no_semi.o

    ------------------------------------------------------------------------
      1076         54          0          0        100          0   Library Totals
         4          0          0          0          4          0   (incl. Padding)

    ------------------------------------------------------------------------

      Code (inc. data)   RO Data    RW Data    ZI Data      Debug   Library Name

      1044         54          0          0         96          0   c_t.l
        28          0          0          0          0          0   fz_ts.l

    ------------------------------------------------------------------------
      1076         54          0          0        100          0   Library Totals

    ------------------------------------------------------------------------

================================================================================


      Code (inc. data)   RO Data    RW Data    ZI Data      Debug   

      8084        826        180         44       2764      16968   Grand Totals
      8084        826        180         44       2764      16968   ELF Image Totals
      8084        826        180         44          0          0   ROM Totals

================================================================================

    Total RO  Size (Code + RO Data)                 8264 (   8.07kB)
    Total RW  Size (RW Data + ZI Data)              2808 (   2.74kB)
    Total ROM Size (Code + RO Data + RW Data)       8308 (   8.11kB)

================================================================================

